BDFD248C
3F243D83
3F26E92E
3E324717
3F27A27D
BC443369
3F6BE8C6
BCCC6CB7
BF7D7332
BF5258C3
BF1BFBDB
BF796A3C
BF4E270C
BE5583BD
BE6EE904
BF121D86
3F56AF26
BDD4F5E6
BEC93B5B
3F4621AD
BEA8F332
BF084C55
3F0AA62B
BE9AF649
BCD65B39
BED9E2CB
3EB481B7
BE9DCE1D
BF4884AF
BF70C47D
BF2CF67D
3F4F5D38
3F611C85
3F700A31
3F6C3900
BDCFC601
BEADFDAD
3F4FC090
BEBBFD7B
BF1E1D12
BF54714B
BF22A31D
BF432660
3F762A79
BD24B568
3F63A4C2
3F0E6A14
BEC85950
3F407549
3F1BDFBD
3DDC8842
3E257431
3F653C87
3E537914
3D929DCD
BF737FC2
BF5FB145
3DAFB947
BE1289FF
BF111906
3F49076B
3B879E73
BF2189F6
BF11A778
BF5A38E6
BEB66CA7
BEBAFCEB
3EC39531
3EECD458
3EAA1976
BDE86881
BF210556
3F24ACE5
3EC018D4
3DAD9A70
BF229628
BB086C94
BF412B5B
3F57E1B6
BF6FED7D
BEB8870D
3F12BB0B
3F48CE39
3F21C9A8
BF056CCD
3F02197D
BF1F9E97
3CFA56B8
3F2EFE13
3F0E03DE
3B92739A
3EC12D01
3F614A55
3F75EF5D
BD956989
BC66B8BC
BEE6AA3B
3F371C81
3EAD4407
BF5B6785
BF3A16E3
BF32C1AA
3EF73D94
3E12736B
3F1E747D
3E115EAF
BE5CE332
BF67706E
BF4D72F3
3EC8F3AC
3EFD9890
BF3566BA
BF6ADA43
BF4B2D6C
3ECE6FBE
3E089665
BDA19461
BF447AFF
3F3E7862
3E427682
3F5E4293
BEF4E765
3F7B83CE
3F73300B
BF2AD399
3F665C32
BF2DCE8E
3EFF8EC6
BF65AB99
3F0C8CBD
BF20D28E
BE632E3C
3F6E97AD
BF5236BD
3EC550F1
BF17FD6D
BF3A0A62
BF13EBF4
BF298B08
3EB4B4D8
3E739131
BEB8C012
BE3B7CE6
3D7FEE57
BF2448A1
BF3F1888
BE91BC16
3F7D8C14
3E9F96B5
BF5BAE75
3ED7959C
BF54DBA9
BF74919B
3F5A32EA
BD87DDF7
BD82BD5B
3F451921
BDA2777D
3F677424
BF6437ED
3D7D0960
BF03FA12
3F0FA950
BF47C791
BF4D5876
BE22AFD1
3EBFE3CB
BEAF0149
BF22DEEB
BDC3B2A3
3F6E349C
3F3604AD
3F3BB99D
3F541FD9
3E0C72AE
BECB4BD9
BEC9D7F5
BF0EAF19
3ECECA86
BF7646AF
3EBD5FDB
BE38020B
BEBBB732
3EB885E6
BEECA86E
3F34975A
BF6BA935
3DD1653F
BEF8A5B6
BE77A6C3
3F59C51E
BC40EE6B
BEFDFDB0
BE39B9CB
3EA8D760
3C8D3B8E
BE8CCD0D
3EBB7640
BECB41A9
3EFDAE6F
3F747F1D
3F5CB8D3
3F082DE9
3EDF62A4
3DC991B8
38A8BD65
BF5EA53A
3F58F73F
BEA8A7E0
BD6A5CDA
3EEBA132
3F164345
BF4DE1A0
BF4E9A34
BE4B445E
BF6D48BD
BE303541
BDF4A437
3F166973
3F31842E
3E7162CD
3F6DAFD6
BEF315A0
3F0D834D
3F32E26C
3F33E0C2
3F184819
BE7BC67F
BD9BC9AC
BE874D47
3EC1D911
3F3A4095
3F7C2C7E
BEE3EB9E
3F250B66
BEC54E0D
BF569AF1
BEB7B1A1
3F47D0BD
3ED13948
BE145EB2
BE67D9BE
3EEEF455
BD113784
3F2C0956
3F5DE84A
BF4ABD23
BF580B1C
3F51DEF6
3F5E7F7D
3DFFDFDA
BF0D9D8B
3F251241
3F1E78B6
BEFA6DD5
3F330B12
BF20FB3F
3F14DCE3
BE0E8510
3D3DDCAD
3E774526
BF18E2A7
3EB1603D
3F307FBE
BEE0C583
3E84453C
BEF379A9
3E91950F
BEFD3B71
BEE0F47C
BF1BBF6F
BE5552EB
BE58F124
3D127667
BEAC24A5
BF5CD10C
3F7C7D59
3EA15391
BEAAAC15
BD9B7A6B
BE0B7B0C
BF467F92
BF6C6C55
3F264967
BF3D4F2F
3E63514D
3DBC9041
3F315BA6
BF5D5446
3EF5F680
3F325FEF
3F7D0D5D
3C30A4F0
BEE6F3AC
3EB9356E
3ED90E7D
BE5E4F3E
BF61FD7E
BF3C12F9
BF46CD3A
3F7B4A89
3EC2DB07
3C74D469
BC810207
3F7CA3BC
3EF30D6E
BF539003
3F64CB8A
3F050DC4
3EC75E2F
3F65F0A2
BD61BB4C
BE87B124
3F318E0D
BE4D2857
BF36AF68
BF05351F
BC89B7A6
BF6B7105
BF06F4C1
3EA4961F
BEF69D6B
3CBC7025
3E75A05B
BF03BF7E
BF7791B9
3F2B476D
3EE79B45
BEBD71B6
3EE337DA
3F095DAC
BEADBB8E
3F136972
3DF708C7
3E3EB92C
BF4A53F1
3F283A74
BDCDB501
BEB993A6
3E446271
3F3E7A4B
BEA76427
BED92E15
BE565F51
3D68CE32
BD04FE0E
BE5690BE
3F1DB46B
3F19B9D0
BF7574FE
3EAC5742
3F292E0A
BA896B61
3EDA9CF9
BF6F6CDD
3F0E6991
3F0224F1
BEE23F17
BED1F93B
BE8FEA47
3F77BE14
BF28272A
3E85F654
BF098E9D
3EC22E33
3EE558D5
3ED20BBF
BE8D32D1
3F71B7D6
BD7A3C67
3F1468B2
BEB4D5FC
3D566C53
BF09F5E1
3F02051E
BF2BD9C9
BF242396
3E3D9C90
3D71F167
3E99184B
3EBEF493
BF1F526F
3DA32ABB
BEF50892
3F59A8D1
3F35EB1B
3F6AC9D3
3F68F091
3F0355AE
3F2119E0
3F6D94FC
3EDC6ADF
3EDE96B0
3F1580CD
3ED7CC03
BF1BB80F
BDBEE8DC
3D5D3AAD
BE080B85
BF18F90F
BF7BA54F
3F2F52D4
BF573FB5
3EF85578
3EE7D9AE
BEB854EB
BF71B281
3DE08929
BECF9D08
3F763EBE
3F08D8FD
BF702338
3ECC381C
3E196DBD
3E3A133F
3E77884E
3E5BE3E8
BF321E42
3E95C4A5
3F34AF3B
3D7CDE3E
BF7FCBF3
3D98FA6F
3F6150C2
3F529564
BF29CC25
BE851020
BF70A2D0
3F4DD8C6
BDD2C2E7
BEEA4A44
BDAE4AF2
3DAB3241
3F1C4FE3
3C3119E1
BF5EBEB9
BEED4BCD
3DCF58B8
3EA4690B
BF5B3FE7
BE52FFCE
3E89CF91
3F6A9FF1
3F679409
BE86932F
3F4C8343
BEE1837B
3DEFB1CC
3F5E1E63
BF2DF8C6
3EB9E79C
3E1791CD
BEECD82D
3F039F57
BF10288A
3EEBA090
3F42E642
BE1A55EC
BF738FDE
BF367667
3F773D66
BDBC0CC2
BF7E5927
3C4D4F2E
3F5A6D56
3E53661D
3E41BBE7
3ED593A7
BDB1AEAB
BF59BD7B
BDD1A239
3E13B0FC
3F16F195
BF26D707
3E86C638
3F75AD13
3D517632
3F186701
3F317403
BF06A30C
BEEF0FF9
BF681913
BD985A15
BEB483CB
3F5BD5F5
3EC93EEC
3E65E72F
BC89A5B9
3F4044A2
3D33782A
BF5537DA
3E9914D7
BE5B323A
BD8378FF
3EED24CE
BD4B6D5E
3EE2A7DA
3F517C9C
BF2D9B05
BD565AD0
3E01F14B
3F5D0D75
3F4244CA
BF26CEA3
3F26EF8D
3E43749B
BF6AC97E
BDACA256
BF0A88B2
3D924C2C
BE45CCF9
BE78B645
3E1D9DE3
3F194241
BEC19E76
BE882A9C
3F21F103
3D69358A
3F3896B0
3F5BFBC0
3F43BB55
3E8963CC
3F64C081
BEEA2C0F
BEB7A60A
BF1D25F3
BF42CD20
BEEEBB0F
3E268D0A
BE8DF808
3F621E6A
3F104923
BE948165
3F5B2BFB
BF15D0AF
3F44EEC5
3F35A714
3E2301BE
3F0D4598
BDB51F9C
BF556111
BF454483
3F4C2CC2
BF7F945E
3EE021F5
3EB5485C
3F270DA8
3F71C412
3ECB52D3
BEFBD99B
BF524259
BEA56FA1
3F3577C6
3ECB1115
3D922936
BF1D81BF
3F1AE65D
BF781C2E
BF7B4D92
BF312291
BF49F284
BE5EC306
3DBBF1CE
BF66C74A
3D8CFDE2
BECA2160
3F0776ED
BF7DBD92
BE040344
BF0B246A
BECE4279
BF2D1739
3E87AE0E
BF328FD0
BF1DD1E5
3F1EA4EE
BE0CA832
BF595712
BE6B1882
BF189BF7
BE89C012
BF1F32C9
3F02E383
BF7F567E
3F3156FC
3F42219B
BF035E28
BE38854F
3F4E44B6
3E94618B
3EC87916
3F64BEB5
3F1186DB
3EB781EE
BF5D2F3B
3EFA7B0D
3F383AD5
3F6A84BA
BF030BB3
BEC943F6
BF4B06A2
3DC2FF3B
3EB7FB1E
3EAAF2E7
3EB25E3A
3F135246
BE00F07D
3EC53474
3F54FE94
3ECB0813
BF4CE6F2
3EF21B46
BF582359
BEA50600
3F79913B
3CA54ED3
BD569078
3F316EC7
BC9D90CB
BEE401BC
BF726AEF
3F16DF10
BF057B2F
BEB44788
3F3B7648
3E993707
BF75ECE9
3EF9DE82
BEEEAF14
3F6A713D
3E413216
BE59F3C7
BEF16F09
BF1CCD90
BF0A2A42
BE0A7273
BF5F93E4
3F28EE27
BF012EA4
BF1ECBCC
3E886C68
3EC8A4E7
3F728DE0
BF650FF3
3F480A1A
BF643376
BF796E0B
3EE1A718
BECE55A7
BE09218B
BF3E3B7A
BF37C0AC
3F2F9CE8
BF358F52
BF0C6F01
BEC653C2
3F66DA5E
3F131EEA
BDC9942D
BEE6642E
3F5E667D
3EC4084A
3F5B1EA9
BEDA07FD
3E12FC84
BEB54FA0
3E985881
3EFC86C0
BE3A0136
3F3BAFE6
BE94AAAF
3E24BD05
BC1186D0
BF3A91C7
BC651A54
BEF0DBBC
BD6EFF40
3EBD533D
BF6C2AE5
3F62C12B
3E5BAAE8
3F452E6A
3E3233E6
BF727891
BECC8110
BF4BCA62
BF2AF958
3ECEB370
3ED0E5CA
BD6A173F
BF69832F
BF62B2EB
3CE2E5EA
3EA1039F
3D27BE2E
3E49E14E
BF55CC5E
3F36A39A
BBE5223C
3EA00CAE
BF64C926
BF58A2E1
BEB2430A
3EEE76ED
3E9B14EE
BE6D6CB9
BEFD0BED
BF254E2B
3DE7AF7B
3F7EB3BB
BED2DCA1
3F7C0DE3
BD04BB1F
3EDAA3EF
3F4EE704
3F77943A
BF4D9AC9
3F63AEDF
3C78C622
BEB30C4A
3E040075
3E2525EF
3F4065CE
3F0906BB
BE6D60D3
3BB510CD
BF2F3B27
BF6B66C8
BEAFB610
3EDEFF78
3ED49DD9
BF43624B
3E55EBDE
BF6CEE78
3F7F21B8
3D193D62
3E28A21C
3E98CFDD
3EFCDDE7
3F6305B7
BF371A28
3EA0E55E
3EF46440
3EF1EB25
BE2707EF
BF6F5356
BC955D47
3F0A9FDC
3F42D9CB
3E95F1DB
3E0B15CD
3EE7854F
3DA3E7F4
BE95D8A3
3F0FD32D
3F12752A
BD73BC7D
3F6FFED3
BF434639
BF360E5F
3D2394F7
3F69C7BD
3D653D03
3E200CAE
3EBA7E60
3F7FD23C
3F434876
3F7B447D
BEB7A3F3
BD828DB9
BD21B7DF
BDB128B7
3D9FA2E7
3F0BAC9A
BF559A97
BE672DF8
BB24681A
3F2A8B71
3DD84F44
3E9F6056
3F607E55
3F1CAD14
3F73148F
3CD8CA44
3F2F86EA
BF0632C2
3F5F3827
3D8A3A49
BF3F0946
3F364DF9
3D548A90
3F7076F3
3E30A111
BCFB18D0
BE363CF3
3CE0320E
BE093C01
BF754A98
BE1302E3
BF4AC0A0
BE868E98
3F30F7B4
BF601038
BDADCE28
BEABFA97
BF7F8181
3E01730A
BF11D873
3D2D4BC6
3D86A5DA
3F53114D
3F15D008
BF40CAAF
BE27DBC3
BF621E50
BDC93392
BEFB591E
BEF3C782
BF2FBEF1
3DE4E15F
BEAE4738
BE9435DC
BEA39D9A
BF545222
BF24F005
3F269F72
BE4BE8BB
BE9E0360
BF63B9B0
3DA95985
BE0CD628
3ECF9E5F
BF19A175
BDE5DC87
3F37EB45
BEB76D6F
BE182B07
3E2C0990
3F6124D5
BF2BBB57
3D28573B
BF5891D8
BEF082AB
BF432F3B
BF3987B0
BED7C3D3
BE451214
3F0D51C3
3F6B3C11
3F09B32B
3F48EFDE
BE520589
BF4556CD
BEF380FC
BF782046
BF12349D
3F7AD3BC
BD887B04
BF5134CC
BF644E66
3F3253DF
3D8F5E78
3F395E29
3F10A659
BF147EF6
3F08D7A1
BF147DD2
3DB60EF4
BF0CEC5D
BF3250C0
BE48CBE7
3F63B21E
3EA9ED61
BE245590
BE4FD4A7
BF263A6A
BF659D7C
BEED7F0A
BF0BFD7C
3E9E7A97
BF45EAC7
3EF64106
3E88E87A
BEB57230
3F4A49B0
BF129137
3F2AC4CA
BF34AD40
3EA61D07
3F79CCD7
BEFD19FE
BEB6A37B
BF418A8E
3DF57F88
3F499D9E
3F1ECDAA
3F3736A8
3F0FC19D
3F379FF0
BEC7439D
3EB5C16D
BF53A436
BF43E851
BF72AC93
BF600188
3E14D4E4
BF37274A
BF2A3F04
BE745384
BEEBCAF5
3E5CF537
BEF1C0D2
3EECA172
BF0EB602
BF7A4241
3EEB269C
3EC37BBF
3F7FCA8E
3F5BBF97
BEB69944
3EEA82A0
3F75BD2D
BE216525
BE8B99B7
BF6FE97D
3E7580EB
3F5EF51A
BE2BB931
BEED3DE3
BE61A1FF
3F05AC31
BF39AA15
3F3026ED
BF018BFB
3F63B1A5
3BA8CA02
3E03048B
3D01CBCE
BF563CE6
BEB3090E
3DD42764
BED2C619
BEF5C2F4
3F77CB93
BF44AF27
BEC3D288
3F603E38
BECEFA0F
BF2CDDE3
3F7DCE1E
3E1F9962
3B7E627F
BE6B97C4
3EB9178B
3F61E1C8
3F110343
BEA081C5
BF54F7DC
3F510368
BEE0EBF4
BF56E39B
BE89962F
3F5A214C
BE544C40
BF0877AF
BF11B84F
BF388310
3F252214
BF78C993
BF35865D
3F60C302
3EF27251
3F5978AF
3E82AC67
BF0C015F
BF07BC05
3E8510C0
3F6C99BF
3F69E064
3F0D9565
3E474D70
3E304BE2
3F6A9D18
3EBCC3CF
BF76E963
BEF008AC
3F49889D
3F74308C
3E94F25B
BF70173B
3F4C5C23
3EAC3BE5
BDCB24ED
BEA7ED97
BF34C127
3F603444
BE1D0AFA
3F1F6E31
3EA3007C
BE82E8A3
BF355B53
BEF791E2
BF6FC84F
3E392B4F
3F682DAF
3F19D88B
3F1A45FA
3E5AA14F
3F0EDB4B
BED337BF
BEA201C4
BF56ACA8
BF5E1E3A
3EC5D909
BEB65D26
BF583734
BF55C04A
3F66BD2E
BF2C789A
3F703A41
3F79E2B5
3E25DB12
BF3D4FAC
BEBB773F
BF38CDB4
BE903859
3DCEF9E7
3EB292ED
3EBFE294
3E738941
3F270A35
BF35E793
3D65291F
BD7526A2
BEC06CF4
3E12F8FE
3EB60CAF
BF3689C5
BF253834
BE154E50
BF70E382
3D8E62DB
BE0B7E7A
BF5171E3
BF2E4870
BF0F2514
BED3A15F
BF561B67
3E545EC1
3E97F722
3E0B994D
3F0EC3BD
BDF499E9
3F3B359C
BE81C249
3E34C8CD
BED88AFD
BF08FFAD
BF45C6CE
BDF15A19
BF3277F4
3F487E42
BE96B70C
BF1DCAD1
BE09A2C8
BEDB852E
3F713E75
3F080641
BF1AB9B5
BEA138B5
3F2FB23E
BF793028
3F0C5EB4
3F47145A
3D9F476D
3F174950
3F779F66
3F56F19B
3E8734A1
3D06E6C5
BF7C2EDD
3E25632D
3ED3E9D8
BF45D243
BF00C1FE
3EB27CDB
3F2B12B2
3F50E1BD
BF068C81
BF2A2D9A
3E27FC83
3F570DCE
3D35B150
3DC068A9
3F574969
3F20F11E
BF793CD9
BF2D290B
3EE6F6A8
3F29D36C
3E122A35
BF41488B
BF78F1F7
3E172D19
BF600834
BEE6FFF2
BE03A714
3EFBC674
3F57D4FB
3F551500
3F529D98
BF185AA5
BF21F7D3
3F3AE3C1
3EEB2857
BF5D3FDF
BD359C3F
3F346C43
BF3BA85B
3F61E06C
3C3935D6
3E47306F
BF661BAA
BF6F83BF
BECCFCAF
3EA177CB
3F51619E
3F3333DD
3F7373D3
3F6FBE4C
3F5CCAD6
BEE530E2
3DC66FBF
3EFD3CDC
3F01D386
BDBE8DD6
BBEAECC6
BF2ADD50
3ED23FC6
BDF28262
3F07716C
3F6FF269
3D0CD125
BE2C1CD4
3F254E59
BF63AEB8
3D88EF83
3EF334CC
BF58CE15
BE8FB3E5
BF6E584E
3E6C3682
BCA24E32
BF01BA3A
BF0CA4B0
BEE79B67
BED9762D
BE77EF39
3F0F682F
BEC0BE30
3F37E77A
BF781BC0
BF7B140A
3D7C1098
3E1D7BCA
BE5F1178
BF65EA40
BEA0C2CC
3E2610A1
BEEFD625
3DAB1973
3D2DC43D
BF01A28D
BF6CA277
BED8DE6E
3F0A9F34
BE1038CA
BF2A6510
BEE35AC0
BE8DB79C
3F4A6BA1
3E9ED4FC
3EC71A46
3F19158A
BF3094AB
BEE42E93
3F553800
BEEFD8CD
BE578141
BE051152
BF1B5B14
3F34BD54
3F3B0595
3ED45038
BD48DA63
BD9F824E
3F3EE065
BEF69F2F
BF6C911E
3F69E2FD
BF6A4D92
3E14BCED
3EE74922
3DDF74EA
BEA313BD
3E24D6E0
BD83CDEF
BF7545D4
3F5A8608
3E5A5BF1
3F530354
BE00D9FC
3F1CF3D0
3EEDB004
3EB20D50
BEB5A400
3ED0AC0A
BF0C581D
3DB9CD20
3E87B172
BF794A52
BEC68639
3C8D7EC2
3F2407D3
BF601F58
3F09DD7A
3EE5F41A
BF56AE9B
BE39F9B9
3EF73109
BE796185
3F65463D
BE9FA057
3F35C1B7
3E069A63
BF23C45E
3F6DD4D0
3E12481B
3F021A9C
3F3A22BD
3E937146
3F1408DC
BF3A7EC7
BF00F735
BF1A91F5
BF1BB2A6
BF014B77
3DC16019
3E939A3C
3F148EF8
BF076460
3F4CA497
BF67F6D5
3EE49F75
3F3133B4
BF3EE1FA
BEFF12B6
BEC7E0E7
3F07B268
BF323B27
BF7BEDF4
BEFA6E34
3F11A0A8
3F16EF7E
3E4C816D
3F5F71D0
3EE65D62
3D5EB97D
BDB422B0
BF18B679
BF3BC3A1
BE363AE3
3E8F1EC8
BF51DA18
3E71C629
3F14C18F
3F5EEE9D
3B8CBF11
BF4E1691
BEE2E860
BEB3EE04
BEF744FD
BF4773E4
BC0EFF9D
BF3D6E14
BF5C11D3
3E70B76F
3F57E59A
3F1711C9
3EB7306B
3E225A95
BCC17E41
BEC6AABF
BD410DEC
3F7624AE
3E86F3BF
3F35F7C7
BD8F7263
BF64143B
3F13560E
3C2FED64
3E91A925
BF3CFCA7
BF2A734B
3F77C03E
BF0545FB
BF760C8D
BF664E0C
3E76E2CD
BE56D723
BE877408
BF360EEC
3F7B0BC6
3F3A3701
3E5CC1D0
BECEA8C6
3E960381
BEF505D8
BF53C1FD
3F1BF6C4
3F3F17DF
BF4E1525
BED20D57
3ECD2A00
BEE48BCC
BE9B3A92
3EED9A14
3E0ACCBC
3F5A8DB6
BF58B26E
3EB0A069
BF19A144
BF28A3BF
3F216982
BE2ABB97
3EB6FBE0
3F797FB1
BF1CB1FB
3DE54C52
BF72D63D
3E21914C
3F28A148
BDB5147F
3EE4F1C9
BF261917
BC7FC042
3F79C258
BF2506AB
BE607417
BE05E47A
BF440F68
BF158AF5
3F40FF17
3ED4FD3E
3F03D511
BD607F6B
BF5A84BF
3EA87968
3F29740E
3F38DF40
BF641F20
BF104880
3DF3D6A1
3D531B16
BE15E78F
3ED9DDC1
3F42998A
3F669D78
BF1A13DB
3F318F6C
3EBACCE6
BF6BAE94
BE0F382C
3F66A81E
BEB14EAE
BE0E9A04
3D87C56C
BF0B4C98
3F6DB4DA
BED244D8
BF787111
3F3F1A54
3F280C6D
BEB03BB9
3F242183
BDE65F93
BF2F1859
3E3888DA
3E6A8591
3D397A95
3DB05495
BE62A151
3F011770
BF28CDD4
BED5C1DF
BF5A293A
3EB7F67E
3F356742
BF36DC60
3F7CA0E1
3F3A5AA2
BEFD2186
BF00BEAB
BF257334
BF75106C
3F78D045
BEDB29E8
BF78C422
3F36AEA7
BF06B88C
BF4CB7C3
3F6516B9
BF359F1A
BCB97B33
3F4067DC
3E9034AB
BEFEAA56
BF1A3E2C
BF19B6AD
3F3BFA21
BF01A300
3F1B92E8
3F7F212E
BD25BEF7
BF5750D2
BC245FDE
3EB6DCC4
BDB39D30
3EB6AE19
BF640998
3F5C10FB
BDFA52D8
3F3804B5
3F52D7C1
BE722597
3F6B2458
BE79901D
BF7D0136
3F147D3B
3D71326A
3E86D227
3F4C9BF6
3D4BBA28
BF73E61D
BF4F9F76
BF127FEE
BF2354F8
3F404397
BC88FB88
3F20003B
3F2CC0FA
BF6D474D
BD9D754B
BF73553F
3F34CCC5
3F0495C9
3F26010D
BF223C15
3E878CC8
BF26F667
3E9BD10E
BF674E1B
3EA5BDF2
BF4DCA8D
BE0D3658
BE17163A
3F0D1E30
BF70669B
3D338F34
BF51C115
3E9A7CBD
BEFB79AB
BEEC7B92
3F319CA0
BF765A0E
BF556144
3F510033
BF2B32A4
3F4C9E4F
3F458B99
BF2A9126
3F405EE2
3F556418
3F6CE013
3E11B402
BEB8AFEF
BE345A4B
3F4A64A0
3F1CED7A
3F00F528
3E385A80
BE4E68CC
3D886C36
BF422F7B
3E38526E
BC81FBB1
BF5293C8
BF26D082
3E06EFC6
3E2F6DD5
3F24BEAF
BEF63449
3F3436F0
BF4805C8
3ED65DC1
3F42FCA6
BED98040
BF1386F4
BF3482CA
3C5C9326
3F522554
BE4926DF
3F192CC1
3E7CAAF7
3EB3E34D
BF5617AE
BECC48CC
3F750A74
BF0087A3
3E66C942
BF337A96
BDE7423D
3CCCA9FF
3F35D67B
3DEF35FB
3F5AEAC4
3E238D2D
3F7648BA
3F468C6C
BEFE121D
BEABDCF2
3F640970
BF2841F7
BF361D6D
3DC9FF7D
BEACB826
BE6568CF
3F25E1FB
3E92AA1D
3E8F0816
3F29B2A4
BE897211
3E818D5D
BF315B8F
3E311468
3E0043E0
BEF37C21
3EB1A8E6
BE829C67
3EF127DB
3E437AFA
BF1D4FA7
BB73AC88
3E9F6876
BF47906F
3EE4091F
3F7A074D
BF2EC355
3E352AA7
BE896D89
3F082BB2
3F43A7B4
BF7BAFA4
BF0D0BA0
3F485EC5
3F14B103
BDD35B2C
3F1B0853
3EEE3EB2
3EB11A2E
3DDB4B39
BF2B730F
3F6814A6
3DF81681
3F53E895
BF3FA1B5
3E3C6955
BF1F0200
3F19CFA3
3E2B95E2
3E38D2A2
3EF32C90
BF74F3C4
BF4AE217
BEE8D142
3F2B9A72
3F0A89D5
3D37911A
BF2F89FE
BF7E51E4
BF519106
BF26B847
3D05291E
BDB45EA1
3F5D0A29
BF777459
BCC98DAA
3EFC13C3
BF68C947
BF5D4394
BF353E67
BE8558FD
BF7A9EF3
3E88269E
3F47C914
BF3DEEBC
3E3D6E48
3F333CBB
3E6C0E88
3E1BC9B9
3F70BD56
BE095787
3EB639FA
3E049964
3F15A56E
3E85645E
BE6ADB21
BF6C8899
BF7E9E5D
3F05FF00
3F51ADC7
BDD12392
BF6B43FB
BF181396
3E56F4CE
3F1FD514
3F767E46
BE748569
BF1ECBED
3EF5238E
BF28E2AC
BDDE09BB
BF7DC971
BF679632
3F1C575E
BCFA19C3
BF353319
3F62FD1A
BF0205A2
BE15D9F9
3EF0947C
3E2C4C82
BF067AD9
BF563BB4
BEBCFD76
BF504505
3D99915B
3DF18F23
BE96661E
BF75F844
3F14CDAE
3E52CE02
3F1470D9
BE1A49B0
3F406A8A
3E9AC72F
3F7F91E0
BF483C0C
3E04A582
3F1EA0BD
BF661BED
BE939813
3DA9C32C
3E6EE2A3
3F44633C
3F24E825
BF678482
BF703C43
BF7C0EC4
BF6177F2
BF240F9E
3F13B683
3F66ECA9
BF712E7B
3F624A6A
BF04EF6A
BF527AC6
3F694452
BE842297
BEA2D84E
BF51AAB9
BF637AAA
BD5BE672
3F301A16
3EA45128
3E9E0DDA
BF06980C
3F773CDE
BF49995D
BF1BE3D8
BEF0E10D
3F2AFB8E
3E2F0F0B
3F343808
BECFA7AD
3F5E415F
3F05CEBD
BF501FD7
3E84137B
3DF2B511
BEB4EAF1
3DB70D5B
3E4DBBAE
3EC273AD
BF6CE2B9
3E84D2E7
3F0D4762
BF7F999B
BD3B4416
BEA75476
BF09CECE
BF664CF6
BE990FED
BEA567CD
3E8FB0DB
3F2ECC11
3ED443C3
3E826EEA
3F03A076
3E5E09A1
3E67D73F
BE413FBC
3F2F0828
3C681B18
3F7F3764
3F2E74D0
BE73E4C6
BEF83AE2
3F27ADA9
3F4D7AEE
3F550D95
BEBA40AA
3EFB413F
3E0AD977
3D9B4004
BE90A1FC
BDE208B8
3ED2DCF1
BF0D270F
3F165D6E
BF19EFAC
BF0676FE
BF58612F
3F3D05F5
3F4FFEF0
BF79B39D
3EB8DD84
BEC922E5
3ECB4F56
BE2242F4
BE430E07
3EF1B8A9
BF67FA6C
3F2F5042
3F49EDDD
3E017636
3F1B27A0
BEE84271
BF23BB7F
3E797B46
3F67C34B
3F26A585
3E59A9B8
3E8FDA90
BF123A6F
3E49AF1A
3DB00C9B
3E6F70FB
BF60BF77
3E9E228E
BE3F4851
BF7EAF56
BF3825D0
3E8536B7
3EF8B40B
3BDBB2FF
BF52BAB5
3F14EB70
3F43F134
BEBC8E7F
BF18363D
BF34EECA
BF161307
3F4960B3
3F7036E4
3EA8C6C6
3F748C22
BF653602
BEB2EDF0
3E8F03F9
BEF96E71
3F6798CF
3F460C18
3F68DDAB
BF190E4F
3F4B9F2B
3EBAAAED
BF4F45C8
BEBBACFC
3D6AF4A2
3F285073
BEF94B30
BD3CE321
3E90FB13
BF465882
3EC433EF
BE9FCD65
BF10F5CA
3F75D4C8
BF6F2624
3CE7E966
3F03E67E
3F55D020
3F5E8DFF
3F7E504A
3E215236
BF336061
BF2514AB
BE170A14
3F773A84
BE661F26
3F19501A
3E92FBF3
3E8A0BFD
BE1CD6B8
3F7615C2
3F1C9CAA
BCD8EA7E
BF554DA6
3ED096CB
3E71E7E0
3D3E23CC
BE4EBCD7
BF574A64
BE7833B3
BF2F375B
BECB07B1
BED567F5
BEC82660
3F1625F7
BEFB696F
BF356033
3EBEFF73
3E80981D
BF1D3732
BEC3FD42
BE1DEF76
BF1E21FB
3F16A915
3E4C6F17
3EAD3C97
BE9370D7
3F6599A7
3E8BD038
3E7A254A
BDF03195
3F6C2812
3ED1D03C
BE59A5F5
BE41B717
3CF1A0AD
BF48ABC2
BE9D9BDD
3DDA709F
3F17D92B
BE700B64
BEA57DAD
3F65D72E
BD80673C
3F10AA4F
BF06C487
BF24ED58
3F3F4013
BF17D24F
3F16CB62
3F749375
3F158724
BE526B7A
BED3D22D
BF2B47DF
BECD8E17
3E93DF62
BF5DF19B
3E16AD80
3E29AABC
3E8F52AB
BF336C44
BF37664D
BE472532
BF7C147C
BD810F18
BE68B93B
BEC51EE7
BF2768AB
BEA33110
BEBECE47
3EFCAE00
3F63DAFB
3ECBB987
3DD74413
BF6DCE29
3F6ED819
3E2D94F3
BD7DBECF
BE037855
3F0495E3
BE5E1403
3F01257D
3CE506E4
BF59D12A
3F507DF7
3EA7FBB0
BF2F31FE
BF13E3A8
3F7A5D4F
3F0B4141
3EB98826
BE8C6827
BF0404CF
3E4AEEB9
3E35C5D0
3DEFA8B6
3F768456
3F1C31ED
BEA67A8C
BF761877
3F302228
3EC567A3
BDDE10E8
3F4257A6
BF16C021
BF6AF11F
BF2A5B63
3E84032F
3EC60BAD
3F0CD611
BE8EBFF7
3AA2FDB5
3EACFA5D
BF0264BA
BECF1E2C
3EDD86F6
BF6ADDAB
3F627932
3E3E8F18
BF037F87
BE0D53CD
3D69D4CA
3DA46A38
BE80F8D9
BF714C0B
3F0F3DA3
3EB78A1F
BF0BBB06
BF4608F1
BECD1015
BF78DEB6
3D9FF2DC
BF61B18B
BE87D5AE
3F5AA365
3CD85B47
BE01162B
3EFA0B12
BEBE1E40
3EBE41E9
BF04C85E
3EA71878
3F5D2ADF
3F7F5684
3F11A6B2
3E64D1E5
3F7C1431
3EF26DE0
BF59841F
3E7ABB2D
3F53D505
3E3EE9A8
BF17EAE2
BE0086FF
3EA92783
3F3A8272
3F553DCF
3E992576
3F0F34EA
BDCAAA2A
3F6E7F37
BE2FBFA9
BF268F1A
3F6978BA
3F214411
BE7A05EE
BE5192B2
BEC99E55
BD1BE5A6
3F084D87
BEA12CE5
BEE8C12B
BDB25D06
3EE6C8DF
3E85EE69
3F53FF07
BEF6B32F
3DC11CA7
BEB471C1
BF6F360F
BEAF8548
3DC1C31F
3E4E29F9
BF2B8350
BDBA25B4
3F157C99
BF77651C
3EFDAD58
3F48DCDA
BE8B305F
BF5F89F9
BD2D15DF
BEBCC8FB
3F3216FC
BC369061
3F6FDC23
BE39B212
BF799676
3EBC6E42
BF460F13
3F691175
3E8F3C5E
BF1E9EB5
3CC8D9B0
BF01F9CA
BEE04000
BE1AD691
BDFCB414
BA6BB054
BF1FE356
3EADEE46
3F2855C0
3F1C2EE1
BE8A4A19
3F7EFB36
BF3E7C24
BF132430
BF0BE736
BEC88D2F
3F775FFC
BEA10E4A
3D7A8A3E
3F4EC43B
BF79F442
3F7B4AE1
BF26CC76
BE14AD07
BEE27151
3F2DA71E
BF345C16
BF761137
BBD56689
3F3A29B5
BF5B087E
BF5B9C53
BF7A1B93
BF76DFA2
BF7D8987
BF3F2983
3D0CF485
3F5B3631
BEA9455C
3F74058B
BD4ABC4A
BF5E1053
BE453EC4
BF6379A3
3F32985E
3D89B7A9
3F20E6DB
BF1F46F7
3F384BF0
BF7C4C38
BF03DAE8
BD8D8EF5
3F5BA9FE
BF39AB7B
BF7C6A11
3EE39DAE
3E8C6DFF
BF471989
BF4236A1
3F3D3B7F
BF0B8468
BE09F175
3F164E1C
BDA073B0
BF48F76A
3F78E5C3
BF3D1D67
3F04C479
3E2A6FEF
BF2E6DCB
3E52F8F6
BED69640
BE1B51A7
BF449E9E
3EC5B002
3F5B3DF2
3E0134C6
BF5788F0
BD9D8BBB
3DF6D4CA
3E6B5B1C
3F3263F3
BF15C3F2
BF5EDF96
BEE2DBE0
3F760493
BF5F4203
3F54CBD3
3E337566
3E8862A1
BF419280
BEEAE58B
3EBC15E2
3C4692AB
BF548A1B
3F543D8C
3EA478E4
3E559460
BE98D265
3EC9E844
BF42F0E9
3EE63B3E
3EF43898
BEB9F8A4
BF2E13ED
BE85B4CE
BF0BFFC0
BEDD5B28
3F529A0C
BF10AB47
BF292120
BED4F27A
BDFF1EB8
3D9762AA
BE3E3DFB
3F410762
3F0A9B28
3F0F4085
3ED5D6E7
3EB0A470
BD98F420
BE2AE1AE
BEDEE7CE
BF10976D
3EAB42B6
BF664803
BE8D854C
3D8C8D41
3F0FE556
BEB012D6
3EF8AF67
BF70E85F
3E470855
BF0C7F99
BF02904E
3E035BB0
BD0E2B7D
3DD555BB
3E3251F5
3F640C44
3F34EECF
BEEA7D64
3D76DB33
3ED62AA5
BDB9038A
BD3E7713
3F7E6CCC
BF1B645C
3F1CDFC4
3F577329
BF6D8F40
3F02DC87
BF71275F
3F25C7C8
3D22F4B2
BE8CEB25
BE717E09
3F434DF5
3F7F8C6F
BE83AC20
3F27B882
3EAA1B23
BF7FEAD0
3F4E25AF
3F5C73A9
3E6ADEDE
BF170955
3DE2202F
3EEE335F
BDD80BF1
BF0335AF
BD8AC132
BD82420B
3F14ACB6
3EA79E02
3F59A452
3F57BAD7
3F10415D
BF7691AC
3F165BE0
BF58EF94
3E9D1D8C
3E8A25D4
BF5F94F6
3E5F3A45
3EC71F45
3EAEFF73
BF1B3697
3ED5703A
3F79CD94
3DA20EB1
BF052E51
3F7B4361
BEC81F70
BE808C21
BF045BE0
BF7C5444
BEC7F967
BF797869
BE38CF6B
BF60B9F4
3EBD6C38
3F6E851C
BC5A430A
BE8AA3DE
BE8267CE
BF2711E9
3F5EAA4A
BE268B9C
3E6144BF
3F2C3262
BF4EE2F2
BEFFE710
3ED025C3
3EBFE136
BF2BFD19
3E4CEB82
3F1F73EB
3EF5EA3E
BF5C32F5
BF6CC2BC
3F4343C7
3EB19529
BF32545E
BF1709A2
3E07E035
3EA9062B
BEA2C43A
3F5E8A8F
3F2F64F0
BF53220B
BF3725D8
3F07405C
3F2322AE
BCCC13C4
BD1CEE5A
BF43F2A8
3E3CD0A4
BF608F59
BDC1DC03
BEEB5A25
3ECDFDC8
3F373696
BF0565A8
BE7665FB
BF646073
BD910939
3F24FC40
BEAA4EDC
BE421A44
3F0712B9
BE9CAEBA
3F57D8E6
3E7A247A
BED64013
3F0428AF
3EA27661
BF08EC61
3F6454A5
3E427805
3E3EE388
3CBE2983
BF620C6B
3E9A92BF
3EF1BD0E
BF2EC7AF
BD9530EC
BF6BEB34
3E9C10DF
BD192828
3EDAF3F5
3F5EF564
3EE7E292
BD3AC220
3EA6934A
3EA98D0E
3DF10B20
3E68A74C
BE8558F9
3F2C7AE5
3F092727
BE14B43C
BF67E56B
BF05DA6A
BF7EBDD1
BEDBF485
BF18FD96
BF0AC27D
3F467266
3F27CBF1
3F0D6F4A
BF78CD40
BF52DBAA
BF1D0F4B
3E8182F6
BF79EBAE
3EE90499
3F749546
BEC329DA
BF21E135
BF484C44
3F6F0739
3F7F9C9A
BB0FD91F
BF2C448E
3F40CEAC
3F0C3031
BF5B0E59
BECFEE9F
BDF25FEE
3ECEB7AA
BEB78A3E
BF407E30
3F076D2C
3F623316
BF7F59D0
3EFC0999
3AA8E6C6
BF31D39D
3EE1B0C4
3E9BC295
BF1DD008
BF6A94DB
3F1949CC
BF2E2F77
BF016D4C
3E68C8BE
3E4F3756
BEDEC479
3E98782F
BF6EA8D6
3E672D7A
3F073740
BF7698E2
BE2C622D
3E385DDD
3F72F141
3F11C449
3DF9DCC4
BD891715
3DE2F6CC
BF5FF0EC
3F7F9627
BF52DD73
BE92D115
BF07C662
BDA89EDB
BD2E68C5
BEFFD141
BF69FD9B
BF508EBB
BED529B4
BEA33F16
BF5DA6C0
BE91AFE0
BE92E40F
3EBF06A4
3F186C4E
BEB23341
BEF5059B
BE846DB1
BF3CB1EE
BF0342D3
BF776956
3F0EEB4D
BE3D69FE
3ED56A8E
BEA29D06
BF75982A
BD3F1E67
3D71E865
3F5FBE2B
3F507D97
BED23B91
BEB88060
BF7223A3
BF7F159A
BF44E4D5
3D520AC1
3F0C650C
3B9663FC
BF348208
BF4F7A78
BE1023B5
3E8FBD8A
BE4D9BD1
BE38A6FB
BE94B79D
BF0404FB
3F395A22
BE9690BD
BF07C19A
BEADDAB6
3D67E00A
BDD05022
BE9E773D
BF411133
3F4CDFD5
3EE101F3
3F6E8A25
3E778774
3E6DBC58
3EF98CCC
3F166428
3AFB4533
BE793ADC
BEFADA9C
3E6C353D
3DECE3BA
BF3773FA
BD97FC58
3F5AE254
BF2A32D8
3DBEA8AE
BEAFAC4F
3EB29948
3F6019E6
3F42DFA7
BF20C7C7
BEBC5B75
BE8B9B5E
BF4467BA
BEC2ADE8
3E51F483
BE5C2955
BF258266
3F0E8B58
3E5564FE
3F3E52C4
3F7200B7
3CAF5702
BEFDDFEE
3F7EC7C5
3E2D3063
BE0D686E
BF1D6323
3F757378
3F176C7F
3ED81EEC
3F2BD378
3F3B86FB
3E786CD8
BF0DB7D0
3ECE0B2F
3F700241
BF59BA68
3F1CC440
3EB6A850
BF268AB4
3F51FD52
BE033128
BF5CF108
BED32F33
BEE3555E
BF49435C
BEFB1A36
BF3F0B56
3F6D060D
BE9C0E3B
BF0BB9B4
BEC7F1EC
BF12A8F7
BF55919C
3F745F13
BEE040C5
BF4372D5
BF60C290
3EADB28F
BF7CDBB1
3EA83EE8
3EB0A1E0
3C82A0FC
BE85F4B9
BE97F920
BF795730
BE2CD6E4
BDFC34E9
BF372AC9
BF2F1B73
BF1A739B
3EA8E4D9
BF2605FC
BF0FD438
BD78C5FC
BF5EBCD8
3F735DE0
3F09FEB2
3F288291
BF39811F
BF665DCC
3EFD945A
3F34B43E
BECC6817
3F3D3A31
3ED75BFC
BE6D7D6D
3EC896D9
3EB5FEC2
BE847201
3EA17B4A
BEDE167F
BF1AD454
BECC702F
BDD1BFF7
3E17E46B
3F04161D
BF424764
BF1AB9AC
BF5E6765
BF402A33
3D90539D
BEC5A605
BE9D2F07
BE58C966
BEEAEA1B
3D6E7B67
3C4D78F2
BF01319C
BEA03091
3F6FE86F
3F3ACC50
3F032607
BED6F3C5
3EFA6C14
BDADA9E5
3E206DCF
BC428E62
3F03323C
BF1419DF
3DD61D1C
BF2686E1
3E3415F4
3E545F9D
3E2A7FF8
3F718E7C
3E045484
BF1199D5
3ECF705E
3E3D9B25
3F278E2D
BF085D53
BF28B2EC
BF5D08B7
3E5B76B1
3EF3D778
3EBA8DFE
3DD3DDAD
BF18E45B
BCECBDD4
BF73E0B0
BF1DCA34
BF6EB353
3F7D0B61
3F21CA61
BD9FDC02
BF72D516
BD99B8B3
BD8DB4E3
BE907D92
BF307AE3
3F5ABB38
BF4679A8
BEA016EB
3F6CF07A
BED9418D
3D6C6A46
BE0DD55D
3F4C0642
BF619DA0
BF53DFBF
3F0BC83D
BEBC270F
BE8FED49
3EB8CCCA
3E3C41F5
BF76F818
3F16E5DA
3F7F633F
3F37B866
BE6C9A78
BF3F076D
BF01BACF
3F3AAE98
BF34666F
3EB1EFA0
3E9FAA44
3F372295
BE41272D
BF29BA0F
BF03C530
BE4ABCE4
BF0A3D1C
3F0D3EFC
BDE39EAD
BE73C3C2
3F75696C
3F6C3155
BE4FF7FE
BC9AB920
3F5A3076
BE5A8A04
BF39941D
3E103CC3
BE729810
3E8B1C51
3F4C64A3
BF44F78B
BEF554C4
BF26D0AA
3ED9EF61
BF424CE1
3E11BD32
3E2760CB
3F7C56A0
3F28F53B
BEBB01DA
BF278AEF
3F28DA07
BE491B19
3F694E7C
3EBD5FC1
3EEC4209
3F73EDCB
3E87AD55
3F046C63
3D03216A
BF1655A4
BD77A312
BDB05E79
3D65FE1E
BF21AAFA
3E14F30F
3F0B608C
BEA2C08D
3F50AFA7
3E383EF3
3E3A8411
BE92F76E
3C60E103
3F004701
BF6DFA93
BF175B33
3EE1E870
3F4F15AD
BE3CE285
3E6C0EAA
3D57E882
3F17B1DA
3EC475C4
3F673C05
3CF1A686
3F4F9C9C
BF1DF799
BD1533E8
3EDE7DDD
BF590BE0
3ECA600F
3E108A13
BF6FE1FA
BF2F23BB
3E90EF41
3E802086
3F555749
BEC8E8D5
3F597680
3E348758
BDEBBE9D
3EDCF982
BE8A6C39
BEDBD1BF
3E12BFB4
3F27AF85
BD40CAD3
BF1538E5
BF4B4A92
BE435372
3E7D038A
3E80926A
BECE6256
3E2BEA83
3F56BA9D
BF7A6E18
3D5A2D86
BEAF647E
3F580C61
3EE8717F
BF546179
BEF60EFA
3F109386
3F13B905
BE665080
BEDB3F2A
3F0B4AFB
3E6D9A40
BF3A9575
3F059EEE
BEAC2F0E
3C145AD3
3D23BFE7
BE984C3D
BF731A78
3F078099
3F1F0B39
BF4A688C
3EE6D230
BF40BDDD
BF2B4025
BD99FA1C
BEA8B7AB
BCD36FC2
BDB2B55A
BEF15E48
3F6A9103
3F18D1E2
3CE13ACD
3F717925
BD994ACA
3F2EAEFC
BF42EADE
BF2613B3
3ECABCA4
BEB301F1
3F3A6DE4
BE2A4457
BF43A634
BF37EBC0
3DDBBE83
3E7636CF
BF64A13F
BF229534
3F5CAFC4
BEE2E01B
BF68299D
3F52C7E3
3EA37A4A
BF135859
3F741790
3F07CA63
BE522132
3F723200
3EF05388
BF41F35E
BE912C46
BF38F81B
BECD189C
3F0238C2
BF74BB7E
BEC8BF30
3E05C143
3C0DAFA6
BF54786D
3F4C9EC6
3E9007DD
BE733D36
BF38DB41
BE687D9A
BF0E1C36
BF6FF0B0
BD14568C
BF1A33BB
BE21497F
3F34484C
BD6B4262
BE785FEB
BF44E643
3F140233
3F03A279
3BBD1A49
BF11ABD2
BF691E8A
3C81493D
BE2153C5
BE181277
BF5EE1AC
BE16019C
3F129B53
3F596656
BF55804F
3F3F5AE4
3EC490A5
BF24F385
BF388706
BF705167
BF732B8D
3E463B85
BF1344B4
3EFF8375
BF28A644
BF5B1200
3E0127D4
BE5F3369
3F1A732F
3F617786
BEE4EDF8
BF15DE2F
BE05D950
BE1BF8B2
BF55CC67
3EC49661
3ED8223F
BD3C2A5C
BEADD78A
3F5F7E75
3EA166B9
3F2CA38F
BE83E08A
BF783774
BD27AC49
BF215EB8
3EAF8987
BF3890A9
BEA6868E
BF3C81E0
BF14BD7B
3DAD8036
BF2FD5C9
BF085F85
3F7CBAFF
BF4B4036
3DB6ACE9
BDA97092
3EFBDD31
3F68A26B
BF41EC76
BF3C8556
BF76D69C
3EEC9DD1
3E5CB458
3DDE987F
3D2F913F
3EF92101
3D9A961B
BF3AC47C
3C4FC5B0
BE0E5C79
BE8F940C
BF47CA2B
BF68F6E9
BF193871
BF08D4AF
BF2A2D6D
3E183349
3EEB9413
3DBD407F
BDA48B8E
BED6879C
3F33CC19
3F128FF5
BECB2822
3F6AB8B6
39E7DB0E
BEF177F2
3F423EA8
3F4C26D6
BF214F0D
3F37C447
3F15F0EC
3E850823
3EF7D766
BEB8BA8A
3F0F06C6
3E891A6F
BC9F01E9
BC6F83DB
3F55FC92
3F44D1A8
3EA2B617
3F7EA388
3F29B443
BB9F42CD
BEC92821
BE06D490
3E9814A7
BF44E111
3E9616CC
BEA860A8
3F3E1C6C
BE251D8F
3E7FE6FA
BF3A1F55
3E3FF1FF
3F1FAB68
3F29ACD7
3F41E002
BEC34CF0
BCB524B2
3F367867
3F061FA6
3F5617E9
BC406F39
BF4BB9F6
BEFDBD27
3F00DA36
3F588D14
BF670A8D
3E0E630C
BCE2C275
3F1538A4
3DDBD574
BDFF070B
3DDF813F
BF122FF4
3F2DBF73
3F64BE9D
3F20B422
BF3C1A12
3E112FA7
BF1CEB9D
BEB66C9E
BF448458
3F7DC9DB
3F6DDE69
BE6CA5EF
BF127594
3E837EBB
BF207E1E
3F21A98E
3E65C3E0
BF1F6F3B
BF22E1F3
BF4DE254
BF6B6128
3F75D86C
3F151DC3
3F12562A
3F6E5ACB
3F71B436
BE1B7EF9
3F6569B3
BE84F804
BF2BBC57
BF757C33
3E185FCB
BF4F34C8
3ECF1782
BEF8B266
BEFE6035
BEBA60FF
BF2A5F04
BE9BE626
3F6330F6
3F7D135E
BED4CF1B
3E9AE82F
BF1CED89
3DD0B067
3F55E641
BC6F1D98
BF2C186B
3E0A5567
BF6E1D71
3DDC03D2
BF6AAD0E
BF4C5836
3EB82682
3F6F35C4
3F200A73
BF7ACD2E
BE323DE8
3F6A924A
BF0569D5
BE2E1D84
BD5101C0
3F6CA101
3ED62509
BEE2449E
BE125F1E
BF2D960A
BE859F59
3E985F1E
3E11F1C3
3F288214
3F7016DC
BF353E11
3F78B6F5
BE37A5B3
BF20F16F
BE982690
BE87B573
3EBB175D
BDC6668E
BF2E2B6D
3EA6A77C
BF7BB35F
3F3FB226
3F744999
BF79318B
3E036A97
3EF87541
BDFDE25F
3F2EB30B
BECE670E
3F6B40A2
BE8F7795
3F52E297
BDA6F50A
3F47D605
BF3F7FAD
3EC135B8
3E335C13
BF0043F3
3E478DC4
3EA93376
BF4CDAEE
BDB9F96E
3E9E7F24
BF4B329A
BE252AA9
BE9E36BA
BE3E03E1
BEC4323C
3F0BD789
3F57869B
3F5888DD
BF7DF955
BEF60288
BF600854
3F7B3E35
3EFDD50A
BD94C124
BE515EBB
3F0804AC
3F4F09FC
3E2C9727
3EC4F556
BE825B06
3F162AB5
3D697434
3EC74513
BE6AEBB2
3F0CD42F
BF50C407
3F4C43E4
3E5F2957
BF74EBDB
3F708BE7
3F09FD15
BE20A1BB
BE8B059C
BE95884C
BE95E24C
BDAE652E
3F65C4D8
3F76E131
3E58F715
3EB1FF89
3F2EB55A
3D843371
BE9945BF
BF07728A
3E38E0EF
BEAB03D4
3EF3602D
3F7D8AEC
BC63253A
BEB2F78D
3F0BA293
3E9C93F5
3EDA28E5
BF6F10B5
3E98D63A
BE88E2AE
BF6CD3EA
3DC1F8A8
BE3BE617
3E946F93
BF3954D1
3F5E22D2
3E1904DF
3E7A065B
BEEE9414
BE3E06AF
3F1F1DBD
BF5E3453
BC4E309E
BF767621
BE149972
BC357E46
BEA8D786
3EDEA45F
3E54D308
3F66DA9D
3F392DD7
3D7D7AC4
3E2EDBE2
BEC83564
3ED7B615
BEB95760
3E044B8D
BD169FD8
BE669361
3E58EE91
3EDBF5DA
BE0602EF
3E86AFBD
3F7A5C1E
BE2AD11C
BF5DA423
3F7DBA91
3E9E4231
3F411ED9
3F7C87C1
3E7467E1
3F36F166
BEC963D2
3E727FF4
3E017031
BEB7395A
BF65F014
BEFC2C91
3F03EEAC
3F6F05CF
BF2EB900
BF0338DE
3F343F3B
3A5E6F6E
BF4C0C84
3F00D409
3F031828
BF697A50
BEE9518A
BE60B23D
3F12CAA3
BD255308
3DE4078E
BCDB0E58
BEC3C7DC
BF4215C3
BE0D5502
BF2CFEFD
BF4B9A88
3EE38D07
3F2D23D7
BEC80CE4
3E963534
BF123CD9
BE3B901F
3F79C9F1
BE548846
BD58D9AF
3E1AE823
BF3C502F
3EDDAA09
BE790AE5
BF1C3AD8
3F547124
BF34BC7B
BF51BAC2
3E19AF56
BEC9BF51
3E21E3E3
3F5CA037
3F0B559F
BE0EEFB6
3F0EC6C3
BF42687B
3F30184F
BF5A3062
BE1A5D68
3DE692D6
3E80B0A6
3ED232A5
BD98F93A
3E621859
BEA62B13
3F7B2070
BF2AA0E5
BF3D3A1F
3E327DB4
BE8D4CCB
BEF35CE4
3F754CAB
BF7ECDE1
BEC4E607
BDC0623C
3F5799B4
3E49CBB1
BE2EA5F6
BF6E62D8
BEAB601D
BED2F0CC
BF74879A
BF23CB95
3F476292
3EC6713D
BF690757
BEC559B8
BD5B82AC
BF35E968
3E3FFEDD
3F39FEB5
BDDD4CD7
3F20026C
3F70B254
BE42F02C
3EC609F3
3E968932
3EDFF5E0
BF723A61
3F65B9AA
3E89F6B0
BE051777
BF59F6AF
BF7A2774
3F6E38A1
BF2E1D22
3EEB7881
BE11404E
BF7F6821
3F2625A6
3EF62BFE
3E874BC4
3EBC7A63
BE4610C6
3F6FB4AE
BEE06B3E
3EFCA6F7
3F2686F5
BF7DA4E2
3F788846
3F3B6EF9
3E3FD813
BEA0D63A
3E5A79B1
BF0E6775
3EA7E515
3F64E8C4
3F39DB80
3CA4DFB8
3E36DE55
BF6755C0
BE437FB5
3F2E9BFC
3F2E20F5
BF2A5D55
3E9580E4
3F5116D3
3F020340
3EA7FFB2
BF0D9F63
3EC340B8
BF334C86
BCC88835
3E8DDD29
3F6CADCA
3ECAE9D1
3F26DB03
BDBA81CC
3E43EAEF
3F4865EA
3EF26C7D
3E989C47
BEEB91F7
3F0863F6
BE7B9FA7
BE957A72
3F42451F
3F4A7067
3F76C3C5
3EFC6A6C
BEEF1BB2
3EDA3042
3CFF85B3
BE3FF5FF
3E0D43B9
BE9A46AD
BF12C1E2
BDD12F9F
3F2524F3
BF068648
3F064D74
BF0CFDF4
BF45FFD2
3D86782D
BE333FA4
BE7D916A
BEB17F3C
3F488EAD
3F580C5E
3E3FC087
BEBD8C83
3F52E4A4
BD7B2706
3F238D49
3F765B64
3EEB1923
3EAAC287
BEEF5E62
BECFF647
3F46A74F
3F58809F
BE28BF02
3E6A083E
3F709320
3F4442B1
BEA4A1EF
BE0B6381
3D27ACBB
3F585CFD
3F68708A
BF115585
BF700369
3F0BC3A0
3EAD42A1
3CB93613
3F1AE77B
3E9A11BB
BE4E03AC
3E00AAEA
3F7D2F48
3F1B2E24
BF19431D
3F44505D
BF1716E2
BF383E02
BF1D375C
3F4CFF50
BEEC9BD3
3F62CF18
3F74C571
3EF06697
BEB54A0A
3EB81E86
BE26F638
BE0652EA
3E2503D1
3F042AEA
3DDEE1D4
3F511FC5
BE909E21
3EDCDD90
3F05A6D1
BE09214E
BEA7229E
BB965849
3F192A51
BF544F99
BEE2AADD
3EC2F02C
BF5C703A
3F7B5BE6
BF2FDAF0
BF12EB07
BF432B2F
3E154BAF
3EA76CE9
BE9435AA
BED48A64
BE91EF08
3E4B6565
3F628646
BF6CEF4E
BF781AD1
BE1B78E0
BD114B68
3B196034
3F76380E
BF25AF5F
BE0A6335
3F6C1413
3F07C1D3
BF642C4D
BD46CB30
BE8133A4
3ECD459F
3F5F3880
BF0E7BF1
BF4A7968
BF067696
B98DCACF
3F0C629B
BE8F2CEB
BF786F0E
3F0BDD97
3F6FA4D4
BF614390
3F100A1C
3EE8DE8C
3F12033B
3ED9E3FA
BD7B7807
BE6A5F04
BD75945E
BEEDFD53
BF517F74
3D2AC354
BEFCC69B
3F50B105
BE346127
BF226F14
3F5C8A32
3DB7B924
3F76E734
BF1FD3C3
BDD276A5
3EE5350E
3F21A04A
3F3E121C
3E720F36
BDD93A6B
BF18577C
3E11A1C4
BD8FD5B5
BE21C5DF
BE2A6F74
BF603571
3F1CB7B9
BE8A7CEC
3DE99622
3C5F5162
3F4294FB
BE148495
3E840914
BF0FD011
3DA496B1
3F602912
BF232EF0
3F3F5A76
3F6C3C6F
BD531110
BD956DEC
3EEB0A89
3F11C725
3F227A49
BEB780C9
3F7EDAD1
3F73A073
3E85F33D
BE860E15
BD698150
3F4B3F8C
3F73EFED
3F2B339C
BEC8E442
3F6B059A
3F7B428D
BF37FC9F
3E8C4090
BF1E7CDA
3F5D180D
BE7AEE24
BEAA28B6
BD4C9C66
3F32ECA2
BF3D91ED
3ED8E2E3
3EED170D
3F1258C5
BE8876E4
3DA4A5FD
BEFCB36E
BF76C216
3F0BD2C4
3ECE34F8
3F18584F
BF08CE95
BF49F7E5
3F7C9192
BE6802A5
BE18540A
3D161AF9
BCA7E0B1
3ECB4D6C
BF33AD6A
3F0FD24D
BF4978D9
3F1D7AD9
BEECF6B0
3B9B8389
3D897613
3A1B9724
BEB71123
BD4CC41C
BF562B2D
3EECA96B
BCA7B3FF
3F6087D7
3F4CB306
3E659CD0
BEF4A0EE
BF2FD9E0
BF121CA7
BF02E387
3F6189C0
3F08CD1A
3F1CAB05
3F5ACA6B
3F0DC477
3EE2B2F2
BF20467B
BED08D76
BF35B0DD
BF649E01
BF17958C
3F2D7B78
BE86109E
3F16A94A
BE3CAE3D
3E0594FC
3F68ED41
BF576DB0
BEB0504F
BF38D3D2
3E1F4C48
3F3968C7
3E4B4183
BE5C8EF5
BDC0D44D
3D846028
3F5415EF
3F5F780C
3DFFA52F
3EADE80D
3F1BBA78
3D9562B1
3F003C90
3E306412
BEF638E8
BE8DE9C5
3F13A8E4
3F60221A
BF53AE0B
3EBFF214
BE968CB0
BD8FC6B0
3E94EE69
3ED18915
BF7A9B24
3F26D01B
BF557EE0
BEBA09AF
3EE47AA9
3EFE656A
BF79D483
BF26D966
BF6F8DA6
3D921637
BF38CB68
3F099FE5
BF12A69A
3E1A9B23
3F6AE489
BF093DEE
BE1CCEBE
3E5C472E
BCEFE733
3F738FAF
BF02C7E5
BF63F003
3EE14683
3F43C688
3F41E4F4
BF7F352A
BEC29B42
BF5207D4
3F08FD10
BF481ED5
BF3C648E
3F358A4F
BED2296E
3F3F4FAC
3E4DAE76
BE335D84
3F5C2EBF
BF5EB0BE
BF4E65B1
BEBC1F46
3F1639CC
3EF9D3C4
BEE89F3B
BE598727
BECEE404
3E4A8CAC
3E370571
BF5F68A6
3EB33B7A
3E95C10A
BF4BFC0C
BE0F2246
BF731453
3E90841A
BCCD008E
3F171CD1
3F5C8391
BF418A76
BF26F081
BDC26B5F
3F613256
BF05F8B6
BE979B18
3EC86F4B
BEB730BB
3F0DFAB7
3D8AF203
BE0DB5D9
3F756491
3EAFA2AF
BF31E585
BF0A605F
BF25303F
BF25CC3A
3EEF245C
BEEEAAAD
BF61D8F8
BF4571FC
BDCD8F1A
BEB694D1
3EF32870
BF5B7D9B
BF460C6B
BD20CA56
3C876F9A
BF1A78EF
BF2A4C96
3F312796
3E642D2F
BF40B5A3
BEF5CE42
BE2DD16B
BEE93743
3F7FB6D7
3F50796E
3D52A628
3E2215A2
BE80C8DD
3EE55F21
3F3823B9
3F3ABF68
3F690706
3F16BD55
3EA86C69
BF736C4B
BF000124
3F2192AC
3F388030
BF781668
BF040452
BF57F351
3F7C8C32
BF51E5E9
BF26A98E
3F77EB6C
BF1D3C6C
BF2108DF
3E79134F
3F572F30
BF7B85CC
3E30C060
BF477DF8
BEC14E61
3F1A4D33
3E3F7943
3E3936C0
BF0B0AE5
3F528F69
BE19A16D
BF7938AB
BF43B29F
3F1DC716
3F6FFEE1
BD15B52F
3DE5B250
3E238FD0
3F78F129
3DD1CD85
BF0CBFF3
BF684955
3F6315EA
BF16A38D
BEE0CB41
3E67AC92
BF2DE383
BF7F358B
3F07B38B
3EFC9A8E
3E133F8A
BEB2C947
BF59FB51
3E65304F
3EBED092
3E9E773C
BE9B1383
BF419EE5
BF31BAB4
3C2E8F06
BC4EC4BA
BF7DBAE2
BE831037
3E809EB5
3F31E5FD
BDBCFA22
BCF145F7
BD8CCC20
BE998E32
BF4CA8EB
3E2E9147
BF5A2F83
3E39707C
3D2A7DA6
BF5891A6
3EC1E815
3F2960AE
BE940F74
BE51C3DC
3F269610
BF58E1CB
3DCC0C49
BE9CA1AD
BF617FE2
3F75F479
BECAA303
3EA0D96A
BF3F1D32
3F218B06
3EFF526F
3D972EB6
3F03B382
BD982E03
3E486726
BF3E065A
BE31EF48
3DA95B5F
3ECB5E16
3F22F276
3E12315F
BF5D1A45
BE4928BA
BE77E0C7
BF4F186E
3E9DC29A
3F499B41
3F7C3999
BF34950E
3E241643
3ED3BBC3
3F609919
BF577B95
3F41D2F1
3EEF47A4
BF3328E8
BE46CF78
BDEF4A22
BE31F396
BF1FF4C2
BF777E1E
BE571385
BF388DF9
3F1D919F
BF6FF9C6
3EC5187F
BE5C85AC
3F33C9F4
3EB159D6
BF2CD052
3F2E5D1C
3F499EDC
BEAEDA54
BF562976
BF4D2B81
BF3E8BC2
3EEBFEB6
BF528193
3C972449
3F28ABD7
BF746D0B
3F5B0F16
3ED34095
BF21C727
BF6BD3C2
3EE24739
BF5D025F
3DD62D3D
BDFEACA3
BDEE1529
BF1DD65C
3F775A7B
BED1CA9D
BF55F52E
BC1C4804
3F3A309F
3F019BE4
3F32E7C6
3F4CA120
BF5E517D
3F195CC5
BDB5F2C9
3D2953C4
3D905C9E
3F778631
BF24A22A
3EEAA6B2
3DA50AD3
BED2D789
3F253F5D
3ED4778A
BF0D8D6E
BEA5A141
3E945635
BEA647FB
3F3BB491
3DFC2700
3E5EDF8C
BF5F055E
3F5D8FCC
3EBB0532
BE6E10F5
BF526878
BF6075A3
3E623283
3E5F585B
BF133450
3F4E30E3
3EE43FC4
BE8FEFA7
BEDFA7A5
3F6A731D
3F5E52A1
3F12A8F1
3F3ABAE1
3ED00241
3F008756
3DE258C5
BF2B2F5B
BEA6FB11
3F7F5B98
3E9FC919
BE96C276
BDB685DA
3EF5726B
3F4F0260
BF1F0536
3F202D17
3E3236CD
BED61D40
BF1F27F4
3B6A5ABB
BF48BAA8
3EA1A905
3EFD1E86
3F104B21
3F5030B7
3EFFE49D
BEC704CE
3E60724F
BEFC636C
BCE6D9AD
BF31052C
3F06A1C8
3F1A8F4D
3C816CF5
BF72FD9C
3D860F14
3F044ED8
BF08400E
BE567D8A
BF415143
BDC103E2
3F5F403E
3F7457C6
BDC85597
3F231ED5
BF698458
BE8EB1F5
BF23FF5F
BF504E0A
3E0561E2
3F320FF1
3D78DF9E
BF1849F7
BF434C3C
BE3CE2C1
BF6A38DD
BF47FCE3
BD3046C1
3F76E7BF
BF6B6CBF
BEABA7DB
BF1EA23E
BF13245A
BEAE0EEA
BE9444FE
3F16A2A6
BF707E9E
BF07DD34
3B0FADCA
3EC5F80D
3F522B41
BE92A4D7
BF313B5D
BF74BE5E
3F23A185
BF664086
3F400838
BB4B1BE7
3EA121BC
BF5D3C90
BE2C1121
3EA5B162
3E50B57D
3D28DA27
3EB8F874
3D45ACA1
3E8A9499
BED319A3
3D5B857A
3F17B551
BED9132D
BEE66A94
BEAA8BBD
3E68121E
BE5A9611
3E9FFD2F
3F59626C
3E1BE3AC
3D80C9C5
BF0C0361
3F4F78BE
3EDC2789
3F0A91EF
BDBD3329
BF671E3B
3D89A2BE
BF68D459
BE4E1100
BEA1DF12
3F5485BA
3F5FFCE5
3E09CD4F
BE2EAD5D
BF6EB31E
BE19E646
BF000A3C
3ECBCA54
BF033E24
3E6413B1
BF3EEF52
BE2ECE48
3EAB84D3
3F2D22BC
3F465953
BF010833
BE80CBA7
BE4704B2
3F614C5C
3F734A54
BD55C1F0
3F024CDB
3F1F2F0F
3F2350F3
BF71DA20
3DA8E236
3DCAF82A
BEB68992
BF2E519B
BE6FC069
3E24E0D5
3F5A8BFB
3D6AC9F5
BEC79D0A
BF252E8C
BEEF5C6A
BE5301E9
BF10E36A
3F20A0C4
3F40BE34
BF0876D3
BF4DC94E
BEE0E5CE
3F7C5A6B
BF3C1231
3EE946B7
BF62D2BD
3F26AB81
BD700F41
3D88588D
3E5A40F8
3F02B6CC
BEE9A246
BE7942BD
BF5E4AD7
BE37E104
BE8D4F9F
3EE514D2
BF38BE62
BE93831A
BF1FF057
3F22B446
3F2EADD7
BE5BD61B
3D9B44B5
BF4FE8C1
BF3E815F
3F40463D
BF4D30F5
3EAE58E8
3EBDC1CC
3F34F47E
BEC692D7
3EF7B12C
BD124B9C
BDFB6B2B
BF2338B4
BF6A960D
BE365537
3E47422F
BF489C85
BECC24EF
3ECAB1D0
3F5F25C5
BF4B2689
3DEFEC5C
3F444698
3D477D71
BEFD2132
3F385867
BF2F5D6C
BEF2C64C
BE8E9747
BF0767C8
3EC1D9F3
3F3B0644
BF027D1E
BF68777F
BE133CBD
BE6C1EF7
BF1FCABC
BF130E84
3EB3C3D3
BEFA77CB
BEA1AE23
3E5F3E0D
BC9DE6DE
BF6EF5CB
BF6E2CFD
BEF2E346
BEF6523A
BE930CEF
BF4BD47C
3F0E4301
BEDE947B
BEAB0AF7
BEB611DF
BF5822A7
BF221622
BF7B4319
3F6A4E3E
BE9BB97C
3F6F8725
3F240780
3F756A4D
BE048D2F
3F26BE33
BEBED4A6
3F63CDED
BC221046
3D45F67F
3F5D66B2
BDAF8AFD
BF3AA3AB
BE3FA30E
BF128931
BF0BA926
BF527D47
3E891442
BF7486E2
3F00D763
3F7D5F91
