41CF9AC100000000000000000000000000000000000000000000000000000000
3C47F82041D1B27D000000000000000000000000000000000000000000000000
3EE50C603EE16A7641D1D89F0000000000000000000000000000000000000000
3DB50948BEB87EA43D3245B2C1CF46A000000000000000000000000000000000
3DFF8C76BF5B7C3DBE0F8A6C3D2AD610C1D104DA000000000000000000000000
3E0E96F0BE03A17CBF88B908BF3ACA9E3ECC8634C1D343AA0000000000000000
BF0575683DFE9BB8BB96A5C03F223AB83F14265A3D9E2DA841D334FA00000000
BF2F3C7F3FAF40DD3F2CF2B03EAE64503F88F3553F81804D3E85D1B641D1AE18
