3F4172AF
BE9B06BC
BF166DE8
BEA5B284
3F2B243B
3F18A418
3F0E7BFD
3DD5A23E
BF59E0F1
3F0A8066
BE84EE04
3F35F767
BF4A59E0
3F03F5C9
BE05869A
3DD2E829
BEE3B094
3F6B876A
BEAF3656
BD4F6B9B
BCC6DE75
3F130E84
BF37C52F
3F4FD3DE
BF307082
BEC82BA0
BF23C4F7
BEF0CFA4
BEDACBCE
3EC9EAC4
3DB59978
3F17329B
BEB98221
3F0EB7C8
3F57B3DF
3EF6162A
BF36CA02
3CF67425
3EA0A905
3F07B9BF
BF39FD02
BD0022D0
BF4AF4DA
3F75AA1D
3F4C6DC9
BEAB313A
3EFDA84B
BF359C63
3EF356E8
3F384826
BEE3D110
3F340088
3F5B4E6C
3F0CA6F5
BE608E31
3F5A1501
BDBBB27F
3DBFF410
3E2A2C0E
BF793EF1
BF1F90EB
BE49C033
3F2AAD9B
BEAC1E65
3F20305D
3E50AC15
BD35FD90
3D350349
3E2A9001
3F2E96A6
3D08A85B
BD3601F4
BEAC449B
3F392A2B
3EA039D6
BF09832D
3E292AAD
3F428B34
3E57CF73
BE4711BA
3E23079B
BE079E87
3F687BFF
3F19E7B2
BF56E0DD
3F1BF90D
3E69017A
3E00CFCA
3ED2045F
BF119934
3E011DAE
3F77F3F9
3F399291
BF0B993D
BF50A1D7
BEB24060
BF752800
3DC94B2E
3F2F29CA
3E85BB8A
3E8A82E7
3F3545D5
BEECC2AA
BF79F31C
3F0F7337
3F738DBC
3CC1E807
3F357C5D
3E95E9A6
BF644D28
3F6FD582
BF3FFFB8
3DC0BF56
3F52C6D8
3F55DD39
BE50FE5A
BF722972
BF25B0D7
BEE3940F
BF609EEA
3DAD39BF
BF04B822
BE06645F
3CA197A8
BEAC6CDC
3F64DFE1
3EE151B6
BF27FB46
3F669F22
3CBD8E3F
BE818759
3F5F781E
BCF46A8F
3DFB0557
3ED9EC2D
BDDD6F37
BF505BDF
3DA83A88
BF03C8BE
3E2E985C
3E63C262
3F172A30
BEB3EEF6
BDABA274
3E95674C
3F4689F3
BD97752B
3E05E444
BF7F8CE4
BF662223
BF1DC289
3F4A7C34
3F28C9BC
BF7AD2A7
BE006DAD
BEE5852A
BF45D4A7
BF50A2E8
BE50B7A8
3C94F6E2
BD9C3DF7
3CF8C5FA
3EDD49C5
3E321E1B
3F77BDF4
BEE4656A
BEA77D0F
BF0A9E26
3F4BAE8E
3EB2CDEB
3F64B7F9
BE885132
BF059CA8
BF07F2D4
BC550879
BE72A587
3E546B4E
BF084858
3F1A355E
3E2880F7
3F2497D4
BF3C27C1
3F4FF5A1
BF7D68C8
BECA67C0
3E8CFE37
BF71845E
3E998F56
3E9D6747
3F1CC287
3F280D74
3F68B84A
BEE29BDE
3F01AEC4
BF6CEFD4
BE9F14B7
3F220891
BF69C2E2
BF19DF5A
3F655476
3F46161B
BF6EF2B2
3F3D1531
3F4316E8
BC780813
3E36ED38
3F168322
3F60E433
BF164AA4
3EBF8CDB
BF38F150
3E99F585
BF157BE0
3F73219B
3E08258A
3F3D27C7
3F4F7B01
BDE495D2
BE9DA518
BF3FBF17
3F649570
3E9DAC88
3F42F7F2
BF426FDC
3F5BF518
BEEF123C
BF2E0325
3F79170F
3F7A620F
3E0906D8
3C97602F
3F61E85F
3F4A09C7
BF03D455
3F4C5941
BF70221A
3F2907AA
BEA7199A
3E8026A8
BF3B72FE
BF5D6A16
BEFBBC2F
3E8DF98F
3DAFCBB8
3E8405EE
BE3F65B3
3F319FCA
3F3CDAA9
BF2B472D
3DE5D2F4
3F1151FB
BF26B14E
3D7F1BDE
3F447E76
BF72D16F
3EDFA400
3F49EA92
BD903EB4
BF5D76EF
BF2943FF
3E1F378D
BEF3DFCF
BE9E112F
3EC86A54
3F7B98BB
BF18F7B0
3E990DF9
3E3EAA08
3D964CA1
3F46111F
3DB43701
3F0D6A78
3F53702C
3F4F94F1
3F1691B0
BF12DEB9
3D2134F6
BF00F3CD
BF103390
3F5EF71C
BDE1376E
BF43CC39
3EEC613B
BE931494
3E4FD1D6
BF33DB77
3E9A4239
BEE5075C
3DDE635B
3ECFE689
3F4FABB8
BE9EC42B
3F369387
BF3E9FE2
BF5955C4
3F0699D9
3ECDE600
BED80DEB
BE3F5AC8
BE9270F7
BEEDD46F
3E20D236
BF5ED7B2
BF20398B
BF098EF5
3F2EC7FC
BF3366B6
BEF2A9A0
BF285C81
3DAFC295
3E2490CD
3EFB96A2
3DB996E4
BE9BD5A7
BF67256D
3ECED02C
BEA8235D
BF0D5625
BEB9FF5B
3D3270CA
BEE531B6
3E112700
BF1A691C
3F05A702
BE84CFB3
3F168941
BF4023D5
BEF38B47
BD51DA12
3F70EE05
BF1DC6AD
3E089342
3F23F569
3EFB9AF6
BED0B2DE
BE8F5234
3F026E14
BF335BD2
3F62AF7B
BF70E9D0
BEBAC19F
3E830BFF
3F219C60
3E526883
BF4B52D0
3F5C3205
3E06D3AB
BED33912
3ED4C2F4
BF39AB1F
BF4748E3
BF1C156F
BE7DD557
BF63F2EB
3F69F101
3F38A3EF
BF0E3A0A
3E02A060
3F171934
BEE9FDE1
BE90421B
BEB0071E
3E17706C
3F68971B
BF43AD61
BF75BC89
BDE01884
BF397314
3D8781DA
3F0DA88F
BEE32EED
BEF8ACA1
3E8386C1
3F791CEC
BCE60FFD
BF07DDAB
BD146226
3EE9DC93
3EB481D6
BF40D3B9
BC014D9B
3EC1CE74
BF40CEEF
BBA731EB
3F17340A
3F6DF2F3
3DB4E29E
3F3BA161
3EC98E4A
3E69BD22
BE127234
BEE43B1C
3E1B0A86
BF5B0D85
BF4296F2
BF2D3347
3F0A638A
BEADE417
BE892D26
3F218C3B
BE30A376
3E276626
BF791EF8
BF457FC1
BF3478DC
3F573732
BE1C2495
BF23AA87
3F4AE249
3F077207
3F6220A5
3F47ACE1
BEC731BA
BEB7F04E
BE22E6DA
3E7313CE
BEE37C05
BF33186E
BD2E5248
3E8CEB5F
BF2CD130
3E196FC6
BF5737C3
3F563358
BEDE4714
BF05B133
BEDBCADA
BF0CB95F
BF015A3D
BE66ED95
3F2E5226
BEBC0562
3F375766
BF1B4127
BF2E6D06
BF7B3A8E
3E80EE05
BF35E1A3
3EC97E30
BF08011D
BEF4E6EF
3F309033
3E8F83ED
BD64D96A
BF53830E
BD929EBC
3F68060D
BF17F3FE
3F1DE492
BEAE9CEA
BEBF1496
BEA7B21A
3F41F909
BF06C551
BF047503
3F7BB3B2
3F143C5D
BB4FA862
BF63D5F7
BED4C781
BF6C3E17
3F0958CF
3F2E43F1
3F272E76
3F4D5ABD
3EBB5991
BF430EBC
BF14A4D6
BE6BD2B2
3EC2953A
BE7FE719
3EBBCAB3
BF55D381
BE56939A
3EBB5360
3E9E5687
3F38976C
BEFBBB65
3EEB2DD4
BEE94185
BCE9BD99
BDDA2BDE
BF26CD11
3E741B14
3EFEE0C2
3F514C99
BF0BFCB3
3EBC750C
BF01FAAE
3F4CA73D
BD37CEFF
BE1CF363
BF574B42
BE7D44A9
3F328D4A
3F51B55B
BDE359E3
BE22D652
3E90812D
BF61C8E4
3F5FEC03
BF627B4A
BF4F7578
3F351404
BF693EBC
3E23D2CB
BEE86033
BF00A435
BEDE7312
BD47EC1A
3F03A13B
BF31EFBE
3E8718C0
BF3602B2
3F6E644D
3F06C8BA
3E1A9FC6
3EBF7710
BE3CB143
BEB7ABD9
3F7B5A75
3F676D95
3F75D3E4
BEE43701
3E5A6B56
3ED65579
3F6BADFD
BF73A85E
3F57BDC5
3F3CBEC7
BF418349
3F525B34
3F546182
3DC40C8F
BED7C54C
BF6D7A94
3EAC754A
BF4893A7
BDF9112D
BEFD5BDF
3E9D8A28
3F202FB5
3E142771
3E9B08AA
3EBF1467
BF79F21B
BDC98A28
BF276F3C
BE47D0FC
3E2614F5
3DDF4002
3F70BD2C
3F0B0BE7
3F3577D8
BF6575AC
3E6E77DF
3ED86420
BF6970CF
3E1B4D3A
3F1A7D8A
3F462CE9
3C0AA69D
BF60D880
BE8544CC
BE1A6037
BF09BA5D
BEB12BC9
3EC9E1A9
BF74C26F
BD2B4B50
3ED66B3B
3F427561
BF284A89
BF700F12
BEC11511
BED3C0A3
3F68E2F4
3ECD5DB1
3F0DCEF4
3F3AA6B0
BF70D671
3F17C71A
BF54D08C
3EDD2AFC
BF01D56D
BF7702E2
3F37DC08
BF5AD802
BEAFF2D7
3EE6F87C
3E4A2847
BF1A5344
3CE819E7
3E638795
BE608BBB
3EA7ADDC
BEC20E44
BE8C61D9
BE385F25
BF04D600
3F7DEFC5
3F7C3D70
3F079C42
3F303C32
3EE5B9CE
3E9AB3C1
3F64496F
BE209012
3D949DB2
3E59C3D8
3F07F8F7
BF160EAD
BF5E37D8
3F53CCD5
3EA5970E
BEDF38BA
3EB795BF
BE70830A
BE2BD2F6
BF52A414
3F01E00A
BF06ACBE
BF71566D
3F3FEE83
3F2D1BBE
3EFE9168
3E9A0321
BF3B015E
3CF950D4
BE2CF238
BF0E2C64
3F2E0034
BF1EBC09
BF18313E
3F1C1F48
BF2AA977
3F05B341
BF5A2103
3F12C5A3
3E8D1D53
BEE429BA
3B338148
BEB95267
3F3E9563
3F4A397C
3D8170A5
BF04DA58
3EF5888B
3F29807D
BE4B3C8B
3F4D485A
3E90F228
3F5F28DA
3EF8815D
BF77577A
3EEBC23F
3F57B5AB
BD2F4E23
3EF2E5E9
BF1CBC20
3F710246
BEA5EC7A
3F3CF7C3
3EB37E80
BF0ABF48
BEBCA4A7
3D17A0C0
BED66463
BF34DCF9
BED4FD92
3F6DB7CA
3F3B31F8
BEEE06D3
BF1EBEC2
BEAC4FD9
3DA29D5E
BF25BA75
BE55D9D4
BDD97773
3F5FEE77
3E92AEC7
3F272547
BEBECBDA
BF3BDC0F
3F1E83FC
BF410019
3D4A34E4
BEA72E67
3E092A01
BF34976C
3F19CDFD
3F7BFE90
3E46B93B
3EC71877
3F7603BA
3F03DBCD
3CAB2737
3F121F5E
3F1B8576
BF462F40
3E9BFC0E
3ED2B380
BEF4F31A
BBFA00CB
3EA34316
3E0C56BB
3CBB3075
3F2A4D3E
BF4AE513
3F69812C
BF046A02
BF5E494F
3F45D81E
BD807F49
BA270D85
3F344AB8
3E94866F
BEF884C3
3E22FA4D
3F242BC1
3E666B95
BF40398A
3F232527
BEC9D9D2
BCD4B89C
3E940410
BE95868C
BF7931F3
BE48A696
3F49380A
BE945965
BF3DA60B
BF0DE12C
BE8DC1D4
BF6D9D93
BF3E83CB
3DD3F3AF
3C7538A8
BF769324
3EAD42AB
BF4C164C
3F67F3A7
3F62014A
BEC17F79
BEECABFB
BECDBC85
BF466D70
3E4A0477
3F7E7947
3F1524DE
BEC69004
3CEBC79C
BF54D687
3DF4AA0E
BEF5BFC5
3F301A7C
3F733775
3F554946
BEBED73E
3F352590
3F0D6242
3E5BC190
BF2EAF0B
BEA5C244
3EA6DC7C
BF7CB0B2
3F043A2E
3F6C2E5E
3EB372B4
BEF02323
3ECCAC4E
BE9658DB
3EF6F7F2
BCA5C57A
BF7CEE10
3F7D797A
BF13ABC6
BF69678B
3E898BA6
3F49CB12
3F004F0D
BEB3C042
BEB7034C
BE9B0F37
3EE72ED3
3F0FA555
BF3BE95C
3F455FBE
BF54C742
3EC989EB
BDD32807
BF599FBC
BF415BE4
BF702F38
BE964E43
3F1F750B
3DDF77F0
3F0758F0
3F32ED65
BF2F932B
3F2B1D73
BD81476F
3F6962EE
BEAD1502
BF7FB2EB
BE51527C
BF4C8952
3F54DE6F
BF3563F0
3EA03BDB
BF22A931
BD90F0EC
BF27F061
3F6721EE
BF7F6381
BEB545A8
3E330416
3EC85D18
3F1B40BF
3B13ED86
BDB9CCCF
BEC76291
3F01DC70
BF5F598A
3EDD7F65
BF1676AE
BDEA4FEE
3DA4215E
BF00811A
BF211B01
3EFCA129
3F512A35
3E54077A
BF7D88DA
BC76208A
3D05F027
BF43BE37
BF7AD927
BED9CB90
BE14EE84
BF0B002A
3F49B542
3F4A317C
3EE54121
3F0065DB
3E50B70E
3F690926
BF0CDF53
3ED1DB57
3EA9EE81
3D86B7B9
3E07B2B7
3EEC0B99
3E9F82DC
3F690B71
3D7B75E7
BF51FB60
3F241F89
BF28C448
3EFD42B0
3F32E0C5
3F16AA0E
BE64A284
3F120414
BDFDFA12
3D1100D3
3E3005E6
BF34645A
3F0B810C
3F07855F
3E8DD0E0
3DBD1B0D
3E1164C4
BA923D39
BE8B3AA0
BEC6B169
3F4842AE
3F24804C
3F48DF69
3EBEB7DB
3F66CAA6
3EC4593A
3F529DAD
BE130D60
3F46E9E9
3EB8F26B
BF1E8152
BE5ACDA8
3F3E8D16
3E692589
3E68823C
BEFAB368
BD876C32
3E8ADB00
3F6F3D0E
3F235CD9
3E87A6F5
3EC1693F
3D2EF204
BF3A8004
BF544773
BF4AF879
BE2133FF
3F507A27
BF55B139
3F7F8051
BF629D18
BF20D67B
BF34AA63
BF3819B5
BF60F92E
BF072BF7
3DEE0E2D
BF5FF88E
3E198F01
3F78E5E3
BF2950DF
3ED4C1A5
3F39305B
BEBB88A1
BEF6EEB0
3D1D1456
3F383205
3F0E9AD0
BF24EFFD
3F206578
3F1A65AB
BF1DE6DC
BF71B099
BF0E3E4A
3F3B83D9
BF4D6FC1
BF5DF295
BF4F46A9
3F2BF7E3
BD6F5AE9
3F1AEF6A
3E3B8E21
BF6753FA
BF2B4DB6
BECF3C30
BF561BC5
3EB48ED8
3F4F9A53
BF08E438
3F1A7735
BF565137
3F7717E5
BD4E9C19
3F5540B0
3DC4D3BE
3E98B9C8
BF73DCA9
BED66D6D
3B556F54
3E0E3D96
BF63CD7E
BF36CD39
BDB7C85D
BEA99E3C
BF2041EE
3F25BAF6
BEACBBA0
BF7D293A
BE4D2061
3F55903E
3E3C0F2D
BE020885
BF10ED92
3F35BA71
BF013D51
BF7B2210
3BBC2B46
3E643444
3F4DDCB6
BC6896D8
BE77DC03
3F48A1F2
3ED616D6
BE59DB6E
BF3D9BCF
3E600454
3EFF2B35
BE2C71C5
3E974FE5
3EACE42A
BF7E42DA
3F340545
3E8D3743
3F644730
3CAE3118
3E9A8B72
BF05CBBC
BF37018E
BF14D8A6
BD9464E0
3F3FFB1B
3EFE33A8
3F2813D8
3E443A9F
BE4ED0FA
3E0FE85F
BF469EFC
BD7F4719
BE336183
3F6ECCBE
3F3B90E8
BF76B5B8
BF7895B4
BEA78F12
BE6295AE
3F6FCE3C
BF0C7C39
3E7B1861
BEFCC365
BE9ACEDB
BE195528
3F0F8AE7
BF079405
BF0BD2A3
BF312D56
3D94D3E3
BF7FADA9
3F203BB8
