C090AB95000000000000000000000000000000000000000000000000000000000000000000000000000000000000000000000000000000000000000000000000
BDF3A5C8C09216560000000000000000000000000000000000000000000000000000000000000000000000000000000000000000000000000000000000000000
3E22A4CCBF7DBDE3408B838700000000000000000000000000000000000000000000000000000000000000000000000000000000000000000000000000000000
3EC281CA3F5F771E3E5F412040A20083000000000000000000000000000000000000000000000000000000000000000000000000000000000000000000000000
3CBDD2603E438CC93F380A493F2F7540408552350000000000000000000000000000000000000000000000000000000000000000000000000000000000000000
BE958EA8BF6BFE9DBEEBE75BBEE5FE97BCDC1400C08B8B0000000000000000000000000000000000000000000000000000000000000000000000000000000000
3E309432BDB1B0A83E67ECFDBDBECEA8BEF4D9C1BE24470B409223EC000000000000000000000000000000000000000000000000000000000000000000000000
BEDE562CBE862437BD44D3F43F617BEA3F374CB33EE673353F997836C086D7C00000000000000000000000000000000000000000000000000000000000000000
BDD2EAAC3D021C60BF5DB6F6BECA6B683E091DC43F8B74683E883585BEC5B926C0938DD500000000000000000000000000000000000000000000000000000000
3EF5B339BE400066BF0FB17CBEAF42DABE8FA82C3F3C77EB3F216C6E3BBB3700BF252A30408EB18D000000000000000000000000000000000000000000000000
BE789A813F5BD0813E3297363F6B09FEBD243AF0BF483278BD1E60003EB339C9BF1A87BFBEC6B9ADC08511AB0000000000000000000000000000000000000000
BEB784D23F9C8978BF655BE7BF3FD5BEBF0144ECBF8B0802BEA277393EE7422E3EA826FE3EFDB5C13E612AA6C0872A2E00000000000000000000000000000000
BE83BEC03EABE1B93DF352E0BE5ECF4E3F4859403F6C22133F02C7823E6819E03BB90C803F0DDEFE3C9FB6E03EDD53EEC08F7DA3000000000000000000000000
BED51671BEA37458BF2C5E14BEA535E4BF6A47253EA71CB0BF8B7DAEBF072FEDBE5E40EE3EDA4C49BE38B49CBB712E00BEED7220C07759F70000000000000000
BEB4E945BC336AC0BF6A3E2CBF86F295BE056FECBE2DFDA0BD27996CBDC42F00BE2EDB603F1974E03D82E8F83F6F8028BEA633EE3F5900FF4096EC5E00000000
BE93DD81BF0EBE96BF3DF2BC3F073C25BF131BC3BE1643CCBE592BEC3E740E523EA71128BF715A903F307CA0BE7FDD103E583C13BE953D3D3F358E08C0838707
