C111C114000000000000000000000000000000000000000000000000000000000000000000000000000000000000000000000000000000000000000000000000000000000000000000000000000000000000000000000000000000000000000000000000000000000000000000000000000000000000000000000000000000000000000000000000000000000000000000000000000000000000000000000000000000000000000000000000000000000000000000000000000000000000000000000000000000000000000000000000000000000000000000000000000000000000000000000000000000000000000000000000000000000000000000000000
3E7E585CC116BA9F0000000000000000000000000000000000000000000000000000000000000000000000000000000000000000000000000000000000000000000000000000000000000000000000000000000000000000000000000000000000000000000000000000000000000000000000000000000000000000000000000000000000000000000000000000000000000000000000000000000000000000000000000000000000000000000000000000000000000000000000000000000000000000000000000000000000000000000000000000000000000000000000000000000000000000000000000000000000000000000000000000000000000000
BE733102BF30C72C410FF8A600000000000000000000000000000000000000000000000000000000000000000000000000000000000000000000000000000000000000000000000000000000000000000000000000000000000000000000000000000000000000000000000000000000000000000000000000000000000000000000000000000000000000000000000000000000000000000000000000000000000000000000000000000000000000000000000000000000000000000000000000000000000000000000000000000000000000000000000000000000000000000000000000000000000000000000000000000000000000000000000000000000
3E5BDAACBEF54F343F44DE7841154221000000000000000000000000000000000000000000000000000000000000000000000000000000000000000000000000000000000000000000000000000000000000000000000000000000000000000000000000000000000000000000000000000000000000000000000000000000000000000000000000000000000000000000000000000000000000000000000000000000000000000000000000000000000000000000000000000000000000000000000000000000000000000000000000000000000000000000000000000000000000000000000000000000000000000000000000000000000000000000000000
3C5D5B803ED0ACC2BF818C7EBE97058EC110B7660000000000000000000000000000000000000000000000000000000000000000000000000000000000000000000000000000000000000000000000000000000000000000000000000000000000000000000000000000000000000000000000000000000000000000000000000000000000000000000000000000000000000000000000000000000000000000000000000000000000000000000000000000000000000000000000000000000000000000000000000000000000000000000000000000000000000000000000000000000000000000000000000000000000000000000000000000000000000000
BF07239E3F2253243EBEF84EBF5C1ADCBF21E90A4114FAF200000000000000000000000000000000000000000000000000000000000000000000000000000000000000000000000000000000000000000000000000000000000000000000000000000000000000000000000000000000000000000000000000000000000000000000000000000000000000000000000000000000000000000000000000000000000000000000000000000000000000000000000000000000000000000000000000000000000000000000000000000000000000000000000000000000000000000000000000000000000000000000000000000000000000000000000000000000
BDBED8B03F0D648A3E1D54B8BF85F0533F663D68401B4360410EC17B000000000000000000000000000000000000000000000000000000000000000000000000000000000000000000000000000000000000000000000000000000000000000000000000000000000000000000000000000000000000000000000000000000000000000000000000000000000000000000000000000000000000000000000000000000000000000000000000000000000000000000000000000000000000000000000000000000000000000000000000000000000000000000000000000000000000000000000000000000000000000000000000000000000000000000000000
BF7252A63F0F5038BF64B8473EB81174BCAA8860BF0CCFC7BEC35ECC41101CB80000000000000000000000000000000000000000000000000000000000000000000000000000000000000000000000000000000000000000000000000000000000000000000000000000000000000000000000000000000000000000000000000000000000000000000000000000000000000000000000000000000000000000000000000000000000000000000000000000000000000000000000000000000000000000000000000000000000000000000000000000000000000000000000000000000000000000000000000000000000000000000000000000000000000000
3F14DB18BF18BD4D3E384608BB8F2FC0BF332BF3BF624D6D3F388C963EFE04ABC110FA3200000000000000000000000000000000000000000000000000000000000000000000000000000000000000000000000000000000000000000000000000000000000000000000000000000000000000000000000000000000000000000000000000000000000000000000000000000000000000000000000000000000000000000000000000000000000000000000000000000000000000000000000000000000000000000000000000000000000000000000000000000000000000000000000000000000000000000000000000000000000000000000000000000000
3EBCB2193F1C38E4BE048F303DC76D44BD80E6E03EAC8726BEC6D0613E0A187C3E930ED3C117F4B2000000000000000000000000000000000000000000000000000000000000000000000000000000000000000000000000000000000000000000000000000000000000000000000000000000000000000000000000000000000000000000000000000000000000000000000000000000000000000000000000000000000000000000000000000000000000000000000000000000000000000000000000000000000000000000000000000000000000000000000000000000000000000000000000000000000000000000000000000000000000000000000000
3E357C1C3F1D2FF0BF15A9CEBED6AF72BE9D923CBC94CB68BEB13CFC3F5B153BBF0B60973CB41D80410D660F0000000000000000000000000000000000000000000000000000000000000000000000000000000000000000000000000000000000000000000000000000000000000000000000000000000000000000000000000000000000000000000000000000000000000000000000000000000000000000000000000000000000000000000000000000000000000000000000000000000000000000000000000000000000000000000000000000000000000000000000000000000000000000000000000000000000000000000000000000000000000000
BD37CBE03EFE1970BD8165483DCFB9903E02D8043D1E09B0BF8B7828BE7109A4BF646D563DA66DC0BFA71BBAC116093B00000000000000000000000000000000000000000000000000000000000000000000000000000000000000000000000000000000000000000000000000000000000000000000000000000000000000000000000000000000000000000000000000000000000000000000000000000000000000000000000000000000000000000000000000000000000000000000000000000000000000000000000000000000000000000000000000000000000000000000000000000000000000000000000000000000000000000000000000000000
3F750B4BBE8FBB6E3F0CE26A3F1AB4503E200288BE76999EBF00E2EF3F30D931BF88E5E0BF2DD0463E6686A6BF18C6E7C111BA99000000000000000000000000000000000000000000000000000000000000000000000000000000000000000000000000000000000000000000000000000000000000000000000000000000000000000000000000000000000000000000000000000000000000000000000000000000000000000000000000000000000000000000000000000000000000000000000000000000000000000000000000000000000000000000000000000000000000000000000000000000000000000000000000000000000000000000000000
3F7FBF8DBF70C2BDBF307AA43EAAEB9ABE7E5ED03F4670E23FA582CDBF492F683E99D9ACBEB10E3C3E3A69CD3F7DACEC3EF6CA864118B6310000000000000000000000000000000000000000000000000000000000000000000000000000000000000000000000000000000000000000000000000000000000000000000000000000000000000000000000000000000000000000000000000000000000000000000000000000000000000000000000000000000000000000000000000000000000000000000000000000000000000000000000000000000000000000000000000000000000000000000000000000000000000000000000000000000000000000
3EC44FA43E39B66C3E9AEEBF3F9511803E25A794BF2219DCBE902AFEBFB4E2923E3F14263E9DE71A3F1F73C43F4697013E68B8363F8440C34111CA4B00000000000000000000000000000000000000000000000000000000000000000000000000000000000000000000000000000000000000000000000000000000000000000000000000000000000000000000000000000000000000000000000000000000000000000000000000000000000000000000000000000000000000000000000000000000000000000000000000000000000000000000000000000000000000000000000000000000000000000000000000000000000000000000000000000000
BEAA6428BE3EDF883E1A90983F299C06BF13E3D2BEFBED703D2918603F96410DBEBC16F43E969C143E3689343EB57D9D3E82E2293EAC94ECBE9B753CC115D610000000000000000000000000000000000000000000000000000000000000000000000000000000000000000000000000000000000000000000000000000000000000000000000000000000000000000000000000000000000000000000000000000000000000000000000000000000000000000000000000000000000000000000000000000000000000000000000000000000000000000000000000000000000000000000000000000000000000000000000000000000000000000000000000
3FA638A5BF049AEDBF807178BCF499583F2789DABF6F6D063F8B60BFBF414584BF2C39E83F005E273E57E08E3F3B66FDBD8430683E047AF2BEF69DC43EE7A282410B57C00000000000000000000000000000000000000000000000000000000000000000000000000000000000000000000000000000000000000000000000000000000000000000000000000000000000000000000000000000000000000000000000000000000000000000000000000000000000000000000000000000000000000000000000000000000000000000000000000000000000000000000000000000000000000000000000000000000000000000000000000000000000000000
BF394BEB3E9531C03E37C3423D8B1239BEE8EF893E4FD67EBF56D1E93ED85C19BF8584113EDAB2C0BE9B5854BCC6F3803FB7BBF6BF0246B83E86F0BA3E0B282C3D9E8450C111DB0C00000000000000000000000000000000000000000000000000000000000000000000000000000000000000000000000000000000000000000000000000000000000000000000000000000000000000000000000000000000000000000000000000000000000000000000000000000000000000000000000000000000000000000000000000000000000000000000000000000000000000000000000000000000000000000000000000000000000000000000000000000000
3F051DDEBF25C7363E8469EEBE0EFCA2BEC2F0EC3F1909B93F5187B83F22F7E43F2BF15FBDCD6796BF1064703BDA9D003F154EA9BD9D7AA0BDEC41C03EF03C903E242E03BF189D3CC115AF56000000000000000000000000000000000000000000000000000000000000000000000000000000000000000000000000000000000000000000000000000000000000000000000000000000000000000000000000000000000000000000000000000000000000000000000000000000000000000000000000000000000000000000000000000000000000000000000000000000000000000000000000000000000000000000000000000000000000000000000000
3F7F74EA3E8DA036BE20D408BED87764BF1BE6483FB3906CBF1E1D5EBF7C95A7BF05C05CBF55E625BE8DF2C63F824DF2BE99656EBDBCB0F83D317C10BEDC47FF3F96C8FFBF54C346BE96AA3EC10B9A1F0000000000000000000000000000000000000000000000000000000000000000000000000000000000000000000000000000000000000000000000000000000000000000000000000000000000000000000000000000000000000000000000000000000000000000000000000000000000000000000000000000000000000000000000000000000000000000000000000000000000000000000000000000000000000000000000000000000000000000
BE75594BBEBE0E87BE4F075CBF75F9C13CB48C803E6D2DB03EC1EAD43F8039C3BEBA4601BEA7CE2CBED6FAA13D0A0EC0BF69ADBDBED0A989BE047423BECC4F9ABE931604BF0CB882BB1883003E5A8AFCC10D471900000000000000000000000000000000000000000000000000000000000000000000000000000000000000000000000000000000000000000000000000000000000000000000000000000000000000000000000000000000000000000000000000000000000000000000000000000000000000000000000000000000000000000000000000000000000000000000000000000000000000000000000000000000000000000000000000000000
BF570198BEE4C1D0BF13A4A2BEC24DC63DEB6E843F092EFB3EBCDE28BEA672843F34C3753EE7A74ABF006DFE3F1FA05C3E10FDF4BF3B0F943D87CDF83F650C193DD33CACBC022FE0BF1BC5643EC8F49CBDDF8F98410BA038000000000000000000000000000000000000000000000000000000000000000000000000000000000000000000000000000000000000000000000000000000000000000000000000000000000000000000000000000000000000000000000000000000000000000000000000000000000000000000000000000000000000000000000000000000000000000000000000000000000000000000000000000000000000000000000000
BEA705103E294C08BF1046CEBE43AC603E0BD107BF0FB6583E90AF8BBE5DB9583ED361DFBD1AB328BF25C2E13F44BD4F3E2247E0BEF30EE3BF85F6E13E0C19083F3308A8BE6E9F79BE1D806CBEA242D03F43AC7E3EDFDFF6410CC6B80000000000000000000000000000000000000000000000000000000000000000000000000000000000000000000000000000000000000000000000000000000000000000000000000000000000000000000000000000000000000000000000000000000000000000000000000000000000000000000000000000000000000000000000000000000000000000000000000000000000000000000000000000000000000000
3D04E5203F06B563BF789CAE3E1465003F1AE1D33E53F2A8BE71D5C4BF281C8C3F8B79C2C00F4F31BE1CF7A83DB4453D3F42DEBB3F225078BD7ACF68BEEFEC3B3E1C4072BDE07A703D75FCE03F32D84C3EA43D2FBF18F4A0BD9A52B4C10B742700000000000000000000000000000000000000000000000000000000000000000000000000000000000000000000000000000000000000000000000000000000000000000000000000000000000000000000000000000000000000000000000000000000000000000000000000000000000000000000000000000000000000000000000000000000000000000000000000000000000000000000000000000000
3B99ED80BD906FB8BD8E62F8BF5CEF693E707B363D8EBAC43F4FD40CBF84591DBEC83890BD93F684BF0E7B37BE91BEF9BF7B87983CC0ECA03EC475F6BF2040C3BE8DCC4EBE93BD8BBD133A00BFA314E33DFF12483EC39AAF3F813CB2BFC85C9041114CDB000000000000000000000000000000000000000000000000000000000000000000000000000000000000000000000000000000000000000000000000000000000000000000000000000000000000000000000000000000000000000000000000000000000000000000000000000000000000000000000000000000000000000000000000000000000000000000000000000000000000000000000000
BF2E33EA3E45228CBF0E06A73D73BA083CE0C2A03EE7FDCEBE6BB62EBF3892E8BF822D5D3EDCDE2EBCF88BA03FD8ECC0BEA4D9123DED70F8BE8E7F22BE1EA15C3F0DEA863F415F963E9E71BA3ED1FBCA3E9D562A3DD9D9F4BD1F66503EE6E560BCDA0E80410BB32C0000000000000000000000000000000000000000000000000000000000000000000000000000000000000000000000000000000000000000000000000000000000000000000000000000000000000000000000000000000000000000000000000000000000000000000000000000000000000000000000000000000000000000000000000000000000000000000000000000000000000000
BF291963BE8B2EB63F289DC03F03488D3F1F58503E8FD7EC3E80BFB4BE8712CE3E934A6C3D0C28683F843F993DE350E0BEDDB2E23F1085D8BE43B5A83E2C97A0BE7F3046BF58B6383EE5FCE2BE1F69FCBF6B164F3F466848BFDA10E23DD54DC8BE9FF1123F3287A2C109801B00000000000000000000000000000000000000000000000000000000000000000000000000000000000000000000000000000000000000000000000000000000000000000000000000000000000000000000000000000000000000000000000000000000000000000000000000000000000000000000000000000000000000000000000000000000000000000000000000000000
BE9BC9F23E87C790BE157D2E3F95D30E3EACB430BF91DD753EABBCCF3E4848563F025E073F66E9183E2E10903F4460CE3E022C403F0A2E013AB8F100BEB9F0683F847B42BF891F56BEFE62833E7CBF54BEE0BB0EBF3DBC55BE23E9E4BEFB4E98BF7D1E9EBDE0A8AC3E037BB4410B68E7000000000000000000000000000000000000000000000000000000000000000000000000000000000000000000000000000000000000000000000000000000000000000000000000000000000000000000000000000000000000000000000000000000000000000000000000000000000000000000000000000000000000000000000000000000000000000000000000
BF118A0F3E08EEF5BF363271BF1926E13F31E485B9D9E800BF94DA863E906B0A3F49DB6BBC1A67003F5F5F2EBED746BC3F1FB6D03FA08280BF09A435BD690468BE91666A3F4DFB82BDF70A503F3786A33EADED2E3E6EFF08BF0DBE94BE4FDE8CBDAEE010BD137B883ECFC918BE84444B410CAB3C0000000000000000000000000000000000000000000000000000000000000000000000000000000000000000000000000000000000000000000000000000000000000000000000000000000000000000000000000000000000000000000000000000000000000000000000000000000000000000000000000000000000000000000000000000000000000000
3EB718A83F9C26793F31098FBFAC3620BED9059CBED01778BC7136E0BE3122383F04548B3F05E00FBC7F91C03D4BD6A0BE875A0E3E0034AABE2FB87C3D626F043ECC22B63FB3CE9D3D892920BF62988FBF6C3378BDBCFDF8BE5F46543DAF59883F4879FF3ED3A5123E9B57683F226D91BE73DC97410D2A8200000000000000000000000000000000000000000000000000000000000000000000000000000000000000000000000000000000000000000000000000000000000000000000000000000000000000000000000000000000000000000000000000000000000000000000000000000000000000000000000000000000000000000000000000000000
BE9DC2F2BF0273A0BEB535E33F30E7D03EBA39C6BE949E3DBE4FCFE43F0FDB86BF01E52D3F02B4A0BE96A24ABF0806D7BD2B20D0BF0199A43DB773C4BE3A6FA8BDB897D03F86AB683F1CA4CABD6EF8903F52665ABF4771793E8608C6BED8A942BD216F50BEBB68183DE9B4F73EA36022BD6278203E96B532410CC696000000000000000000000000000000000000000000000000000000000000000000000000000000000000000000000000000000000000000000000000000000000000000000000000000000000000000000000000000000000000000000000000000000000000000000000000000000000000000000000000000000000000000000000000
BF191AC43E860129BF76A7FF3F0C33DC3FB39B7CBE3162553F0CA0F83F227FA2BEE030523D2C36403F34A6F3BEEDDA32BD7ABBE03F58A0323F07D0D23E3C3034BF8268283E50CD023FAE05A33E3F2A003DFC563ABF607C45BCAE0540BF3757123C7259003E916F14BDDB7C503EC29A2EBF52F7FEBFA8C835BD772C4AC10596170000000000000000000000000000000000000000000000000000000000000000000000000000000000000000000000000000000000000000000000000000000000000000000000000000000000000000000000000000000000000000000000000000000000000000000000000000000000000000000000000000000000000000
BEF727AA3E1ACE78BDDCB770BDDE85283FA98D06BEB6275ABE3A426CBF3745DF3D051FB0BF18D23B3C646B403EC9B2353E788BD63E7019EC3F4BED60BF1D9F283F4A72FFBE9D3E58BD6C5590BE7878CABD3E1F80BC689000BE1335F03F10F50E3E999E1ABE502B00BC35B7F0BE8481DA3E8BF39F3E2B10743F687E84BE166264C10DCD5B00000000000000000000000000000000000000000000000000000000000000000000000000000000000000000000000000000000000000000000000000000000000000000000000000000000000000000000000000000000000000000000000000000000000000000000000000000000000000000000000000000000
3FADC7603CF07D40BBF7D680BD22CD683E480CC03FB151193D0DFAD0BD5B8958BCA79030BD6438303E80F5C4BF2855C0BF446E373EDE85B03F39E3A3BF3A3C7ABE8787943F86D7343F7C7D1EBE5E29D03F3676D7BE350D343F333F6C3F216155BDCD721EBF21BB143E009C7CBEECD8663EA59C58BD9685A0BE9CD66E3F3CE79BBE2A01A4C11019D0000000000000000000000000000000000000000000000000000000000000000000000000000000000000000000000000000000000000000000000000000000000000000000000000000000000000000000000000000000000000000000000000000000000000000000000000000000000000000000000000
BECCA4D8BFEB8E143EA151ECBF3BE020BF3C44093F3815063F54D5A83FBFD35E3F57F2F93F5421EC3E1C03C2BF0EEE0ABEEFB7883E2EE11A3FF85B8C3F86678D3DE13204BC94A700BD884184BE3D6CFEBCA9BFE03D5E6FF83EB2BB58BF613D54BEC811B8BF0C03413EBFF770BE0C8DFEBD6070003E6B7BF03F923FAB3E25A25A3EB17394BCA5BEB04103D3280000000000000000000000000000000000000000000000000000000000000000000000000000000000000000000000000000000000000000000000000000000000000000000000000000000000000000000000000000000000000000000000000000000000000000000000000000000000000000
3E7722273DF9C7F4BEC02444BD4A738CBE548F683E7FD45ABDE240FEBF18D193BF277FAB3E6EFF9CBF22BDD8BF0B21C13F4D8219BF83AEA4BEAA5146BDA90F303F9C98703F3C95D2BE41939ABE94C1BC3E99DF9BBDF687A0BF7F9F85BF1FACE03F957EAFBE8DC42E3DC1E3AE3DB77E58BE5A9F2C3F9DC5233F691D183F50E6D7BF40EC983D3A8E383E13C7EB4105169F00000000000000000000000000000000000000000000000000000000000000000000000000000000000000000000000000000000000000000000000000000000000000000000000000000000000000000000000000000000000000000000000000000000000000000000000000000000
3F0C2646BEA81C26BEBBB9F9BE8F3897BE88F9AEBD10F0603F866057BF47D056BF058ECCBEB1DCDFBD39DE803EE8EEBCBF016F663F1E48CABE79B9143EB96E1C3F53471D3F21B4823D9C8B70BEB63AD43DBFB3043F2F6CFABE84C62FBEB156413EAE173A3C410400BF3DE813BE8B7E8DBCF43290BD053EA43DF90D9C3E82C7EDBD75AED83F4F3CFC3F1A3F04BF022186C10D2547000000000000000000000000000000000000000000000000000000000000000000000000000000000000000000000000000000000000000000000000000000000000000000000000000000000000000000000000000000000000000000000000000000000000000000000000
3EE12C80BE3B21BA3E4445C0BF055E293EE630E1BE663F393E1F735ABE54910CBF692E2DBF8D28A8BE9BF2143F3597FE3F7BD3F43EF69F9E3F0758FC3F5019183E9FC7EDBB9AA1803F005DC8BEB0058E3EAF484C3F1D60D83ECA508FBE14DF8E3E3EEC9C3F3FC5B5BE8C0A003E437B533F268C4C3F440E693E43CC54BF809B07BF20B5EEBED3DB873E1D81D43DEAC8FCBCCFE2E04108B7350000000000000000000000000000000000000000000000000000000000000000000000000000000000000000000000000000000000000000000000000000000000000000000000000000000000000000000000000000000000000000000000000000000000000000
BDE1D514BF9842203F595EF7BF0ED7963FD2B6BCBE477AA8BE8CDB7ABEF666E8BECB350CBF4EBE0EBE7CAFF73F3795543E51C0BC3F6B224D3EE8F34EBD4312603DB49098BE268B2ABF25E51B3E779A783ED753A43EBDB1BB3ECE05143ED509953EC7D094BE58757C3ECEA436BECB7B62BF3529D0BCC88A10BEEE91043D3E3DE03F107A603F20F5683EA5325C3C4D7116BE9613583F81665AC109B4B500000000000000000000000000000000000000000000000000000000000000000000000000000000000000000000000000000000000000000000000000000000000000000000000000000000000000000000000000000000000000000000000000000000
3D0B22E43E9F598D3FC6A528BF0AE6763E8C2044BF95F162BF831C6CBFA63B12BEF6F1D53DF5B684BDB3C388BEE040193DDE81B03E0339283F6CB5F2BEFB84FBBE1E4AADBF319CA33DFA3170BEAC3A8A3E935EB6BE9506A8BE01ABD83F4A7A1F3E344CD2BE812F2D3EBE89883EAB3730BF29F9C33ED997CEBF56963FBF831C5C3E401DE93E458CB8BE9DB2F63F3F93A83E5B6A08BF71623A3E31DA6CC10A9D74000000000000000000000000000000000000000000000000000000000000000000000000000000000000000000000000000000000000000000000000000000000000000000000000000000000000000000000000000000000000000000000000
BF45E7D6BF0C010EBF381F123E55E316BF2EC7B23EECF0973EE521C0BE88BF563D189A40BFCA0B0F3E7F83433D8975023F444F173F864A9A3F1AE62CBEB522A53F5E80F63F0C4188BE99C7C9BF0528BEBF0F45BCBDAAFF48BFD3513ABE285DC8BEB8DFB6BE00384CBFAB4F3ABEA00F873E457624BDC1F4703F8779F43EA866913ED2ED163E1638263D38B9743D0AEB30BE479F90BEE4FA7EBDB2D0E0BEFFD3E840FE0F420000000000000000000000000000000000000000000000000000000000000000000000000000000000000000000000000000000000000000000000000000000000000000000000000000000000000000000000000000000000000000
BD9088CDBE16BC663EF206063FA911B5BEEC43CC3E14D49EBF841937BF122AADBE71FB9DBD6DC1C03F4454D3BF25B6F03E29F9AABE96F9CEBD6F56B4BD82CD803F46FF25BE5D0868BF2C3DE13FABEE903ED1EAD63EDDFBEFBC9F562C3E03EB863F570E0EBD48E9403F9028A13E72B270BF01C6323F299E973F03B626BCC40BE0BF5F6269BEA1AD153E37933C3FC7BDB4BD9F67D0BF0909DCBF0DBD0ABD12C440BF8E702E410706E200000000000000000000000000000000000000000000000000000000000000000000000000000000000000000000000000000000000000000000000000000000000000000000000000000000000000000000000000000000
3E9E3406BF7382B7BECD05CEBED471723E827A5A3EB84A043EC9EE5E3FAB22D23F4857A5BE8583B0BF42C678BF0E98403F6CE3923DF3F778BE18507CBE3C746A3C93B768BE41108E3EFFFA8FBF26E14E3F1BE8E4BE6A77D1BF5E4D613E0E2A2CBC7F3E003F22F6A93EC3CEF83F5F0B2CBF24CE12BE70EABC3E66E8A8BF13EF2EBECA2B2A3DF603203F0D52ECBE9B6C40BEE36CAC3EA163683BAD21003F5E869EBEEF6A08BEC2337E410DD55D000000000000000000000000000000000000000000000000000000000000000000000000000000000000000000000000000000000000000000000000000000000000000000000000000000000000000000000000
BDAE0E143F93F8C2BE50A514BEF824983EE02AF0BF6401F33E05F3B2BC219C003D3E6FE03F25D18E3EAE8EDE3E3441203C8B43A0BF606205BE2948EA3EC2B61FBE5227713E23A1E83F0CD6A0BEA152CF3F12DD10BDE3B5603EB2F7C23EDEBE7A3CB2FBE0BDE43B7DBF59BFAA3E4D26243F0EAF5F3F356AB0BED20C88BE4EE6C0BBD8A540BF4FB2E33F86878A3E15253C3EE61B7C3DE14D203E4439F53E90447C3D417A08BF0CFF5A3C070100410EB6C60000000000000000000000000000000000000000000000000000000000000000000000000000000000000000000000000000000000000000000000000000000000000000000000000000000000000000
3D8F8180BF26428E3E8193D03F0E6BD6BDB395A3BE9D0E933E12BD863F02CB2D3E9F02473D97BC10BD8F3230BF980D5A3ED92A9CBE21253CBEDE8BA6BEFBE2143FA35A85BEC79BD4BF2EB028BE24736EBF966C60BE8066DE3E1392363D4FBB80BF050E1C3F5DC4AC3D4B16F0BF5D0C9A3E9F8693BF1651EF3F74610ABE2D6ABC3EC5CB1E3ECE4E8D3D8B53B0BE1DA3DCBE4F8CFDBD60CB10BF9C328B3F342E12401EEA403E03A552BFA1B86ABF132BCA40FC2B3600000000000000000000000000000000000000000000000000000000000000000000000000000000000000000000000000000000000000000000000000000000000000000000000000000000
BEAB134E3D27ED48BF24424EBD94B5503EE8EB4CBDC09DB4BF0A7CCDBED14906BEB1D730BEB87BF03C497C903F01EB233F4CADE9BF1227093E387364BEAAB485BDA6637E3F156075BEB313BF3E11AB18BF2AB33C3EA5B71A3EA9E0703ED5C73CBF076D34BE5343F8BD4E44F03D8F274CBDB65CF0BEA2B5913F47856C3F7D29CABE825BD4BF0BA9903F59880C3E8868B63F0CEA78BE8EC6F6BF1EFBD83EDF378DBFA99A963E4331A83F50634B3EED6B133ECC16C1C1099F38000000000000000000000000000000000000000000000000000000000000000000000000000000000000000000000000000000000000000000000000000000000000000000000000
BF62F6213D68C2D0BE711FAABC7ED2C03F020BD3BE91CF3ABF7A39D9BDC78ED8BE77ED64BEFDD664BED31E32BF5B0008BF335412BEB4D8EF3F2AADE73E80F9D3BEE7A76C3EDC69853E0FA8A6BF3B7CB83E480FB8BEA6E352BF5617183E6D7BCC3ED9234A3E899B64BD9580D03F07CA143E3FB2F03FA594733EC411A7BF764ABDBF8613203F37D9843CD9E1A8BF4F55433DCB1210BE1C4D88BDD821103EBFFCCA3E31F5D83EF478D43E8ACFA3BF282C6CBEE196CC3DC68C7C40FB41D00000000000000000000000000000000000000000000000000000000000000000000000000000000000000000000000000000000000000000000000000000000000000000
3FDFA879BED9CA1D3D7BBA003F5D63763F84208CBEA286F23E38A4E6BEEC8910BD1AD8003F949B04BD69A90CBD6D134CBEF28A14BC528840BFA09ACDBFE654D43EE03390BECA0534BE720D04BE53EEC03EA7B3ADBE4C45903FAC38F2BC9251D83F036A3E3E8B11763F5D43BD3EED70BEBE636408BF5B11FEBEDFD9103EDEAF8D3EE5DFC93EDD082C3EA3D20CBF18675A3E4270B8BD75E500BDAAF3283F6611343E19B3603F8814B6BCAE42903DE0A394BF29A6483E69D514BEF2AD5D40FC1DCD00000000000000000000000000000000000000000000000000000000000000000000000000000000000000000000000000000000000000000000000000000000
BCAFC8703F51EDACBF333B35BE6434923F45A06FBF38E6213F624212BEFE13263ECF33A13EE548C63C117D803F396875BEA379D83EC1EBAC3F568831BE33F7CC3F556EED3F68834B3F50A2F43F676E743F0D0E1B3E81013E3E3C565A3E7713C2BF78568E3F5E9E2A3F276EBA3EAA08FDBEBEBB24BF6F33FEBB94D780BF0B4B553D2A50083F4901ACBE75036ABE969C333DD15260BDD551A1BE82E386BEB48578BDA746783F40624FBF5C46FABDF7F3F83EE8B914BF8831C43EBF87503A55E2004102E00A000000000000000000000000000000000000000000000000000000000000000000000000000000000000000000000000000000000000000000000000
BDB95A86BEB6271E3EBC36FEBF0D546CBD5B58A03F4D13C1BE0775283ED3E3A03F9725A13F66D73F3DE01F773FB180A2BEC866A63EAC13173D2ADA003F1479DE3CC6AE08BAA0B800BE6871FABDE5E4A03F5DC336BF85C213BEC083403C2578003F2224A83DCAAC183F014DF3BF276479BF437D25BED642E03F1F200E3F074D16BEE76AC73D5DCD603E4A24103F42196C3E8578823E46138ABED65F7C3E174D8ABE7BCC043E1BDFD43EF2D6CF3E6943523E2A30B83EB68435BF174F6ABE82CF02BEDE7DA24107FC870000000000000000000000000000000000000000000000000000000000000000000000000000000000000000000000000000000000000000
BF225C603DDF65503E8C0948BF6FF5DCBEEBE22F3EB1990E3DE97790BF25F16C3DCF6D843E2A88243C87CD50BF0C44A73D9C25A83F8E8D563EAFD4D03DB9F2B83FB7C2C6BDC818803F3F9186BE9C104C3DD741C83F78ED91BCF1E360BE198AB0BF28CA7E3E9D6A27BDE4D4883E75DC303F1C3C743E49EF283EB3B8353D8F18A8BE993C2B398B10003DFF6B48BE843B4C3CCAB0F0BF2841353E98F7393C243B503F1BB6453E94F1BEBECBAF683E61FFA8BD1BB3D63EF533C53EA3A706BEBF8994BE61978A3EF703E1C10523B300000000000000000000000000000000000000000000000000000000000000000000000000000000000000000000000000000000
BE6CCD80BEBE86FE3EC67B44BDFF7AB0BF343BFE3FB2F002BF73BB2A3E3D2758BE3F275CBE39BEE4BEAA06BE3F92E0CABE8BB0003EF1027CBE9E9506BF37B0143E4D1E7CBEAB35CEBE3AD0003C255300BF8346A3BF1328EEBF00F501BE3410D03E87A1BE3E40AD563F93EDEC3E259CD4BF5321D73F17BDB93EC06946BF493091BEB6BD9CBEB228B0BD9894C03F30D2A83F0C01603ED957643F5AD2C63DFF080C3ED7E076BF256E06BF5AC7F6BE6951303E82CFDEBE415490BF8BE817BF13F5FF3EFCF809BC8D9F583F83EA03410BDFEF000000000000000000000000000000000000000000000000000000000000000000000000000000000000000000000000
BB7797003E098B52BE3D5DB03E9B6D45BE2377653F807FCA3DA9CF74BD9144D43EFD52D8BF031AB4BF1EE5E3BF32F152BEB604E23E1C60303E030F28BF6DD7D4BF1636283EE08A0DBF17B4483EEA8B7A3DCC96EBBDD0CC74BF530AB33F380AD23F4AA49CBFBA63843BE78B503E293060BF3A3BA93F03E5A63E4331A8BDD81AD8BE1D0737BF158D70BB3A3D80BFC4388E3F149599BF5A5AA3BCA9F340BF071C11BE9F09A2BF63C8723F8C547FBDAA5E983ED6FF8CBECA69A83EA1611B3E7358083D1FAE5C3E1FC0C03CD2AFF03DC18998C10A341B0000000000000000000000000000000000000000000000000000000000000000000000000000000000000000
BEDD50183E9800683D4C43A8BF19C3E43F7589563E968FB23F5B470CBE928976BDBFAFF8BF0C93153E562ECABF236AEC3F22AAEF3DCD7CB8BE035F8F3F0E64F63E338F803E6E43C2BEBE27E43F5D69463F0E88C03EB78C6FBE89B820BF4D80D0BE3AFD1A3F8AB0643D3B7A283E9277F6BC920BE03E3DCC303D06C860BE60C4A43E551F98BF9F60C7BEEB93AA3DF558643E076BD4BE942A883F3FFD9A3F4D47F23E9C581BBF3D96C4BE9D8AA03D0659603DBF5954BF7C6A7CBD4EC0213D8379E03E5D5630BEB29AA7BEAB1E423EA4A96D3EF4AA16C1044EB600000000000000000000000000000000000000000000000000000000000000000000000000000000
3EB3409C3EBE92BF3E18D730BD9067D6BF16C531BF3FA5343F77E55C3E3FC2D63ECAB80D3F868808BEF54F8FBF8449363E3FE1C2BF0E7DFE3EB5E02CBEC44D34BF2527543F2D37DA3EF88AEE3E88BCD5BE3EE3B4BEC6699EBD23F478BECB7B543F05EB243EFA746C3F4AFBFB3EA9E9C8BDF1C018BF842748BF0E31A4BF053467BF54E2603F33819DBF28D072BB1C17003E17F5F8BD924498BD2D5180BE60AA6C3F0080A63D46A0203D273834BE91B3443F0B8903BFBAF43C3EDA81FCBF117115BF98D32FBF69C0523F45DEC03F4ECDBDBD7555A83E364A6CC1080927000000000000000000000000000000000000000000000000000000000000000000000000
3F5508A2BE7D26F7BF5F7942BECD0344BED96950BF1D12FD3E8418CC3CAF6C083E1E5B203DD501A5BCFE92E0BF4F7D64BF1C27F03F29DF42BE22BCE0BD2094203D4A70903F143F10BF0956DBBF28EF7DBEA87C633F2AFEBC3E2A8EB8BF8E017C3EB79D4CBE8D66A03E2F0684BE8D3042BD3E19F03E8C73843F334238BEF7542ABECCACAF3EB770FE3F3DC3DA3E24554E3E9F65213F7817903DA87730BFA9B5213E8C43A2BE903588BDEDF5F83F833BF63EEFADBBBF230DBD3D44C0883E242E2F3EC295BABFA1332DBE85AD2FBF71D6BABF1536873E513AB43EF57FA6C1047DB20000000000000000000000000000000000000000000000000000000000000000
3F3CDA8F3F59D9583DEAB2E03E2FCE98BE8774EB3D884F58BF594D613E53734CBCE7F8C0BF133562BD887568BE5D66AABF96D607BFA744CCBF390F43BE595C44BFAB5A08BC18C1B0BE5286E43ECD2907BE8A25673F37BAED3CBB6B703F5862C9BF06BE8E3C54A8203E132B903CC870B0BEB3845BBD1D23803F0D1154BF2FB095BEB1A903BD4C1530BF711666BEE311483EE6EBC9BF93ED8CBF23A594BF43C8D43F0F6C603F286BECBF5A83993F3C2BB83F8DFBDEBF64DED7BE215B023E6A555CBE89DD3CBF311C823F10696D3D595C60BEB078C63E8E645FBF3BF4813F2BB7FCC100007700000000000000000000000000000000000000000000000000000000
BE9F564B3E418E583DA42F58BF41CDAC3F794BDABF1BC813BF0E2F0ABE0CBEC43E0165BC3E854A283D3A0E703E5CFB893ED08836BF0FF84C3F9EBC94BDB455A0BF64341ABF187E3E3E0B87183F82EA83BE9690163E85459ABF960BDC3F098F483EA533263C5D4CC03ED9660CBEC70DD73E11AA30BE0C2ED4BCE4EDF0BEE30914BF61314BBF040665BF466035BE91290EBE86751EBE4DF1D0BED6347C3ECAFCD43F0FC1C33F7413843BF573803F0804C8BF2B1096BF38FF78BE60F360BF8FD1B5BD19C9143F075F23BE430B873E64C7603EFB2E0F3F09E3B2BED1195E3E3212803EF656E7C107A399000000000000000000000000000000000000000000000000
BF25FC47BE55323E3E61EA66BD9D7580BF4DE9173F4EC5873E8DA49CBDE510483F11726EBEEB18B83C9491A0BE4C139CBF0F9C0BBF3B05CEBE74C69EBF110C153E45C8C0BF9458BDBF50CA7C3F17739ABF1DA63E3D880A583DD9C2003DF9B6F03E494F813F881A00BF29C3D03E5785A0BF9BAF753E9088EC3DD66728BE0242A83F37D14C3F7CA89E3D6CE4A03EADC782BDABF93CBD9772603DC872A0BD927688BEE392E73F43374C3E9F06B23F0624BA3EFDEC5C3E211B863EE2BEC43ECC09243E5F5F4CBF408C00BF2D467C3D97FA503E1A8F053D8D81A0BF3621443ED153C63E17B7BA3D4DF07CC10BA2B00000000000000000000000000000000000000000
BE8EF78ABC0DF6403F1BA8163CAB9E90BE6E7593BF1CE14A3F0ACC723CA34160BEBD1360BF30CFC03F8F2F80BECB55FE3ED9633ABF0980D3BE15FBE6BDF78BB0BDC90AB0BF5E1A04BF9A3D0C3D889C103E45A0013F0FA16BBF57C9283E11DD103F4B89DABDC9958C3F723F06BBD0C940BF1F8425BE8D7DC03EBE80BE3F087407BF73738C3EAB94C73D84E710BF65AC0C3F1AAB63BE6987603E6AC11EBF6547023EE5CE5ABF819AB1BE0071C4BE2350423F8F64103FA54E543ECDAAD0BDFBEB28BDFF52F0BC34A1C03EFCE1613EE584303F019645BF3F73003DAE5A403F161F31BFD2EEECBDC74340BE6BFC00C1025DBC00000000000000000000000000000000
3EC302243DFE1DFBBF2EEBC2BDD28128BF0A96213F907CB3BF56F3823F1F06553E5FF8583CDCCCE0BE171C3C3DE62EB83F41557DBEB0A8FABF341F153F36B80F3DCF6D58BE8B4226BF4CBC65BF9A17D63CB31F103E83B7823F8F76103DE622E0BE209554BF54B1B8BF8D3B933EFB65E2BE40C150BF0FCDDD3EDB43DC3F0A7873BE416AEE3DC66D183CB4A0403FC287833EA31902BF4F84183D8AC1E6BE6832CCBF277F5FBDF04944BE8846B43D575BC03B80C240BE38CA68BF08A12ABF7CD3BEBCE705803E0855283F07F9223E78DE51BF61E85CBF0878E2BF449D9E3DB674A0BE84B6BA3EAEE48A3E6508F4BF1739AE41000744000000000000000000000000
BEA988C6BF6313163F983A16BEC8DCAFBF859CB8BEE99547BE8A7992BF28915B3F1DA3243D8D7C28BD2F3E203E384CD33F464B42BF02E8B03F4352CF3EBD6DD23E5D02453C5165E0BF480E223F9944413DEFEEFE3DF84F00BEFE7688BE515D64BB01BE00BEBE1640BFB305E0BF8CF15ABE6A9A2CBC666DC0BD951FD83EE9F9143E75F3583F518627BEAC77143EE2324A3EF47C813E9CD4DC3E5ABCABBEF6EFACBD538C703E190D58BE1BDD243F5146FCBF2E27263E8B64F7BEC5D213BF1533C53EEDE926BE2C3188BE0B84BC3ED5A4D0BC798F003F08A024BE1EE3823E63C5B1BF594C4A3E8B4B20BD94D1063F4C795FBF01A762C102DCD80000000000000000
BE007327BEEC9570BDCFFA8ABA9001C8BEFA58D43F4F73CF3E61A416BE87EF8EBD6030E03E8590DA3EFD91AE3F1A6C00BD19D890BEFBDC643F1CA6EE3EB406F63E2ECAF43F0B1E46BD784450BD1C06E23EDB400A3F2AE1ACBE912DA13F1479603F29F2243EE72728BEEC87323F93AB69BE0592523E7ACBBBBDF225B03F7147DEBF3BC3D63F81577DBE24D4BA3F66D0133E4B7EBABD964568BF617884BF063BC4BE745410BEBA02B33E335D8C3F5442CA3F6EA2D13E0854B83EBBDFDCBE68C00A3F08546C3E793AACBD8FB218BFB841E2BEA5573C3E2B596C3D76F3203FBB8037BECBEA333D536B90BF286D023D30DC603F0A536A3F25CF064101D8D400000000
3D5B13A83F4D2414BEC2DCE33E542994BF2D92B6BF8559CC3EB935DFBF2D8CE93EC6456BBE5806B8BF1E63803E9324A83F0ED3373DC42E703EE1F84D3F310301BDF291E83EB78218BFBB2CB83FB5C0923CFAB8B23F815C6C3F0574EE3E7A5EE83F86C7C43C8E65A03F34C3EEBC9C7A4F3DBD21E0BE0068A43EB35BDEBF190A61BF9BCBE53F7D04963E3BA96CBF2280DE3F277CB23F0487713F5E475F3EC723203E62F0863E935DE6BE2D9ADEBDB1BC14BD410C80BCE49ABC3DBB52AC3FA36F8E3E8382343CE08A603E0BBF50BFECC92C3F1B65D1BF5B05F7BF37005D3F6F826EBE17D6D23E188DAABEBB8F89BDFDA2663DD8AB08BE886C043ED325EEC0FA8C1B
