3EFF0A99BF5D00A93F35A1B6BE5580173EC4CDD43D19EBA43F7A7045BF1B0F113E5FC0583F5E4F313F0EF9BCBF0C422B3E191ABABF7BD41B3E91AAA9BF0C1B7A3F138F7E3ED024603E1DD8353F4EF354BE69AFE83E2171443CE759ADBF543A4F3EECB44DBE62592D3F4483213F6F0E223ED7174BBE807118BF5137973ECBA66B3E55B6BABEDD1D35BF40ABD53F75A775BF3E4D5DBF72A547BF18A7B0BE21E2CA3C5653B7BE2920143EBAA4023E4744ADBE4DD1A3BECCFA2EBDF65AF8BF1783B1BC7723AFBE6035CABD4C059FBE95C6D23F14A49B3F2264EC3EA668F8BD61F795BF10FF273D704AB33E6A17C73F3F1A953F447D733F6722053F37841FBF7F4C513F063434BF66D2443EF3F5163F4EF5183F414AC23F15E3D83F12EA41BE1DBC193F44C094BE994F6ABF5CF3B8BD04C093BD936EE2BDDEDE92BF217A3D3C70BC0ABD83947F3EF999ADBF6D342CBF2C5FE0BE1D10CDBF3E93A1BF6AF36BBD83C3FE3B44B0773ED444653F79060C3F1B1A61BEA5E69ABF777AB2BF5694D2BDC72ABEBEC8CECB3F5418443EBF8D62BF0CEBF63E82D958BEB1DEACBEEE4862BEA6D71B3F495652BF5BB986BEA7C79E3E030945BF232FD53F083461BF2262F2BDFF1FAC3DD958453F0BFC22BEBF3E98BF24CBDFBF607E503F327418BF641441BEB21742BF6AFFC6BF777853BED75567BF15A2243F29AF09BBC99E74BE9A020CBF1BDD52
BF550ADABF1B532B3D5D45513F4DFB96BF0714C3BEAB34E4BF32C9E83F2A674EBF1119A4BF73BF8EBE2312503F241298BF3C5CB73EF8F6BA3DBC03753F4DF031BF67A81B3E4CD69EBF7175823F1A90503E5E5D72BF0F2CBABF7296F7BEF4C0833EF2F56C3EA835233F110248BD97F9193F1C2F86BF0AFEB73F10548D3DFD2B3F3F18412DBF79B51A3EC349653D0DEAB53DD62BCA3EFBB6773EED6BF9BF7A57673D442D483F55F701BF459AF4BF791767BE8FEE083C63319FBEAEB75FBF5D99303F6EE33EBF2CAD393E76038BBF612883BF6392F73CC5F63FBD5F238DBE41D94CBEA1DABF3C2D45EA3F405931BDADC59E3F548EB73DF28F68BF1322A73E934E0FBF75A9F33F7C30D33F7CDB8D3EEA4287BEE60259BF2F15503D01534FBF1E9B623F4D099F3F04BDBCBF27B4BE3F44496CBF7277573F1FBBB83EC75128BEAFE9193DFC6E75BF56378D3D07A8963E4556613F71EB5E3F6595DD3F0715CC3EF804653EE05A73BEFD9DB43E328E62BED5D80ABF45383CBDF395A6BF2BA6CD3D8F78723F0B037ABE6657873F2131103F2D025DBF49A11CBEC671EF3F17CA55BED9252BBF6DBD2E3E6159633F5965DABF6E6758BEF033463E5B3E05BF77E4993F71C0843E6D06023F48555DBF099C4F3F51904EBE8B0096BF212668BF58D0B2BF0A24813EA66A9B3E08A2153E5FCE4EBEE1972CBEC466ADBF4529FF3F3E18D93F300CAF
BEA48445BCA28AE93F168FDFBF07D16A3E92A3833F508A62BF698DA33E8115B63F5228A73EC185E53E6E82473F71C74C3F3102493E988904BF75450C3F5F7AA13D68132C3DE29656BF7199223F268976BF2C201EBEE3B665BF2827F73F208B523F367EBFBDD3C4DF3EFE97A63E24EBBDBF317EAE3F01C4CABF11D7883EE37608BF7121073EAC52E0BEE624943EE39770BE1E9C47BF681F4BBF1D63CBBDFBD4A63F2C23FABF1BB5E93E299579BE72E39BBF16E189BBC80399BF7DB5DB3E49B213BF3BBF0DBC7A25E2BF0F445BBF4539A5BD0572B5BF51E2A7BD213DF0BEA53691BE6FC753BE6EC47CBF1475FFBEB2BB1CBF42AF70BF6275953F0D63233DEA1B0F3E8779E93ED21F10BF5F6422BF044583BDF3FAD4BEE42B76BF64A3F5BF019EB9BF0BE1EC3F325789BF1B7746BE07C59B3F0606C5BE44CF363EF832D73EEC5EE53F343BFF3BB16622BF519CC7BF1FC7C03F62D30DBF5A3B92BE39BF693E0048773F39A6CABDFDA6DEBF4CCE3ABEDE01953F5E0E51BEB2A9CEBE172B963EAA41DDBF746D6ABE9CAA473EB22F34BE8B86ABBEECFDBE3EAB7A5A3F7C2A71BF4B938ABF7953813F1BA4BCBF0EED883E575049BF2C3B29BF4D7FF8BEA28EA9BE195A383E62EB903E007E9ABF7C08C23F4902D73F17AE9C3E770D1E3F3329A33E0910553F1BFBB33F0C60B53DF0E87E3F053DFEBF01B681BF04F5AABEB8EB4ABF19C114
3F42AB453EC29C06BF3632D13E7DE38FBF3EDA94BF2AC731BEC186E83EFACBB6BF7E48DCBF1DBBA3BF6076FDBE4A1E2D3E98B39E3EC68E243F5D9E4E3F143970BDC6C258BF3C14D0BF4D1ABA3F551BB2BEA96BABBF777F543F7960143F04BE373EFB6DF9BD5738203F0936F3BF1E65943EB9546F3C11861BBD3CFAD83BBABA12BF7A8D26BEBA79C1BF1F0853BF1BCE5A3EF4BA89BEFDF9DEBF28A0E4BE8EC6CF3E7EE7A5BF4CEBBBBE406A79BF7B1678BEFD107BBED83A343DE5087FBDD3174BBEEC1008BDE1CA363E879805BE9CEF54BF0CAB363F5655CB3D4A81BA3EE9400BBED627543F6A4D6DBF11B10BBF6998C63E80E0703F2672463EFE1990BF67FDFFBF424D0C3EA5A5D23F3A97483F2B80C1BF2CEFB23F4D9BE43F1E4A293F121BA83E6CD62E3D7CE87EBEE679C13EBDE1EA3E856CC8BF2F4B88BEFEB3F03F7CA535BF185287BE9710C0BF4A589EBF26A58ABEA40718BF1F10CD3F292EAF3F7CFCB03E58098C3EB8C4CABF1E8D44BD97308ABF5B6687BD3201E93E8ACF543E8EF2E7BE0E049ABED47D423E80B8D13F70C078BDE8AB563DEC2FBF3F2393BEBE8227E2BE365B03BF7B286D3E6FF27E3F6E3A893F6E55503F45AF343F377C263F1D5AA03F60A22FBEAE1295BF52A6BCBEB34D9B3F6656143F2C37B1BEE4FDE6BDBAF43B3E12DEF5BF7D6805BF72820CBF2EF48EBF430E443ED57E57BEB55C1DBF5827A9
3F6667EB3F49C9853EAE09F03F1C1CC23EB046B23F4611FF3E12F39F3F21904DBD1CA4873DFF20113E6BB4FBBF3ECEA1BF786F643F76A9913F7C1C3CBF297414BF70E5D4BE0200AEBF12E3C63F1CE9013F75E3E73E95A75BBF27B097BE346ACB3E988E6EBF6F60EDBF1626FA3DC95F0DBDFE4BBF3E24A85BBF6C574BBEB721B23F1F6E9CBE3CF343BEB839ECBF4F06F5BE80FDE4BE8772E23F2724A2BE97BA7FBF025E65BE2D9EC9BEC8100D3F372CDC3E03E33D3F61D0203F4EF791BE16C9683F30C0F93F606E943EF7FD7A3EDF283F3F4448D73F1CEAD23F5F829D3EA17F66BEE3AFB53F57DF2F3EDBD2753ED0FC2EBF132AB03D301082BC495D213F6C146C3E07400F3F6D2FB83F24E8B43E80AD943F5B4B0C3F23EA97BF740425BE72D4D3BF1CB4AF3F6DD56C3F20F6CABE4DCE9D3DAD45C0BD89542A3EA2A090BF39DAFD3F2AD3F73F64EDC4BEF050FEBEA928293F26F9A33EF2B6903E00B0BD3F26A7C23F488AFD3F1ECB90BF7B0227BEDC063FBEBBA2553F6A53A1BE6A4B733EB254A93EE7CE743EDD9C96BC6C4D0CBF3945FD3C6FEB00BF192EA33EDEBB493E0E453ABEA7608B3F714EFCBC998A15BF1D9D333F25682C3E93B55E3F2D03EABE6262F93F2C81443F68A19FBF1E0F323F1437593E9D609FBE8CC628BC8831B03DC3CB40BC3C6F2FBDB52E293F7025C3BE41D942BDECFEB43F0A4CB23F5FDC3E3F025243
3F05F08A3ECC25133F7BE29CBD044214BF7F34FDBE895FD7BF0FB82D3DF57B963DC6A1F83D6592DFBEE9C79E3F0CF6383EFAB388BE927B5FBF31B5B8BF31975A3E0E1B683EC62B55BF7A1C233F221F353E047794BEA19015BE2423663EB422E43F70BB20BF2C05A63F1333633F568C6EBF7A7D59BF174E293F76C37CBF39B4713E2653F43ED83721BE35BD363E39042CBD4FA74CBF4EDED93E55095BBF52E1B83F6751573DCED6BB3DD4E133BCEC0B7C3F0234083F1D30DD3E18506FBF74DA743EE77DA73EF75884BF70CF46BF2780BA3F1134AD3DB3F932BEF654723F10BDADBE98709FBEF91C1C3E10A9A63B0EC22D3DE4174B3F31BFA8BF22DD113E8644B7BE2E72693E6A651FBF1F75DABEE886A83F665D3F3F085BE83F5D37BF3F799EDA3F772C4CBF5154BA3EB3DA8E3F53F8EF3F0D1C25BE4DAD593F6C4D1A3F4FC2F6BECB0B2C3DA66D7FBF76333F3F5FBCAC3F217A64BF18B462BEE6FEC13EEB0A133F569E353E9D2A913DB808E23F0519373F1476A03F1AB0D0BE5DFC553DB3F88BBF036F323E80A25B3DC4C462BEF82D4B3EBBCF293F202E013F0BAA6EBD28A430BEF1581E3E8EC9743E6160743F288A8BBD8A144B3F289C983F2883933F4741C0BE4E4A3FBE31F694BEA946C4BEE107173F6690EEBF692BF1BED9018C3F39CCD03DBDA0543D25C5E83F5C6530BF43F2DABF7DE5ABBEDB0EC53E585FEB3ED9C748
3ECADCC93F2B8743BF4DFFF1BF18AD733EA4DA0DBE6802BC3F4701BEBE9F9CC53DE33E773F1ADBA4BDE464473F5462C03F7E304F3F01921A3ED92122BF7BC2AF3E3368F7BE76F45BBF66BEE33EE9A7643F1BF0FBBF7C8BF73F3F22953BE3776D3F5B5032BDF687B9BF7AB88EBEEB37D7BE63281C3F33DF213EA418073EED9EE4BE9B6410BF5BDFC73E8E2C6EBDEFC27BBF417960BF48094D3F1BC619BF17048E3F2E6672BE7EC701BE4F05CE3E906068BF4E883CBE891D273EC87D973DCDE0DF3EC4565F3EB1404C3E53E2B73F5D72E5BF15235EBE408A1E3F4B9B09BE9900FB3F3E430B3E20159D3E2272E73EB056E83F125CCABF245F38BE8302B63F5B40453BAA9AD4BF4CB854BF228B9FBF0233E13F28A9BDBF04E952BE93AE8EBEAE61AB3F640DD23F204363BF034C273EFCD74DBF2B039B3F25B2053D9C3A03BF3D87F6BF4D779BBF757114BE5226B83F02CCC63F066A7F3F26A5043EBED4193F149A603DBA39B03F0AEC433F644F40BEF4B12EBEAC507F3F0A47853EE397903F4F6317BEF60FBBBF1B7244BD8A96DABEFC26FABEEC96DABC257CACBEFCA0A4BE5B202E3F511A633EED9DF43E6FFB7B3ECC7266BED39D523E8833B93D17F981BF2868923F5F7C693F4C5467BE302DC43F764E17BEC57C583EE52A753E90CA36BF78C2F93F707C163DF34F3F3F3D3902BE3218F33F61FE30BED7AEA23D188F703E39000E
3EF91609BF242BDDBF5EF0313F39458C3E2920E2BEA640A63F658E72BF0732D53F4A338B3EBBCF02BEDC0D0C3ECB4649BF636ADA3EE7EC703F38B7223DAC4DDCBE9FD77C3E186D8DBF31EA1ABF4660E03F6559E5BE8C0100BE22B550BCFA1E75BECE592F3F6A0F6A3F39DADD3ECCBEE13EA8E6BABE1CA9213F494EF4BE9501893E0C8DF23F5090FBBF1D18D73D5B929B3EE7880BBE20A1703CE4BB47BF348F06BE2F9F473F46B18FBF361D46BDD10FEEBEFDAE12BF35AE053F0A4C2EBF1C1D8E3F340DB5BF48C051BD43B42B3EFAA7543E4922393BCD56833F34D3D53F62DCDCBD78F8883C84AAFFBF29890FBF4B2E9D3F49F372BDA3CEBF3F3B805C3DD5662EBD084663BEC23DFCBF309928BECE12FD3E8CAC513F448A0D3E18D434BCAA7644BF7335FABF19DA82BF00CA223F65AE393F3F12633F1D6250BF61ED193E09D8FF3C9BA28C3E8C4CD13E166C56BF1ED1F93E81ADC83E9C77F0BF48E13A3F7D655C3F18CAF33E29C360BE86DB96BA0E918CBF16E1E5BE241C60BE1674AA3E94B054BF27DD1CBE91C8673F65D5A9BF2520473F76FF20BEC6E109B974240D3EE2D5F33E7174113F2052463F19F52C3DFC4468BF2716923F378616BF19C3BFBF5586093EDDC333BF1B86E83EB325683F4464C4BE92F749BF5E8FC03E809282BE62E86CBD08FF3D3E4ECB0EBDD2EA61BEC71DA0BE3D38613F2B35153EAE07123E9C0AA2
3F7376643F4DB3583EFFF9543EE50F7FBEB6BC923F378796BE387125BF5A3D723CED2E953EBC97173F383A193F523358BF3E3D483F0F5E433D56C6A13F2E84913DC5AFE5BF6699853EBE0BA03F03DC80BEF6E9943F30C14DBF7D2E713EDF352B3EC28A6DBC8F081E3DEBFC6EBF06FAFABF6D4AD13EB2CB813F03A08D3EE20358BF745684BF7EC37D3E18EB553F6035A13F0DCB1A3D38712E3F7E6FECBEC9E62DBF7F77B93DE4435F3F71E834BF0BA37BBE72838D3F486D14BEA6D16F3DBDB4543CBA856CBF66A5303F06F9FDBF5E7315BEDA56A4BDE810C53F36F3BC3EBDB520BF2BB2883F39EEE43F746C57BF5E328DBEF4D193BF19244ABF014CC9BD17374EBF1A347D3E20C8DABF4C078C3F5B5DD1BEF48F38BF07F1D03EB962BD3EA590E13CECDFA63D55AE59BE210983BEF53D1ABF4E0517BF5E48B83EDE97C63EF1AA1CBF36F83FBF52A508BF414394BF6BEFE2BEB2C60ABF7D6EB33F6178B43F088879BF17CF62BF1C992C3F7CFCDEBF63EF413E058CF53F0043B43EDD1434BEB24B1C3F1B3C49BCB804F53F61045A3DBF300ABECD7F613F06D3F8BF1CF7FDBF16A075BF35E30B3E032AE33E968223BE8E43EBBF17D66ABF4CDF5F3EEE3B63BEF45807BF05377E3EAE966E3E38BC1F3F215EF03F31438ABF3AFD303EF60DE3BDAAD8B7BF1928C2BDC2C9A3BF1F0C9D3E82CA713F0EFA913F49CF4DBF1AC81E3E963A98
BEC883413F6060C63E66FEBF3D70A88F3F76E2183EF9E7623F57AE45BF7EBC4FBEFC1110BF0A178D3CD61DCA3F57B8E0BF2065AF3F574BED3F7CF92F3E897B4D3BD4F916BE1E3D863EAEA8CCBF181FDF3E5BBFAF3E7C59FA3EF01C763E077560BECB7B6A3E7738D4BF4E974BBEABC127BF08C46B3F15C3523E041DDE3E91C4BC3EBA3392BE9EADD1BCC65A77BACA9F41BE8A32F0BF07C41F3E37FEFDBE932370BF4BAE733EE043E13EF8371ABE3582073F4D62783F24F5AD3E0E2C9FBF7E98FFBF1414A33EF418153EAC63593EB082D43F0DB579BEC490BEBF0210E83F3E41A5BDF15595BEDF467C3F1016773F77DF793EE2EB23BD48CE873F21894FBF4C1F953F0EFB463C9B2C803F438DE73E3B6B2B3E51B1103DD50C48BCF4E323BF413A8A3C9DBFA7BF27472A3F299D7EBEED8B57BF1356213D66C4EF3E6BD6A93C2A3596BF48978C3EDD0C463F61D8AEBF4463FA3EBEF007BD48FE8CBEFD3B0C3DD8065DBE6BA563BED07F083D8AF4933F1CA2EB3F1B0752BF6D343A3DEC1047BE77F753BF275846BEB4E5273E2D48BABF7ED9F9BF42F276BE80D1063F09A3CBBF79ECD43F2646243F68A3953F3807A3BE2C3D553E9C5D7F3E00FA0DBEC98FFE3F5C77D73EC1EBA73E262516BD068F3E3E77C0B0BF41D0B23F3EE7833F1CF02EBF3E30D1BE8DD85E3EF344C93F173A94BF03E26DBEADAAAD3E9C6C183F3A2D443F3676CC
3F62BDA83E02CDF9BE88D4833F2671573CDEC691BF1D2826BF5FF2CBBEEE8ACDBF0433923ECB2B1ABE8899043F010D3DBF5EA41EBF5513D83DD11130BF3CFA59BF77775DBF1DD4933F7F70553F0AB5513E2F8D493F5214EDBEF1460FBEB4F611BF043D34BF172B2CBE4CB36A3EF112363B54E7673E272FB8BD7404603DECE6063F0BA154BF31FD45BF7B3B1CBD146EDBBC856A51BF373B5BBE84C038BF0772C23EE10A3B3F1234D13DEA036A3F7B58F0BF787AAE3BDA7F14BF342A8C3DFEDB543EF405EDBD377F313F77098EBD73E416BF74A27CBF57CDCF3E3D1783BF243B9FBF674E7E3E61CBD2BF16405ABF27364ABF5EF1A0BE48640C396452F1BF4AA20C3E221D393E7DAE243D90CC353F2B8E6FBF525F6DBF248FD63F1009F2BF53698D3E25E008BF098C2E3F0C1A3D3D295181BEE375343F61E68D3F514636BF3927D5BF119E90BF3C51063F268D77BF7D29A5BEC1E6133F309523BF7DC1833F751BF6BE5E32183F15066DBF3D4533BEF621063D3EBA093E0EFF39BF6746D2BF1DF043BF26F164BE20A2BDBC1233903F4230203F46F2F93D458CFF3F0C599F3D094A6DBF3C3A2DBF33823ABF4841B9BF34412C3F383B37BF2D3E99BF344F3F3F4DC5A6BF66A804BF085C9CBEB5C809BF24828C3F27669E3F1B2E8FBF013BB7BD7DA2D6BE91CE803F76EA4F3EE2A4F93EBD5E55BF06B3A03F1B1EEF3F28D165BE4F9161
3F74A67EBE0772CD3D91A0F6BF5D96E53F5DA2FF3EE80CBB3DDA92523F1DC9D2BE8BD39EBEA8B3A7BF06598CBEF8E551BF4E57273E1A3A43BF78A6CDBF36841C3E4B360B3E9AF8163ECC9B4CBD46EB39BDEE506B3F61D91C3F450922BF74C6E23F29F875BCD77C193F7DA707BF566241BF676BFB3DD522F1BF6A7CE9BE82E1EA3EF5B5E03CC1EE793EB29B49BE6AF91D3E0FBE5E3ECC5419BD8F3D76BF6A12B23ED430B4BF2420BDBF2C9677BF7A93C33DDC2D853E988CF6BF2F148CBD0E76EDBAC978983F7895373EECC39ABEB2438EBEAD9A633EDD880FBF1D5B1ABEF015C5BF4A9EB7BBAAB98E3F079710BED241CF3EA687273F3B9767BF1FDDDFBF0D71673E30C06E3C4785D13F50B4F23F6250CEBE0153E0BF62BB943D90AAE33F4BE9ADBEA31A283E80BC6F3F5470103F7472FA3F531960BF34A75A3F1E1BB8BF7585133EB271E8BE179CE03F2849633F0BB8F03E34DD57BF5ECB12BF569A513C7C214EBF3A5286BF10ED39BE8BEE303DDC7A883E1082E23CE07BCB3F4CD0BABF1A2A80BF77A0BEBEDD7EDB3F4D68E33D235CF9BF25481ABEBAD277BF351A923F1372A13F02CA503EBDD2533E962025BE811865BF13F1223F1AF59D3EFB7D7DBF7DD1D93EC52CB83F38A9CBBF717535BF5D7679BE915EB2BD1ED594BF52283A3E919E5BBE4F8AE13EB56CE53F3B51DABE3CF336BF7C409EBEBF411CBE9D45E83E4387B0
3F5E2C063EB1BD36BF1083BDBF1EED043E22424ABEED3332BF31CB0B3E6A0E503F1A5828BF1B8EB0BF6E8C92BE72AF213F398211BDB9BF083D56B0A8BF03CF533F38FFD9BDCABB77BE05AE813CC1299EBEF7FC27BD12DCFDBF455661BF395FEEBEE26A3D3E8FE39E3DB70933BD081C5BBDD65CDFBB3777C13F2312FDBF0897CABF12C140BEA9A7DBBEF8E7B43F0D9E66BF557C903DF81EC33EF41C88BE303BB6BEC40D28BE82ABC4BE8DA081BEE0FCC93F55CF0C3EE2FE77BF219DBF3F03A255BDA0F3DA3F1276BFBEE24E97BEB1CA48BF471904BECE8A21BE16F6E13F51908FBE843E8CBF485461BF2B525B3EBF175F3F2FAF60BF21A38A3F07660F3F6330FEBEDE2D00BF3520283E96E9B7BF50BA783D9F926BBF1FB6DCBE64C71A3F2873F63E1E75ED3D9DF064BD6B492BBE9A542F3CF822F93F375A283E2E5E953E4E4863BEB22FC03F5E3ACB3EB72CB83E82A0993DAB6E363C96F700BE4B5660BF4C6C543F2AC90ABDFEDF5ABF2F5F99BEAB40F73E3525E1BEECCCE4BE2E054F3E8430EE3E8131693EC257E73D90BE4A3DA5B6093E8120463F5E0DC1BEDAA580BDB83B493E7603763C13FD64BE26FEF53E85B375BE705C26BECD61BB3EFA8C863F151B1F3EE501F63F715F5A3E2709AFBEA981A93D4AB7E53F6C21603F056B1F3E86E2FEBE20B7A23EC13E703F64DA84BF01C5CA3EE18CE33EEDE00DBE6EB5A1BF4AA330
3EBE79FD3F73AC8DBED0E6F6BF170FA43F1ABE9DBEDCED953D5BDFF63E1F2997BF5022DDBCC33E23BF324D7EBF4FDE0E3E2E27363F56B351BF6648383F66A6D63E9695BBBE2608FD3EE7FE6CBF2473573E25A78EBEADBD76BEDCA992BF0B790EBF39BB183EA1747E3F7FB6FD3D726FAA3F4923A93EB7799D3F5E15FC3E5A5E2CBF412ECC3F0060273F4EA1E83F47AF9E3E7957B6BE044E96BD8ACE143F06EC123F14D92B3EA3EC84BF568371BF1AD3E13ED7D9C33F7D98D43F4FA7763E0976EB3EF2CFDDBF5B0833BF2357DD3ED3A888BEDDAC083E15B2BBBF7BE7FD3D2E944B3F5E0FA13F5C33A43EBD14EA3D2393DC3E64CB1CBEAD7D82BF014024BF396458BF260AD03D83A85ABE3717433F52ED36BEF3332BBF566C653E575FB13F389A973EBA301DBE8E2C0EBF70F5A2BF1DF70E3ED4BF963E0CA47B3D15518F3ED3BF133E2FF33BBF394F81BF7218553F0B1CE7BF025C09BDA6950E3E6E7E8B3EE3768DBF66FEC43E9DF0A03B4CA9CF3C947F4B3F14A676BF5A763FBF33D4043F7DA28ABF4C7FDD3F14DF223F7A38C9BEC1A8F53D51AA56BF2B1401BF092DB1BE7543AFBE1D38653E901CDFBF6D1D553F73D12E3F25866ABF4AA8583BB8D9613F324CBEBF7CDB5B3E6D7360BEA07BABBE6961E23F0852283F619C313F2B5893BF4052763EA270BA3F214CFF3F10FCD4BF25AD90BE9E265F3DB6DBA33F693406BE36953D
BF3AF3C1BE21F5903C5A552F3EFE3F2ABF2263DF3E8E5FF3BE2156F4BD61A9773F2FEDC4BF110600BF71ABA53F5D84E83D05F0B0BE951E48BD4BF4F3BF205770BF2D1BF73ECED2CABF7727C33CDCEF1D3F744B723EC98F33BEBA4C263F39F755BF145FC2BE2101E23D1C27143F2221CD3DA775C3BB062DA43D9813E43F7C66B0BEEB5C5DBDCD72B5BF63CBB3BF68D9AB3F6F077CBF4257A3BB18A3A6BEAE930FBE2F61F1BF4BC362BE07368E3F2CFF2D3F1AC1673F286FF1BF4E3128BE7595513F23774FBF6B2EEEBF71CA173F4EB47CBF152407BEA765BC3EBE622FBEBCDA153E910916BD0BDD3C3F16C5DFBE4C797DBF0BA2F9BE2C6D7A3DBD4A65BF173BD43ECCFC81BF7A12E33E802CDE3F7B813D3D299E53BE99FAC4BDB5DF263CBDE7DA3ED356FE3F635F83BEB5078CBF67B713BEC3063B3EA6A90F3F41F89ABF605A793D7B33823F22B175BEB7270D3E19E424BE16988C3CAA61D23F171185BD2B06CD3F1B2B04BF00B1783F6F08593EEE66D63F6209073F7ABC97BF03FF11BD9F245C3F2A026D3EF23B0F3E5D2A58BF5EEF253D51350BBF3499C33F182968BF44D5EA3F533AD93EC872D7BEFE96463F51327CBF23E3F8BF1F9821BF4544A33EA92D213F09D3BFBF1AE2753F1B14B53F0C8C75BF6DAEE5BF59A2FB3F6B3847BF071DCA3F6B0DD53F6145093E6E67A23F12E2FD3D9521EE3F32656A3E841D5DBE927171
3B3618223F6D50CE3F7E106BBF2130393D283BCD3EA92C86BF4ABD1F3F36AAE63F0332113CF000D53F5F284CBF036287BE57E210BE64CCDDBF1ED3C6BF42B9873F10FC4A3EF997CDBD8E96BA3E46211D3F4C999FBE1B62E4BD7FB8F3BEB7A1B63EF2041FBE968BE9BF73735F3F05A9D6BE74FC0FBE8322393F4F66703F5040783F28ED5ABF7F1FC23F5588BFBF0D0F39BF52AA333EC52160BF5518873EF49FD73E858FBDBF4A8423BF62D8F03F0BE6BF3F22EA153F2109A8BF0985F7BF126A9F3EDC67C7BEF74F8BBE8FA86E3ED06DA2BE7C941DBF5B96913F01CD783EC61844BF6F1EE8BF73C030BF57AC3FBF71CE0D3F2E1E52BE577C633F5B3EDC3F6DB2AE3EA52043BF01EB7B3D602A603EB22FAABE9E58EFBEEF5FB03ED67E31BF135B4EBEA0FA46BE63A804BF0C21B83F19A1D33EEB4C613F5576BA3EEA6C943E8242EFBE96AB6BBF490258BE82BF35BE77DD4FBE886CDA3E7782CEBED542C53F22AE66BE4C6D1BBEF14F5CBF3214F03F6C570B3E5A32013F7905E03DB3FA59BEBB539C3D2930663EBD91E8BDFD30DA3F4AC656BF3B81CD3F09D47B3F0ED851BF0B69F53F448752BE0DCA62BF3C84D53F38BB70BF28694F3F582944BF07CF853F296791BED360E4BE1DDF543F76E294BF6F31483F7377F23F522D54BE2AE218BF4F227D3F244A37BF1E8D093F4D978F3F4A2FD33EAD7DC53F563F15BF51279CBEFC58C1
3F7FC399BF2C03AEBECC63F6BF74DCD63F4FBCB8BF207A733F68D45DBF13E7CEBE8AEB763F31CF7B3E4C750BBF14AAD13D877A71BF162ACE3EAB1BEEBF792766BF683181BE4BB370BF29AF3A3F4F3A22BEDC07D5BEC11B5BBEBE8C21BD425A683F7B4623BEF69999BF1FE5AFBEEFF1AC3F3CA3F5BE4DB2683ECD2AA03E1E305EBF19C33CBF108639BF7FA97C3E0CC3763F4C437EBF6B2749BD52CE693DD53C0DBEC680DCBF454710BF3E86EFBEE57111BED5B2A13ED3B7EE3F1525AD3E372AC9BE96C8763F0C5A83BE467B8BBEB379AC3EFC8DDABD1684BBBD448C05BF70D710BEA6B2663EEA7646BCD26AFFBEA430EF3E48F1623E156A153D8986473E6C64793EA5985FBF2CFEF4BEAC487F3EE57403BF0D282EBF14C1503F4C03213D0ACB82BF32245FBF6F19D93E9D99123F38F0613EBA14633F7CFB20BF7FCBA23CAD1690BF7215143F27F31CBDB4DEB53F2273783E032B2E3F0197443F234B533F2CEAD23F13881B3E1C33ECBF7B2FB33F55C541BD1CA6683F35B0593F5AE050BED5717D3E9926503E1500B63F6E25F23F006D04BF5DCCD33E9DDE673F4EC779BF66E1DB3F685B483E36879DBD96791FBF77D1483F27554CBEF3FC663E876D88BF164837BEB18F65BF22D06BBF782435BC607DF33F0529D4BE9293CCBDAEF5013F055C80BF3FC5643EC87BA93E8A39BE3D426B8DBDAA16173F59A602BF268A5F3F210379
3F6C22013DF75B96BF6BAF1F3E6A7CE03E83208CBF5358DD3C584C923E8124713E8E4482BE20F1E93EB249CEBE4C33803F67A41D3F576C70BF37BF3FBF284789BE3760713CBB4A79BE3414AB3F0F34B8BF71622BBE527A1F3E26002EBD580E933E6670243F4C9A123F6F8D72BF657DAABF6C10DF3F263330BEDA792BBEB8236FBE34B66F3F2708FCBF3EC6ADBF5E5BBD3F169F7BBEC050193EFDDDB0BF43E46D3F17E19CBF419545BF29C0183EDE82FA3F78C32ABED5475FBEA213EABEB3D1AABE01DF1A3ED858E1BF3DDF983F1CA702BC9491D83F62B0A93D0CE2243F3450B13E8E04103F455BB63E7410D4BF0A203DBF25018C3F59DB0E3F122838BF10DC833F498777BF2A737EBE158B5E3E62BFB2BF086CA13E8075093ED01F143F2AEDB83E976ABC3F66FAE43E20C46C3F7CFDA73ED6F2F1BF205ADFBF3C9461BDEB6381BF3C0219BEE7CCD2BE4E26323E7B8324BF527AB23F58756ABE942387BF5BBA5F3F680488BDC5644D3F337D2D3F49BA2C3F3A47EABF57468BBF549D23BF46A7EA3F4E34733D71391DBE799ABEBF66FFD23F7784783F4C673EBF1BB734BF5430343F438AA93F5DDD46BEB119EE3F19301C3F352EC6BF221852BF2E12423F70CEEABC846C243B96FDFF3EC97B94BEF51335BEC7A72B3F7E5BDE3F41B384BEFE48283EAD1633BF1EF0A83E8467F83F13886FBDA16593BF16E3DBBF202CFC3E8665E4
BF0D6EE63F37C410BE9EF0403F4CBE60BE9BE0C4BBE215C5BEDCAAD13CAF0E3DBD15D5CB3F085DD73ED88E083EDFED65BEDBF6683E0E28CFBF2697CF3EDC00083F4353D33F2D6DDB3F3281EABCB6D87A3EE80724BF7622533F5AF5E9BF351CBEBD31ECAABF4D55CC3F26DE1FBE8CB43EBF76801D3E421410BEDCC1583E24B0C0BF752CF8BF6572793F091F073F03B65E3EF7A3CEBE73C68DBF126C4ABF14F9C1BEF6666CBE2AEA3B3EAE94E4BEB1528D3EF5F816BE11973E3F0C6FABBE6FF74EBF58B3F13F7CF1BFBD9D5683BEB03606BF6E23C53EA3840B3EE19ED3BEF48A9F3F30AD08BEAAF9FABEC901E93E2F77563E8399023DCFEB9DBF6D9423BE8213F33F37965FBF2813BDBF16530D3F04A5EA3EA704D2BD7A58303F16A9EC3F07B28DBF419BB93E8EACC6BEC6D52B3F10A6D03F1B5996BECC2C86BE0435ABBE8C04F9BF5BAF64BF196346BF61FFD93F5194B03F21A73A3F1C0C28BF31DF3FBF4F9330BF740EEB3F751B1DBF446940BDCE571BBF05FC833EC7A73CBEE12E1DBDA4CA093F5029BBBF278B5B3F2CB8A63EA7984A3ED3E5C1BF55D306BE607BD5BE0091CD3E0FA167BE782E9CBE5C348D3E97F5CCBCEEA73FBEE0A081BF46557E3D18D8213F76D97B3F4782603C8C7F30BEC05A6ABDC8BC933F3B52213EC838DBBF4312D53F4811253EF3DB793F31007BBF3C15FCBEA2F21DBF4D61683F401A83BEB4B4D5
3EE572C83F4D3D983F33435C3F4F8860BE6B0664BDDC57603F0F2AFDBF4403E1BF1DE1F8BE90A3A2BF728E113F5722B7BF5CCF96BF0495A33F5312FD3EFE2DBCBE6FA3B1BE0BF3EEBF5C6F493DFB9471BF3F51FEBA95E187BE58E026BC67F389BF25A81EBE81F8633EDC529F3F2C9DD8BEA9F189BE67327FBEA37D573E2A3B253F29B27D3EE1CEBEBE57F6B0BDC8651BBE94F6633D309BB5BD706E53BEDE930B3F33E9233F33B44F3F6986653F211F3FBD744664BE0EDBC53DBA2504BF2C05D73F679E11BED015E63EDA4B7EBEF81BEF3F26C66FBF393415BF67DC27BF7845593EA53A65BE9F28EA3F7DADC33D9BBDDC3EC1FF4B3F5C490CBEFC3DD03DFCE8CFBE128DB13E683C5FBF0CB786BF474D3A3F080AFD3E5887883E8CBD2CBF48A12BBEE9FB6CBF68E4143F77DB68BF4F3672BD015C94BCA3EB3EBEF683B8BECE1CDD3F590EBFBEFCE8B63F22A07E3E85D5083E8BBACBBF79441FBE14EA873E985F6B3F1DFF153E5B2CCC3E32E879BE939C69BF6EB55FBED9C6463F3362FD3EFDCDE3BF189021BED46CA5BECFF39EBE7522563F5F544BBE5B9EB03CC96CE1BF0D0E8EBF476E593F6E0224BF40A4513F76FD4FBF1EB923BF1E4B1A3F6FFCE3BEE536483F2B3789BF759D78BF25F0F7BF186F253E3A5F823E403F7DBF0BAEDFBE8B7F6B3D28C4BA3F7F04C23DEF2FEFBEE53003BF4923EABE867462BE933A02BE2FD4E7
3E9F3A8DBE8391A13ECE4C4BBF42EA9A3F3AFB053E5814F63DF0CC54BF1DA2E6BF2516BF3EC2A6E7BF57E424BF65733E3EF91F593F0544DF3F6475C53F2DDAF13F504AD43CFA32FC3DDEDE1C3F2B1B01BF473417BF22828E3F77F0DBBF58EA343F027B413F0368A3BE1FC7A4BF0E18B2BE9725503EB136F6BF5355AF3EFC14C33F34EC453F208CFCBF0AF770BF6B017CBEB3F2E13DC6D35BBE2679AFBF66F6B73F2D7A5B3EACF0323F63A76EBC514DB3BF617463BEA1CC053E405B8E3E8C281B3ECF49CDBE82A4FE3DAE09FEBF0D429D3DE1EF2FBE07149BBE8CA823BC1D0C9C3F1E7761BF19A70BBF523B59BE64AFAF3E2644043E52A7583F772A3CBF7B5CAC3EF4CB863E24EA83BF1A7CDBBF53A7513F1EB441BF683E06BA4003123EA2C1A3BF181213BE57CE1B3DA5CD123E3ADD69BDABF699BE5A6F843F47F4583F7CCAFBBE961CFABF233A89BF55CC0E3F3D6F4C3E090BC7BDA81B423F04CDA53D83D62B3EEBEA89BF1A08B63E87B15BBE3EA2B43D0E7598BE8A81B9BF4D74383F15FCF93EBC5FA0BF052BAEBCBEBCF8BF1818A5BE145F163F019DAA3F7C38923F798415BF15EEF0BF1932B0BF5B16BFBF5850E4BF53529ABDD07027BF2B4874BD810EC93F7DD1333F6EFB7DBF370FA5BF0D34C33F556F3D3F3A0BED3F25BF283F7098DC3F4D45ABBF1833E6BF1A8A913D061F3ABF33BE763F3EFD0B3EF3FBC7BEFE6AF9
3C23FEEB3F3C59BABECFFCCABF5596E83EB8DDD0BF6409433F0ECD373D65D2E2BF01D0DDBD422C263F64877A3EB6C8F3BDE4D1B43F68B5133F448E99BF43B6D43D11808EBD9CA83E3F59A4C2BF1612D8BF3AA0763EE1E7E63F43E72D3EA6FC41BF363630BED76488BE34CA9A3F731C0BBEBC2B38BCDA82EDBF0FD411BF348A753F6CE08A3F03023ABF232BF3BF1BBCEFBF13E7EA3EAC5CB33E224A913F70E0C6BF734D393F4BB00E3F442B68BF7CB8A33F4B22053F1491D63F3C11BFBC3C3E65BECB50393E23A47ABF37037F3F1CB85E3F26F0703F08C012BEFAB03C3EB60F4A3EA7B94C3F5FF937BF47600C3F7582B8BEEE52C4BF3387363F09058E3F1153D63E6737163EC0FFCCBF4DCF9A3F076D08BF6673A43EA0AE1C3F277E1ABD42B600BEFC5B473F4449C33E03C1DABEBE52503F0A822FBEE7EA85BD8B69B8BF7F4AE2BF7F1B993F68C1813F38C178BD67D766BF2E12223F7B32A63E4BD206BF62A3AFBEA4BB36BF58FF69BD86A85DBEFAD13A3F2E751FBE95F3C83EBBFAC23E9FF4933E9C99C73E2809023F22D48F3D7CA11B3F3E6ED3BF6295C6BEDCCD20BF63E3083F6ED9F2BE6BC094BDEF5F32BEC967A8BDB21A22BECEFFCD3E8F73F7BF7BB40E3E1956253F05A1FFBF4FD3003F177F5ABF5726DA3F086E163DF085773F4F80273F70D3F7BE8BD7EABEAB95D8BEBAE68A3B8E82593F1CBCECBF3A543FBDA84F49
BD17B7743EBB4F093CBF3C493D994D8FBE70265D3EC67B82BF11DBA03F7AB54DBF2189C4BD9AD52BBE4912883F0364B53E8B83C2BF69B20FBEC189323CC10A87BE648A3EBE8CB2083C568FE23F093A1CBE95B2433F1FFC0FBF5DEC733D7522923F386C873EA50CB9BF5D7CE53ED3DD173F3BE1AD3F7D3B76BF6FC4843F3154B8BEA511D5BF1910973C861F1E3BBE8B4ABF68D6A13F75E95D3F0B8B46BF42F9463F2C1ED2BEE49B373D804CF7BD78B851BEB50BE6BF4793AB3F373A3BBF7F4A293DDFD69C3E202899BF26741A3E30FA7EBE931C33BDF7924F3F7DEEB83D8CE8A73F146E5B3E9D9CD73E95EB50BF3D4390BF713F61BF012A4FBF6290D93F65DC9DBF21D626BF0411993E58E1C13E12500A3E0C55D63F0DB26D3EC662D33E691FE7BF77C6D8BEB9678A3F684A2A3E12043BBED501953EAA88683E93E6833E74D03ABF3BD4DC3D2A49CCBE9FA5ECBF28143A3E3E3A00BF3775A03F30D4BEBEA88269BE9C980D3F7D5CEF3DA6BE8A3E909D753EF6B15EBF7021E5BE873CF03F417477BF4809D3BF23F3823F450F703E9F38AF3F30E1E73EFEEA553F0D74103D42A8A1BD63B1DABBF5B28FBF298CAE3F5392093F0C8A75BF549201BF0BA4E4BED92CE1BDD26C153EA8E0B5BDCDFBBA3ECBA999BF05C542BE998DF83F4C3CCDBF7244F23F38BF1ABEF463993EB4150F3F2A0222BF69BBCE3E103CDBBF6F809CBF21C2E6
3F72225D3CC34CA73E79C28B3E252523BDF51A353C30A98A3BB554323F27E1133F7F25FF3F47471D3F72A4073F2FAF7DBF77DD7EBE875379BF7AB03E3EDC41813EF4977C3E8D65B2BF7184D7BEC593E33CEB04193F18EE98BD8AB7A33EADA1E93F7C07E03EF6611ABF5A598E3F3E2B97BEE5AA693F0375C0BF6A94BBBF37E1E2BCA0285B3F6EF74ABF734278BF667F67BEAE45AFBF33D7FD3D13B35FBD2786933F1856C23F558C7EBF6FAD3D3ED2C7423F0DC2A83D86ADFABEEB672D3D149AE73F61A75CBF27EE93BF2A2AA73EEEC068BD4A23533EE4AA5D3EDFCBC23EEAC5513E2DBC73BF3534DD3EA33D0FBF00E8C93F2D04933F2ED6BBBDB1E77A3EF090263F7166C93E5FCD653EEDC2DF3F6FD4073F73B0CBBED27479BF0DCF1F3BE31D813F68E11DBEEB27483E314992BF476791BDFADFB33F441FE73F31A1DD3EEE4D62BE230F023F2529EABE0FF233BEBB181D3E8BE2BEBF6E3C5E3F749A053C883B2DBE40D850BF5AE48FBF5CD78BBF21106F3D73504CBDE6137F3CD167943E7717223E49457ABDF60E413E16BDB83F6709F1BDB369933F6B43FA3E073317BF6B4CDE3F095FB1BEFC24283F293EF23F7A22F9BF4828283F05D3033EFF93ABBF2C768CBF6E41C63E51CDBA3F3509FC3E28E873BF38CAC5BF6F540C3F7A5D07BF10D0253DD3F9A2BD8B9C7B3F1B99163EEFED55BF7FE7D53EB19EF23F4589B63D122FD7
3F07FF8D3EECEA2ABEEE2F7FBF79EB6ABE48DD0A3EA354653F6E9586BF5A84CB3F3CE59C3D32C0DC3F55C9AB3F57F6393F3723E43F150FFFBF182A2B3F4B78E13DEE93B13EBC3B5B3F56E27E3D287742BF73F972BE489D77BF3C98B2BEEF61D3BEDF8ABFBE0B980F3F3F90F6BF731A9A3F35DBB3BE5A7C7B3E9F8D4A3CBEE84BBF5E5ABEBEB3A250BF46C72C3F7AF6283E27952BBF02831B3F1D7FAEBF5B93153ED9747D3F122D8EBF3F0211BF490FA33F7D1E023EC433D43EA1F4E4BECF53ABBEBB21A43F6304EEBED98C673F739543BF188A7BBE2F9B133DB945D73F6B43873E1C1322BE4ED5693F3297473F36C117BF1630FF3F4232D2BE2E2B41BF58ED843ED9BC493F54FA4DBF0901583F0AE3163F28B0493EF89A33BF1954B83EABF13B3F2A0073BF0BAE9CBEB00BC5BF472EACBF155F4EBDB540443E9B395F3F0F6529BF22AECB3EBD2A90BBBD46663EF4F02C3F28E2E33D9141283F5B4D28BF0C9635BC38B83A3F67B3873E76D2F43F48E7053F00A6FD3F722C963EC514033F3752C0BE59C85ABE6627A6BE984FEBBF30A538BDD71143BEB00BBA3EE076B6BE033541BCAD24C6BF38D4F23EB03DD4BF1FA7D73F776C483D517210BE0F613F3DDD7181BF3F935FBD6B51DF3D22E05F3F7F47693DF6D4523E9CE74ABF399C81BE4743FBBE89FCC8BD98B1953F3417E7BF2BDB983F18E7AE3EAC70DDBF56AD03BF425F1A
BE6E72DC3F113873BBCF9EC93ECF342CBF214436BDC1BEE73F731E15BF3626BEBE8EE3E33E9200663DC59099BF4167943F72A88F3F10C01BBF14B23B3E50F4FF3ECC6256BEBB0826BE9BB052BF6124EDBF1E1AB9BF5DEBCC3EB440BD3ECC6B293F5F77BE3F62C838BEE9A419BEFCBEEC3F431B03BF6DAB1EBF66845B3CE617243EBCCCB2BED61D5DBDA7E283BD59F2CCBF6D6A4B3CB0A6563F6AB0FFBEA46A753E42A6343F3FF8943E9DFC1A3F5881F6BE885C93BF2023613F165DD83F6D49313F772E4A3CDD542F3E948A133F56F872BD0E6939BF45C147BD0CF105BE79E4FDBEDF18B63F4BED5EBDE360DA3F125464BF5DDE363F014AB9BE26D3C53E512796BEBE74793ED335D13EA51467BF68B2DF3EBC4FE3BD176939BF00DC7B3F7386F93F24EC3A3E3DA5983F45EC973F0C43F13EE88892BF6979A7BF201960BE98AC84BF729D92BEC123EFBF411F40BE603FAFBEA257023ED601B53F7371ADBD8D78F1BD946E4EBF627DE53F226E5FBF7D604C3EADA6EFBE004DD2BF6D7515BF104A303F65D8923E38BEE0BE86A22C3EFCD0C33EC8A7B33F514E6FBF6F78F23D882092BC4CEF41BF65FBDBBF6EB6B03EB60FD83F34D360BD5C85933DEDE0A5BF3FEA22BE99D41BBF7A71C6BF4223A6BF3273F8BEE723113F38619A3CE8866BBF5957063EF2241F3E698D433EFC96903F35C218BEDEB29A3F5E67583F2EB8EDBAD57E62
3D5DDA683E9B5111BF624D283F0D9EE6BE391DFDBE4815D83F4BBD89BEE6426C3F19E3CCBC7C32113E96BE57BF016608BE86F5AE3F123851BEBE20A7BE7C9AE5BE4EC1D4BF01E8C1BEF55818BF5AFFDB3F72CA6B3F1626183F0703EC3EBC99CABF10F2EC3DC48A47BF3ABAE9BE8756CCBECDAF223ECE7904BF6497483F495E873F48EE9D3DA6CB23BE6C921B3E848C5E3E0315C83CDBC3EABEE8F1F0BF218373BF7962EABF7A07C9BF769C86BE291D59BF3A368D3F3254BEBF7981CCBC8C44BC3E96DDB93D8DC1C93EFDADC83D1A0C18BF4E16BC3F07F1AA3F0621B2BF710AC73F4C3363BF1B070EBF4008813E6773473ED947043E1AAE1ABEDBECEC3EA7239ABF36D7C8BF68DC543F6185B13F5393EABF5CB9483F4CE2493E55F499BEFD5849BF4020DF3F5F81F13F0B52313F1384F2BF6A3046BF0691A43DC016F7BED871C83F53670F3F2BCC7BBF377C3CBEA905F13E436EA83E997B853F375058BF4A93EE3F14B66F3F27D98DBF1C18E3BF6D0AC73ED2D02CBEDE98713E853487BF3BAF80BEC9A20BBECC0144BEB5FA84BF447C6ABF0FD4C6BF5467853E836C27BE417D68BF024F68BF22AA4FBEB0E41B3E886177BF03808E3F6326F5BF270A87BE8F4C273ED286D0BF06D34A3F5865D1BF5CEF103F6CDFEFBF57153C3F13A7943E6B92A53F00EE1A3E1880743DE4B5063F0F23C4BF7161003F5D41F0BED972853DCA368F
BF267A88BE7BE7CCBF23F817BECC9F8F3F2858993F2792873EE1CD323ED075A13E93E948BF5D0086BEDDE06EBF5733723F11C944BF11D0E5BF5C475D3F7F10AF3E0366AB3F0075FA3E5BADF53F147730BF5BB46CBF322754BED512B2BF4CE192BDB546553F787ADD3F5A41123F22877E3F0DE8C2BF1A76B23F17C9213C7DC4C03F4AD781BE382E3BBF4FB85CBEC83EEFBF7918323D87F506BEFD15333CF84B6BBF74AF0EBE723C7BBF098550BF1B4A25BF4E48B83F0D654B3F0E3FCFBE3458D03E7EA62E3F4E5E753E321151BF6A77DBBEBAC0FE3F73C1B13F6D771CBE0949F8BE15473DBF4E3B37BDC987E4BF7A8FB6BF3B30C4BE2E0E2E3D5534F53F0316BD3F234A55BF7302F63EB74E873E35209C3C052C2CBF596228BEF668E2BF79E6BCBF4C86553F5BD8353D3169D6BE83AC73BEA90D8DBEC675F4BE9531BD3EC45881BF71017BBBD672063EAF9C653EB309BBBE9C73313EEDA67ABF278CC53F6B521F3EC26A33BF0CE5593F0D90A1BE88DC0FBEC92C4FBECD2573BF590C603F5F5FC6BF0AF845BE6BD5863F47CD2A3F23AB0E3ED1D9A73F36938A3F4F8FACBE94BD493F4BFDD2BEF155293EA4770ABED888AC3EA4005BBF1EBE723F6152C8BF228C65BECD20C23E466911BF62CA543F4DA2E93D4766C43EC0AE6BBF1C2722BF6FC310BF2D6EE73E6A290E3F189A133EADD7A6BE92C1ECBE51EA54BF66596E3EBC22C9
BF295A893F0588ABBEB04605BF0C6E903F7A5DC9BE8776F53F6AFD88BE92D905BF4DFA863EFEDCABBF736D9CBF3FBF703EBF194B3F7D12CEBF0AE07A3ED2CD6CBF23DE47BE8F6B0FBF76D096BF7AD219BF04E1B3BEFD1411BF55F3843F6305B7BF4B9C243E2EF8A53F6A4A893EDAF7FC3DB033E5BECBBB2BBEE4294EBE8A99EE3E9F35BE3F56AABABBCFEC613F2B081EBF7E0A8F3F56C2603D5C6FDE3E892874BE3514513F1ECFA53F6371E33E32F76ABF59D8F33F3659EABEE5E8B23F068BC6BDEF3781BECCA77D3EFE65ADBE6268C3BF16A8913F13170CBEC068E0BF2852D8BE877FE4BE8D588BBE9C38A73DF8177B3F05F768BDC2B83ABE8F60A2BF59BD143E5F972ABF5CC52BBF51B50C3EDD678ABDCF5A8FBF5A4B673F1A14183F581C103F5C28F6BF59CB9FBF634C0F3E72E2EBBEC08A713F45DE74BEA82CDCBF30B45B3F4595493F706DF13F0A40F7BF6D21CB3F3C9B8A3E4BDBFC3F55E247BF5BF192BEB110DABEBB75363F7956BA3E90FE8F3D161635BF39E4C23F77B899BF6653DCBEE022143F64B300BE8571AEBF51BEE9BF3AF835BF7DB1ED3F04EB38BF156BF9BEE80B1CBF3B68F23E9FA391BF0CBC30BF1B3260BE42A5FBBF75204E3F184A16BDAFD1E83E720137BF3C42B23E711482BE908CFEBF27348D3E3A7733BF3EBBA3BF1069D43E5C24953F4C1AAE3EAC462BBF3631B3BE1819A9BE00DF31BF60F74C
3EF48BEABE978C20BE3DB5973F536612BF0BE3AF3D4993CB3F116D34BF67B68C3F21BDE1BF7496B83F5F28A93F2147F2BF2645983F03E9703F0BF5E43E5AE5BA3F3010FABF741ACA3DC21968BF5D24F6BF7ACDF5BF258FAEBF04BAFE3D2B6EE83F5F5AE93F7269D6BEC3199D3DE26F7D3EA56F913F493370BF61791B3F5470313F140381BF50B3B63F5CDE51BF13C63CBEE1E8733F48576F3CCD3A153D58D0C73F413DA33DEDA9D5BE2B31253E1FB4DE3E843623BF308C60BC8125CCBF671FF6BEB77297BF108F70BE8B62183D365F983DFDE8F53EAA6A913E4EE1003E86F83BBD898A8FBD5CE7E8BEF259D5BEDA0354BF260093BF111319BF3699F1BD9463823F0574733DBB5164BF4944573D13BF03BF1E76F8BF1F90DA3E92078E3F5EF8873CD1686E3E4E9A05BEA03AC93F48E8693ED37C0CBEF91637BE7FBFACBF008C723DC2CB893F6100DB3DDA2EA63EFFB7673F39967EBEF28F663F2B17FC3F6E0E763D46C580BD7FD3383F4BEFBF3ED48ED3BF5B0609BF70F142BD6D37233F4C4F643C3FA178BE17419ABF2C50AB3D97449B3DCEEE203ED3C6A7BF7AA871BF7F9C0E3E3B2A173DA2B2E73F0D99183F6CA9543F63A1D6BEC1A9673DE773FFBF12ABE73F6923E63DF3A2833F3B6BA7BF169EA33F6C10B2BF040790BE9339A3BF3989B4BE98BF3ABF611DB73F37E58FBEEC265D3F0AEF343F6672D1BD8A09D23EB4E763
BF7B77753E3B9B243EBBCD68BE9C5F7FBF5132373F18D5D43EF0A18D3F235B6A3F0556533F45DEA53F098291BE8770FFBF41E111BF7F5F0F3F0A65CC3F557EC0BEB41A183E32EEB8BF4C72763F208E203E4DA709BEF90181BF378D34BEA06DF93E9BC839BEF1F7F9BF60BE8ABF7DC03C3EE74D823DB5F56DBF57B6153ED70A98BF3ACE8BBE98006BBF4823223F128038BEEB8C57BDA65C953D8D724DBF34B030BF0A88953F4416543F7757AE3F2C9D82BE3FFAE0BE9F5CB73F19F64A3F7FE666BEE4138A3F6218C13F2E0DBDBDEEBE003DDC44093EBB071A3F5CB7D0BF7F4A8DBEB7D3593F206DE23F797DE1BED4A9F0BF3C3D2FBECEBB113F6663243F45B6CE3F7524EBBEB6C93CBEE011E2BF243905BDAFCC3BBF2A5A993EEA05EF3F7D8989BDC3972ABEFEBA72BF268D1F3F72AA7CBF3A9CD93F17AB5E3F707F6BBEC674B2BEBBE83DBF2DD9DCBEC3861DBEDB59823F37F3C73EB8059B3F4E26173F41ABC0BEFF325BBEC0A3263F754369BDAB4830BF454356BCE1E2AF3E685999BF468E72BE2A01383EE591F5BE6F9FF2BEC5EDCF3EE167F8BF5990DABEFC5D32BF6758A43E45C1A5BF5C45FCBF66F9BEBF5712693F6592D1BECD1C493C4EC7EFBD91836C3F173A6A3F38026FBF3F33743F7AE9C2BF6048D7BE237DC03F796CC63EA4333FBE9CF3FCBCC3501F3F123B1CBF44FF2ABDC32FC83F3634333F41CB9CBF00F48E
3D911C533F6CAAEBBED88672BF52B68CBEAAE946BEB80B1ABEF85D5ABEABACDC3F6B000FBF7DF937BF48538A3F6E24A4BD9AB13ABECB2CB8BF367B36BEC0E34ABF1F4F2C3F4D2A61BF067244BC31645B3DB60233BE37A3BD3F2085753F2C9CF33F3F2652BF317F8CBE70B054BEAB1A653F76E7743F5ABC4DBF348CFC3E8B68193F452F95BF36A1F13DA8D673BF6F63A33F669F7ABF4C17123F4D6E8ABF02ABBD3F6B5C63BECD9B2EBECF947A3F38D399BF37737F3EE88E383F31A03A3EE2F94BBF6533D7BED5E82A3F781E0EBF3789473F7E87D4BF1580AEBEDBC1C7BF20E1823B174F5A3D8943B0BE3B31983F104E923F18A9833F7BD80ABDE128853F2DC8FC3F6106DBBF7EC90E3F7A64113ED2CD91BF5B860C3F7AE59BBE69BACABE570DEA3F7E85A43F10DD29BF05BBD8BEDA6E643EEB031CBF406B8C3F6E9977BF6BB1FA3ECB2DD8BDD5B7413F337709BF4806083EA664E3BD8A3CFBBF723218BF06AEA63CCFB8593E55B8F3BE9D3A07BDB6969FBDD82832BE19FF623F6CB0FFBD251C283F2E546CBE629B7FBE9693273EE0B43CBF66294B3F5C7AD8BF1394AD3EF2CC093F30DD62BF2AE37C3E841E293F04D8163EF7ACBA3ED1054CBE03D5A1BF5CEF7ABF0195013DBF34B9BF52BFC2BB241226BF3288323E6D83E53E20D2CF3CDD88DCBF1451BD3F36D5CD3E63D17BBF7010E4BF06B6013DD89172BF392C193F5FFD3C
