3EFF0A99
BF5D00A9
3F35A1B6
BE558017
3EC4CDD4
3D19EBA4
3F7A7045
BF1B0F11
3E5FC058
3F5E4F31
3F0EF9BC
BF0C422B
3E191ABA
BF7BD41B
3E91AAA9
BF0C1B7A
3F138F7E
3ED02460
3E1DD835
3F4EF354
BE69AFE8
3E217144
3CE759AD
BF543A4F
3EECB44D
BE62592D
3F448321
3F6F0E22
3ED7174B
BE807118
BF513797
3ECBA66B
3E55B6BA
BEDD1D35
BF40ABD5
3F75A775
BF3E4D5D
BF72A547
BF18A7B0
BE21E2CA
3C5653B7
BE292014
3EBAA402
3E4744AD
BE4DD1A3
BECCFA2E
BDF65AF8
BF1783B1
BC7723AF
BE6035CA
BD4C059F
BE95C6D2
3F14A49B
3F2264EC
3EA668F8
BD61F795
BF10FF27
3D704AB3
3E6A17C7
3F3F1A95
3F447D73
3F672205
3F37841F
BF7F4C51
3F063434
BF66D244
3EF3F516
3F4EF518
3F414AC2
3F15E3D8
3F12EA41
BE1DBC19
3F44C094
BE994F6A
BF5CF3B8
BD04C093
BD936EE2
BDDEDE92
BF217A3D
3C70BC0A
BD83947F
3EF999AD
BF6D342C
BF2C5FE0
BE1D10CD
BF3E93A1
BF6AF36B
BD83C3FE
3B44B077
3ED44465
3F79060C
3F1B1A61
BEA5E69A
BF777AB2
BF5694D2
BDC72ABE
BEC8CECB
3F541844
3EBF8D62
BF0CEBF6
3E82D958
BEB1DEAC
BEEE4862
BEA6D71B
3F495652
BF5BB986
BEA7C79E
3E030945
BF232FD5
3F083461
BF2262F2
BDFF1FAC
3DD95845
3F0BFC22
BEBF3E98
BF24CBDF
BF607E50
3F327418
BF641441
BEB21742
BF6AFFC6
BF777853
BED75567
BF15A224
3F29AF09
BBC99E74
BE9A020C
BF1BDD52
BF550ADA
BF1B532B
3D5D4551
3F4DFB96
BF0714C3
BEAB34E4
BF32C9E8
3F2A674E
BF1119A4
BF73BF8E
BE231250
3F241298
BF3C5CB7
3EF8F6BA
3DBC0375
3F4DF031
BF67A81B
3E4CD69E
BF717582
3F1A9050
3E5E5D72
BF0F2CBA
BF7296F7
BEF4C083
3EF2F56C
3EA83523
3F110248
BD97F919
3F1C2F86
BF0AFEB7
3F10548D
3DFD2B3F
3F18412D
BF79B51A
3EC34965
3D0DEAB5
3DD62BCA
3EFBB677
3EED6BF9
BF7A5767
3D442D48
3F55F701
BF459AF4
BF791767
BE8FEE08
3C63319F
BEAEB75F
BF5D9930
3F6EE33E
BF2CAD39
3E76038B
BF612883
BF6392F7
3CC5F63F
BD5F238D
BE41D94C
BEA1DABF
3C2D45EA
3F405931
BDADC59E
3F548EB7
3DF28F68
BF1322A7
3E934E0F
BF75A9F3
3F7C30D3
3F7CDB8D
3EEA4287
BEE60259
BF2F1550
3D01534F
BF1E9B62
3F4D099F
3F04BDBC
BF27B4BE
3F44496C
BF727757
3F1FBBB8
3EC75128
BEAFE919
3DFC6E75
BF56378D
3D07A896
3E455661
3F71EB5E
3F6595DD
3F0715CC
3EF80465
3EE05A73
BEFD9DB4
3E328E62
BED5D80A
BF45383C
BDF395A6
BF2BA6CD
3D8F7872
3F0B037A
BE665787
3F213110
3F2D025D
BF49A11C
BEC671EF
3F17CA55
BED9252B
BF6DBD2E
3E615963
3F5965DA
BF6E6758
BEF03346
3E5B3E05
BF77E499
3F71C084
3E6D0602
3F48555D
BF099C4F
3F51904E
BE8B0096
BF212668
BF58D0B2
BF0A2481
3EA66A9B
3E08A215
3E5FCE4E
BEE1972C
BEC466AD
BF4529FF
3F3E18D9
3F300CAF
BEA48445
BCA28AE9
3F168FDF
BF07D16A
3E92A383
3F508A62
BF698DA3
3E8115B6
3F5228A7
3EC185E5
3E6E8247
3F71C74C
3F310249
3E988904
BF75450C
3F5F7AA1
3D68132C
3DE29656
BF719922
3F268976
BF2C201E
BEE3B665
BF2827F7
3F208B52
3F367EBF
BDD3C4DF
3EFE97A6
3E24EBBD
BF317EAE
3F01C4CA
BF11D788
3EE37608
BF712107
3EAC52E0
BEE62494
3EE39770
BE1E9C47
BF681F4B
BF1D63CB
BDFBD4A6
3F2C23FA
BF1BB5E9
3E299579
BE72E39B
BF16E189
BBC80399
BF7DB5DB
3E49B213
BF3BBF0D
BC7A25E2
BF0F445B
BF4539A5
BD0572B5
BF51E2A7
BD213DF0
BEA53691
BE6FC753
BE6EC47C
BF1475FF
BEB2BB1C
BF42AF70
BF627595
3F0D6323
3DEA1B0F
3E8779E9
3ED21F10
BF5F6422
BF044583
BDF3FAD4
BEE42B76
BF64A3F5
BF019EB9
BF0BE1EC
3F325789
BF1B7746
BE07C59B
3F0606C5
BE44CF36
3EF832D7
3EEC5EE5
3F343BFF
3BB16622
BF519CC7
BF1FC7C0
3F62D30D
BF5A3B92
BE39BF69
3E004877
3F39A6CA
BDFDA6DE
BF4CCE3A
BEDE0195
3F5E0E51
BEB2A9CE
BE172B96
3EAA41DD
BF746D6A
BE9CAA47
3EB22F34
BE8B86AB
BEECFDBE
3EAB7A5A
3F7C2A71
BF4B938A
BF795381
3F1BA4BC
BF0EED88
3E575049
BF2C3B29
BF4D7FF8
BEA28EA9
BE195A38
3E62EB90
3E007E9A
BF7C08C2
3F4902D7
3F17AE9C
3E770D1E
3F3329A3
3E091055
3F1BFBB3
3F0C60B5
3DF0E87E
3F053DFE
BF01B681
BF04F5AA
BEB8EB4A
BF19C114
3F42AB45
3EC29C06
BF3632D1
3E7DE38F
BF3EDA94
BF2AC731
BEC186E8
3EFACBB6
BF7E48DC
BF1DBBA3
BF6076FD
BE4A1E2D
3E98B39E
3EC68E24
3F5D9E4E
3F143970
BDC6C258
BF3C14D0
BF4D1ABA
3F551BB2
BEA96BAB
BF777F54
3F796014
3F04BE37
3EFB6DF9
BD573820
3F0936F3
BF1E6594
3EB9546F
3C11861B
BD3CFAD8
3BBABA12
BF7A8D26
BEBA79C1
BF1F0853
BF1BCE5A
3EF4BA89
BEFDF9DE
BF28A0E4
BE8EC6CF
3E7EE7A5
BF4CEBBB
BE406A79
BF7B1678
BEFD107B
BED83A34
3DE5087F
BDD3174B
BEEC1008
BDE1CA36
3E879805
BE9CEF54
BF0CAB36
3F5655CB
3D4A81BA
3EE9400B
BED62754
3F6A4D6D
BF11B10B
BF6998C6
3E80E070
3F267246
3EFE1990
BF67FDFF
BF424D0C
3EA5A5D2
3F3A9748
3F2B80C1
BF2CEFB2
3F4D9BE4
3F1E4A29
3F121BA8
3E6CD62E
3D7CE87E
BEE679C1
3EBDE1EA
3E856CC8
BF2F4B88
BEFEB3F0
3F7CA535
BF185287
BE9710C0
BF4A589E
BF26A58A
BEA40718
BF1F10CD
3F292EAF
3F7CFCB0
3E58098C
3EB8C4CA
BF1E8D44
BD97308A
BF5B6687
BD3201E9
3E8ACF54
3E8EF2E7
BE0E049A
BED47D42
3E80B8D1
3F70C078
BDE8AB56
3DEC2FBF
3F2393BE
BE8227E2
BE365B03
BF7B286D
3E6FF27E
3F6E3A89
3F6E5550
3F45AF34
3F377C26
3F1D5AA0
3F60A22F
BEAE1295
BF52A6BC
BEB34D9B
3F665614
3F2C37B1
BEE4FDE6
BDBAF43B
3E12DEF5
BF7D6805
BF72820C
BF2EF48E
BF430E44
3ED57E57
BEB55C1D
BF5827A9
3F6667EB
3F49C985
3EAE09F0
3F1C1CC2
3EB046B2
3F4611FF
3E12F39F
3F21904D
BD1CA487
3DFF2011
3E6BB4FB
BF3ECEA1
BF786F64
3F76A991
3F7C1C3C
BF297414
BF70E5D4
BE0200AE
BF12E3C6
3F1CE901
3F75E3E7
3E95A75B
BF27B097
BE346ACB
3E988E6E
BF6F60ED
BF1626FA
3DC95F0D
BDFE4BBF
3E24A85B
BF6C574B
BEB721B2
3F1F6E9C
BE3CF343
BEB839EC
BF4F06F5
BE80FDE4
BE8772E2
3F2724A2
BE97BA7F
BF025E65
BE2D9EC9
BEC8100D
3F372CDC
3E03E33D
3F61D020
3F4EF791
BE16C968
3F30C0F9
3F606E94
3EF7FD7A
3EDF283F
3F4448D7
3F1CEAD2
3F5F829D
3EA17F66
BEE3AFB5
3F57DF2F
3EDBD275
3ED0FC2E
BF132AB0
3D301082
BC495D21
3F6C146C
3E07400F
3F6D2FB8
3F24E8B4
3E80AD94
3F5B4B0C
3F23EA97
BF740425
BE72D4D3
BF1CB4AF
3F6DD56C
3F20F6CA
BE4DCE9D
3DAD45C0
BD89542A
3EA2A090
BF39DAFD
3F2AD3F7
3F64EDC4
BEF050FE
BEA92829
3F26F9A3
3EF2B690
3E00B0BD
3F26A7C2
3F488AFD
3F1ECB90
BF7B0227
BEDC063F
BEBBA255
3F6A53A1
BE6A4B73
3EB254A9
3EE7CE74
3EDD9C96
BC6C4D0C
BF3945FD
3C6FEB00
BF192EA3
3EDEBB49
3E0E453A
BEA7608B
3F714EFC
BC998A15
BF1D9D33
3F25682C
3E93B55E
3F2D03EA
BE6262F9
3F2C8144
3F68A19F
BF1E0F32
3F143759
3E9D609F
BE8CC628
BC8831B0
3DC3CB40
BC3C6F2F
BDB52E29
3F7025C3
BE41D942
BDECFEB4
3F0A4CB2
3F5FDC3E
3F025243
3F05F08A
3ECC2513
3F7BE29C
BD044214
BF7F34FD
BE895FD7
BF0FB82D
3DF57B96
3DC6A1F8
3D6592DF
BEE9C79E
3F0CF638
3EFAB388
BE927B5F
BF31B5B8
BF31975A
3E0E1B68
3EC62B55
BF7A1C23
3F221F35
3E047794
BEA19015
BE242366
3EB422E4
3F70BB20
BF2C05A6
3F133363
3F568C6E
BF7A7D59
BF174E29
3F76C37C
BF39B471
3E2653F4
3ED83721
BE35BD36
3E39042C
BD4FA74C
BF4EDED9
3E55095B
BF52E1B8
3F675157
3DCED6BB
3DD4E133
BCEC0B7C
3F023408
3F1D30DD
3E18506F
BF74DA74
3EE77DA7
3EF75884
BF70CF46
BF2780BA
3F1134AD
3DB3F932
BEF65472
3F10BDAD
BE98709F
BEF91C1C
3E10A9A6
3B0EC22D
3DE4174B
3F31BFA8
BF22DD11
3E8644B7
BE2E7269
3E6A651F
BF1F75DA
BEE886A8
3F665D3F
3F085BE8
3F5D37BF
3F799EDA
3F772C4C
BF5154BA
3EB3DA8E
3F53F8EF
3F0D1C25
BE4DAD59
3F6C4D1A
3F4FC2F6
BECB0B2C
3DA66D7F
BF76333F
3F5FBCAC
3F217A64
BF18B462
BEE6FEC1
3EEB0A13
3F569E35
3E9D2A91
3DB808E2
3F051937
3F1476A0
3F1AB0D0
BE5DFC55
3DB3F88B
BF036F32
3E80A25B
3DC4C462
BEF82D4B
3EBBCF29
3F202E01
3F0BAA6E
BD28A430
BEF1581E
3E8EC974
3E616074
3F288A8B
BD8A144B
3F289C98
3F288393
3F4741C0
BE4E4A3F
BE31F694
BEA946C4
BEE10717
3F6690EE
BF692BF1
BED9018C
3F39CCD0
3DBDA054
3D25C5E8
3F5C6530
BF43F2DA
BF7DE5AB
BEDB0EC5
3E585FEB
3ED9C748
3ECADCC9
3F2B8743
BF4DFFF1
BF18AD73
3EA4DA0D
BE6802BC
3F4701BE
BE9F9CC5
3DE33E77
3F1ADBA4
BDE46447
3F5462C0
3F7E304F
3F01921A
3ED92122
BF7BC2AF
3E3368F7
BE76F45B
BF66BEE3
3EE9A764
3F1BF0FB
BF7C8BF7
3F3F2295
3BE3776D
3F5B5032
BDF687B9
BF7AB88E
BEEB37D7
BE63281C
3F33DF21
3EA41807
3EED9EE4
BE9B6410
BF5BDFC7
3E8E2C6E
BDEFC27B
BF417960
BF48094D
3F1BC619
BF17048E
3F2E6672
BE7EC701
BE4F05CE
3E906068
BF4E883C
BE891D27
3EC87D97
3DCDE0DF
3EC4565F
3EB1404C
3E53E2B7
3F5D72E5
BF15235E
BE408A1E
3F4B9B09
BE9900FB
3F3E430B
3E20159D
3E2272E7
3EB056E8
3F125CCA
BF245F38
BE8302B6
3F5B4045
3BAA9AD4
BF4CB854
BF228B9F
BF0233E1
3F28A9BD
BF04E952
BE93AE8E
BEAE61AB
3F640DD2
3F204363
BF034C27
3EFCD74D
BF2B039B
3F25B205
3D9C3A03
BF3D87F6
BF4D779B
BF757114
BE5226B8
3F02CCC6
3F066A7F
3F26A504
3EBED419
3F149A60
3DBA39B0
3F0AEC43
3F644F40
BEF4B12E
BEAC507F
3F0A4785
3EE39790
3F4F6317
BEF60FBB
BF1B7244
BD8A96DA
BEFC26FA
BEEC96DA
BC257CAC
BEFCA0A4
BE5B202E
3F511A63
3EED9DF4
3E6FFB7B
3ECC7266
BED39D52
3E8833B9
3D17F981
BF286892
3F5F7C69
3F4C5467
BE302DC4
3F764E17
BEC57C58
3EE52A75
3E90CA36
BF78C2F9
3F707C16
3DF34F3F
3F3D3902
BE3218F3
3F61FE30
BED7AEA2
3D188F70
3E39000E
3EF91609
BF242BDD
BF5EF031
3F39458C
3E2920E2
BEA640A6
3F658E72
BF0732D5
3F4A338B
3EBBCF02
BEDC0D0C
3ECB4649
BF636ADA
3EE7EC70
3F38B722
3DAC4DDC
BE9FD77C
3E186D8D
BF31EA1A
BF4660E0
3F6559E5
BE8C0100
BE22B550
BCFA1E75
BECE592F
3F6A0F6A
3F39DADD
3ECCBEE1
3EA8E6BA
BE1CA921
3F494EF4
BE950189
3E0C8DF2
3F5090FB
BF1D18D7
3D5B929B
3EE7880B
BE20A170
3CE4BB47
BF348F06
BE2F9F47
3F46B18F
BF361D46
BDD10FEE
BEFDAE12
BF35AE05
3F0A4C2E
BF1C1D8E
3F340DB5
BF48C051
BD43B42B
3EFAA754
3E492239
3BCD5683
3F34D3D5
3F62DCDC
BD78F888
3C84AAFF
BF29890F
BF4B2E9D
3F49F372
BDA3CEBF
3F3B805C
3DD5662E
BD084663
BEC23DFC
BF309928
BECE12FD
3E8CAC51
3F448A0D
3E18D434
BCAA7644
BF7335FA
BF19DA82
BF00CA22
3F65AE39
3F3F1263
3F1D6250
BF61ED19
3E09D8FF
3C9BA28C
3E8C4CD1
3E166C56
BF1ED1F9
3E81ADC8
3E9C77F0
BF48E13A
3F7D655C
3F18CAF3
3E29C360
BE86DB96
BA0E918C
BF16E1E5
BE241C60
BE1674AA
3E94B054
BF27DD1C
BE91C867
3F65D5A9
BF252047
3F76FF20
BEC6E109
B974240D
3EE2D5F3
3E717411
3F205246
3F19F52C
3DFC4468
BF271692
3F378616
BF19C3BF
BF558609
3EDDC333
BF1B86E8
3EB32568
3F4464C4
BE92F749
BF5E8FC0
3E809282
BE62E86C
BD08FF3D
3E4ECB0E
BDD2EA61
BEC71DA0
BE3D3861
3F2B3515
3EAE0712
3E9C0AA2
3F737664
3F4DB358
3EFFF954
3EE50F7F
BEB6BC92
3F378796
BE387125
BF5A3D72
3CED2E95
3EBC9717
3F383A19
3F523358
BF3E3D48
3F0F5E43
3D56C6A1
3F2E8491
3DC5AFE5
BF669985
3EBE0BA0
3F03DC80
BEF6E994
3F30C14D
BF7D2E71
3EDF352B
3EC28A6D
BC8F081E
3DEBFC6E
BF06FAFA
BF6D4AD1
3EB2CB81
3F03A08D
3EE20358
BF745684
BF7EC37D
3E18EB55
3F6035A1
3F0DCB1A
3D38712E
3F7E6FEC
BEC9E62D
BF7F77B9
3DE4435F
3F71E834
BF0BA37B
BE72838D
3F486D14
BEA6D16F
3DBDB454
3CBA856C
BF66A530
3F06F9FD
BF5E7315
BEDA56A4
BDE810C5
3F36F3BC
3EBDB520
BF2BB288
3F39EEE4
3F746C57
BF5E328D
BEF4D193
BF19244A
BF014CC9
BD17374E
BF1A347D
3E20C8DA
BF4C078C
3F5B5DD1
BEF48F38
BF07F1D0
3EB962BD
3EA590E1
3CECDFA6
3D55AE59
BE210983
BEF53D1A
BF4E0517
BF5E48B8
3EDE97C6
3EF1AA1C
BF36F83F
BF52A508
BF414394
BF6BEFE2
BEB2C60A
BF7D6EB3
3F6178B4
3F088879
BF17CF62
BF1C992C
3F7CFCDE
BF63EF41
3E058CF5
3F0043B4
3EDD1434
BEB24B1C
3F1B3C49
BCB804F5
3F61045A
3DBF300A
BECD7F61
3F06D3F8
BF1CF7FD
BF16A075
BF35E30B
3E032AE3
3E968223
BE8E43EB
BF17D66A
BF4CDF5F
3EEE3B63
BEF45807
BF05377E
3EAE966E
3E38BC1F
3F215EF0
3F31438A
BF3AFD30
3EF60DE3
BDAAD8B7
BF1928C2
BDC2C9A3
BF1F0C9D
3E82CA71
3F0EFA91
3F49CF4D
BF1AC81E
3E963A98
BEC88341
3F6060C6
3E66FEBF
3D70A88F
3F76E218
3EF9E762
3F57AE45
BF7EBC4F
BEFC1110
BF0A178D
3CD61DCA
3F57B8E0
BF2065AF
3F574BED
3F7CF92F
3E897B4D
3BD4F916
BE1E3D86
3EAEA8CC
BF181FDF
3E5BBFAF
3E7C59FA
3EF01C76
3E077560
BECB7B6A
3E7738D4
BF4E974B
BEABC127
BF08C46B
3F15C352
3E041DDE
3E91C4BC
3EBA3392
BE9EADD1
BCC65A77
BACA9F41
BE8A32F0
BF07C41F
3E37FEFD
BE932370
BF4BAE73
3EE043E1
3EF8371A
BE358207
3F4D6278
3F24F5AD
3E0E2C9F
BF7E98FF
BF1414A3
3EF41815
3EAC6359
3EB082D4
3F0DB579
BEC490BE
BF0210E8
3F3E41A5
BDF15595
BEDF467C
3F101677
3F77DF79
3EE2EB23
BD48CE87
3F21894F
BF4C1F95
3F0EFB46
3C9B2C80
3F438DE7
3E3B6B2B
3E51B110
3DD50C48
BCF4E323
BF413A8A
3C9DBFA7
BF27472A
3F299D7E
BEED8B57
BF135621
3D66C4EF
3E6BD6A9
3C2A3596
BF48978C
3EDD0C46
3F61D8AE
BF4463FA
3EBEF007
BD48FE8C
BEFD3B0C
3DD8065D
BE6BA563
BED07F08
3D8AF493
3F1CA2EB
3F1B0752
BF6D343A
3DEC1047
BE77F753
BF275846
BEB4E527
3E2D48BA
BF7ED9F9
BF42F276
BE80D106
3F09A3CB
BF79ECD4
3F264624
3F68A395
3F3807A3
BE2C3D55
3E9C5D7F
3E00FA0D
BEC98FFE
3F5C77D7
3EC1EBA7
3E262516
BD068F3E
3E77C0B0
BF41D0B2
3F3EE783
3F1CF02E
BF3E30D1
BE8DD85E
3EF344C9
3F173A94
BF03E26D
BEADAAAD
3E9C6C18
3F3A2D44
3F3676CC
3F62BDA8
3E02CDF9
BE88D483
3F267157
3CDEC691
BF1D2826
BF5FF2CB
BEEE8ACD
BF043392
3ECB2B1A
BE889904
3F010D3D
BF5EA41E
BF5513D8
3DD11130
BF3CFA59
BF77775D
BF1DD493
3F7F7055
3F0AB551
3E2F8D49
3F5214ED
BEF1460F
BEB4F611
BF043D34
BF172B2C
BE4CB36A
3EF11236
3B54E767
3E272FB8
BD740460
3DECE606
3F0BA154
BF31FD45
BF7B3B1C
BD146EDB
BC856A51
BF373B5B
BE84C038
BF0772C2
3EE10A3B
3F1234D1
3DEA036A
3F7B58F0
BF787AAE
3BDA7F14
BF342A8C
3DFEDB54
3EF405ED
BD377F31
3F77098E
BD73E416
BF74A27C
BF57CDCF
3E3D1783
BF243B9F
BF674E7E
3E61CBD2
BF16405A
BF27364A
BF5EF1A0
BE48640C
396452F1
BF4AA20C
3E221D39
3E7DAE24
3D90CC35
3F2B8E6F
BF525F6D
BF248FD6
3F1009F2
BF53698D
3E25E008
BF098C2E
3F0C1A3D
3D295181
BEE37534
3F61E68D
3F514636
BF3927D5
BF119E90
BF3C5106
3F268D77
BF7D29A5
BEC1E613
3F309523
BF7DC183
3F751BF6
BE5E3218
3F15066D
BF3D4533
BEF62106
3D3EBA09
3E0EFF39
BF6746D2
BF1DF043
BF26F164
BE20A2BD
BC123390
3F423020
3F46F2F9
3D458CFF
3F0C599F
3D094A6D
BF3C3A2D
BF33823A
BF4841B9
BF34412C
3F383B37
BF2D3E99
BF344F3F
3F4DC5A6
BF66A804
BF085C9C
BEB5C809
BF24828C
3F27669E
3F1B2E8F
BF013BB7
BD7DA2D6
BE91CE80
3F76EA4F
3EE2A4F9
3EBD5E55
BF06B3A0
3F1B1EEF
3F28D165
BE4F9161
3F74A67E
BE0772CD
3D91A0F6
BF5D96E5
3F5DA2FF
3EE80CBB
3DDA9252
3F1DC9D2
BE8BD39E
BEA8B3A7
BF06598C
BEF8E551
BF4E5727
3E1A3A43
BF78A6CD
BF36841C
3E4B360B
3E9AF816
3ECC9B4C
BD46EB39
BDEE506B
3F61D91C
3F450922
BF74C6E2
3F29F875
BCD77C19
3F7DA707
BF566241
BF676BFB
3DD522F1
BF6A7CE9
BE82E1EA
3EF5B5E0
3CC1EE79
3EB29B49
BE6AF91D
3E0FBE5E
3ECC5419
BD8F3D76
BF6A12B2
3ED430B4
BF2420BD
BF2C9677
BF7A93C3
3DDC2D85
3E988CF6
BF2F148C
BD0E76ED
BAC97898
3F789537
3EECC39A
BEB2438E
BEAD9A63
3EDD880F
BF1D5B1A
BEF015C5
BF4A9EB7
BBAAB98E
3F079710
BED241CF
3EA68727
3F3B9767
BF1FDDDF
BF0D7167
3E30C06E
3C4785D1
3F50B4F2
3F6250CE
BE0153E0
BF62BB94
3D90AAE3
3F4BE9AD
BEA31A28
3E80BC6F
3F547010
3F7472FA
3F531960
BF34A75A
3F1E1BB8
BF758513
3EB271E8
BE179CE0
3F284963
3F0BB8F0
3E34DD57
BF5ECB12
BF569A51
3C7C214E
BF3A5286
BF10ED39
BE8BEE30
3DDC7A88
3E1082E2
3CE07BCB
3F4CD0BA
BF1A2A80
BF77A0BE
BEDD7EDB
3F4D68E3
3D235CF9
BF25481A
BEBAD277
BF351A92
3F1372A1
3F02CA50
3EBDD253
3E962025
BE811865
BF13F122
3F1AF59D
3EFB7D7D
BF7DD1D9
3EC52CB8
3F38A9CB
BF717535
BF5D7679
BE915EB2
BD1ED594
BF52283A
3E919E5B
BE4F8AE1
3EB56CE5
3F3B51DA
BE3CF336
BF7C409E
BEBF411C
BE9D45E8
3E4387B0
3F5E2C06
3EB1BD36
BF1083BD
BF1EED04
3E22424A
BEED3332
BF31CB0B
3E6A0E50
3F1A5828
BF1B8EB0
BF6E8C92
BE72AF21
3F398211
BDB9BF08
3D56B0A8
BF03CF53
3F38FFD9
BDCABB77
BE05AE81
3CC1299E
BEF7FC27
BD12DCFD
BF455661
BF395FEE
BEE26A3D
3E8FE39E
3DB70933
BD081C5B
BDD65CDF
BB3777C1
3F2312FD
BF0897CA
BF12C140
BEA9A7DB
BEF8E7B4
3F0D9E66
BF557C90
3DF81EC3
3EF41C88
BE303BB6
BEC40D28
BE82ABC4
BE8DA081
BEE0FCC9
3F55CF0C
3EE2FE77
BF219DBF
3F03A255
BDA0F3DA
3F1276BF
BEE24E97
BEB1CA48
BF471904
BECE8A21
BE16F6E1
3F51908F
BE843E8C
BF485461
BF2B525B
3EBF175F
3F2FAF60
BF21A38A
3F07660F
3F6330FE
BEDE2D00
BF352028
3E96E9B7
BF50BA78
3D9F926B
BF1FB6DC
BE64C71A
3F2873F6
3E1E75ED
3D9DF064
BD6B492B
BE9A542F
3CF822F9
3F375A28
3E2E5E95
3E4E4863
BEB22FC0
3F5E3ACB
3EB72CB8
3E82A099
3DAB6E36
3C96F700
BE4B5660
BF4C6C54
3F2AC90A
BDFEDF5A
BF2F5F99
BEAB40F7
3E3525E1
BEECCCE4
BE2E054F
3E8430EE
3E813169
3EC257E7
3D90BE4A
3DA5B609
3E812046
3F5E0DC1
BEDAA580
BDB83B49
3E760376
3C13FD64
BE26FEF5
3E85B375
BE705C26
BECD61BB
3EFA8C86
3F151B1F
3EE501F6
3F715F5A
3E2709AF
BEA981A9
3D4AB7E5
3F6C2160
3F056B1F
3E86E2FE
BE20B7A2
3EC13E70
3F64DA84
BF01C5CA
3EE18CE3
3EEDE00D
BE6EB5A1
BF4AA330
3EBE79FD
3F73AC8D
BED0E6F6
BF170FA4
3F1ABE9D
BEDCED95
3D5BDFF6
3E1F2997
BF5022DD
BCC33E23
BF324D7E
BF4FDE0E
3E2E2736
3F56B351
BF664838
3F66A6D6
3E9695BB
BE2608FD
3EE7FE6C
BF247357
3E25A78E
BEADBD76
BEDCA992
BF0B790E
BF39BB18
3EA1747E
3F7FB6FD
3D726FAA
3F4923A9
3EB7799D
3F5E15FC
3E5A5E2C
BF412ECC
3F006027
3F4EA1E8
3F47AF9E
3E7957B6
BE044E96
BD8ACE14
3F06EC12
3F14D92B
3EA3EC84
BF568371
BF1AD3E1
3ED7D9C3
3F7D98D4
3F4FA776
3E0976EB
3EF2CFDD
BF5B0833
BF2357DD
3ED3A888
BEDDAC08
3E15B2BB
BF7BE7FD
3D2E944B
3F5E0FA1
3F5C33A4
3EBD14EA
3D2393DC
3E64CB1C
BEAD7D82
BF014024
BF396458
BF260AD0
3D83A85A
BE371743
3F52ED36
BEF3332B
BF566C65
3E575FB1
3F389A97
3EBA301D
BE8E2C0E
BF70F5A2
BF1DF70E
3ED4BF96
3E0CA47B
3D15518F
3ED3BF13
3E2FF33B
BF394F81
BF721855
3F0B1CE7
BF025C09
BDA6950E
3E6E7E8B
3EE3768D
BF66FEC4
3E9DF0A0
3B4CA9CF
3C947F4B
3F14A676
BF5A763F
BF33D404
3F7DA28A
BF4C7FDD
3F14DF22
3F7A38C9
BEC1A8F5
3D51AA56
BF2B1401
BF092DB1
BE7543AF
BE1D3865
3E901CDF
BF6D1D55
3F73D12E
3F25866A
BF4AA858
3BB8D961
3F324CBE
BF7CDB5B
3E6D7360
BEA07BAB
BE6961E2
3F085228
3F619C31
3F2B5893
BF405276
3EA270BA
3F214CFF
3F10FCD4
BF25AD90
BE9E265F
3DB6DBA3
3F693406
BE36953D
BF3AF3C1
BE21F590
3C5A552F
3EFE3F2A
BF2263DF
3E8E5FF3
BE2156F4
BD61A977
3F2FEDC4
BF110600
BF71ABA5
3F5D84E8
3D05F0B0
BE951E48
BD4BF4F3
BF205770
BF2D1BF7
3ECED2CA
BF7727C3
3CDCEF1D
3F744B72
3EC98F33
BEBA4C26
3F39F755
BF145FC2
BE2101E2
3D1C2714
3F2221CD
3DA775C3
BB062DA4
3D9813E4
3F7C66B0
BEEB5C5D
BDCD72B5
BF63CBB3
BF68D9AB
3F6F077C
BF4257A3
BB18A3A6
BEAE930F
BE2F61F1
BF4BC362
BE07368E
3F2CFF2D
3F1AC167
3F286FF1
BF4E3128
BE759551
3F23774F
BF6B2EEE
BF71CA17
3F4EB47C
BF152407
BEA765BC
3EBE622F
BEBCDA15
3E910916
BD0BDD3C
3F16C5DF
BE4C797D
BF0BA2F9
BE2C6D7A
3DBD4A65
BF173BD4
3ECCFC81
BF7A12E3
3E802CDE
3F7B813D
3D299E53
BE99FAC4
BDB5DF26
3CBDE7DA
3ED356FE
3F635F83
BEB5078C
BF67B713
BEC3063B
3EA6A90F
3F41F89A
BF605A79
3D7B3382
3F22B175
BEB7270D
3E19E424
BE16988C
3CAA61D2
3F171185
BD2B06CD
3F1B2B04
BF00B178
3F6F0859
3EEE66D6
3F620907
3F7ABC97
BF03FF11
BD9F245C
3F2A026D
3EF23B0F
3E5D2A58
BF5EEF25
3D51350B
BF3499C3
3F182968
BF44D5EA
3F533AD9
3EC872D7
BEFE9646
3F51327C
BF23E3F8
BF1F9821
BF4544A3
3EA92D21
3F09D3BF
BF1AE275
3F1B14B5
3F0C8C75
BF6DAEE5
BF59A2FB
3F6B3847
BF071DCA
3F6B0DD5
3F614509
3E6E67A2
3F12E2FD
3D9521EE
3F32656A
3E841D5D
BE927171
3B361822
3F6D50CE
3F7E106B
BF213039
3D283BCD
3EA92C86
BF4ABD1F
3F36AAE6
3F033211
3CF000D5
3F5F284C
BF036287
BE57E210
BE64CCDD
BF1ED3C6
BF42B987
3F10FC4A
3EF997CD
BD8E96BA
3E46211D
3F4C999F
BE1B62E4
BD7FB8F3
BEB7A1B6
3EF2041F
BE968BE9
BF73735F
3F05A9D6
BE74FC0F
BE832239
3F4F6670
3F504078
3F28ED5A
BF7F1FC2
3F5588BF
BF0D0F39
BF52AA33
3EC52160
BF551887
3EF49FD7
3E858FBD
BF4A8423
BF62D8F0
3F0BE6BF
3F22EA15
3F2109A8
BF0985F7
BF126A9F
3EDC67C7
BEF74F8B
BE8FA86E
3ED06DA2
BE7C941D
BF5B9691
3F01CD78
3EC61844
BF6F1EE8
BF73C030
BF57AC3F
BF71CE0D
3F2E1E52
BE577C63
3F5B3EDC
3F6DB2AE
3EA52043
BF01EB7B
3D602A60
3EB22FAA
BE9E58EF
BEEF5FB0
3ED67E31
BF135B4E
BEA0FA46
BE63A804
BF0C21B8
3F19A1D3
3EEB4C61
3F5576BA
3EEA6C94
3E8242EF
BE96AB6B
BF490258
BE82BF35
BE77DD4F
BE886CDA
3E7782CE
BED542C5
3F22AE66
BE4C6D1B
BEF14F5C
BF3214F0
3F6C570B
3E5A3201
3F7905E0
3DB3FA59
BEBB539C
3D293066
3EBD91E8
BDFD30DA
3F4AC656
BF3B81CD
3F09D47B
3F0ED851
BF0B69F5
3F448752
BE0DCA62
BF3C84D5
3F38BB70
BF28694F
3F582944
BF07CF85
3F296791
BED360E4
BE1DDF54
3F76E294
BF6F3148
3F7377F2
3F522D54
BE2AE218
BF4F227D
3F244A37
BF1E8D09
3F4D978F
3F4A2FD3
3EAD7DC5
3F563F15
BF51279C
BEFC58C1
3F7FC399
BF2C03AE
BECC63F6
BF74DCD6
3F4FBCB8
BF207A73
3F68D45D
BF13E7CE
BE8AEB76
3F31CF7B
3E4C750B
BF14AAD1
3D877A71
BF162ACE
3EAB1BEE
BF792766
BF683181
BE4BB370
BF29AF3A
3F4F3A22
BEDC07D5
BEC11B5B
BEBE8C21
BD425A68
3F7B4623
BEF69999
BF1FE5AF
BEEFF1AC
3F3CA3F5
BE4DB268
3ECD2AA0
3E1E305E
BF19C33C
BF108639
BF7FA97C
3E0CC376
3F4C437E
BF6B2749
BD52CE69
3DD53C0D
BEC680DC
BF454710
BF3E86EF
BEE57111
BED5B2A1
3ED3B7EE
3F1525AD
3E372AC9
BE96C876
3F0C5A83
BE467B8B
BEB379AC
3EFC8DDA
BD1684BB
BD448C05
BF70D710
BEA6B266
3EEA7646
BCD26AFF
BEA430EF
3E48F162
3E156A15
3D898647
3E6C6479
3EA5985F
BF2CFEF4
BEAC487F
3EE57403
BF0D282E
BF14C150
3F4C0321
3D0ACB82
BF32245F
BF6F19D9
3E9D9912
3F38F061
3EBA1463
3F7CFB20
BF7FCBA2
3CAD1690
BF721514
3F27F31C
BDB4DEB5
3F227378
3E032B2E
3F019744
3F234B53
3F2CEAD2
3F13881B
3E1C33EC
BF7B2FB3
3F55C541
BD1CA668
3F35B059
3F5AE050
BED5717D
3E992650
3E1500B6
3F6E25F2
3F006D04
BF5DCCD3
3E9DDE67
3F4EC779
BF66E1DB
3F685B48
3E36879D
BD96791F
BF77D148
3F27554C
BEF3FC66
3E876D88
BF164837
BEB18F65
BF22D06B
BF782435
BC607DF3
3F0529D4
BE9293CC
BDAEF501
3F055C80
BF3FC564
3EC87BA9
3E8A39BE
3D426B8D
BDAA1617
3F59A602
BF268A5F
3F210379
3F6C2201
3DF75B96
BF6BAF1F
3E6A7CE0
3E83208C
BF5358DD
3C584C92
3E812471
3E8E4482
BE20F1E9
3EB249CE
BE4C3380
3F67A41D
3F576C70
BF37BF3F
BF284789
BE376071
3CBB4A79
BE3414AB
3F0F34B8
BF71622B
BE527A1F
3E26002E
BD580E93
3E667024
3F4C9A12
3F6F8D72
BF657DAA
BF6C10DF
3F263330
BEDA792B
BEB8236F
BE34B66F
3F2708FC
BF3EC6AD
BF5E5BBD
3F169F7B
BEC05019
3EFDDDB0
BF43E46D
3F17E19C
BF419545
BF29C018
3EDE82FA
3F78C32A
BED5475F
BEA213EA
BEB3D1AA
BE01DF1A
3ED858E1
BF3DDF98
3F1CA702
BC9491D8
3F62B0A9
3D0CE224
3F3450B1
3E8E0410
3F455BB6
3E7410D4
BF0A203D
BF25018C
3F59DB0E
3F122838
BF10DC83
3F498777
BF2A737E
BE158B5E
3E62BFB2
BF086CA1
3E807509
3ED01F14
3F2AEDB8
3E976ABC
3F66FAE4
3E20C46C
3F7CFDA7
3ED6F2F1
BF205ADF
BF3C9461
BDEB6381
BF3C0219
BEE7CCD2
BE4E2632
3E7B8324
BF527AB2
3F58756A
BE942387
BF5BBA5F
3F680488
BDC5644D
3F337D2D
3F49BA2C
3F3A47EA
BF57468B
BF549D23
BF46A7EA
3F4E3473
3D71391D
BE799ABE
BF66FFD2
3F778478
3F4C673E
BF1BB734
BF543034
3F438AA9
3F5DDD46
BEB119EE
3F19301C
3F352EC6
BF221852
BF2E1242
3F70CEEA
BC846C24
3B96FDFF
3EC97B94
BEF51335
BEC7A72B
3F7E5BDE
3F41B384
BEFE4828
3EAD1633
BF1EF0A8
3E8467F8
3F13886F
BDA16593
BF16E3DB
BF202CFC
3E8665E4
BF0D6EE6
3F37C410
BE9EF040
3F4CBE60
BE9BE0C4
BBE215C5
BEDCAAD1
3CAF0E3D
BD15D5CB
3F085DD7
3ED88E08
3EDFED65
BEDBF668
3E0E28CF
BF2697CF
3EDC0008
3F4353D3
3F2D6DDB
3F3281EA
BCB6D87A
3EE80724
BF762253
3F5AF5E9
BF351CBE
BD31ECAA
BF4D55CC
3F26DE1F
BE8CB43E
BF76801D
3E421410
BEDCC158
3E24B0C0
BF752CF8
BF657279
3F091F07
3F03B65E
3EF7A3CE
BE73C68D
BF126C4A
BF14F9C1
BEF6666C
BE2AEA3B
3EAE94E4
BEB1528D
3EF5F816
BE11973E
3F0C6FAB
BE6FF74E
BF58B3F1
3F7CF1BF
BD9D5683
BEB03606
BF6E23C5
3EA3840B
3EE19ED3
BEF48A9F
3F30AD08
BEAAF9FA
BEC901E9
3E2F7756
3E839902
3DCFEB9D
BF6D9423
BE8213F3
3F37965F
BF2813BD
BF16530D
3F04A5EA
3EA704D2
BD7A5830
3F16A9EC
3F07B28D
BF419BB9
3E8EACC6
BEC6D52B
3F10A6D0
3F1B5996
BECC2C86
BE0435AB
BE8C04F9
BF5BAF64
BF196346
BF61FFD9
3F5194B0
3F21A73A
3F1C0C28
BF31DF3F
BF4F9330
BF740EEB
3F751B1D
BF446940
BDCE571B
BF05FC83
3EC7A73C
BEE12E1D
BDA4CA09
3F5029BB
BF278B5B
3F2CB8A6
3EA7984A
3ED3E5C1
BF55D306
BE607BD5
BE0091CD
3E0FA167
BE782E9C
BE5C348D
3E97F5CC
BCEEA73F
BEE0A081
BF46557E
3D18D821
3F76D97B
3F478260
3C8C7F30
BEC05A6A
BDC8BC93
3F3B5221
3EC838DB
BF4312D5
3F481125
3EF3DB79
3F31007B
BF3C15FC
BEA2F21D
BF4D6168
3F401A83
BEB4B4D5
3EE572C8
3F4D3D98
3F33435C
3F4F8860
BE6B0664
BDDC5760
3F0F2AFD
BF4403E1
BF1DE1F8
BE90A3A2
BF728E11
3F5722B7
BF5CCF96
BF0495A3
3F5312FD
3EFE2DBC
BE6FA3B1
BE0BF3EE
BF5C6F49
3DFB9471
BF3F51FE
BA95E187
BE58E026
BC67F389
BF25A81E
BE81F863
3EDC529F
3F2C9DD8
BEA9F189
BE67327F
BEA37D57
3E2A3B25
3F29B27D
3EE1CEBE
BE57F6B0
BDC8651B
BE94F663
3D309BB5
BD706E53
BEDE930B
3F33E923
3F33B44F
3F698665
3F211F3F
BD744664
BE0EDBC5
3DBA2504
BF2C05D7
3F679E11
BED015E6
3EDA4B7E
BEF81BEF
3F26C66F
BF393415
BF67DC27
BF784559
3EA53A65
BE9F28EA
3F7DADC3
3D9BBDDC
3EC1FF4B
3F5C490C
BEFC3DD0
3DFCE8CF
BE128DB1
3E683C5F
BF0CB786
BF474D3A
3F080AFD
3E588788
3E8CBD2C
BF48A12B
BEE9FB6C
BF68E414
3F77DB68
BF4F3672
BD015C94
BCA3EB3E
BEF683B8
BECE1CDD
3F590EBF
BEFCE8B6
3F22A07E
3E85D508
3E8BBACB
BF79441F
BE14EA87
3E985F6B
3F1DFF15
3E5B2CCC
3E32E879
BE939C69
BF6EB55F
BED9C646
3F3362FD
3EFDCDE3
BF189021
BED46CA5
BECFF39E
BE752256
3F5F544B
BE5B9EB0
3CC96CE1
BF0D0E8E
BF476E59
3F6E0224
BF40A451
3F76FD4F
BF1EB923
BF1E4B1A
3F6FFCE3
BEE53648
3F2B3789
BF759D78
BF25F0F7
BF186F25
3E3A5F82
3E403F7D
BF0BAEDF
BE8B7F6B
3D28C4BA
3F7F04C2
3DEF2FEF
BEE53003
BF4923EA
BE867462
BE933A02
BE2FD4E7
3E9F3A8D
BE8391A1
3ECE4C4B
BF42EA9A
3F3AFB05
3E5814F6
3DF0CC54
BF1DA2E6
BF2516BF
3EC2A6E7
BF57E424
BF65733E
3EF91F59
3F0544DF
3F6475C5
3F2DDAF1
3F504AD4
3CFA32FC
3DDEDE1C
3F2B1B01
BF473417
BF22828E
3F77F0DB
BF58EA34
3F027B41
3F0368A3
BE1FC7A4
BF0E18B2
BE972550
3EB136F6
BF5355AF
3EFC14C3
3F34EC45
3F208CFC
BF0AF770
BF6B017C
BEB3F2E1
3DC6D35B
BE2679AF
BF66F6B7
3F2D7A5B
3EACF032
3F63A76E
BC514DB3
BF617463
BEA1CC05
3E405B8E
3E8C281B
3ECF49CD
BE82A4FE
3DAE09FE
BF0D429D
3DE1EF2F
BE07149B
BE8CA823
BC1D0C9C
3F1E7761
BF19A70B
BF523B59
BE64AFAF
3E264404
3E52A758
3F772A3C
BF7B5CAC
3EF4CB86
3E24EA83
BF1A7CDB
BF53A751
3F1EB441
BF683E06
BA400312
3EA2C1A3
BF181213
BE57CE1B
3DA5CD12
3E3ADD69
BDABF699
BE5A6F84
3F47F458
3F7CCAFB
BE961CFA
BF233A89
BF55CC0E
3F3D6F4C
3E090BC7
BDA81B42
3F04CDA5
3D83D62B
3EEBEA89
BF1A08B6
3E87B15B
BE3EA2B4
3D0E7598
BE8A81B9
BF4D7438
3F15FCF9
3EBC5FA0
BF052BAE
BCBEBCF8
BF1818A5
BE145F16
3F019DAA
3F7C3892
3F798415
BF15EEF0
BF1932B0
BF5B16BF
BF5850E4
BF53529A
BDD07027
BF2B4874
BD810EC9
3F7DD133
3F6EFB7D
BF370FA5
BF0D34C3
3F556F3D
3F3A0BED
3F25BF28
3F7098DC
3F4D45AB
BF1833E6
BF1A8A91
3D061F3A
BF33BE76
3F3EFD0B
3EF3FBC7
BEFE6AF9
3C23FEEB
3F3C59BA
BECFFCCA
BF5596E8
3EB8DDD0
BF640943
3F0ECD37
3D65D2E2
BF01D0DD
BD422C26
3F64877A
3EB6C8F3
BDE4D1B4
3F68B513
3F448E99
BF43B6D4
3D11808E
BD9CA83E
3F59A4C2
BF1612D8
BF3AA076
3EE1E7E6
3F43E72D
3EA6FC41
BF363630
BED76488
BE34CA9A
3F731C0B
BEBC2B38
BCDA82ED
BF0FD411
BF348A75
3F6CE08A
3F03023A
BF232BF3
BF1BBCEF
BF13E7EA
3EAC5CB3
3E224A91
3F70E0C6
BF734D39
3F4BB00E
3F442B68
BF7CB8A3
3F4B2205
3F1491D6
3F3C11BF
BC3C3E65
BECB5039
3E23A47A
BF37037F
3F1CB85E
3F26F070
3F08C012
BEFAB03C
3EB60F4A
3EA7B94C
3F5FF937
BF47600C
3F7582B8
BEEE52C4
BF338736
3F09058E
3F1153D6
3E673716
3EC0FFCC
BF4DCF9A
3F076D08
BF6673A4
3EA0AE1C
3F277E1A
BD42B600
BEFC5B47
3F4449C3
3E03C1DA
BEBE5250
3F0A822F
BEE7EA85
BD8B69B8
BF7F4AE2
BF7F1B99
3F68C181
3F38C178
BD67D766
BF2E1222
3F7B32A6
3E4BD206
BF62A3AF
BEA4BB36
BF58FF69
BD86A85D
BEFAD13A
3F2E751F
BE95F3C8
3EBBFAC2
3E9FF493
3E9C99C7
3E280902
3F22D48F
3D7CA11B
3F3E6ED3
BF6295C6
BEDCCD20
BF63E308
3F6ED9F2
BE6BC094
BDEF5F32
BEC967A8
BDB21A22
BECEFFCD
3E8F73F7
BF7BB40E
3E195625
3F05A1FF
BF4FD300
3F177F5A
BF5726DA
3F086E16
3DF08577
3F4F8027
3F70D3F7
BE8BD7EA
BEAB95D8
BEBAE68A
3B8E8259
3F1CBCEC
BF3A543F
BDA84F49
BD17B774
3EBB4F09
3CBF3C49
3D994D8F
BE70265D
3EC67B82
BF11DBA0
3F7AB54D
BF2189C4
BD9AD52B
BE491288
3F0364B5
3E8B83C2
BF69B20F
BEC18932
3CC10A87
BE648A3E
BE8CB208
3C568FE2
3F093A1C
BE95B243
3F1FFC0F
BF5DEC73
3D752292
3F386C87
3EA50CB9
BF5D7CE5
3ED3DD17
3F3BE1AD
3F7D3B76
BF6FC484
3F3154B8
BEA511D5
BF191097
3C861F1E
3BBE8B4A
BF68D6A1
3F75E95D
3F0B8B46
BF42F946
3F2C1ED2
BEE49B37
3D804CF7
BD78B851
BEB50BE6
BF4793AB
3F373A3B
BF7F4A29
3DDFD69C
3E202899
BF26741A
3E30FA7E
BE931C33
BDF7924F
3F7DEEB8
3D8CE8A7
3F146E5B
3E9D9CD7
3E95EB50
BF3D4390
BF713F61
BF012A4F
BF6290D9
3F65DC9D
BF21D626
BF041199
3E58E1C1
3E12500A
3E0C55D6
3F0DB26D
3EC662D3
3E691FE7
BF77C6D8
BEB9678A
3F684A2A
3E12043B
BED50195
3EAA8868
3E93E683
3E74D03A
BF3BD4DC
3D2A49CC
BE9FA5EC
BF28143A
3E3E3A00
BF3775A0
3F30D4BE
BEA88269
BE9C980D
3F7D5CEF
3DA6BE8A
3E909D75
3EF6B15E
BF7021E5
BE873CF0
3F417477
BF4809D3
BF23F382
3F450F70
3E9F38AF
3F30E1E7
3EFEEA55
3F0D7410
3D42A8A1
BD63B1DA
BBF5B28F
BF298CAE
3F539209
3F0C8A75
BF549201
BF0BA4E4
BED92CE1
BDD26C15
3EA8E0B5
BDCDFBBA
3ECBA999
BF05C542
BE998DF8
3F4C3CCD
BF7244F2
3F38BF1A
BEF46399
3EB4150F
3F2A0222
BF69BBCE
3E103CDB
BF6F809C
BF21C2E6
3F72225D
3CC34CA7
3E79C28B
3E252523
BDF51A35
3C30A98A
3BB55432
3F27E113
3F7F25FF
3F47471D
3F72A407
3F2FAF7D
BF77DD7E
BE875379
BF7AB03E
3EDC4181
3EF4977C
3E8D65B2
BF7184D7
BEC593E3
3CEB0419
3F18EE98
BD8AB7A3
3EADA1E9
3F7C07E0
3EF6611A
BF5A598E
3F3E2B97
BEE5AA69
3F0375C0
BF6A94BB
BF37E1E2
BCA0285B
3F6EF74A
BF734278
BF667F67
BEAE45AF
BF33D7FD
3D13B35F
BD278693
3F1856C2
3F558C7E
BF6FAD3D
3ED2C742
3F0DC2A8
3D86ADFA
BEEB672D
3D149AE7
3F61A75C
BF27EE93
BF2A2AA7
3EEEC068
BD4A2353
3EE4AA5D
3EDFCBC2
3EEAC551
3E2DBC73
BF3534DD
3EA33D0F
BF00E8C9
3F2D0493
3F2ED6BB
BDB1E77A
3EF09026
3F7166C9
3E5FCD65
3EEDC2DF
3F6FD407
3F73B0CB
BED27479
BF0DCF1F
3BE31D81
3F68E11D
BEEB2748
3E314992
BF476791
BDFADFB3
3F441FE7
3F31A1DD
3EEE4D62
BE230F02
3F2529EA
BE0FF233
BEBB181D
3E8BE2BE
BF6E3C5E
3F749A05
3C883B2D
BE40D850
BF5AE48F
BF5CD78B
BF21106F
3D73504C
BDE6137F
3CD16794
3E771722
3E49457A
BDF60E41
3E16BDB8
3F6709F1
BDB36993
3F6B43FA
3E073317
BF6B4CDE
3F095FB1
BEFC2428
3F293EF2
3F7A22F9
BF482828
3F05D303
3EFF93AB
BF2C768C
BF6E41C6
3E51CDBA
3F3509FC
3E28E873
BF38CAC5
BF6F540C
3F7A5D07
BF10D025
3DD3F9A2
BD8B9C7B
3F1B9916
3EEFED55
BF7FE7D5
3EB19EF2
3F4589B6
3D122FD7
3F07FF8D
3EECEA2A
BEEE2F7F
BF79EB6A
BE48DD0A
3EA35465
3F6E9586
BF5A84CB
3F3CE59C
3D32C0DC
3F55C9AB
3F57F639
3F3723E4
3F150FFF
BF182A2B
3F4B78E1
3DEE93B1
3EBC3B5B
3F56E27E
3D287742
BF73F972
BE489D77
BF3C98B2
BEEF61D3
BEDF8ABF
BE0B980F
3F3F90F6
BF731A9A
3F35DBB3
BE5A7C7B
3E9F8D4A
3CBEE84B
BF5E5ABE
BEB3A250
BF46C72C
3F7AF628
3E27952B
BF02831B
3F1D7FAE
BF5B9315
3ED9747D
3F122D8E
BF3F0211
BF490FA3
3F7D1E02
3EC433D4
3EA1F4E4
BECF53AB
BEBB21A4
3F6304EE
BED98C67
3F739543
BF188A7B
BE2F9B13
3DB945D7
3F6B4387
3E1C1322
BE4ED569
3F329747
3F36C117
BF1630FF
3F4232D2
BE2E2B41
BF58ED84
3ED9BC49
3F54FA4D
BF090158
3F0AE316
3F28B049
3EF89A33
BF1954B8
3EABF13B
3F2A0073
BF0BAE9C
BEB00BC5
BF472EAC
BF155F4E
BDB54044
3E9B395F
3F0F6529
BF22AECB
3EBD2A90
BBBD4666
3EF4F02C
3F28E2E3
3D914128
3F5B4D28
BF0C9635
BC38B83A
3F67B387
3E76D2F4
3F48E705
3F00A6FD
3F722C96
3EC51403
3F3752C0
BE59C85A
BE6627A6
BE984FEB
BF30A538
BDD71143
BEB00BBA
3EE076B6
BE033541
BCAD24C6
BF38D4F2
3EB03DD4
BF1FA7D7
3F776C48
3D517210
BE0F613F
3DDD7181
BF3F935F
BD6B51DF
3D22E05F
3F7F4769
3DF6D452
3E9CE74A
BF399C81
BE4743FB
BE89FCC8
BD98B195
3F3417E7
BF2BDB98
3F18E7AE
3EAC70DD
BF56AD03
BF425F1A
BE6E72DC
3F113873
BBCF9EC9
3ECF342C
BF214436
BDC1BEE7
3F731E15
BF3626BE
BE8EE3E3
3E920066
3DC59099
BF416794
3F72A88F
3F10C01B
BF14B23B
3E50F4FF
3ECC6256
BEBB0826
BE9BB052
BF6124ED
BF1E1AB9
BF5DEBCC
3EB440BD
3ECC6B29
3F5F77BE
3F62C838
BEE9A419
BEFCBEEC
3F431B03
BF6DAB1E
BF66845B
3CE61724
3EBCCCB2
BED61D5D
BDA7E283
BD59F2CC
BF6D6A4B
3CB0A656
3F6AB0FF
BEA46A75
3E42A634
3F3FF894
3E9DFC1A
3F5881F6
BE885C93
BF202361
3F165DD8
3F6D4931
3F772E4A
3CDD542F
3E948A13
3F56F872
BD0E6939
BF45C147
BD0CF105
BE79E4FD
BEDF18B6
3F4BED5E
BDE360DA
3F125464
BF5DDE36
3F014AB9
BE26D3C5
3E512796
BEBE7479
3ED335D1
3EA51467
BF68B2DF
3EBC4FE3
BD176939
BF00DC7B
3F7386F9
3F24EC3A
3E3DA598
3F45EC97
3F0C43F1
3EE88892
BF6979A7
BF201960
BE98AC84
BF729D92
BEC123EF
BF411F40
BE603FAF
BEA25702
3ED601B5
3F7371AD
BD8D78F1
BD946E4E
BF627DE5
3F226E5F
BF7D604C
3EADA6EF
BE004DD2
BF6D7515
BF104A30
3F65D892
3E38BEE0
BE86A22C
3EFCD0C3
3EC8A7B3
3F514E6F
BF6F78F2
3D882092
BC4CEF41
BF65FBDB
BF6EB6B0
3EB60FD8
3F34D360
BD5C8593
3DEDE0A5
BF3FEA22
BE99D41B
BF7A71C6
BF4223A6
BF3273F8
BEE72311
3F38619A
3CE8866B
BF595706
3EF2241F
3E698D43
3EFC9690
3F35C218
BEDEB29A
3F5E6758
3F2EB8ED
BAD57E62
3D5DDA68
3E9B5111
BF624D28
3F0D9EE6
BE391DFD
BE4815D8
3F4BBD89
BEE6426C
3F19E3CC
BC7C3211
3E96BE57
BF016608
BE86F5AE
3F123851
BEBE20A7
BE7C9AE5
BE4EC1D4
BF01E8C1
BEF55818
BF5AFFDB
3F72CA6B
3F162618
3F0703EC
3EBC99CA
BF10F2EC
3DC48A47
BF3ABAE9
BE8756CC
BECDAF22
3ECE7904
BF649748
3F495E87
3F48EE9D
3DA6CB23
BE6C921B
3E848C5E
3E0315C8
3CDBC3EA
BEE8F1F0
BF218373
BF7962EA
BF7A07C9
BF769C86
BE291D59
BF3A368D
3F3254BE
BF7981CC
BC8C44BC
3E96DDB9
3D8DC1C9
3EFDADC8
3D1A0C18
BF4E16BC
3F07F1AA
3F0621B2
BF710AC7
3F4C3363
BF1B070E
BF400881
3E677347
3ED94704
3E1AAE1A
BEDBECEC
3EA7239A
BF36D7C8
BF68DC54
3F6185B1
3F5393EA
BF5CB948
3F4CE249
3E55F499
BEFD5849
BF4020DF
3F5F81F1
3F0B5231
3F1384F2
BF6A3046
BF0691A4
3DC016F7
BED871C8
3F53670F
3F2BCC7B
BF377C3C
BEA905F1
3E436EA8
3E997B85
3F375058
BF4A93EE
3F14B66F
3F27D98D
BF1C18E3
BF6D0AC7
3ED2D02C
BEDE9871
3E853487
BF3BAF80
BEC9A20B
BECC0144
BEB5FA84
BF447C6A
BF0FD4C6
BF546785
3E836C27
BE417D68
BF024F68
BF22AA4F
BEB0E41B
3E886177
BF03808E
3F6326F5
BF270A87
BE8F4C27
3ED286D0
BF06D34A
3F5865D1
BF5CEF10
3F6CDFEF
BF57153C
3F13A794
3E6B92A5
3F00EE1A
3E188074
3DE4B506
3F0F23C4
BF716100
3F5D41F0
BED97285
3DCA368F
BF267A88
BE7BE7CC
BF23F817
BECC9F8F
3F285899
3F279287
3EE1CD32
3ED075A1
3E93E948
BF5D0086
BEDDE06E
BF573372
3F11C944
BF11D0E5
BF5C475D
3F7F10AF
3E0366AB
3F0075FA
3E5BADF5
3F147730
BF5BB46C
BF322754
BED512B2
BF4CE192
BDB54655
3F787ADD
3F5A4112
3F22877E
3F0DE8C2
BF1A76B2
3F17C921
3C7DC4C0
3F4AD781
BE382E3B
BF4FB85C
BEC83EEF
BF791832
3D87F506
BEFD1533
3CF84B6B
BF74AF0E
BE723C7B
BF098550
BF1B4A25
BF4E48B8
3F0D654B
3F0E3FCF
BE3458D0
3E7EA62E
3F4E5E75
3E321151
BF6A77DB
BEBAC0FE
3F73C1B1
3F6D771C
BE0949F8
BE15473D
BF4E3B37
BDC987E4
BF7A8FB6
BF3B30C4
BE2E0E2E
3D5534F5
3F0316BD
3F234A55
BF7302F6
3EB74E87
3E35209C
3C052C2C
BF596228
BEF668E2
BF79E6BC
BF4C8655
3F5BD835
3D3169D6
BE83AC73
BEA90D8D
BEC675F4
BE9531BD
3EC45881
BF71017B
BBD67206
3EAF9C65
3EB309BB
BE9C7331
3EEDA67A
BF278CC5
3F6B521F
3EC26A33
BF0CE559
3F0D90A1
BE88DC0F
BEC92C4F
BECD2573
BF590C60
3F5F5FC6
BF0AF845
BE6BD586
3F47CD2A
3F23AB0E
3ED1D9A7
3F36938A
3F4F8FAC
BE94BD49
3F4BFDD2
BEF15529
3EA4770A
BED888AC
3EA4005B
BF1EBE72
3F6152C8
BF228C65
BECD20C2
3E466911
BF62CA54
3F4DA2E9
3D4766C4
3EC0AE6B
BF1C2722
BF6FC310
BF2D6EE7
3E6A290E
3F189A13
3EADD7A6
BE92C1EC
BE51EA54
BF66596E
3EBC22C9
BF295A89
3F0588AB
BEB04605
BF0C6E90
3F7A5DC9
BE8776F5
3F6AFD88
BE92D905
BF4DFA86
3EFEDCAB
BF736D9C
BF3FBF70
3EBF194B
3F7D12CE
BF0AE07A
3ED2CD6C
BF23DE47
BE8F6B0F
BF76D096
BF7AD219
BF04E1B3
BEFD1411
BF55F384
3F6305B7
BF4B9C24
3E2EF8A5
3F6A4A89
3EDAF7FC
3DB033E5
BECBBB2B
BEE4294E
BE8A99EE
3E9F35BE
3F56AABA
BBCFEC61
3F2B081E
BF7E0A8F
3F56C260
3D5C6FDE
3E892874
BE351451
3F1ECFA5
3F6371E3
3E32F76A
BF59D8F3
3F3659EA
BEE5E8B2
3F068BC6
BDEF3781
BECCA77D
3EFE65AD
BE6268C3
BF16A891
3F13170C
BEC068E0
BF2852D8
BE877FE4
BE8D588B
BE9C38A7
3DF8177B
3F05F768
BDC2B83A
BE8F60A2
BF59BD14
3E5F972A
BF5CC52B
BF51B50C
3EDD678A
BDCF5A8F
BF5A4B67
3F1A1418
3F581C10
3F5C28F6
BF59CB9F
BF634C0F
3E72E2EB
BEC08A71
3F45DE74
BEA82CDC
BF30B45B
3F459549
3F706DF1
3F0A40F7
BF6D21CB
3F3C9B8A
3E4BDBFC
3F55E247
BF5BF192
BEB110DA
BEBB7536
3F7956BA
3E90FE8F
3D161635
BF39E4C2
3F77B899
BF6653DC
BEE02214
3F64B300
BE8571AE
BF51BEE9
BF3AF835
BF7DB1ED
3F04EB38
BF156BF9
BEE80B1C
BF3B68F2
3E9FA391
BF0CBC30
BF1B3260
BE42A5FB
BF75204E
3F184A16
BDAFD1E8
3E720137
BF3C42B2
3E711482
BE908CFE
BF27348D
3E3A7733
BF3EBBA3
BF1069D4
3E5C2495
3F4C1AAE
3EAC462B
BF3631B3
BE1819A9
BE00DF31
BF60F74C
3EF48BEA
BE978C20
BE3DB597
3F536612
BF0BE3AF
3D4993CB
3F116D34
BF67B68C
3F21BDE1
BF7496B8
3F5F28A9
3F2147F2
BF264598
3F03E970
3F0BF5E4
3E5AE5BA
3F3010FA
BF741ACA
3DC21968
BF5D24F6
BF7ACDF5
BF258FAE
BF04BAFE
3D2B6EE8
3F5F5AE9
3F7269D6
BEC3199D
3DE26F7D
3EA56F91
3F493370
BF61791B
3F547031
3F140381
BF50B3B6
3F5CDE51
BF13C63C
BEE1E873
3F48576F
3CCD3A15
3D58D0C7
3F413DA3
3DEDA9D5
BE2B3125
3E1FB4DE
3E843623
BF308C60
BC8125CC
BF671FF6
BEB77297
BF108F70
BE8B6218
3D365F98
3DFDE8F5
3EAA6A91
3E4EE100
3E86F83B
BD898A8F
BD5CE7E8
BEF259D5
BEDA0354
BF260093
BF111319
BF3699F1
BD946382
3F057473
3DBB5164
BF494457
3D13BF03
BF1E76F8
BF1F90DA
3E92078E
3F5EF887
3CD1686E
3E4E9A05
BEA03AC9
3F48E869
3ED37C0C
BEF91637
BE7FBFAC
BF008C72
3DC2CB89
3F6100DB
3DDA2EA6
3EFFB767
3F39967E
BEF28F66
3F2B17FC
3F6E0E76
3D46C580
BD7FD338
3F4BEFBF
3ED48ED3
BF5B0609
BF70F142
BD6D3723
3F4C4F64
3C3FA178
BE17419A
BF2C50AB
3D97449B
3DCEEE20
3ED3C6A7
BF7AA871
BF7F9C0E
3E3B2A17
3DA2B2E7
3F0D9918
3F6CA954
3F63A1D6
BEC1A967
3DE773FF
BF12ABE7
3F6923E6
3DF3A283
3F3B6BA7
BF169EA3
3F6C10B2
BF040790
BE9339A3
BF3989B4
BE98BF3A
BF611DB7
3F37E58F
BEEC265D
3F0AEF34
3F6672D1
BD8A09D2
3EB4E763
BF7B7775
3E3B9B24
3EBBCD68
BE9C5F7F
BF513237
3F18D5D4
3EF0A18D
3F235B6A
3F055653
3F45DEA5
3F098291
BE8770FF
BF41E111
BF7F5F0F
3F0A65CC
3F557EC0
BEB41A18
3E32EEB8
BF4C7276
3F208E20
3E4DA709
BEF90181
BF378D34
BEA06DF9
3E9BC839
BEF1F7F9
BF60BE8A
BF7DC03C
3EE74D82
3DB5F56D
BF57B615
3ED70A98
BF3ACE8B
BE98006B
BF482322
3F128038
BEEB8C57
BDA65C95
3D8D724D
BF34B030
BF0A8895
3F441654
3F7757AE
3F2C9D82
BE3FFAE0
BE9F5CB7
3F19F64A
3F7FE666
BEE4138A
3F6218C1
3F2E0DBD
BDEEBE00
3DDC4409
3EBB071A
3F5CB7D0
BF7F4A8D
BEB7D359
3F206DE2
3F797DE1
BED4A9F0
BF3C3D2F
BECEBB11
3F666324
3F45B6CE
3F7524EB
BEB6C93C
BEE011E2
BF243905
BDAFCC3B
BF2A5A99
3EEA05EF
3F7D8989
BDC3972A
BEFEBA72
BF268D1F
3F72AA7C
BF3A9CD9
3F17AB5E
3F707F6B
BEC674B2
BEBBE83D
BF2DD9DC
BEC3861D
BEDB5982
3F37F3C7
3EB8059B
3F4E2617
3F41ABC0
BEFF325B
BEC0A326
3F754369
BDAB4830
BF454356
BCE1E2AF
3E685999
BF468E72
BE2A0138
3EE591F5
BE6F9FF2
BEC5EDCF
3EE167F8
BF5990DA
BEFC5D32
BF6758A4
3E45C1A5
BF5C45FC
BF66F9BE
BF571269
3F6592D1
BECD1C49
3C4EC7EF
BD91836C
3F173A6A
3F38026F
BF3F3374
3F7AE9C2
BF6048D7
BE237DC0
3F796CC6
3EA4333F
BE9CF3FC
BCC3501F
3F123B1C
BF44FF2A
BDC32FC8
3F363433
3F41CB9C
BF00F48E
3D911C53
3F6CAAEB
BED88672
BF52B68C
BEAAE946
BEB80B1A
BEF85D5A
BEABACDC
3F6B000F
BF7DF937
BF48538A
3F6E24A4
BD9AB13A
BECB2CB8
BF367B36
BEC0E34A
BF1F4F2C
3F4D2A61
BF067244
BC31645B
3DB60233
BE37A3BD
3F208575
3F2C9CF3
3F3F2652
BF317F8C
BE70B054
BEAB1A65
3F76E774
3F5ABC4D
BF348CFC
3E8B6819
3F452F95
BF36A1F1
3DA8D673
BF6F63A3
3F669F7A
BF4C1712
3F4D6E8A
BF02ABBD
3F6B5C63
BECD9B2E
BECF947A
3F38D399
BF37737F
3EE88E38
3F31A03A
3EE2F94B
BF6533D7
BED5E82A
3F781E0E
BF378947
3F7E87D4
BF1580AE
BEDBC1C7
BF20E182
3B174F5A
3D8943B0
BE3B3198
3F104E92
3F18A983
3F7BD80A
BDE12885
3F2DC8FC
3F6106DB
BF7EC90E
3F7A6411
3ED2CD91
BF5B860C
3F7AE59B
BE69BACA
BE570DEA
3F7E85A4
3F10DD29
BF05BBD8
BEDA6E64
3EEB031C
BF406B8C
3F6E9977
BF6BB1FA
3ECB2DD8
BDD5B741
3F337709
BF480608
3EA664E3
BD8A3CFB
BF723218
BF06AEA6
3CCFB859
3E55B8F3
BE9D3A07
BDB6969F
BDD82832
BE19FF62
3F6CB0FF
BD251C28
3F2E546C
BE629B7F
BE969327
3EE0B43C
BF66294B
3F5C7AD8
BF1394AD
3EF2CC09
3F30DD62
BF2AE37C
3E841E29
3F04D816
3EF7ACBA
3ED1054C
BE03D5A1
BF5CEF7A
BF019501
3DBF34B9
BF52BFC2
BB241226
BF328832
3E6D83E5
3E20D2CF
3CDD88DC
BF1451BD
3F36D5CD
3E63D17B
BF7010E4
BF06B601
3DD89172
BF392C19
3F5FFD3C
