C0CE513D00000000000000000000000000000000000000000000000000000000000000000000000000000000000000000000000000000000000000000000000000000000000000000000000000000000000000000000000000000000000000000000000000000000000000000000000000000000000000000000000000000000
3F7DD2E240D8B1C5000000000000000000000000000000000000000000000000000000000000000000000000000000000000000000000000000000000000000000000000000000000000000000000000000000000000000000000000000000000000000000000000000000000000000000000000000000000000000000000000
3F331C74BE45CEF0C0CBF00F0000000000000000000000000000000000000000000000000000000000000000000000000000000000000000000000000000000000000000000000000000000000000000000000000000000000000000000000000000000000000000000000000000000000000000000000000000000000000000
BEC6D3AA3F22BD0EBE45C998C0D5A0E000000000000000000000000000000000000000000000000000000000000000000000000000000000000000000000000000000000000000000000000000000000000000000000000000000000000000000000000000000000000000000000000000000000000000000000000000000000
3F3AE4A03F0084583EC390213EC12901C0CE3B6C000000000000000000000000000000000000000000000000000000000000000000000000000000000000000000000000000000000000000000000000000000000000000000000000000000000000000000000000000000000000000000000000000000000000000000000000
BE3189483ED0131CBF78F76ABF16A4E1BEF56B5240C91EEA0000000000000000000000000000000000000000000000000000000000000000000000000000000000000000000000000000000000000000000000000000000000000000000000000000000000000000000000000000000000000000000000000000000000000000
3E24D07B3EFF7BCEBE32F4303ED1EAFABF2B4965BE6ADFD0C0C9D05A00000000000000000000000000000000000000000000000000000000000000000000000000000000000000000000000000000000000000000000000000000000000000000000000000000000000000000000000000000000000000000000000000000000
BEC291FB3EEB0E483F02C549BDDA7E48BEE74FC93E371E7BBEF3BA3840C0922D000000000000000000000000000000000000000000000000000000000000000000000000000000000000000000000000000000000000000000000000000000000000000000000000000000000000000000000000000000000000000000000000
3F307AC63F1E5447BF5CA10CBEC7B0DE3E87DF9BBF06F5B73DFC446DBF31A9DC40D17DB10000000000000000000000000000000000000000000000000000000000000000000000000000000000000000000000000000000000000000000000000000000000000000000000000000000000000000000000000000000000000000
BEA2D0F23DA68B803F154C1E3F815EF9BF2CD6F7BF020D78BE943C0A3E5A03003E13D75040BB3E0100000000000000000000000000000000000000000000000000000000000000000000000000000000000000000000000000000000000000000000000000000000000000000000000000000000000000000000000000000000
3DBA9E683F35EE083C9413A0BDE44B80BE56446CBEF9E38D3F8473C4BE34D7523EAFD54F3D792F2040D3966E000000000000000000000000000000000000000000000000000000000000000000000000000000000000000000000000000000000000000000000000000000000000000000000000000000000000000000000000
BEBE819C3E71F05E3E88703BBD890CE0BED80E883F2082CA3F00747ABF6B9264BEA2BCBB3E40A536BDB14EB040CCF6E60000000000000000000000000000000000000000000000000000000000000000000000000000000000000000000000000000000000000000000000000000000000000000000000000000000000000000
3E676498BF18170DBEDF451E3E5260383EC0A6323F03483FBF05F68EBED1D935BF0BBF3A3DF22D18BE1CEC70BC9E78D8C0AA12B100000000000000000000000000000000000000000000000000000000000000000000000000000000000000000000000000000000000000000000000000000000000000000000000000000000
3EBE82473E1E9C08BDA47E4CBF2091603F9ACC213DF8EFFCBCF65B1ABE316F343E1E45883EB857C4BC34C9003D7FC080BF30FD7AC0CD1D3C000000000000000000000000000000000000000000000000000000000000000000000000000000000000000000000000000000000000000000000000000000000000000000000000
3E8783B63EB5E8D0BF3F39AE3F973BE7BE9687B4BCFA29A0BF22279B3EC650663E6650DE3EA90F183E7E69B8BF9C07CA3E9D6BB2BE918FD240C69CDD0000000000000000000000000000000000000000000000000000000000000000000000000000000000000000000000000000000000000000000000000000000000000000
BE1A846BBE5ADFD4BEBA69D43E75307C3EC263143F1EE42ABF0DDDD2BF1C0D4BBF013314BE875D913F8C8B3ABDF86624BF4FA7ED3EBA433D3F2C9D2D40CF54F300000000000000000000000000000000000000000000000000000000000000000000000000000000000000000000000000000000000000000000000000000000
BEA1C952BEF060DA3DE56690BF8915AEBF456FF73E49DC44BF20CB1F3EB984363EA828B4BE7B63703F762FC33F20034CBE3260B03EFB27FCBCF808F03EBB69E040C6A6DA000000000000000000000000000000000000000000000000000000000000000000000000000000000000000000000000000000000000000000000000
BF1AD91BBF93FB4E3D8ED8B0BF5937063ECB28D03F05F5C3BF1E74B2BDC9E76CBF1F28CE3E876345BE8375C63EC67F6CBF14191FBEDBCE903FC490ABBF0279FCBCBC498040C97C060000000000000000000000000000000000000000000000000000000000000000000000000000000000000000000000000000000000000000
BE35CFB63E56CD98BE8B88A9BE928CFA3EBF68C53DBA2C8ABF945B7CBF04EC1ABECD75D23DB9DAA03D9AFCC83F6880F43DD69428BF6B6B75BDB3072CBCACEED0BF3215F23F045070C0BEE9E700000000000000000000000000000000000000000000000000000000000000000000000000000000000000000000000000000000
3D4831D83D2720C0BEBA2C9C3E6F2D6CBE7083D03FA3BCA03E9D5D823F423CC6BD5975403F5137BF3F56A8533DD1932B3F75225B3D313CD8BEB84CA6BFBBA802BF3625DCBFA8C6FC3F27C761C0B2F89E000000000000000000000000000000000000000000000000000000000000000000000000000000000000000000000000
BEEBB41DBE994A77BFB654EABF84A5E93E231E92BD17B45EBEE73D62BDE052C0BF31949B3D7830983DA4C4903E96A980BD8FB0383DF87A8ABF84B7C5BEC87F7EBEF67C903DB13A463DF71EAABE94191140C501730000000000000000000000000000000000000000000000000000000000000000000000000000000000000000
3E403558BFE5E9463F8EA63C3EFDA778BF2A44F8BFA8E7433E14DF3DBE0457A0BD4D4AC03F7551F9BF443E5D3D27ACB0BEF59EB1BE3064B4BDE9E4BCBF3EE0293EFB66A83F191871BEA6CF083E87407B3D19EEF0C0C061F000000000000000000000000000000000000000000000000000000000000000000000000000000000
3EC32B70BE266F88BF8D10D5BED47DFABE169F0ABE4D3BFABF3E2DF4BEA86F083EC6B50CBEDE803A3F146818BEB23DF23DD6A668BE6440883E921E153E215199BEB209E33ED76DF3BDD953C0BF11C360BEB0CE543D9FB1DC40C140EB000000000000000000000000000000000000000000000000000000000000000000000000
BC94E580BCEA65F8BF25AB163F37F274BF1485EE3F82C8703C8AE0F13F28C7BD3EF312283D55A4C0BEC234883E51B3D4BDC5A2103EA8FB393F9927A03F841D8BBEEE8702BE3673363F6234E33E86133CBE8ABFC43BE6C1603F647D4640C6D01E0000000000000000000000000000000000000000000000000000000000000000
BF0A123FBE629BBCBDD7DB103D3EB6B03DF036F03F33F15BBF171808BF1BC8D63F4632CB3F8462DCBF1E0978BF2EEEBEBF038BF7BF824532BE8E6672BF9342013F51467A3E9E8030BEB483143F972D9DBF16CA5E3EB3A1223D590D103E61D54E40B9CD4100000000000000000000000000000000000000000000000000000000
3E610364BF31FE463F8054E7BEB41DC23C672680BEAB4D86BF69F32ABF5D62E63D6FE678BF6937863E915497BF44E01C3EDAC37BBED00D56BF0E8C57BF287865BF0326E03F976E3E3F314A44BED90D6B3F83B078BDC774B83E952D5A3F6DE87CBDBFF500C0BBE548000000000000000000000000000000000000000000000000
3F191EE6BE7D01073E01465CBE9849CABF582EECBF9CB7233DDC12903F1009B2BE8895C2BE0ADA173E448DD63F47FE933EB868333F3446E23FC432203F00B9D9BEA72639BE91AE79BEF9F9543E77F2283D77536C3EE780823E82E4A23D67EEA9BF05CA37BE1CC92A40C063E60000000000000000000000000000000000000000
BF0014483F6D727BBF38D99BBD1EB7A03E3EFC24BF7FE3B93C597D003E690F39BEF6E870BEDEB5673D2F21003F2A295DBF80DCE03C96BF80BF06473C3E8C70D43F8E54F73EA34AD23E71B513BD8078603E18CEF6BE8FCB993F8087E9BE15E91D3ED96012BEA24BC0BF4DBBABC0C1A0B500000000000000000000000000000000
BF3A74003F4AC5E7BEE5D24D3F6EE0D23F9CA022BF3399BE3E91F9063E25AC1ABE56A1CC3F3552F0BE85DD2C3E8901CCBE09218CBF8BE5CC3E9E585BBF897BFA3F2320BBBF42AE5A3F56A822BD91CE083E799EF4BEFB2095BEF1BE1FBDD669E0BDC8A044BF1B93343FC1DF0A3E96BC4D40C0959B000000000000000000000000
BB3639003CCBFCF03EFCF70ABF01850B3E687D7CBE9D59F9BF4B01863F07FB233F76B3BE3DA08F10BF6CA4E8BD9978103E5583B83E6061D2BEDDF7773F131D53BEE9EA103F6F9A3F3E1611FABF81AD6ABE41917C3D017FF63F692ABA3EC2F01B3E632E5DBF2882783DEA75963E0E81B43DA9B82AC0BD3F3C0000000000000000
BF260AE63F047532BEE607EA3EF15815BF9DFEF2BF85BAF9BF902B7CBF0933913F8AF07ABEC0E19A3F06A9A0BF42BA9A3EB2D7043EF530E8BDDCFE30BF4F78863F6ED30DBEE7BA1CBF97EC483E9E69A83F4579B63E98292B3F32210B3E51B46EBDC104A0BF8957E8BF96AF5A3E81A7C63FD9E096BE585ECCC0B3EB6F00000000
BDEBA8D5BDFB22E03DE87C5CBEBBD227BE99BB36BCEA61E0BF67231EBF7A1C3FBF6601F93ED46D163EB5B5643F9B4E1F3F108E093F86C9F13F2EF2E4BEC75CC23EB0CC84BEAF8BA43EECE52CBD874324BFB4F8553DAB7530BEC74F7F3F259D8ABEA38B72BEEB310D3DFD13D83DCA2C80BF134C72BCA33420BD428FA0C0C610A4
