3EE086B9
BF73C1B1
3E197636
BF682CA2
BE1EA7DD
BD842914
BF746A1B
BF5EAE9D
3F5910CE
3D8BD963
BE886682
BE8B51B1
BF327F27
BF336680
BE98C756
BEA7F881
3F116C19
BCD943C7
BD902FF5
BF3CCC77
3F45D51A
3EB2BF2F
3F2B9A0B
3EA03E60
3F77C3F7
3F75A705
BEFFD7E3
3E7F1EED
3EE9B862
BB6FD208
3F331CB2
BF1E3FF8
BF40703A
BF7E9241
BF31B02C
3D8BEC39
3CAE3893
BE6B13F0
BEC1F301
BF7E2DFB
3F216775
3E8DBD91
BDD39A16
BF030731
3F1B554A
3F25DF83
3F345255
BD862306
3F70FF75
3F2EB789
BF57C888
BF065970
3F2298A7
BE40DCE0
BD89FC32
3F672FC1
3F6E152D
3F07D36B
3E18A511
3F54F420
BC15ABBB
BF2B006D
BEB22DAB
BED0730E
3DEECA66
BF5D73AE
BF5CAEF0
BF2A9B36
3F6516A1
3F1F46FB
3ED781B2
3F70C407
3F7F31CC
3F7993AD
BF3327DA
3F6ABDBC
3D798542
BF5A1155
BEC0B205
3F4A53D3
3F2B66C1
BF7ECC25
3E8F932B
3F1B3ABF
BF027E39
BF5F2B5F
BEF2893F
BF4B683D
BD055FAE
BE261FE7
BE731EC0
3F460614
BE22B2BE
BEDD56FC
BF6754CD
BF0FC97A
BF058AB9
BF710508
3ECF2A98
BF7C1731
3E632A62
BE3C3B8D
BF008A10
3E9C1E67
BEB80948
BF4AEB7D
3D91AC7F
BF2B9621
3F445214
3EAA73B5
3F320B4E
3F067B83
3F1D30E9
3E8824AF
3ED77A42
3EC13104
BEB75972
3D81A1DA
3F3F1347
BF641360
3A521F2E
BE09B371
3F4EFE1D
3E854EC9
3F775086
3E2E7D84
3F2E67E9
BD7F7A3E
3DB93B0D
BF244C77
3E89B054
3F6D08EF
3D8B5201
BD270003
3F165B67
BF5087D4
3F42F828
BF7E044A
3CBCE484
3EB6BF2C
3E06A6B4
BD30777E
BEB7CB7B
3E500912
3F5388C2
3EBAE5F3
3F64BA40
BF4D4435
3CB4B2A9
BF479D42
3DB96485
3EC15117
BF3485C3
3F0E1C7B
BE4EBE3A
3F4BEDF9
BEC5964A
BF60BDE7
BF0FA17A
BF5596EC
3F669A38
BF779E44
BF454A2E
BF79A567
BF114AA7
BF7A262C
3E91DE38
3D0B3095
BF02484D
BF1CCD26
BF517969
BE86B73A
BF7C0291
3E525512
BD2D38D1
BEC47CCC
3EFA4FA5
3F2DBF30
BEF3450C
3CE946C2
BDDA035F
BEA2998C
3F2DA3FF
3F770942
3E817FE9
BF232FE7
BF4103EA
3E23C6A3
BEAF944F
BEED608D
3DCDC785
BF23934A
3EB6C693
BF637CCC
BF6E900F
BEDA9AE8
BF586055
3F4D17D0
3F317656
BE559C0A
BF295C9E
BE0E6F04
BE2B95D3
3EEA40F9
BE3F8ABA
3F67534F
3F52EFB3
3F671FC7
BE9DB1DC
BED6CA39
3F45FDA4
BF1476D8
BF3CFDC0
3D2810EF
3F4F98D0
BE479E3A
BF1187BE
BF57AF75
3F5DBA06
3E52AE53
BE7AE562
3EA8E3CA
3F1599F6
BEAA810A
3EC5485E
BF17A579
3F6ADC82
3ED8EA9C
BF2A8B38
BDEA627C
3E882F77
3F5C24A8
3D704780
3E818283
3EB92898
3F58AD59
BF31BFB9
BE411575
BEC0064B
3EC68D73
3F48083E
BC98D8CE
3F1C94E6
BEB1BA00
3DCC4E13
BE63C50A
3F4B2D2C
3EB458D3
3F2823A5
BF47A26F
BEE2123B
3F09079C
BF116108
BF6E8F69
BE01F114
3F5FAC9A
