3F180C9D
3F352D11
BEA83E77
3F75EAFE
BF325958
3F3D8ADF
3E91026B
BF01E88C
BEB92BF3
BCCD56BD
3E72BC7B
3F732691
3F2C220E
3E8FE7FE
BF249EF3
3F6023B8
BE8B8614
BEF7F6E6
3EAFC668
3F68A304
BF62D06F
BF4EF171
3F5F246B
BE85E53D
BE9EDB32
3F25AD2E
BEF58645
3F509A74
3F197BCD
BF51882A
3EBEB90C
3F39AADB
BE00340A
BF56BE61
BF4440D3
3E68A858
3EF2E688
BCE021B8
3E861766
BF5431CE
BE14E6D2
BE9B442F
BF1E65BA
3F26FCF4
BF613300
BF081CE8
BF0553D1
BF76719A
BF6B6EAE
3F157E33
3E27B4BF
3ECF533D
3EC84A22
BEB68486
BE55E1D4
BECC155A
BF725F3A
BF3A1D40
BF237376
BE8DFA2E
3F52CD7C
3D89D196
BF5CEDA8
3E4FBD38
BF0911AA
BF308DD2
3F21D919
3F7FE125
BE5CB6CF
3DB5A539
3F14910A
BF780CD9
BF0DAAC1
BF3B1B1F
BD115230
BF15BD8B
BED79448
BD4C349D
BF494C30
3D8D1BBC
BF627EA0
3E218479
3D73729A
BD1663E0
3E8CDD7E
BEDB95C0
3F679BEF
BE65A060
3F31940B
3E568E74
3EBEFE26
BCE98549
3F01B630
3F3CFC31
BE1345AA
3E729C5C
3F4A496B
3EBA9F3C
BE9A8456
3EA417F3
BF7237C7
BE502156
BE91C6B4
BE8DDAA3
3F5C1318
3E8435DD
BE599DC5
BF15936E
BDAD1D2A
3F444128
BD5B245E
BF79C321
3F565610
3F604012
BF121BD3
BF3B594A
3F302F85
BE647F1D
3F11305A
BF2683A9
BDBEEC17
BF1177B2
BF5900AF
BE16A82D
3EB8D250
BF3D4348
3F2767AA
3F23EA92
BF575312
BE8AADC0
3E31F8F8
3E98BED5
BE4182F2
BF6FBF20
BF1EDAC9
BE1FD61B
BEC48010
3EC5EBFA
BF685CE6
BF717B25
3F1C58E0
3EE12C94
BF5D2646
3F5D2292
3DB52013
3EE80A93
BF1083E0
BF4DD88E
3D8597BE
BDA0127A
3F1F8C28
BE81F72C
BD9A33FA
BE86DBBF
BF7506B4
BDB878B6
BF70198D
3D52AE69
BF1D5FC0
BD12D6A1
3F4C1F67
BF4454EB
3E2F68B3
BE9F3744
BE252F9E
3EA58862
3E807B46
BEF05420
3F3DF8B7
BF4CD20C
BE79D089
3F566088
BF6987C8
BEC59636
3F790A6C
3F55FCD2
BF4DEA7E
BE92D043
3F427D78
3F135EC7
3F2D77A3
3F3D6F9B
BF525F7B
3F070F99
BE605CBA
3F048419
3F099220
3F10B703
BF050DE2
BDAABF67
3F345353
3EDF0CFB
3F6124DA
3F1F0E8E
BF0ED41F
3F30E8CE
3E48C039
BF4D605E
BF233FA6
3F207273
BF1DC706
BF24C5B0
3E3138F4
BCA01E72
BF04381C
3EDAB16A
3F6B7BCC
3F3D8668
BEDD97BD
3F5298F4
BEFDF4D3
3F4155CE
3EF11C76
3F4BD99C
3F486541
BE5CD3D8
BF052DD3
BE8AC064
3F49A49C
3E9D113B
BF32E1A5
BF0A16A0
3D276185
3ED88E0B
BF16A1A7
3E34ABEC
BF5A0F5B
BE3CE610
3EF5ED37
3F7EDF40
BE362703
BD7CB205
BF4C7C63
3F09304B
3F2F4825
3EC46346
3F5EC6CD
3EAFB1D8
BF5FC32B
BF5984F1
BF4E99F0
BE85C637
3F60BA51
3F78D672
BEAC959A
3EE4D265
3F41F408
3E3599C6
3F50F7D1
BF447CC8
3F0EEDF5
3E85C33C
3F32B551
3F36F223
BEA9D5F0
3EE5B1C0
3E51567A
3F7743ED
3DA374D5
BF7D05D5
3E543083
BF181061
3DDC8047
BE8189FE
3F1368EC
3ED4D916
3D6579C8
BF49A01B
BF5BB14C
3ED67641
BEEC1664
BEFDD799
3F5B4873
BF6A4958
3F0F3010
BF503995
BF7E1332
BF5D4E4C
BF15D2C5
BD47ECAB
BE4F30E1
BF732289
BE2E6E44
3F6F658F
BF62129B
3D24DE14
BF55BAF0
3F074DDE
BD1E7ACF
3F3FE9CC
BF5E1803
3F10CCE1
BE2307B2
BE108787
BF0404AF
BF6452EB
BF7BCCA7
3EE4E9D8
3DC757A9
3F33C5BB
BF17D067
3D41D5D3
3F72C25D
BE925294
BF5BCD28
BDC1513D
BD3F09AD
3F63518A
BD774177
3F4DCD79
BECCE06E
BF2B28BC
BF71FFAB
3EEF28A5
3F7017E7
3F1E302F
3D949808
BE93B9FA
BEE687D3
3EDD0600
3E31CF79
BF159068
3D4EAFC4
BF4C1625
BF17E8A5
3ED4604F
BF71AF61
BE790E97
BEBF89D7
BE8AB040
3F0570B5
3CAA3553
3E9B468F
3DCFF1E0
3E8C598F
BE4D36A6
3DC10C10
BD71D4B7
BEAB04CF
BF019F8E
BE4555A1
BE8F4B03
BE93D566
BF7D74B3
BF39C4A8
3EE2F8F1
BF4712B8
BF52E229
3F164F0C
BEEDE0B7
BE5529A2
BF366610
3F00BE54
BE5D1123
BEC5CA11
BEC39C99
3EABEE8B
3F3B9FBE
3F3BCECD
3EAF05DF
3F53D780
3F5122E8
3F7E2103
BF5CEE8B
BF4B3C74
3D4D99D1
BF4051F6
3E747555
BF11EFE7
BF4A701B
BEDDA710
3E011EAE
BE7DE499
3F51FB64
3EF3D16B
3F5D79A6
3F4F5CDD
3EC6809C
3F398BA2
BE13D40A
BE08639F
BD867222
BF3C7F3E
BD7BB6DD
BED9F649
BF7AC2C7
3F3621BF
BF021A66
3DE36C2F
BB985DA3
3F37E0B7
3F463077
BEB3B44B
BE883896
3E03C96A
BF4145D4
3E92EFE3
3EEF8A89
BF504301
BF24AFE5
3F324F78
BF7F5B92
BEB215FE
BF01991E
BED4F22D
3F3C1942
3D52F1BF
3DE4A10B
3E56CD51
3F446ACD
3E82F610
3F5A5CA6
3F050382
3E66BA61
BF5E402D
3F0DF7FF
BD2EEE19
3F2CF702
3EE8403A
BF7EE248
3E623441
BF439222
BDAC1339
3F2031C1
BF2E3716
3E89D106
BE2E19EB
BF00B73D
BF3EEFE0
BF6A61D1
BEC0AF77
BF13E549
BF231FC6
BEABBD31
3F29416D
3E54BECD
BF4B5B31
BF58470A
3EB256F7
3F60215E
3D223E0C
3E8307A1
BF638171
3E0BC89A
BE955F05
3F7600F4
3C98FF4C
BF72C83A
BF474978
BE483328
3ED3303C
BF555BA2
BE01D5CB
3C2E523C
BF674817
BF0233B8
BF59E632
3F365258
3F6B3FFD
3EE4FFBD
3EE07E63
3EBCC754
BF399501
3D8521D3
3F1E6917
BE927330
3DC0AD03
3F509FAE
BE15C41A
BE621F4D
BF4F9CBF
3F3D6634
3F1E7E22
BF10A475
3EB68E19
BF15B2BA
3F127D55
BF147931
3EF6ABF2
3D39FEBA
3F1D891B
BED3221A
BF77103A
3F24307E
BF1FCA54
BF2AEFE6
BEB890B7
3DE978E6
BE05E76B
BF6FE3B3
BF24B1E9
BF2B7573
BF10787B
BE9A7D6A
BE084160
BF66F4D4
3D3E0273
BF101DB5
BF08116C
3CD54EA7
BF447E7F
BF2D77FA
3ECEA5E6
BF6DD433
3F5B54BE
3F6FEEAB
3D335852
BEB2D062
BEBDA327
BD0BEBF5
3F195159
3F061889
3E975A41
BF6DC5B5
BDD6C222
3F26F271
BF54D8B5
3F5AF0BA
3C11A1FF
BF6F2D09
BE66A44E
3F1DC929
BD439A83
3EB029F3
BC70EDDC
3ABD7A30
3ED32F0A
3E53E263
3F1637C3
BE939A43
BE1D297B
BF5080BD
3F3FB4E2
BE833C18
BF5763A9
3F435A29
BE2795B7
3EDC431B
BF2075F4
3EE135CE
BD36C561
3EA04CD7
3F74E529
3F331A2D
3E8459C0
BE230D4B
BDF792CF
BEC57D26
BEB1DF56
BE8A90A1
3E2C053F
BF32E2AF
BF72D85C
BF5DEE89
3F306DDC
3EB01EA2
BDFA8D27
3F5DAB80
3F317581
BE3ACA00
BF46696B
3F0143FC
BE713449
3D647E3E
3F4F8759
3F35493E
3E2BED68
BF4AD8F5
BF23744B
3ED6D8DB
BF686462
3F163B3D
BEFDB2DB
3EA3E505
BF5A7812
BF7BEC9A
3F109513
3D81D8A1
3F54A108
3F371782
3F4A0040
3E70F1EB
BF51C015
BD87842C
BF52BCE6
3F6FB634
BF7EDEEF
3F7DE9AE
BDDA6B2E
BF4F300E
3F55FA90
3F39881E
BF62C865
BEDD12D6
BF337C4A
3E7F2624
3B96B9C9
BF0D1788
BE86B5FC
BD2BF5E6
3EC06658
BE61EEB0
3E6A88D3
BF54DFC8
3DF578DE
3EA287D6
3EFE3D69
BED12F65
3F5F75E5
BEA8E1BF
3F5EC595
3F338150
3DADF83B
BF2C1043
BD73CEDA
BC2FC3C3
BF1B6B68
BF72F455
3F77AD38
3DB49B00
BDD593C9
3E61BA62
3EF0DE78
BF5448C1
BF70C539
3E38CEAA
3F187ED0
3E0F6749
BEE53C53
3EEB575C
3E5C1910
BEE3A00E
BED83653
3EDADAA4
3E243CF7
BF7C22FD
3F47830B
3F38B7CB
BE8102E2
3DFFD88F
BE942C6E
3D510EB3
BF17E914
3F216A00
3F44EC24
BDC6E597
3E6EE640
BE96DC3C
BE9D18A7
3F510446
BE5D8130
BE86C4D6
BF416F4D
BF30CAC1
BD865C1D
3ED354DB
3F5F058B
BF11EF7B
BF6AD646
3EAB2115
BEEB504E
BF423916
3E80227B
BEF9B664
3EC645AB
BF20E57E
3C94684D
BF0DA42E
3F19D497
BF2B6D59
3D906C23
BE65159E
BF5515C4
3F7DBA34
3CE36B77
BEAB2E27
3F2F7D27
3EBC0ACA
BF77DCC8
3F3C46FF
BF4F057F
3F086D86
BF2DA8BC
BF2823F7
BE83CBF1
BF0C3673
BF74348E
BF7390A9
3F3D4106
BF3C9245
3F4A6CEC
3EB88E74
BF321C2A
BE683F01
BE7F1D1B
BE41FBE8
BF2DC5FA
BF2E6A1F
BF0D220F
3D25F622
3F6BFCE2
BF0325E7
3F031DF3
3F35E005
BF0C8F7D
3EB80055
3F7ACFB4
BF56FA32
3DB31A92
BEA3F7B2
3F317616
BF38C842
3F697D98
3F4F5E33
BF5090E7
3E9FD2F0
3F53811A
3F0E1664
BF42A6BB
3DD26417
BF01C7C2
3F15B638
3F4B19AD
BF374335
BC565BB4
BF793B4F
3E84E7E7
3F5133BB
3F2854E3
BEDA6E85
3F4E309C
3F54640F
3DB9DE15
3F7428EF
BF48C938
BD5C9818
3F1437B8
BF079D7E
BF3C4A9D
BB6C53A7
3F125CB2
BF43ACFF
BD5DB66F
3F251739
BE4F60F3
BE9100E2
3D8F66DB
3F7C44FD
3EC62675
3F5DC9EA
3EA480D2
3F26DE0F
3CCB1C8D
3F0A5B08
BF2A7775
BAC07EF3
3E9DA505
3E379C9A
3EBDFE47
3D58ABB1
3F64E467
BF45CBED
3E134440
3F4DAAD2
3BA4D34A
BE610235
BF342570
BF29FEDB
3F5305A3
BF39859E
BF3F80F7
BE06E3C3
3F6EBDAF
BF31F1E2
BF3A1D1A
BD8483C8
3E58D126
BF048829
3EA7AD48
BEC442FE
3EBDC86A
BF4BF561
BF08004B
3F1F265B
3F674BB8
BEABC748
BF195E20
3E8197E4
BF6A78CC
3F0DDE47
BEB75B6E
3EF25BB8
BEFC16D4
BEB1F84E
3D88DF32
BF04B9D3
BF1A88CB
BE347B8F
3E0FE441
3F78D106
BE9605F1
3E4475A6
3E2C48CD
BE1BEB87
BEA94198
BEA6C34A
3D578E4E
3F47FE05
3EF571B7
BE30E2A6
3F6AC97B
BE109503
BF6E068A
3E521A4E
BE5172F2
BE180DCF
3F145318
BF68A0FC
3F64AD8C
3F0098F4
3F0545BC
3D9C9B94
3F2176AE
3F73335C
3EDC6B6C
BF0C47FB
BDA9E5FD
3E79D3DD
BF207338
BEB691E5
3A576167
3CCAD395
3EE9D780
BEF985E2
BF01B356
3EF99B99
3ED2C231
BDEFEB67
3F0B0C0B
BC8E71F3
BE5FC416
BDC53B1E
3E2704AC
BF473680
3F6EB407
3E3B1617
BC83E276
BF1B037C
BF699B83
3E8C3B3E
BE828CE8
BF5CF91E
3F24116E
3EA7B9F3
3EAB11B7
3E3BA3D3
3F0655B2
BDA83201
BF50A87B
BF07E826
BF18AC60
BF3C3831
3E46A64B
BF2C47C0
BE4DB372
3F6DB47D
BF7C182F
BF76B5E8
3F1E4D92
BEBC134B
BF2EA090
BF625141
3EDAEA95
3F4FCA51
3ABB981A
BEF3407E
BF3E80FC
BF35BC18
3EFCDCD4
BE21C263
BEC4BF7D
BF1C0D8E
BF6974C2
3EBF2252
BF3E5D27
BEFC5C8E
BF15D46A
3E9CA246
BF5D3E24
3F668C49
BECF5AC5
BF486F7B
3E043CCE
BF2139CC
3F3C1C3A
BE8F157A
3F361DF3
3F5A5538
BE597552
3F447D43
3F4016D2
3F7950A0
3F6B0ED5
3F317DEE
BE857C1B
BEB464A6
3F53211A
BE7584AC
3F6477E9
BF5F8D62
3D7FBB2A
BF694051
3F022B1E
BF5EE6E7
3F799A3B
3E65F4D1
BF3A204F
BF448E0E
BEA137F9
3F710AED
3F54B1E6
3EBC92D3
BC374BEE
BF579A9D
BF2E68ED
3E8F2D6D
BE93B2AE
BF759949
BF30B9A6
3F232AB6
BF568CFB
BF7FDCBC
BF069041
3F5B0B6F
3F2C237B
3F1837CF
BF3016F8
3EF301B5
3E590B11
3E403F57
BF342E4D
BE763352
3EE2EC90
3EDEF9AB
3F2C2825
3F1B8233
BF613E61
BF0C6D10
BF6F200C
BE800768
3ED80F32
BF7330B5
BF4EC696
3F3AD3E2
BF214071
3F109435
3F3BDE6F
BF73B918
BF1C8B38
3EE95153
3F148967
BF1AFD5B
BE92C42C
BF06321E
BEAA628C
3E8EFE97
3F3B1D35
BF7E20E8
3CE87E52
3EA5EE2A
BF67CDC0
BF5A9274
BD38C302
BF073D39
3F2AC2B9
BDEBF588
3E85AA3B
BF158CC2
3DCBEB6B
3F0D3E35
3F3EF775
BF4E7873
3F3A318D
BECCE599
BE7DD673
BF14DB51
BDA11E75
3E4308C6
3F5F2983
3E5B92EC
BEAB9065
BF145001
3E9756D4
BF7E2DDE
3C8E37D8
BED6B158
3F6589F9
BDC93669
BF009C1B
BF5CFDA5
3F673FC1
3F39D0EE
3E7FA17A
BECF7179
BE621D4F
3EA9F416
3E7F8F74
BDBF0978
3F2A3083
BF635FA1
3EE7985D
BEA34CBB
BF2B65C1
BF1506B3
BED46395
BEAB0C36
BF62C740
3EA26401
BEC2A29F
BEC9373E
BE8ACCAC
3E1AED95
BF5EA9DC
BF5894B2
