3F180C9D3F352D11BEA83E773F75EAFEBF3259583F3D8ADF3E91026BBF01E88CBEB92BF3BCCD56BD3E72BC7B3F7326913F2C220E3E8FE7FEBF249EF33F6023B8BE8B8614BEF7F6E63EAFC6683F68A304BF62D06FBF4EF1713F5F246BBE85E53DBE9EDB323F25AD2EBEF586453F509A743F197BCDBF51882A3EBEB90C3F39AADBBE00340ABF56BE61BF4440D33E68A8583EF2E688BCE021B83E861766BF5431CEBE14E6D2BE9B442FBF1E65BA3F26FCF4BF613300BF081CE8BF0553D1BF76719ABF6B6EAE3F157E333E27B4BF3ECF533D3EC84A22BEB68486BE55E1D4BECC155ABF725F3ABF3A1D40BF237376BE8DFA2E3F52CD7C3D89D196BF5CEDA83E4FBD38
BF0911AABF308DD23F21D9193F7FE125BE5CB6CF3DB5A5393F14910ABF780CD9BF0DAAC1BF3B1B1FBD115230BF15BD8BBED79448BD4C349DBF494C303D8D1BBCBF627EA03E2184793D73729ABD1663E03E8CDD7EBEDB95C03F679BEFBE65A0603F31940B3E568E743EBEFE26BCE985493F01B6303F3CFC31BE1345AA3E729C5C3F4A496B3EBA9F3CBE9A84563EA417F3BF7237C7BE502156BE91C6B4BE8DDAA33F5C13183E8435DDBE599DC5BF15936EBDAD1D2A3F444128BD5B245EBF79C3213F5656103F604012BF121BD3BF3B594A3F302F85BE647F1D3F11305ABF2683A9BDBEEC17BF1177B2BF5900AFBE16A82D3EB8D250BF3D43483F2767AA3F23EA92
BF575312BE8AADC03E31F8F83E98BED5BE4182F2BF6FBF20BF1EDAC9BE1FD61BBEC480103EC5EBFABF685CE6BF717B253F1C58E03EE12C94BF5D26463F5D22923DB520133EE80A93BF1083E0BF4DD88E3D8597BEBDA0127A3F1F8C28BE81F72CBD9A33FABE86DBBFBF7506B4BDB878B6BF70198D3D52AE69BF1D5FC0BD12D6A13F4C1F67BF4454EB3E2F68B3BE9F3744BE252F9E3EA588623E807B46BEF054203F3DF8B7BF4CD20CBE79D0893F566088BF6987C8BEC596363F790A6C3F55FCD2BF4DEA7EBE92D0433F427D783F135EC73F2D77A33F3D6F9BBF525F7B3F070F99BE605CBA3F0484193F0992203F10B703BF050DE2BDAABF673F3453533EDF0CFB
3F6124DA3F1F0E8EBF0ED41F3F30E8CE3E48C039BF4D605EBF233FA63F207273BF1DC706BF24C5B03E3138F4BCA01E72BF04381C3EDAB16A3F6B7BCC3F3D8668BEDD97BD3F5298F4BEFDF4D33F4155CE3EF11C763F4BD99C3F486541BE5CD3D8BF052DD3BE8AC0643F49A49C3E9D113BBF32E1A5BF0A16A03D2761853ED88E0BBF16A1A73E34ABECBF5A0F5BBE3CE6103EF5ED373F7EDF40BE362703BD7CB205BF4C7C633F09304B3F2F48253EC463463F5EC6CD3EAFB1D8BF5FC32BBF5984F1BF4E99F0BE85C6373F60BA513F78D672BEAC959A3EE4D2653F41F4083E3599C63F50F7D1BF447CC83F0EEDF53E85C33C3F32B5513F36F223BEA9D5F03EE5B1C0
3E51567A3F7743ED3DA374D5BF7D05D53E543083BF1810613DDC8047BE8189FE3F1368EC3ED4D9163D6579C8BF49A01BBF5BB14C3ED67641BEEC1664BEFDD7993F5B4873BF6A49583F0F3010BF503995BF7E1332BF5D4E4CBF15D2C5BD47ECABBE4F30E1BF732289BE2E6E443F6F658FBF62129B3D24DE14BF55BAF03F074DDEBD1E7ACF3F3FE9CCBF5E18033F10CCE1BE2307B2BE108787BF0404AFBF6452EBBF7BCCA73EE4E9D83DC757A93F33C5BBBF17D0673D41D5D33F72C25DBE925294BF5BCD28BDC1513DBD3F09AD3F63518ABD7741773F4DCD79BECCE06EBF2B28BCBF71FFAB3EEF28A53F7017E73F1E302F3D949808BE93B9FABEE687D33EDD0600
3E31CF79BF1590683D4EAFC4BF4C1625BF17E8A53ED4604FBF71AF61BE790E97BEBF89D7BE8AB0403F0570B53CAA35533E9B468F3DCFF1E03E8C598FBE4D36A63DC10C10BD71D4B7BEAB04CFBF019F8EBE4555A1BE8F4B03BE93D566BF7D74B3BF39C4A83EE2F8F1BF4712B8BF52E2293F164F0CBEEDE0B7BE5529A2BF3666103F00BE54BE5D1123BEC5CA11BEC39C993EABEE8B3F3B9FBE3F3BCECD3EAF05DF3F53D7803F5122E83F7E2103BF5CEE8BBF4B3C743D4D99D1BF4051F63E747555BF11EFE7BF4A701BBEDDA7103E011EAEBE7DE4993F51FB643EF3D16B3F5D79A63F4F5CDD3EC6809C3F398BA2BE13D40ABE08639FBD867222BF3C7F3EBD7BB6DD
BED9F649BF7AC2C73F3621BFBF021A663DE36C2FBB985DA33F37E0B73F463077BEB3B44BBE8838963E03C96ABF4145D43E92EFE33EEF8A89BF504301BF24AFE53F324F78BF7F5B92BEB215FEBF01991EBED4F22D3F3C19423D52F1BF3DE4A10B3E56CD513F446ACD3E82F6103F5A5CA63F0503823E66BA61BF5E402D3F0DF7FFBD2EEE193F2CF7023EE8403ABF7EE2483E623441BF439222BDAC13393F2031C1BF2E37163E89D106BE2E19EBBF00B73DBF3EEFE0BF6A61D1BEC0AF77BF13E549BF231FC6BEABBD313F29416D3E54BECDBF4B5B31BF58470A3EB256F73F60215E3D223E0C3E8307A1BF6381713E0BC89ABE955F053F7600F43C98FF4CBF72C83A
BF474978BE4833283ED3303CBF555BA2BE01D5CB3C2E523CBF674817BF0233B8BF59E6323F3652583F6B3FFD3EE4FFBD3EE07E633EBCC754BF3995013D8521D33F1E6917BE9273303DC0AD033F509FAEBE15C41ABE621F4DBF4F9CBF3F3D66343F1E7E22BF10A4753EB68E19BF15B2BA3F127D55BF1479313EF6ABF23D39FEBA3F1D891BBED3221ABF77103A3F24307EBF1FCA54BF2AEFE6BEB890B73DE978E6BE05E76BBF6FE3B3BF24B1E9BF2B7573BF10787BBE9A7D6ABE084160BF66F4D43D3E0273BF101DB5BF08116C3CD54EA7BF447E7FBF2D77FA3ECEA5E6BF6DD4333F5B54BE3F6FEEAB3D335852BEB2D062BEBDA327BD0BEBF53F1951593F061889
3E975A41BF6DC5B5BDD6C2223F26F271BF54D8B53F5AF0BA3C11A1FFBF6F2D09BE66A44E3F1DC929BD439A833EB029F3BC70EDDC3ABD7A303ED32F0A3E53E2633F1637C3BE939A43BE1D297BBF5080BD3F3FB4E2BE833C18BF5763A93F435A29BE2795B73EDC431BBF2075F43EE135CEBD36C5613EA04CD73F74E5293F331A2D3E8459C0BE230D4BBDF792CFBEC57D26BEB1DF56BE8A90A13E2C053FBF32E2AFBF72D85CBF5DEE893F306DDC3EB01EA2BDFA8D273F5DAB803F317581BE3ACA00BF46696B3F0143FCBE7134493D647E3E3F4F87593F35493E3E2BED68BF4AD8F5BF23744B3ED6D8DBBF6864623F163B3DBEFDB2DB3EA3E505BF5A7812BF7BEC9A
3F1095133D81D8A13F54A1083F3717823F4A00403E70F1EBBF51C015BD87842CBF52BCE63F6FB634BF7EDEEF3F7DE9AEBDDA6B2EBF4F300E3F55FA903F39881EBF62C865BEDD12D6BF337C4A3E7F26243B96B9C9BF0D1788BE86B5FCBD2BF5E63EC06658BE61EEB03E6A88D3BF54DFC83DF578DE3EA287D63EFE3D69BED12F653F5F75E5BEA8E1BF3F5EC5953F3381503DADF83BBF2C1043BD73CEDABC2FC3C3BF1B6B68BF72F4553F77AD383DB49B00BDD593C93E61BA623EF0DE78BF5448C1BF70C5393E38CEAA3F187ED03E0F6749BEE53C533EEB575C3E5C1910BEE3A00EBED836533EDADAA43E243CF7BF7C22FD3F47830B3F38B7CBBE8102E23DFFD88F
BE942C6E3D510EB3BF17E9143F216A003F44EC24BDC6E5973E6EE640BE96DC3CBE9D18A73F510446BE5D8130BE86C4D6BF416F4DBF30CAC1BD865C1D3ED354DB3F5F058BBF11EF7BBF6AD6463EAB2115BEEB504EBF4239163E80227BBEF9B6643EC645ABBF20E57E3C94684DBF0DA42E3F19D497BF2B6D593D906C23BE65159EBF5515C43F7DBA343CE36B77BEAB2E273F2F7D273EBC0ACABF77DCC83F3C46FFBF4F057F3F086D86BF2DA8BCBF2823F7BE83CBF1BF0C3673BF74348EBF7390A93F3D4106BF3C92453F4A6CEC3EB88E74BF321C2ABE683F01BE7F1D1BBE41FBE8BF2DC5FABF2E6A1FBF0D220F3D25F6223F6BFCE2BF0325E73F031DF33F35E005
BF0C8F7D3EB800553F7ACFB4BF56FA323DB31A92BEA3F7B23F317616BF38C8423F697D983F4F5E33BF5090E73E9FD2F03F53811A3F0E1664BF42A6BB3DD26417BF01C7C23F15B6383F4B19ADBF374335BC565BB4BF793B4F3E84E7E73F5133BB3F2854E3BEDA6E853F4E309C3F54640F3DB9DE153F7428EFBF48C938BD5C98183F1437B8BF079D7EBF3C4A9DBB6C53A73F125CB2BF43ACFFBD5DB66F3F251739BE4F60F3BE9100E23D8F66DB3F7C44FD3EC626753F5DC9EA3EA480D23F26DE0F3CCB1C8D3F0A5B08BF2A7775BAC07EF33E9DA5053E379C9A3EBDFE473D58ABB13F64E467BF45CBED3E1344403F4DAAD23BA4D34ABE610235BF342570BF29FEDB
3F5305A3BF39859EBF3F80F7BE06E3C33F6EBDAFBF31F1E2BF3A1D1ABD8483C83E58D126BF0488293EA7AD48BEC442FE3EBDC86ABF4BF561BF08004B3F1F265B3F674BB8BEABC748BF195E203E8197E4BF6A78CC3F0DDE47BEB75B6E3EF25BB8BEFC16D4BEB1F84E3D88DF32BF04B9D3BF1A88CBBE347B8F3E0FE4413F78D106BE9605F13E4475A63E2C48CDBE1BEB87BEA94198BEA6C34A3D578E4E3F47FE053EF571B7BE30E2A63F6AC97BBE109503BF6E068A3E521A4EBE5172F2BE180DCF3F145318BF68A0FC3F64AD8C3F0098F43F0545BC3D9C9B943F2176AE3F73335C3EDC6B6CBF0C47FBBDA9E5FD3E79D3DDBF207338BEB691E53A5761673CCAD395
3EE9D780BEF985E2BF01B3563EF99B993ED2C231BDEFEB673F0B0C0BBC8E71F3BE5FC416BDC53B1E3E2704ACBF4736803F6EB4073E3B1617BC83E276BF1B037CBF699B833E8C3B3EBE828CE8BF5CF91E3F24116E3EA7B9F33EAB11B73E3BA3D33F0655B2BDA83201BF50A87BBF07E826BF18AC60BF3C38313E46A64BBF2C47C0BE4DB3723F6DB47DBF7C182FBF76B5E83F1E4D92BEBC134BBF2EA090BF6251413EDAEA953F4FCA513ABB981ABEF3407EBF3E80FCBF35BC183EFCDCD4BE21C263BEC4BF7DBF1C0D8EBF6974C23EBF2252BF3E5D27BEFC5C8EBF15D46A3E9CA246BF5D3E243F668C49BECF5AC5BF486F7B3E043CCEBF2139CC3F3C1C3ABE8F157A
3F361DF33F5A5538BE5975523F447D433F4016D23F7950A03F6B0ED53F317DEEBE857C1BBEB464A63F53211ABE7584AC3F6477E9BF5F8D623D7FBB2ABF6940513F022B1EBF5EE6E73F799A3B3E65F4D1BF3A204FBF448E0EBEA137F93F710AED3F54B1E63EBC92D3BC374BEEBF579A9DBF2E68ED3E8F2D6DBE93B2AEBF759949BF30B9A63F232AB6BF568CFBBF7FDCBCBF0690413F5B0B6F3F2C237B3F1837CFBF3016F83EF301B53E590B113E403F57BF342E4DBE7633523EE2EC903EDEF9AB3F2C28253F1B8233BF613E61BF0C6D10BF6F200CBE8007683ED80F32BF7330B5BF4EC6963F3AD3E2BF2140713F1094353F3BDE6FBF73B918BF1C8B383EE95153
3F148967BF1AFD5BBE92C42CBF06321EBEAA628C3E8EFE973F3B1D35BF7E20E83CE87E523EA5EE2ABF67CDC0BF5A9274BD38C302BF073D393F2AC2B9BDEBF5883E85AA3BBF158CC23DCBEB6B3F0D3E353F3EF775BF4E78733F3A318DBECCE599BE7DD673BF14DB51BDA11E753E4308C63F5F29833E5B92ECBEAB9065BF1450013E9756D4BF7E2DDE3C8E37D8BED6B1583F6589F9BDC93669BF009C1BBF5CFDA53F673FC13F39D0EE3E7FA17ABECF7179BE621D4F3EA9F4163E7F8F74BDBF09783F2A3083BF635FA13EE7985DBEA34CBBBF2B65C1BF1506B3BED46395BEAB0C36BF62C7403EA26401BEC2A29FBEC9373EBE8ACCAC3E1AED95BF5EA9DCBF5894B2
