C09AE7A9000000000000000000000000000000000000000000000000000000000000000000000000000000000000000000000000000000000000000000000000
BEC9F573408E4FC60000000000000000000000000000000000000000000000000000000000000000000000000000000000000000000000000000000000000000
3E42A8D8BEB25EB4C095A06D00000000000000000000000000000000000000000000000000000000000000000000000000000000000000000000000000000000
BF0961D2BF8014713F1FA49CC096DEEF000000000000000000000000000000000000000000000000000000000000000000000000000000000000000000000000
BE80340CBF8AE2AABF572F863E82B72CC097E8710000000000000000000000000000000000000000000000000000000000000000000000000000000000000000
3EEEA4E8BF56EEFCBE4471B1BDB134B83F3E3A87C0855A0D00000000000000000000000000000000000000000000000000000000000000000000000000000000
3E877487BED540813E9D58C33F355BB93D261F74BC10C468C09318FB000000000000000000000000000000000000000000000000000000000000000000000000
BDF394C83EB517A03EB913B43F84F5ACBDE37789BEB40B3EBD6F6E40408E52F00000000000000000000000000000000000000000000000000000000000000000
BF5160BCBD88C870BE5D11473F60F3F7BEC972A83E3CD89C3E5D4541BE967E3C408B6A8E00000000000000000000000000000000000000000000000000000000
BF040D31BE7D1947BCFD46E0BEAEEE2D3EF607633EA019533F4AF49A3F403FA23F8BDB8BC08AA7D8000000000000000000000000000000000000000000000000
BF01D8533E3BD7643F64A454BF01BB21BEDBCDFA3ED0F747BF2404E23EE092E4BFA9D64CBF2D92DC4085BE630000000000000000000000000000000000000000
3E5E5D403EFECC37BEDCFEF83F331B89BF5BC9753F30BEFC3E78740DBE74C0A63E51FA7C3EA89727BFC9F0F6C08807B700000000000000000000000000000000
3F28F3BCBF1CB035BECD2B73BF20B2063E8CE350BEEBF627BF2C3E343EA488FABD0C1BC83E97ECFB3F56BE2D3EC80AB6C07A859E000000000000000000000000
3E5C1A3C3E491F0CBF0EEE6F3EC61996BD52C7D8BEDF92FCBF21FFE4BE2B27A3BEB74D4B3E8550753F366F5F3F883A973F6BB678C086218C0000000000000000
BE93F5723DDCD1C83FCC612F3FA00196BF757A103D3916B03E9F7DC0BEEF167CBEA99B6B3E8AEB023F122FDC3EB981C0BCA87340BFA56FBD4094217200000000
BE8854A63E477B583E7704603F782DF93DDEC0DABF1C303D3B890840BF514B4E3D90A767BEC89FD73F57A6E3BE8114303EF6EA36BF2D4B3CBF713F2040781C46
