C11C1CB100000000000000000000000000000000000000000000000000000000000000000000000000000000000000000000000000000000000000000000000000000000000000000000000000000000000000000000000000000000000000000000000000000000000000000000000000000000000000000000000000000000
3F3EAF6741124386000000000000000000000000000000000000000000000000000000000000000000000000000000000000000000000000000000000000000000000000000000000000000000000000000000000000000000000000000000000000000000000000000000000000000000000000000000000000000000000000
3EF522943E1584F941142C200000000000000000000000000000000000000000000000000000000000000000000000000000000000000000000000000000000000000000000000000000000000000000000000000000000000000000000000000000000000000000000000000000000000000000000000000000000000000000
3EB8CEC23E8AD688BE985FF2C10FC00F00000000000000000000000000000000000000000000000000000000000000000000000000000000000000000000000000000000000000000000000000000000000000000000000000000000000000000000000000000000000000000000000000000000000000000000000000000000
BF31896EBE2954023F92ADDABF29D7A8C10B53E6000000000000000000000000000000000000000000000000000000000000000000000000000000000000000000000000000000000000000000000000000000000000000000000000000000000000000000000000000000000000000000000000000000000000000000000000
3E24E7CE3EA5A1063F82D532BF41D0C5BE5E2C0CC111C9290000000000000000000000000000000000000000000000000000000000000000000000000000000000000000000000000000000000000000000000000000000000000000000000000000000000000000000000000000000000000000000000000000000000000000
BEDDAD2CBEBD29C8BF1FB2F73DD05650BF67D6A0BDABAF88410F24AC00000000000000000000000000000000000000000000000000000000000000000000000000000000000000000000000000000000000000000000000000000000000000000000000000000000000000000000000000000000000000000000000000000000
BF5500663F2DADF5BF366D3BBE7286DE3EC95954BE59F186BED5BC2441150DC4000000000000000000000000000000000000000000000000000000000000000000000000000000000000000000000000000000000000000000000000000000000000000000000000000000000000000000000000000000000000000000000000
BF06E3EC3F08D5EE3F63B9D3BF5A00EEBE2CE57E3F16C663BEEC54ED3EA2C3A04113DFD00000000000000000000000000000000000000000000000000000000000000000000000000000000000000000000000000000000000000000000000000000000000000000000000000000000000000000000000000000000000000000
3DA470A8BD7F8010BCD8AC503ECBCA46BD8631A03EACE2FDBF260F07BEB85D92BDC8C6D04112333100000000000000000000000000000000000000000000000000000000000000000000000000000000000000000000000000000000000000000000000000000000000000000000000000000000000000000000000000000000
BDFA8BF03F8867EE3F6A6F5FBE6F49DEBE2445343E94FBA2BF134AC33F9E4724BE80965E3E47B86CC11259C1000000000000000000000000000000000000000000000000000000000000000000000000000000000000000000000000000000000000000000000000000000000000000000000000000000000000000000000000
BF1BC8B03E667488BFAA8447BEB8A352BEEB7AE5BEA21464BEA11F7D3FB668E5BF8D241A3F3B0EF63DC90520C10A182B0000000000000000000000000000000000000000000000000000000000000000000000000000000000000000000000000000000000000000000000000000000000000000000000000000000000000000
3EF6253C3BB061D8BE82BC5E3F7AC7193E90AFEC3F2F706B3E876F5C3ECFF5883F95A30E3EADF8283F03AD4B3E1AAF99410EAE9900000000000000000000000000000000000000000000000000000000000000000000000000000000000000000000000000000000000000000000000000000000000000000000000000000000
BEDB86073F145844BF6639D8BF7762B8BE93158CBD9E8B68BDF28448BE7AE35A3EDF55F43F0B6731BED4BCDD3E73CD533F2026AC410FDC78000000000000000000000000000000000000000000000000000000000000000000000000000000000000000000000000000000000000000000000000000000000000000000000000
BE44FA553F149F603EFEEB32BEA041D6BD2B23503E3454EC3DC8394EBF32E57A3E91CA26BF1674CC3F9548D9BF94C53E3F58E756BD598598C1058B4E0000000000000000000000000000000000000000000000000000000000000000000000000000000000000000000000000000000000000000000000000000000000000000
BD818FF8BEA5BDBE3E50471E3F000DC6BD0FD068BF01AD9C3F1D662EBEC89B863EDB03063E347028BEB70B8D3E35DD10BF8024383E110878BEF94A9AC10FC72100000000000000000000000000000000000000000000000000000000000000000000000000000000000000000000000000000000000000000000000000000000
BE28CD643E4917B43E9F0B323E6088E7BEEE9285BEA517793BF516803F22AE853F2C7620BEFE7669BE88CB3ABDDDB2283F1747BABE0CE4C43E4A40483E9F6908C10B0C6C000000000000000000000000000000000000000000000000000000000000000000000000000000000000000000000000000000000000000000000000
BE90525BBEF4E3E7BF35BFF43EC8B7DEBF55F7323EC2E7DD3F63C10D3F5D2EFE3EBA3ED0BF32BD1A3E87FD78BD634BF03EDE10DCBE3964463EF930DE3EC8A3F5BE9E575D410CBFF20000000000000000000000000000000000000000000000000000000000000000000000000000000000000000000000000000000000000000
BE1BC288BF17F9643F932742BEC90D6A3F00316ABF48AB39BEDA041F3DC10A72BEBDC978BE1ED9FEBDDCED183E80AC16BED09602BF088476BF26FF10BE134B0D3EA27CA53F19BDFD410EBB3B00000000000000000000000000000000000000000000000000000000000000000000000000000000000000000000000000000000
BEC2D032BF9998F3BE51C3ACBE2AE5DC3E435D76BE988F143F1261713F37CC673E67F0883E258A90BF771B67BE6EBEC0BD8DAD18BE692DB4BEFBB4C0BF25ED363EBFF7123E6BF5343EC0947EC10C676D000000000000000000000000000000000000000000000000000000000000000000000000000000000000000000000000
BE12EDF83F3C07E6BE7714F03E9118C6BE0BFFDEBF363B41BEA3072A3F3A5FB4BEA7D78E3D8DAB403EE8A038BE88BA743F48B2403F9D901A3F6D10AABECB385E3E4A3C6A3D490ED43F13D9FCBF6AC136C11171420000000000000000000000000000000000000000000000000000000000000000000000000000000000000000
BF0909EC3EDB43C8BE05F6BEBF18A3D93F0566EA3F92A31EBF90C910BF194D763F5167B8BEF6D7983E7E0D1EBEE7A644BF04463CBEA5E3DA3F9D3B8CBE9B58B63F7ED8CA3F601AB63F896ED43F018791BEFD5BB9C106161700000000000000000000000000000000000000000000000000000000000000000000000000000000
BE6FF18C3D53F010BEC710183F283F57BDAAB3BC3F48E69D3F982C0FBE31E5A4BFA964FA3EF5A0EA3E6B393C3F4B6FE8BFA44E333DA53280BF5F9CA9BE1FA5A0BEF93AC2BE293846BE9CAEBE3EA554F83F56C7ECBEBA993241083F87000000000000000000000000000000000000000000000000000000000000000000000000
BE1FBE823EE660D83F206B573D882340BDDD10DB3EDDF6563F277AF8BF8766A53D1181F0BD1BED703E0F0026BF1AD48CBE87249A3DA974E03E343A2CBC9CD7103DD48C41BE77B107BE858956BF44716EBE1DC88CBE90CC893EA58E50C1120E530000000000000000000000000000000000000000000000000000000000000000
3E8CFBD8BEA067B63E1E3AC23E89C24A3E4C278A3F5431FB3E0543E83D52958CBDB0FFB13EE43A083F48E9E53F4C855C3EFA4CD53EAAA5183F035A5ABE1E685CBF6471C53EA59A5ABF9231493D037280BDD494CCBF17BE78BE63A4C43EB7F476410DE5FB00000000000000000000000000000000000000000000000000000000
3ECD190E3ED3625EBEEF981CBDF8BD883CF70F603EBF772C3F0501CABF8CDA6ABF37D5F7BF0186513F2626443F0E4FFCBF2661CC3E3ED3C03F0DC19A3F14D29B3E4A426ABF07A28ABF904A6DBED070763ED814AABF646F933DDDC6903EAD7F73BC04FEA0C109B8AB000000000000000000000000000000000000000000000000
BF239B583D8673C9BE322E643F290216BEF09EE03CD5BC603EA09C983E1B23363F00ED13BCEF08903DFDC6C6BD922BD8BF025B99BF6F983EBFA139043E0C1B423E675E623E806E5BBEF7B16ABDCF91203C5BA2E03EFF41373E0ECB88BE63B8283E4FA1A1BF5AFCFBC10E41120000000000000000000000000000000000000000
3F7623F8BE51D24CBF172002BF6404513F80C81DBE76C5263F794018BCA49D003F244032BF2E01F6BF60A3CCBF6365C03F2E704CBECF9A90BE22AFEFBE894420BE2A9CCEBE2FFFA4BED0D168BF0F6EA43EC915C5BE618878BF454342BEFD7D56BF359AE53F5ADCEABF364E81C10C847E00000000000000000000000000000000
3F56B1DA3F9A1D30BC2502403EA2F7643B066F003EE80614BE7EDC9E3F79430C3ED61996BD128A30BEF531543F03F922BF19DFC9BDA3B8783E50D681BF785B11BF949BA0BF904544BEBDA6943E67673FBF1A7946BF029CD03D90A7803F1673563F7693C9BD48D7403F854B89BF3D384541043ECC000000000000000000000000
3ECE971B3EB70160BEE6F9363E6C7E9EBD74BA60BF7FCDC1BEB95B8CBEBCB6E6BEA23CA73EDFCF6DBE91E1283F41378D3E3BF3C53E1ECDD2BE61A720BEF38EC03F90518EBEE9EF1C3E810F2CBE6A6756BDE049F43DF3B1183F5B82643E3B0CA6BF1AD375BEBC61A13DD2A270BF2AB8543EE0C21641136BEA0000000000000000
BD7EEDE03D97A960BD7F7E983F8DC9B03E9015353EB4C5CC3F5E79B0BF68D0FF3F04C0C1BDC023D0BE4740BC3CB1CF00BF8E7C343E220C683EE1D3AC3DBB1EF8BF0D596ABCE15C7A3F48D3023ECD3DF6BE064E24BF177D053F7400EC3B823540BED8B8183E2C7128BE4456B4BE94E8E2BD92AF9C3F8622BE410F7A2700000000
3E36D0103E9708B7BD8194503D19A0183F6831403DD71CA8BD6F2250BC72BAA0BCA1E860BEAA8569BF5EF5F73F09D964BE606C283D49C2983F789E243E20CB7C3F0E648F3E5174ACBEE28C1A3F415629BF7744CE3FC745A8BF8CF96CBEFFB920BEFB67CE3DAAA9C8BD91D5C43F20625F3DAB71903E957EAC3DFD0F704108A637
