3F666317
BF33DDF2
BF218940
BF2D8B52
BF7CF03C
BEA949F4
BF248E1B
3F2A8EF4
BEC03AE0
BF1638FB
3EC89BD7
BF5A6D6D
3E716E85
BF7557E9
3F12870C
BF35046C
3F50043A
3F7A4563
3E1623D8
3F497D40
BF1D5EBA
BDB32EBB
3F5C7299
BEEA6F90
3EB32B21
BF7D686C
3F6B6F76
BE22EEB7
3E50F967
BF29056A
3F5DB622
3F52215A
BF45E56D
3DF5B0C7
3F720115
BE10C1E3
3F03B935
BF0D5DAE
BF55999C
BEB6BA33
3E550680
3F0FB239
BE0AC404
3F6EFD95
BEA3D393
3F78F197
3DFC4805
BF492DF4
3D03861F
BF66A744
3F1F43D4
BF61F9FE
3EE738F7
3EBC8991
3E5CD1C3
3F082CBF
BF766EA2
BE7A30C0
BDB8B3FC
BF471592
BE9C77B1
BF6C15FE
3982C2F3
BEC06CAF
BD50FFBC
3F525EB1
BEC66D05
3E6C07EB
3E8C21C5
3F733789
3F3FBEA9
3F4A763F
BE3AAB74
3EF03DB9
BF1850D4
BE28EF94
3D067FEB
BF44E84A
3DC3C00D
BE62C8F6
3E2141C1
3F042926
3F6299F0
BE8715FA
3E641F4B
3F0296BD
BF54AAB8
3EC640E8
BF26B707
3EDE3EC1
3D8ED770
3F7BD500
3F4EEC45
3F545EFC
3EEF7788
BF1C625D
3E36B7C3
BA9BBC14
BF027377
BEDC8867
3DB11DD6
BE6AD095
BE380DBD
BF5DF8D0
3F320C6C
3F131818
BD8640A4
BF079BA3
BE4F66FC
3E050285
3EBEDF82
3F35E47C
BF34AAA4
3EDB274B
BE8A81EB
3EF2C330
BE9D9E74
BF501942
BE49A179
BEFC92E2
3E5A1E90
BF6E80F7
3EB3B556
3F7D5070
BD397C8A
BCAB669A
BF5C0D68
3D1BC521
3E28AAA9
BD30F15D
BDFE7E22
3F29F207
BF732905
3F6DAC65
BE98A65B
3F30954C
3EFC63C1
3E361A9F
3F07E3B5
3F308A78
BF7263DD
3EC4D0C9
3F70F9A5
BE8B0974
3F6AC08F
BE6D44C1
3DFE3A40
3F0D75BF
BF570259
BF6EB120
3ED1E207
BDFCF696
BF73166A
BF3B2C88
3E9EA540
BF3C4B5E
BF22207C
3F168773
3F487902
3F1957EE
3F39F4F6
BEB16781
BF7D01F2
3F724768
BF5E7BFD
BF4CFB77
BF2AC6D7
BF0D4322
BDD231C0
3C31FCE7
BF0FF450
3E923F51
3EBCC3B9
BE1F14BE
BE7BEFA9
3F18C2FC
3F3E580A
3ED025C9
BF1589DD
3DE58D95
3E329399
BF05CDDC
BDED1FEB
3EDB2379
3F7DF17A
BE60F6D0
3F56FF8F
3E39F000
3F31F53F
3EB6BE14
3F580C5E
BEAC4F03
BEC7EBEC
BF668787
3D910CAC
3F156F9F
3F4B0C6B
3F763563
BE995EA2
3E851C30
3E72FED7
BF24CFC9
BF60D78D
3F2E8F0D
BF348B59
3F37A864
3F2B3B8C
3EFABBC3
3F46654B
BF0A4AC9
3E03F0C9
BF31BDAC
3ED21782
BF15C7A6
BF6525C1
BF28435F
BDEB3E84
BF22652C
3F3CE940
BDABF300
3F0BB016
BEAF8A9A
BF57E012
BF530D4A
BF2E1D02
3F222611
BF3A7B16
BDB00876
3F4A90C9
3ED23C80
3F7251A9
3F05650F
3EA8B9C7
BF736AFD
BF6448D3
3F5818D5
BE19A925
3E783AA4
3F25B19F
3F47813D
3F027F2D
3EAE92CC
3F56ED56
3F47DA21
3F4371D5
BF1F5AAD
BE8A7A98
3F69AE87
BEC3CCBB
BEDF293A
3E9B46CD
BF6A2F83
BD0A1BF8
BE7D11D6
BF377922
BE450E23
BF3C3113
3C5E2D90
3E1FBF31
3F300D7F
BF6A6C1F
BEEB8AE0
3F6805AB
3E3E1EE7
BEF06413
BF690F86
BF5BB662
BF105B59
3F414A05
BDDA52F4
BDCEE459
3F4D26F7
BE84A573
3F194E06
3DD868BF
3EAA7ED1
BF4B4A8A
3EE92263
3F248DBA
BE3EE97F
BE4574FF
BEC1D8CD
BF700567
3F34D99F
BF040CDC
3F2432B7
3EDD050C
3F38A302
3EBE94FC
3E075E6A
3F555B20
3E975257
BEAB18E0
3E04D2B0
BF0C4FF2
BF2395A7
3F2595AB
3EFC2E4A
BED0829F
3E95CE93
3E67DC1A
3F037EA7
BF60ABD0
3F2E4B18
BE026D20
BF4D7612
BDCCF267
3E7F7535
3F6DE26B
BF2D163D
BF72096C
BF3F2822
BDB6AD8A
BE7F2725
3F37F7C5
3F36C8FE
BDEBF855
BF0ABE32
3F4E346B
3F63E4C0
BE04C86D
3ED2EFD5
BDA3D0CE
3F1C8230
3F06D4B0
BED0523F
BF6E098C
BF7587FA
BF46BDE1
3F09C6E1
BF6D2422
3EFA1A7A
3F365A14
3ED10B3C
BE8D1163
3F02A0AF
3F55ED4B
3E326E7C
BDF1C2D8
3DD345B9
3F5F5995
BF6D6939
BEDE313A
3F69A499
3F5FBFD5
3EE59AEC
BED17482
3E1B4564
BEDED7D3
3F120A36
BE011858
BE997250
3ED74668
BED594AA
3F6B5D1D
3D1C3AD2
3D5AF427
BDD48A31
BEBC5FB5
3F7AEB51
BEE2F04D
BF6B3EB3
3D403F4E
3EAB3FA8
3E918504
BEA3498B
BED17664
3F027933
BF107DCA
BEB3D41F
BF47E3A3
BF006EC1
3DFD9467
3DB736DE
BF6B54D3
3F16C859
BE1B68BC
3F2AB6ED
3E92BEEE
3EB6F588
3BF7DD2A
BEA9A5C4
3F72BF0A
3F5F9EDA
BEC32D21
BF2AFD3E
3EF78630
3F3C3DEC
BDA3E4BD
3EFB2538
BECDB720
3F083E32
3F7946B4
3F4FF296
BF1C63ED
3D685EF7
3F30D8C8
BF1B101D
BE7B4EFB
3F71663F
3EFA55FC
BED8E6B8
BF79BC3B
BE9419B9
BD724860
BE5ECA6A
3F52EA45
3E8C8994
BF5213FF
BE8029BC
3F78CEC6
3F111130
3E1F12E0
3E8DCAFD
BE1084EA
BE999D41
3E9BD402
BCB9F780
BEE96F9A
3E8F4830
3EA12C62
3F6880A6
3BA09E4F
3F219190
3DEF8F23
3F3D9F99
BF4056A2
BF56519E
BF71D19A
BF3A80BA
BF1E1FCC
BCCF4CAA
BD7497B0
3F75D6C4
BEDF486D
3F411377
BE66A91A
BF12B99F
BF208C4F
BEAC8EB0
BF418C8F
BF373301
3E8343FC
3F5DA885
BEB3C19C
BF783A9E
BF442EA8
3F69E3F6
BF150C13
3F55450C
3E054B40
BF083A4D
3F793A4C
3E1B1235
BF34F4A4
BF7031DA
3F1D2E8E
3DD678C5
3F5228DB
BF12787D
3F531E1B
BF272B7F
BF4FC29C
BF1B3035
3ED07E68
BF1E7603
3EEF6C28
BDC972AC
3DC2C863
BF0D816E
BF0347E9
3F7830C7
BF036ABE
BED1B729
BE356212
BEF2CDD7
3F49C847
3EA911DA
BF461EE5
BE94DEDB
BE6DF6B6
3F30C426
3E84F5B4
BE83E4F5
BF2C75A8
3F4497FD
3F1A1330
BF7FB6FF
BF6B23D4
3F3865B3
BEF12BBE
3E3CE850
3F676A15
3ECB3CC0
BE3B5027
3D285CC6
BF40A5AB
3D7606AF
BF4A9C9C
BF4B9F2F
3E98FEB6
BF64D12B
BF5C63DB
3E9CA134
BD006E17
3F0F65B3
BE070750
BF372548
BEC36ECC
BE9A1FD5
BF4E92E2
BEDCA4CF
BE838F08
3ED12558
3ECAEA4C
BF79FB71
3F2B4697
3F532523
BF1C7935
BF7BB77A
3C00D843
3EA3B810
BE2E002C
BE93231E
3E1E0CE0
3F603A9F
3F16D78F
3F71A0A2
BF638827
BF46209A
BECFED36
3F7B1527
3F29AC93
BE8AD574
3EA9FD07
BF737B33
3EF01483
3F0A908A
BE6D685A
3F7B15B7
3F27E92E
BF2B14A0
BF241C55
3EC04DD3
BF11F197
BE3381FB
BE82385D
BF329780
3F5E9D63
3F1B3091
BE8A8A55
3F037F9B
3E78290D
3F2DBD63
BF5DAB31
BF05D537
3CCE1015
3F10E60F
BE859ECE
3E9CC5BC
3F6B3000
BF54E576
3CC2E254
3F053F4A
BF35335B
3C9709C5
3F133E7F
3F409E70
BDC745C3
3D023655
3F103A20
3E8DC875
3CE9DBB3
3E18EE66
BF26A0EC
3E3046F3
BD156346
3E437FAE
3DF238D1
BF0725C8
BF581A11
BCAB9405
BDC5D2A7
3F0412E6
3F2F3913
3F46818D
3EF0B5C2
3F23C2CC
3F008910
3F30CCBC
3D85BBFC
3E436793
3F5B609B
3F281DFD
BEEDB8D6
BF4F7B5E
BE72F51B
BEEA5273
3F3656EE
BF129D14
BE000C8F
BF1F826B
BDE7BA9A
3F606354
3EB99159
3EAA2FC1
3F3010CB
BEE19B2C
3F54C779
BF1000BB
3E72A2E3
BE918449
BE2E4B78
3E2123CF
BECBE794
3EBD8BCC
3F772B09
3E67CA43
3F6B878E
BF461A1D
BF57467E
3E987867
3E9B0E45
BEE04D50
3E13486F
3F6A96BE
3E487E58
3E4AEE01
3F0D2F08
3F2C38E1
3F5C75EA
BECEC26F
3F69ECDF
3F34189F
3F3BB27B
BDE0BDA9
3EAAD4EA
3F5DD995
3ECA0DB6
BF3348B0
BF2F1104
BEA19E24
3F2CBA56
3CB18BDA
BEA21E0E
BE37BD5A
BEAB9112
BF4990D5
BF132DF5
3F06ADDD
BE9CF031
BEC0A9F1
3F4A103C
3F58CEAA
BF18396B
3F2DE983
3F2E742B
3F76A73A
BE9A8062
3ED3095D
BF64C4F8
BF3D8CB2
BF048FC9
BF248229
3F6CCD89
BF115EF0
BF05418C
BE41D8C1
BF7D9EE8
3F2579A3
BF6D060D
3F58A855
BF31EC0E
BEBB32A0
3E95F789
3F495623
BE892F73
BF6D9644
BE574584
BEC6834E
BE03DD68
BF115FF6
BF6F8170
3F3AAD83
3F4EED04
3DD19777
BDA16C78
3E46C0A8
BF6751F7
3F702E60
BDA3CBC4
3F37B438
3D906AD8
3EE2DE1E
3E97D4CF
BEA8CC8F
BF72CDE1
3F1E1F0E
3F17DDE1
BF2574EB
BF6F4BD9
BDE58CFB
3F4F21BB
BEC102F2
BEB02940
BF305006
BF194B12
BEE8EAB8
BEA58D06
BF5D19A9
BF7522DC
BD548955
BDCA99A7
3F30C5A3
BF7806A3
3EECF6C1
BF1C8907
3EB2783D
BF694B49
3BBE60F9
BE635506
BF16029F
BF0D1024
BEDFFEC0
BE890C37
BB7E8469
BF1BAE73
BF2D2E55
BF50E4BB
3F5795AA
BF4A209A
3F3042D4
BE7C22E8
BF082520
BD3857A1
3F17B20C
3F1B07A5
3E2E2E4A
3E3EC279
3F62D88D
3F4589AE
BEA7E992
3F2A584E
BF4F1C6B
3ECB07C2
3F70D188
3F114E53
BECE5AFA
3EC63514
BECA2D11
3F377DAA
BF556109
3F38F7BF
BF1A63A4
BEFAE962
BEC31114
3F0CCF09
3EB83A06
BEAA09DD
BF15A1F4
BE7B7E7F
3F6BC95E
BF7A642D
3EA53FE4
BEBD803B
3CA24DA1
BE5871B4
BF5D7A93
