C091330D000000000000000000000000000000000000000000000000000000000000000000000000000000000000000000000000000000000000000000000000
BFB2288A406B7CF70000000000000000000000000000000000000000000000000000000000000000000000000000000000000000000000000000000000000000
BE6E6005BF1286D54069F9AE00000000000000000000000000000000000000000000000000000000000000000000000000000000000000000000000000000000
BF29FEB5BEB979AE3F47D83AC0800E32000000000000000000000000000000000000000000000000000000000000000000000000000000000000000000000000
3F5CAAD6BF0DCC113E8AC06EBE43F114C08864D90000000000000000000000000000000000000000000000000000000000000000000000000000000000000000
BF1BD5853EBDC7453EB8C136BE83B70EBE1DDF90407E316900000000000000000000000000000000000000000000000000000000000000000000000000000000
BD693800BF4B1DC8BE2295B83E388997BEA5A143BDF2B650407C89A3000000000000000000000000000000000000000000000000000000000000000000000000
BA253400BEA086ED3F0BA4BD3DE06E42BF13EC663F1F94583EC208A4C06633C40000000000000000000000000000000000000000000000000000000000000000
3F1F5D8ABF01EEA03EB757343F85B89ABEDF1E74BDA1E6243E735AD03D579020C06B55E400000000000000000000000000000000000000000000000000000000
3E75F9BABDA3D8A0BECB8A383DE3A920BDD77C5ABF2E0BE33E99F1703F362D7A3F2F7F3E40831809000000000000000000000000000000000000000000000000
3F6FE8763F18F6563D342F3A3DFB42B4BE040DE8BF0AEB2F3F6F258C3F324F2A3F1D8946BE784588406E473E0000000000000000000000000000000000000000
4000E8BF3EE53B643E08E4203F2F385D3F3AC94ABE8B483CBE80BE5E3EE7B97FBE012BFC3F41BCF9BF2747FBC03E5AE600000000000000000000000000000000
BEC6B8BFBF7552F93F4A4C38BAF05A003F42041FBF806D4ABF37293FBE295570BF92673EBE7D36F63E86C91C3E8A8FEBC03CC00F000000000000000000000000
3F85D183BFAB3DD03E448C663DC94D803F0546253F96BE303E5CA0503F1E781C3F4AF8B8BF58DD853E93B71DBD64AD9CBEDCFA56406128500000000000000000
BED229F0BE478B60BF32EE4B3F48C1EA3EF2B68BBD8684A83F312CBC3EB8522FBEDF76203F2759FF3DD6D9A0BF37BC733F171D2E3E197320C06B01F300000000
BF3213E83E77430CBE3AD6183F193AA8BE523F38BFAC75333F335D853F47C12FBF3528AB3F0668E93C90EF00BDBD12703E36DD90BECFBBAFBF6A4AB6C04DF8BC
