BF09D8C23EA1BEAF3E00EB15BED52AD93E7A7B093EDD164FBEE0880BBE33AA21BE8D19F23F10129DBF3AA16E3F4DDC0EBED769A3BA67C6273F1132C23EB54FC2BF334BE03EC9569EBF3DF2013F6453123F45D7C63CF5D5E83EB7B6ED3F741E42
BF3FC3A93F0126003F2773593F1017A3BF1E44A1BE12247DBF789920BEB2E85CBF3B0856BDCAAE343E1404E13F158413BE2461223D85450A3F59F5ED3F4C54743DB7A33A3F4D601EBF6576F83F1E0126BEA90EC6BF0AEA0C3F2511DABE9B6865
BF2B4770BF71987A3F69263A3EB89E213F389B993F60D0DE3EB884C43F55B891BEF925D23F456FBD3F570FD9BECCBC2BBF5A6C803F08E87DBF5481253EEA4122BDD571AB3E9AE0EEBF29370D3D80D0EB3E890318BF78C869BD72B7D03F45CC85
BF459E11BDEB59F83EA36086BED227093F6696B03EC6F2F9BF161D743DE04E763F4230CA3DECFC303F0131EE3F4A30703F2F0633BF3D005ABF1F2737BF31561FBF7133C0BF7B59393E45887E3E5F55413F567D223EEF2E24BECBA022BC1103F6
BEF7A41D3EEE7160BF4437EF3EFBF2523F1E9CAE3EFB1E8ABEA6C3E73E2CB293BD7E5828BF5351FF3F284DA73EBE684ABEEE42573F706026BF21E859BECCDC49BE35E4B2BF06EAE4BF1C21B53ED24EF2BF238F2E3D36F386BED0B855BD987205
3F59B810BF1176FABF7F7BC43F502EB23EB85CEA3CF4F86B3D34C9CCBF4B4E423F7E671FBE906A7A3E803F99BE5A62A7BF7C13AB3DB97CB23C9543AEBF01A631BF68C1F33F2EF733BF674BC9BEBC167B3F111C5A3F71DE6C3E3114143F0E5BC3
3EE929853E9A9C483EA890D73F60A7BF3D8FB160BE4FFEA13EAE8C74BDF39220BF3BF7F2BDF9057E3DC32509BE56C2BDBE5056C63F00B0C53D371813BC9CBEC4BF5298ADBEFF20C0BDD6CC5A3E8D459F3ED678D43F7C38AA3F5D48A5BF50C74C
3F683664BF2CA60C3F70DF7D3E46AB6EBF0500F3BF5C0246BECCC1FF3F2088F2BF58B97CBE950501BF3C6912BF2F0314BF602E433ECEB00FBF53B8AC3E6F2E26BF2707693E9B08E1BB2ADD5BBEDCA93B3F293F203F2300113F6057BDBF7FD542
