BF09D8C2
3EA1BEAF
3E00EB15
BED52AD9
3E7A7B09
3EDD164F
BEE0880B
BE33AA21
BE8D19F2
3F10129D
BF3AA16E
3F4DDC0E
BED769A3
BA67C627
3F1132C2
3EB54FC2
BF334BE0
3EC9569E
BF3DF201
3F645312
3F45D7C6
3CF5D5E8
3EB7B6ED
3F741E42
BF3FC3A9
3F012600
3F277359
3F1017A3
BF1E44A1
BE12247D
BF789920
BEB2E85C
BF3B0856
BDCAAE34
3E1404E1
3F158413
BE246122
3D85450A
3F59F5ED
3F4C5474
3DB7A33A
3F4D601E
BF6576F8
3F1E0126
BEA90EC6
BF0AEA0C
3F2511DA
BE9B6865
BF2B4770
BF71987A
3F69263A
3EB89E21
3F389B99
3F60D0DE
3EB884C4
3F55B891
BEF925D2
3F456FBD
3F570FD9
BECCBC2B
BF5A6C80
3F08E87D
BF548125
3EEA4122
BDD571AB
3E9AE0EE
BF29370D
3D80D0EB
3E890318
BF78C869
BD72B7D0
3F45CC85
BF459E11
BDEB59F8
3EA36086
BED22709
3F6696B0
3EC6F2F9
BF161D74
3DE04E76
3F4230CA
3DECFC30
3F0131EE
3F4A3070
3F2F0633
BF3D005A
BF1F2737
BF31561F
BF7133C0
BF7B5939
3E45887E
3E5F5541
3F567D22
3EEF2E24
BECBA022
BC1103F6
BEF7A41D
3EEE7160
BF4437EF
3EFBF252
3F1E9CAE
3EFB1E8A
BEA6C3E7
3E2CB293
BD7E5828
BF5351FF
3F284DA7
3EBE684A
BEEE4257
3F706026
BF21E859
BECCDC49
BE35E4B2
BF06EAE4
BF1C21B5
3ED24EF2
BF238F2E
3D36F386
BED0B855
BD987205
3F59B810
BF1176FA
BF7F7BC4
3F502EB2
3EB85CEA
3CF4F86B
3D34C9CC
BF4B4E42
3F7E671F
BE906A7A
3E803F99
BE5A62A7
BF7C13AB
3DB97CB2
3C9543AE
BF01A631
BF68C1F3
3F2EF733
BF674BC9
BEBC167B
3F111C5A
3F71DE6C
3E311414
3F0E5BC3
3EE92985
3E9A9C48
3EA890D7
3F60A7BF
3D8FB160
BE4FFEA1
3EAE8C74
BDF39220
BF3BF7F2
BDF9057E
3DC32509
BE56C2BD
BE5056C6
3F00B0C5
3D371813
BC9CBEC4
BF5298AD
BEFF20C0
BDD6CC5A
3E8D459F
3ED678D4
3F7C38AA
3F5D48A5
BF50C74C
3F683664
BF2CA60C
3F70DF7D
3E46AB6E
BF0500F3
BF5C0246
BECCC1FF
3F2088F2
BF58B97C
BE950501
BF3C6912
BF2F0314
BF602E43
3ECEB00F
BF53B8AC
3E6F2E26
BF270769
3E9B08E1
BB2ADD5B
BEDCA93B
3F293F20
3F230011
3F6057BD
BF7FD542
