2.6212,0,0,0,0,0,0,0
1.2081,-2.5717,0,0,0,0,0,0
0.60784,0.037046,-3.1328,0,0,0,0,0
0.4923,1.2225,0.058259,-2.6112,0,0,0,0
-0.1236,-0.13676,-0.4543,-0.58703,-2.4084,0,0,0
0.33756,0.86999,0.1539,0.4621,-0.76438,2.8253,0,0
-0.031854,-0.27444,0.23273,-0.012694,-0.29765,0.57203,-2.2981,0
-0.3714,-0.30442,-0.29073,0.66096,0.76506,0.65834,-1.8547,-2.3114
