3F1B4F9BBE2F06F4BED8361B3F07C433BE93092EBF4C62F9BEF73F353F15AE0E3D0E1272BF6FD376BE228F7A3E2E95BE3F01F3593E70434BBF1A9735BF4804C9BF2AD700BEF91F9F3EA748E9BF478D57BF47412B3F4B8C53BF3766573F2892B8BEE730FABF1EC8013F5AA5883E96BF95BF258E2A3E5EEF30BF58EA543E295C363F12F9C23F1814EB3F5853E83D3B04CC3E3EF0D8BCE8EC2EBF7808933F4868C13EC3267F3E989FE7BF3C423FBEF5A9F9BF487A92BF134FF33EB224693F7F956B3F6D7E333EF089CFBF1884FBBF61B5313DDEF82A3F5FABB9BE41236DBE907846BF06F6C5BE89E218BE07FF363E7685A6BF3B9A983EA21B51BE4B146E3F68106A3EF3A363BE62E88DBF7FB76D3F43377D3E07C3513F6644ABBDFD46E7BE9F0CECBEDBB030BE730D21BC5656923F3A06843F76F8C83E85C861BF2C10AEBEB4DC753EF2C4E3BE0976F13F5DEEF43EB8B460BF08ADDA3F4F85F63F4C99243D1837453EFD8E1ABF09425A3E819305BEFB4BA23F22E4673D8C86873F7FE1573F230907BE07F152BE56B9FE3E818E51BF4FF4B5BF1BFE323F7F9AD63EC5F3933F6C50D83D1DF6CC3F43E769BF1D6A933F356991BF6496633DECA8FEBF23FEACBE1DEAFB3E942D863F143B1CBE5537F2BE935555BC752BEA3D8FBBAF3EBA63F2BF5686123F6465013F4032B73EB503103E023883BEAA34933DFFCA523F3380753EEEE765
3E23314BBE3D5C75BF4AACE43DDDF3FDBF2B31D73DEE205A3C0C3246BF2D219EBE5CA0EC3E6C08703F300985BECEC1B53F34C22C3F7A6DE03DDF696E3D9492A1BF62A1F5BED59F933F4B5633BD9AFAB83EB3C5DE3EA787CCBEE494D63EC9E6A6BF3B80C9BA2AC708BF3F13A6BF65F8D2BE75746D3F01B50E3F7B54E73F23F8E0BEB5F4C53E869FCDBF4F75703F6D9D5BBF1E9D3A3D0B5699BF1E1FF33F3379EC3EE08440BEEBE5153F1E74C8BF1DC9EBBEE879553F0F1A8E3F2A73F73EF19C283EB5D4793F25AEF1BCEB950A3E8D69693F1346C43F693C2EBF29D0323ED809B5BE909FB3BF53A6FE3F2C52153EEB92023F6BB6DABF04B17D3E4FAA7A3EA4EFD9BE4C41223E19CC86BF261EB6BE6887A0BD54E4E8BE951EF5BF15FCEBBF5CA581BF4D4746BCF2D9463EAB7C08BF7ABF643F1E1B363EE7A7BE3F684A98BD8C5F723F5DF5F33F3E838A3D7533293F0DEAAFBE0B4084BEC76A9BBF4E0C9C3F24CC44BF393F873D5ECA5A3F46FC32BF74D957BF4AA31F3F02D1FABEA5DC2DBCA24E5EBE1FA153BF43E3B4BF359A0E3E929318BF21537CBE4C8857BED7B2DC3EB5445A3ED36B513E917CA43EAF23E8BEE32C393ED4901DBF053C073F2934FCBF1E8D14BF3E408EBF5BF85FBE99FEE03DA97909BD9BE4433EE2DCDCBF5B800C3EA3D498BF3564A4BF39D886BDD160FA3EABB2EBBF7DFD7ABE9BB11EBF37E9783E9D9FA3
BF71A5133F658287BF1B13C03E0A77B0BF62AA1A3E787BC4BE91153E3F054852BF27FA4B3EBB40A23F5303C9BF4A46953F0A41913E895C1BBDEA77B9BE6974F63D9523283C1616DABF535A4D3EFAFB01BF13D79B3C2D9B46BE41B31E3F193817BE278CB3BF55257F3E8C7012BEC62EB7BE786F283F0D8A863F377AE53F209A343F6C9AF4BC7DBA8F3F74FD66BECBD0AFBF5BD0013F0D632DBF6C8CB8BD99C4533F20C19C3F7D0A493F2EF1633EE0F38ABF5F0EEABF006FAFBF18876C3F4E2E6EBF22C434BF082C5A3F6CD8B8BE6F3B3F3F5E0D24BE90FA273F79276A3EF58B253ECE202F3E1C37EA3F74F249BE5F7B81BF50A97A3F3B9AA0BF7DDA62BE8CB881BF7AB22B3F42E3C93F6C112BBEBCB6633F30F8FDBF65456DBF574B343F5A249F3D684EE83F0C0DE13F3D9680BF2405513F6672FC3F0058AFBF2E724C3F36EEF93EF3DE023F781762BF2DFB723F5A6EE1BEF56DEC3EE398543EAA44AFBF48B6593EC8BFA13F18AEF83C9B52E53E9F7F343DFA22BE3F45A515BF143630BE99DE62BF1BA9FA3F29955BBEF21C303F3CDA463EDD947D3F581C883EF140C8BF253DBD3F3E03DABE98E82C3EAC2764BF3AD5FBBF465D9EBEBB2C703EB69ED03F4E0877BF253D15BD39DDC53F43E8753F5D163ABCC767E5BD5056383EE95C633E48C2B2BF15F86F3F4FF1B23F4A0D4C3ED1411ABF68F5853E149EA0BEF1645DBE27C306
3F4196F53EC806B3BE65CDCEBF3F422FBEC4634DBF712723BF52B038BF368C21BD3CF6D73CF91E473D3F04703F7B02E93F203DAF3DA7795B3F48984BBF18F4963EC8A68DBE901038BF1FC539BF60758D3F68D98C3F6067FA3F1E4230BF3D72613F5D7DAF3EBC467DBEE9A9A43E7C25633E6D6C75BCC9DEABBF3AEE413E63E4B23F495C343F5C5301BF3DAC5CBF7A6D66BF04274A3F038B18BE81AACD3EBDE155BD230A48BDA5991CBF3B46773F3ABEF13F53887E3F2AB61FBDED7DA9BDB9D71D3E13C03DBF19BD3EBF7005CDBF35B69BBF4487C73F571F583F2194883F0B53F03F340A4EBD511141BEDAC09CBF1E95B13BE57B1E3F486F8ABF62B58F3EAD87AF3F23BB88BF299DBF3F1F9DFB3F12FAAB3F47BA33BF214F1EBEF525BC3EDE32063EA9B5EF3D2971233F5F3B7B3F2B2B933EC66BAD3F1F3D16BF1BAA483F2E225CBED26185BF0C7017BF2B1435BF62C8B13F24F4433E9624A73F10F3103F2F4E31BF3DDD753E44CA26BE64C23D3DF2ED44BE314B55BEB980783F6AE777BF6CB69BBE32C980BF0B2F2ABF07E608BE3592BFBF6EF379BF55278C3E7E1B793F67DA023F7DA8EBBEAD5516BF3A2B843EEA85383E029C743EEC2A8D3F5B25B03C9B4ADE3E05E968BF2A33093F1DB87A3F7CD23CBE2CD1753EEC6ADCBD1F28DF3E5A0C5FBF6A07BBBF73C51ABF6DF4F9BD0F8F09BEFF930F3F526C963BB53A023F3C83F1
3CF627F63F07685C3F4167403E82C44E3EDECB25BCC32F7A3F39FBD8BF31745ABB372886BE42E2D93F76DD80BED33B723F3C9E3D3E94B91C3F18C5C73ED31D4F3F7A32EABF196E72BEC5329DBED6E069BE43E0F4BDF0F2793D96D0F83F19845E3F7E84F2BE72ACD53E258E803E9749B1BE9A6707BF71D8633E6C6139BF7E21513E63A4B93E8772783F6B1B533D8D6006BE9FE10DBF4390F13EBABCB33F7BA41F3EA159A3BEDE8C0E3F1A78A13E7018DDBEEF76793F3518D93F068DF6BE55EB07BE61034D3D4E2005BD9287EABF0A3D73BE137F4DBE7D5270BF1243783D66C3323EB618BFBF481B91BF5E7E78BF30DCEF3F0D58A3BEB3128B3DDC696B3C9086AE3EE38031BE9C9740BE9744BD3E18D2643F1D41A23EF4E168BE7D47A1BE8A55BA3EBA329C3F1D015D3E3F61E63F3EF2833E2980373ECCABE83EC29076BF694D1D3EC8197B3DF324A23F2D0A3DBEBE411FBE0E511FBF67523B3E9ABD1C3EBDD082BF5C11303E11DC75BF010F753E4A443BBE8500D1BEB40FC2BEA3BE093E360DA2BE51349C3EEDDF723F2C36FCBD98A5F3BF3AF2DEBE56C626BF6815F03F220E433E2CE4BEBF4DD3E8BF0609AEBEFE2A8E3EF212C93E2152093F49C39F3F4438CD3F328482BF06875DBF0C8C9F3E345217BDCB62A3BF0C3532BE9F46483F4481EE3C3935433F7CA19DBF7A21BC3E9F3FB6BF3EFE22BF061E45BE08D05CBF2A992D
BD041C523D9C63EFBF3F72133D48AA94BE8A3E6B3D82B951BDC51752BF6CB5A7BE17CB7B3DCE68B9BF33D3C43E8429D9BE025F923F1FD8133F6399B1BEBB166BBDEC487CBEC6509B3EFB5D9F3E7B4A40BF7B4E3D3EFB0054BCEF567DBE7F5698BDC7E1B3BF7DCCF6BF041C223ED364233F4CA2243E8F9AB4BCF97FE9BF4F72493F7362843EDA21E73F7514E6BF4CF35CBE6415723C11C70F3E3C432EBBAE2B8ABF7D7A3A3F56B8EDBF152EEB3E9FB3073F2BB05CBF0E2F59BEBBF93CBDF17149BF09F7D93F2393C43EDC2D10BF62B4DA3DA930C5BE94E1F4BF445E7D3E05FEE13ECC47F7BF5A0F093F20558C3F34BDC53E5964973F1F1B463EA1A7BB3F2EA2633F685D403DAF82063E968109BF681E6E3EE2D3D53E6681E03F21FF433E8F31083F7D59453F7CE89CBE114CA83F631C593E2F2CBFBF2C3D553EED8C83BE8184A0BF39742FBF47F6C33F756E12BF6A98083F0D9405BDB804693F4D531F3EA2972B3BF2C1D53F5D30E4BF61B3DFBE3C0709BF2DED6A3DC3C4623F3C7EAB3E1802BABF736DDF3F776DF6BD4770693EB06EB73CBEF6953E0E3376BE6533093F6105DB3F24ECE13D569856BF156F523ED1D9AF3F707D5EBE652075BC6FBB123E1C84793D0ADAF3BF4CFC09BE9120763EA48BCBBF5BB85BBF4916E93E849650BECC549C3F69AB793EF235C6BF42F00CBE2B9DE73CBCB8FB3F3501C3BF548054BE427270
BF3E12EB3C9AE920BF463867BE965B613EA8D2C13EA6F418BD664EF53F5ABBC43E7A38E5BE9A30F63E3E37963EE92FBEBE91BAC43F6B6088BF138DAA3DE30E92BF475CB1BED1B5883F23A71C3F20C3F83C4E52DE3F35A4CB3F2426A93EEE19AF3EE22BD03F4EADC9BEA2747A3E30E21CBF196C883F4AC1BF3F604BDA3ECADF0F3EC6CDDCBF7FA5CC3D8CEC4C3F00A2953EBD8D013F3FB9233EA760123E867E14BF717F7BBF2DA0E3BDCD0964BEA87DC9BEC719B33F35705CBF4469593DCB3FDB3F3DACB43F155FD03F370931BF09E2613F56FBBE3F096EE93F5CE3AA3ED9B7953F0EBEF93EEAA92CBF6DCB623E4721D43E979AA8BE30E926BEB358313F70C73BBF67BFB4BE8571DF3E0A6560BDB58321BF081D3DBF08E7A9BF08E7963F4F726DBF20DF223E5B71503DC73F70BED55D063F7AA2043EF165AA3C8AE5743F034A163F113FA2BF3C10D3BF4112883EF0F4483EAA26073F6A05193EBE1710BF08FCA23F303625BECF92D6BE78F45D3F5824C5BEC1EBD1BEB4DD37BE9ED8C13F2679F9BECA05443EC97E073DE12750BF48E6943E50FB98BEF156D83F158839BEF51D86BF59B7F83F5ED22E3F21CEE1BD2B4DABBDD48ADD3D057533BF03F7163E8611B6BF27993EBE88DE113F616D483F01EACB3EF003A4BF56B69CBE5F2CBE3F36656EBF088025BF307B773F21606CBE63DDD43CD98BB33F0924F23ED0386D3D7A91D7
BF74266BBE6E9EB0BF50AEA43D43223EBF172DC53F1A34A83EC7EADFBF2E97F7BF621DACBF63E742BF7D21E6BF558E1A3F274F4DBE0F7DE13E8C044C3E9781813F4788823ED7F5CCBD4DFD54BF3151023F743EB6BEAAF185BF4282083EFBCBFCBF34F7FABF0AC42FBF52ADCABD0A9BE3BE8DA2143EE39C0FBF2F6DF1BEAC6DA1BF6ACCA93F4EC2E33F2B8222BF7F98C2BE39113E3E936F82BEF630273E2DEBA7BC6483A5BF3C2C7D3C6E16903F0A21D23EE4E008BF176800BEEF5F53BEC496CCBF040B2A3EEDD426BF346BD5BF3DE423BF063CF0BF3E3485BF09A327BF3AF9A6BEB515C4BF2ACB94BDA3C0CCBF6D06873F3271E5BF285F3E3F7B6A663F5E6F8EBF062B723F412B91BC4ECC693F583A873E7C71C63DA1E4F93D87D1D73F25DF4FBF4908ED3E7833D1BD0EB90FBEEAACA6BF79A37E3F760F15BED74EE0BF29B352BC49B7FC3F36CAAEBF086EA33F5BF603BEB754213F549211BDE94BE33EEE420DBF5FFC993E6F7BA33E81A0D5BD926B8D3EEEA35E3D29DC063F2E0FDABF34E855BEA5CCFE3EA046BA3E8790243E1A470D3F6DAE593D596E453F0321273F385D15BEA321973E57BC0B3F2DFB6E3DB089AE3EB14935BF4EDDBCBF6457BCBECE76AD3DDBF650BF577A8D3F6A731CBE6BA4A03E5387933F5E1DDB3D223357BE959ADF3F377A533F12DA243F12B07EBCFD63A7BF5C940DBE0DEA78BF3FEDD53DDC8640
BF2BC548BE6A496C3F40B304BE8FA7533D560A13BF09638F3F08DD753E871FBC3F68B1763F0851663F40FAF4BD6D9205BF4F5FB73F236FC13F0C8CA1BED775FA3E36C2EBBEE0CF63BF52E546BF25F3AABE0D98F83F2AF0B7BE3D5D76BF64265B3F4D85DF3F69AF713C50372EBF1BAAD3BE84D0533F4027C23F66D710BE5BC1CF3F09C863BF5173AC3F685B57BD88155CBD991CC63E698199BF17ED27BF2C8C8C3EB04D0C3F3BC900BE942A8FBF393C8C3DD5048DBF17A2CDBD9D92A83F4E4C45BF23315CBE2261733B06B36DBF65FA313F1762F9BF6A8C6FBD479EF63CCB940EBF5077DF3F6C48DCBF1B0F423EF085DDBF136624BEBFB9A9BF38F8D1BF3F159D3EA986FA3EC1AA5BBED8CD0DBEE7C3513F0E430ABF4ED61BBF708D0DBF1A5C423E53CD403F73B8EEBF25F50FBEB138243F4B32503DC461193EC5563DBF547B353D62DD563ECF88993E6E6E1A3F7BF225BF7ADA91BEE0BCEC3F001EE7BF5DF46CBE44CB63BF72F61EBF5A56DABE9220B13F43A51D3F3FF381BF1864DBBF38E9EF3EE3C1DCBF5D702DBE3D58163D1F61F6BE5569E53F3C4BF43F5384C7BD3C1D973D153A1B3F25FE1BBF38868C3E981C763EFCEED53F58EFCF3C8EB90B3F2F968ABE7EF1C93EEDADA23F47337FBE91F19D3E9026853F2A1EA5BE66AFF0BF5E9A833E9E780C3F2A28D5BEFEF4FABF7A20CFBEDA7E71BF0F4A01BF78640B3F7C0A1F
3EC910FA3E9EC989BF68DB32BF3FCAED3E09CE27BEC0386BBEC1C0D53F2B20D43F069B63BF1CC3523DCF1F7B3E871F7E3EBB4C26BEDB5CDEBE94D4AA3E7F919A3DDCE0D5BF44334D3F11E363BF19F87ABF1FA170BF574C55BF43A48C3E2A2F3F3F74A8FABF3C97073F7D6B85BF217957BEE8591FBF0759DCBE13E108BF3BCD96BF39EB863E9EF0023F570831BF0B4BE93F0E0562BE076412BEA96A46BF6C90C33F0F9025BD24A76ABDD6BC773F3D20C03EA993AEBEB70790BEB002BF3F1D0FD93E21B283BECB6613BE5915D83F0B70BF3E9A0157BF281D383F7AACD5BF2A32F6BF0ABF573F05C6FE3E0E28D8BF1F7906BED8B450BEB186D4BF6A62F4BF25080ABCD808813EE2C4A6BF659A15BEE1A4303E7CEABCBF51121EBF2AB2E63F20A7CC3F1C388EBF429E8B3F5AC4423CB640723F13E1A13F0B7352BD0B27EA3F41FE29BF2D6FEABD6CB09ABF3D60A7BF49659A3EDF62573B7D225D3CD8C2F8BF211C043F6E68D23F5EE70C3E1779ECBF013FBF3EB534283E25AC693F4C5AB1BE97EF2A3F7F6E08BF492E89BEB408FABE5E744B3EE6F1F13F65E101BF09BED4BF750B3CBE8E99B9BF215F73BE90D0283F51B78ABEB18B243F699325BF0DF5073E81EA2EBF477F79BF2679003ECC6AEABEA8160EBE853FF33F2376BCBF2C74163F793F7BBF530B4F3E9DE1FDBF0B0A41BF155859BE727FCEBF0F7F0C3F600875BF753BB0
BF390539BE441A1FBF14B6C23F468C043E09F6FE3F3A0036BF0ADA393E01E50BBF3133B53E15B1513E63448ABF0368913F0A1E833F2779C0BE858CEBBF0F743DBF6735CF3F0FE3CBBF58ABC23E352FCF3E900E7B3EC1A21BBF56E5DA3EEB6C0EBF2C37F8BF5FF3AA3F308753BD87C680BF0C62593E80531CBEF5D518BF6FEC84BF1C0E09BF1E05C53F124E483F1853F2BE0F1F1A3DC4B64C3E971BBA3F6C65D53E3F30A3BF43BF4D3F0A71B3BD85F9833EE34060BD990225BEC86456BE943E75BF39C197BE6EAC983F0E8EDEBF7FFB283F79364DBEEE23E4BF3D0C34BE9707DA3E2517C83F02256EBF216FE0BF3BF0113EF98872BDF5D3723EC6113DBF6144FF3E8E07BFBF40A5663EBECC313E971496BF6F7769BF1C1AC2BF469F74BF266504BF5335FFBEC856993EE7B4D73E884922BE9BEB71BE700A1BBF4215213F68815F3EA3A11C3EA3FBBC3E8DD0EDBF4FCDAA3F5D99593F4A4ABF3F19323F3F278860BCA22C7D3F09EDE3BF0A5D833F4A01F53EC4A015BE00984ABF732630BF00F64DBF4446723F24C4D0BF11FB453F6093B0BF63F6AEBE0E91ACBF3B903E3EA76EF83E8EFF7F3F185B993F079372BD7121493EE98A683F08168C3E9872B5BF5052F03E617C37BF0A759EBF1CF868BD707E553D1C1EC73F3D8D913E4F5085BF17E773BDA47042BF3900FBBF0B32B33F33AADC3F0DCA863F34D7AA3EB78A25BF680167
3EF4D5233F6027333F2638713CB82EA2BEB68D37BED558023F2BB348BF2D3D08BED7E6C33F7BF875BD74ED3ABE472F45BEB00F463E32776BBE707047BF3920EEBDB89B853F2AF2223E614F3B3F5FAA9B3F0DBFC9BF44D36ABF00576BBF415F1BBE6545D3BEAF9687BE587006BF656FA43DFBFF083F451E263E9EBD89BF79EA99BEC4E7223F3805043F5E0376BE9E7D483EC61BBB3CE5D89C3F099BD5BF303637BF533DB23D12FC31BF3185C63EE51EDDBE4B4B343F71890D3E0F39B23F7DFD1A3DFAB876BF780E07BF62C7573F67D268BF350C2BBF3C9993BF1AE6923E95AB1FBD0AE1073F4006653EF444C3BF15ADCF3EC84568BF6C9BBD3F5B1B2C3F6CFD63BF74757DBEEC50DABF73FB20BE93D4AF3EA863EEBF07418ABED100A2BF27186ABF534E14BEFDC68ABF346787BF0B9ED6BE71EA77BF26E7413DE512F7BE5923FDBF1910583EC4C0483DAA9F4EBF3A4457BE95D3E13E9A51EC3DE27B21BF6CD74FBEDBB60D3F74960D3EE3336CBE0D5333BEF8A5323F03704D3CD13EF03E1C4DB33F7E5AA2BED8420A3F51B93D3C407CE83F1ECBC2BEEF22B23E918593BF2E145A3F152AB4BF009B243F7FBC453EBAE01A3DBAFF3C3EACEE153C1F55CB3EE370B8BE9AB0F2BE9F207ABF3ED038BF3F65553F764D63BF1BDF023ED2C4FEBF79F92F3F47503ABF2048DD3F193EC33EF6A9133EA60C4D3D91FB00BDDECB5D3F7FE762
BEB6FC403E945B57BF79F90BBEACF57A3E94ED6DBF1793B93E7990ABBD820FF43F679929BEFBDAD23E9E1FF93F5A32BFBF17A3FDBF106F833EE3D5E5BEA5D7D63CAE3A57BE83D35ABE42B71FBECF8CDB3EE1A7D0BF7FAE35BEBCDD6BBE834471BF0DDF30BE20BE48BE9E926C3E824E003F294364BF3F4CD23EEEDA80BF25D627BF7EC374BEDBED4DBECB4E0B3F65389B3ED5951F3D9A7DC2BEEE0BA53F719B0A3F77E8DC3DCE71863F781C493EF9DF6E3F3769E83F5BA743BF3CE379BDF939043F1BA2CC3EECB8313F6C297D3DAE58B7BD41049D3EFD39A93E2039B0BF23E801BF777A363DD200AF3E7DACDABE4EE1843F30AFA03F7CF7A9BF62ABE7BF2A6AFF3F292106BE7B594EBE518547BF2D879ABF7C03E9BEFB2B943F7CDB673F7BD3ED3E95FBD6BDD129493F0D7651BF07C345BF7E10543F1B2CB53F4EEBE2BF760D53BEBCB594BF787EE13F02BD83BE619C15BE5148053E95A0363F3A20BEBF3EFD9B3F5F91EE3F23A1593F312290BF5D218FBF60B7CFBF22B29C3E8410B23E15102DBF0EF4643E0F452E3EBD3486BF2C814F3F36EBFEBF7B4813BEB86EC5BF735D903ED6592A3F4D28483ECD186CBF1C8C253D88241FBDCAEFA4BF292E7C3E091AF2BEDED93E3F451077BF52B7EBBF5B8CFDBF522221BEFD055EBE89C4ED3E970675BD3CC817BD84AA353EBF95103F5E53703ED54E15BE904B703F43A17FBF478AD9
BE62C201BE901CE0BECDDF5BBF09C7803DAC4CF3BED21BFC3F704ED03F74DDBC3F1370A73ED11CF4BF67E4F13F03D05CBF396D373F2081B5BF2803993F0D77673F1143053E6B7A533A4DEB58BF02DA0F3F0571943F0139D4BF4CB4B03F1038183F3B42A83D8F1C64BF4DF875BF55D6BCBF39CA98BE0F8AE73CE4C9513DA958EEBEEA2399BE9F5001BECC736C3F5AB552BF3C283D3F771605BE11A572BF0D8AD33F09BC263EB926B33F063CCE3E67BB073F3F7C823E695BACBF2F7B70BE92C5F3BF5C2035BEE57D72BDF216EEBE5C58C33F30CB5B3DEED7C9BF088AAEBF6DB007BEC602B73DE95E073F7FAAB93DCE3DCA3F710F93BF08C05E3F187A7FBCC61923BF70E3FE3D835DA03F7BCC623F013652BEE221DBBF532F05BF6DC92D3F629D07BF56870CBF1E2AACBE0448DFBE491168BF1BF6D93E566EFD3D0E5B103E1B6BDA3E6DC5383EA9773C3F2187543F08E140BF38F054BF649A133E50436ABF46703DBF361296BD9BB9CB3F2329BD3F6571CE3F5E0019BE122A4B3E5D78FE3F58666D3F2A75C83EA8E1233F64540D3F1E1267BF3DC1213EB03D02BE7B91853EC51369BF7491973F706DEFBD8AAD973EC6A262BE11CAD9BED33277BF267F23BF734FF6BF1C4A22BF2A536FBF476C3F3F07392FBF6AF47DBF7E3B293F7E62573DDC4053BDD0E489BF68CE5BBCD85F99BEEAA00D3F257F713D97AEECBF1C9E41BDADD216
3EFA1BF1BEFC6CC7BDE4AB733EC53FE2BEEF8EA73E54733BBEE697D4BE91D67B3F34EB1EBE933F76BF5F36B13E3266F0BF0908033E57887B3EA39A473F6BB2C13F1FCC733E99E4A33DD2F8B53D283AC2BE64E6383E03E37C3EC4C1D83E7BDDE03EABF56FBF01F166BF2EBDB7BF730256BF1B85383EE57B683F5B6387BE2C2A1FBF10F79F3F68D3FF3D02D555BF11B91F3F0BDD4D3F0130E63F2F785D3F6E43F33E0BEF303DF6D6243F5FAE75BF7A9325BF1BA48EBF731FA4BEAE077FBEBAC858BE339EA5BF7E1E40BF68E116BE582D76BED89E16BF1020F6BF2A06563E9D54123F078F683EC1665B3F5DA1A3BF2F2CAEBF75CB1DBF44BB533F5A1A84BF099600BF2789853F60F228BF47C8AA3B1084883C52C0253F6C32FC3F0B2D08BF16036DBF7E36D43EC580A4BF1C3A84BF03C2103E7E32203E591693BF18C4B6BF7E6D203F1505173ECAD77B3EDE745BBF6BDF0EBF73DCBEBE7A0879BE29FDB1BF53B5563DB159D83F6BE2B53E9E4BDA3F70FF9FBF762FB4BDD7F4193F0998AEBEB53F2B3F52F2613F5B7A2BBF201A78BF153C3E3F4DC7573EF57FF83EAF1B1EBF144221BF7D12F63DA99DB63EB16DF73E8C5B3E3E3FB3913D691E503F0A0EFF3EBEAF44BF5454E2BF339FE73EEC7CE63F07F3CB3F28EC8F3E26201A3E8C80A4BF619B1D3D1B76FEBF7113FEBF26AC6BBE1782C6BF27DBE43F7DDD393F4106E03F57DF93
BE6653313F5C19F63F6AC7573F40C6BA3F49D6F73EF3A87A3F08BDE6BF534F26BE2BB450BE521C313F708B0DBF3E3FDEBEE44E79BE8DE80DBD937D3BBF493C4FBD950AEE3EE693A6BD5703AA3CBD4304BEC3820E3F3CFD8CBEA37AE73E693F8BBF1A48EBBF2B96F8BE5DC23EBE400557BED4C2123D713D4DBC2FA733BE73FA8B3F047FD13F48D8C33F769EEEBE1F9B7A3F1B7A03BED18B653E935ABC3F46B9ABBD4DDC443ED67D473D5615DBBF6095AABF026FEA3F0F219C3F31DB263F140209BE8A730E3E58AA193F559D7D3EBA62EA3F4CFF69BF6685E1BF4453BDBF6C045F3E2F3A6CBF1CACFCBF408BB9BEBF2F393F2DB0DE3E904268BF5AF23DBF10A2A53EEC99FB3E7180AF3F37EA7EBF0BDA36BF58CE833F2E5288BE179DBDBF34790E3EE9A3DF3EF01ED1BF7F9EF23F31A417BF01E936BF29ECEA3D888F6FBBBB2114BD350B84BF3EF18B3EEECA293F23F666BF04BEBEBF4792603EFB4AD93F5D6322BF6ECBCEBEF1C403BF5725CBBF6CCF433EC722DEBF68FE873F252B74BF44AEB83E85559FBE8F3B20BDA09FD43E9EE3593E9D3A47BE4251363E5555A9BEDFB673BF7E7D093F5CF78D3F174528BF0A5E1F3F6314E1BF185D74BF4589BC3F5C1918BE86F592BEFDA370BF70C1123E35D289BE109E2B3D03FC263F4D69A1BEB6444D3F650DF0BF281B383ECB6BE5BF366211BF68F59C3F239DEF3F557F9FBF6F4030
