C0CEBB7A000000000000000000000000000000000000000000000000000000000000000000000000000000000000000000000000000000000000000000000000
3E2B650140C9B7B40000000000000000000000000000000000000000000000000000000000000000000000000000000000000000000000000000000000000000
3E24A93C3EE4B6F240DF14C400000000000000000000000000000000000000000000000000000000000000000000000000000000000000000000000000000000
BC32C540BE67A2C2BE824D1140DB14BC000000000000000000000000000000000000000000000000000000000000000000000000000000000000000000000000
3E9006E83E923AFDBF256ECD3F072709C0B9918A0000000000000000000000000000000000000000000000000000000000000000000000000000000000000000
BEE020BABF6A2AFEBE2BC1303F817513BF9E721DC0C4A43F00000000000000000000000000000000000000000000000000000000000000000000000000000000
3CF721203EBB6D6D3F89FE24BE0A209B3FBB6E783F2C2AAAC0BD861A000000000000000000000000000000000000000000000000000000000000000000000000
BEA555D23F0043723E9CD582BE82E80ABD32E2B0BEB53E8A3F83901540CFF50C0000000000000000000000000000000000000000000000000000000000000000
BF0F6571BE4B992A3FAA6486BEBAED28BE6AE5943EA2A7A23E8BF66EBF5395B6C0D1956100000000000000000000000000000000000000000000000000000000
BE67A750BF8C98A73F87D9A43EB69B343E90A8263F9BDD523F20E332BEDEC715BCB834E040C826E7000000000000000000000000000000000000000000000000
3E5B722C3ED0A9643E9FAFEABC33C500BEE65C78BE4DBEB8BE852D133F0C68543F765028BEC27E5AC0CA53650000000000000000000000000000000000000000
3F58176E3D457DC0BF25B843BF6237E53F4AED21BD2832683F72ED953EE224B2BE95F0943DF62C103E9F605840CBE7EF00000000000000000000000000000000
3F2B388EBE37B9FABF549D3BBF7428303E941656BE227614BED88A92BF122A1D3F9FFEE03FA216B43E4E4266BF4B7ED540CA570D000000000000000000000000
3F3361643EE624A7BDFC32E2BF5AE1903F58151A3EB54FDCBF07E3203F783BA0BEE22344BCB25B80BF28B101BE24C3FC3E4801C2C0CD34AE0000000000000000
3E18CA883E51A3103C33E138BF1AD3283E956119BD180B503E3977983F8487D8BE94238E3E138C9A3EC23EB03FAF89AEBF817A09BE9815E6C0CE65CD00000000
BE9FDD00BE45AE74BEF13F48BFAB373FBFBB654CBF6B77943DFCC41E3DA49060BF090D99BF5274FCBF5DA6D63DBFD2E03EB591F03EF1041A39E8480040C6C47D
