BF23862FBF68EF103EE48797BE9C394E3EA478BDBE6DD64D3E82671FBF74EA513F52363B3F19E2D33EFBBF713F205053BE6EFD193E7030183E1A9D0D3D762EFEBEE6541DBF00B3B4BDC6166DBF0B69393F1BE0D13F78E2A8BF70A4E53D92149DBF536A9D3F1AABBB3F7A7134BF5DB9383F60F8D2BF76B16F3EBC40313F1145E83D8BD3D63F454DD53F4C4A5F3E80F5CBBF39693CBF107C4FBF22BE68BF6A9696BF493EF13E6E79EC3F611B3FBE95098FBE3708183F77FCA63F6422F53EB4E2583F7A02C13F089E20BEA7384F3EA6476EBF02FCC4BED1668C3EB880AE3D641F09BE350E763E5233FC3F00442A3E2B13713DD424633E2B27133CC1A856BF55B6683EE0D6FE3F7E082CBE94F4F63F7148D6BE9D3C893F45E914BDB991E1BE314D09BF10856CBF3FAA34BEC3ABE53EE787EC3F10D49C3EC67043BF7AFB333F2FB9A93F583BE63F0ABA83BF6A287DBE79798C3ED13E683EEB0578BF0D2B8EBEEC7CEB3EB12F15BD3862483E7D5F08BF06F0B1BF2550093F28C7053F08A9F53F5E73F0BF48C2C9BF22B314BF4D4362BCA7B5BABF1D0EF33F4AB24DBF4D441FBF6963213DEAAE533F0B8479BEC092C9BF245C69BEA4E8CDBF1467CB3CA656C13F500EFC3E8404A3BF4C03C0BE5F878BBF64094A3B28276DBE0BD5C53F7EC03B3F1F8A60BCEB15423F49F50EBF39937EBE61451A3F5ACE6F3F55C1C03EDAB3253E725ADFBEA079243F5F3EF9BF401D9E3EEC1E923E95FE2E3F2A92E6BE5051683EFFD1653F2BA206BEB5CCF13DD610473F75506A3DC9F7BFBEADA56F3E74AD81BE8EB5493F035538BE3054CEBC7AD5EB3EC76AC53F720A2DBEB061013F2CF48A3EF4CF5A3F68898EBF6FA7D6BE9290F03EA68EBABEDFBE0EBF0A0B3B3ED832153E7F20163E3991083EA449DABF67A6EABE9AD828BDC74F1ABF04A81A3EDC34C33F365D86BEDFBC723EEC9897BF3977243F2C66EEBF3909323E34A71FBE890E313F1D0F963BF7C70FBCAA7C823F410C88BE9661FEBDCF14463F6D53D7BF6A57F13F722798BF1F20483EAB21953E3107413EB350ABBE8E503C3E7654893F1F4F2BBF7623E2
BF550E883F7319343E9AFB5FBF099B32BE45A670BF418687BEED1E60BEF7F72CBEAC5FF3BF320E62BE9BA3E1BF41B5FC3F44AFB6BF4FBABE3F5C2E49BE4ECE9EBF67BAFFBEA168D73EF1A11D3F16E0943DB7EF3F3EBEB15D3F498A3ABF63F255BEC90CFEBF685995BF1BEA783EE173253EE3134A3F416EE13E28D29DBF5BCF433F5871FA3F19CA5FBEDB30BF3DB2D8383F7834973EDCDAB63F2D8D6CBE08AEB0BD70A4703DF8AEA0BEEC73443EFEFEB23BFECA043E965546BEC4DE58BF38F916BD481B45BE8CD7793F13839A3F0F82EF3EAC8E77BF3BA562BF74F6A03DF51B87BECBF6193F60FA4F3F763900BEDA802F3F1A051E3F4ACF1B3E47BC043F449DD73F6330C83DC959FE3EE9DE3C3E1D3374BF72C2CFBDDB02553E95D02E3D2DB1D1BE82C0783F5FD01D3F28B8873F32BB55BE8286623E3ED78E3F3EBF363F5DF3EC3EAC81E6BF1621653E9D8B02BF5B1C0FBE3F05F63EAAF01A3F5E114A3F1F34D8BCFD293F3F0374A2BE29E3063F718DEF3F79D7D23F3A718CBE6390E7BDB960A2BF01B2373F119FE73F44034A3F53D2043DEEBC2C3E4A7B5CBF33C66E3F4CA73FBDCB301ABF16B21D3F4C9F0E3F06719D3F43D53FBEDC36033EB162273EA838FEBF411E65BE3DCFD7BEE61B2D3EDDDEACBEDDD07C3F4ADA943F273559BE6139C8BB896EC73EC77B033F2B326A3E6085883E190FCCBEB22200BDB27C1E3EDAED3B3F44D0BD3EE227FDBF7678633EB2F89ABDFBDE2CBDFEB045BF4413C03F211DF5BEB35919BF01EE63BEA10FC9BE7E951F3DBEAF313DFD9FFDBE555B28BE50A0C23CFBC6CA3EA14FB03F66DE5B3EE3AF54BE4CA2FE3F29EB0ABF3B3801BF610A80BF54DD92BF2C1585BEB3FFB1BECB0823BF7A04F33DA37386BF4F2B4FBF34FC013E8649E13F37F8D83F72CD2D3E1113BD3F7E63273DDB4E693CFD4575BEAD61AEBE0F5B38BC863F10BF5BA1073F4685C1BF5EE859BE02B1763F273BFCBE57FE333E6865853F2324E13F45C0993F5CBAAABF1E517ABEF736373F4BB50D3E3F34813BFBA9E23E6708B73F238B503D829E38BF18899DBDBCDA35BE13A3713F6E9E77
3E75DF6D3EC8144E3EE172D5BE9CC7823D0B2F7F3DE838A1BF2FDFDC3DFE2E7B3EC77A83BE169E7B3F2C2BA33EECF0BBBE8F5406BDBB8BCFBE68AC6A3F0D15803EEFE4C4BE0ECA7D3EC667133F63F3063F1186EF3ED2816EBF480558BE616C093E3A2C42BDA6611BBF6639D6BF0AE9763F2B1AD4BF77FD6B3F3A384FBF5807553EAD198039DD96EEBF10631E3E12AB44BF41706C3EAF46333E4BF382BF635718BF632702BF31EB70BF75F43ABE04C2AF3F2A18EF3E706A423D24E6723F3A4CF0BF4DFA8A3F50EC38BF48B2093D0B3CC9BF36B4413DF32E8FBF7DA7BD3F088A8B3F328A043F5569993F7953E83C283394BEEA1073BF4C6A6E3C8098623E2F53D63F069923BF5585EB3EA579793D0B1793BF286C653F608AA83E394F3EBDF3290D3F6243333E9FA7DFBDC4D4933F2DECD23D85A0393DDCB8AF3EB86319BE87FF5FBF057BB43E21A2A43F3BD89FBE3EEBD3BF46574FBDE601E8BECC9C76BE49F5B03F2AAEA1BE455E56BE60EB70BE8EE67CBF383073BEF5A06EBF538CF9BE109821BEF88ADDBECF4DA4BE19E3D5BF42F744BC21A5A43ED35C6BBF034A5A3F11F4B5BF5A10EEBE5953A5BF7E4320BF0F0370BF7F5588BF1F23D8BF370C54BEED7D7CBF26748CBF3903013E4A848A3F4D57763F60F662BF0EC0E9BD0DF4C2BE7DEDE23D42CE5ABEF0C53DBF5D0048BE0266F3BF26FCBCBF72A2173F68CB97BE0E23693F6C51683F065B31BF7C3CCC3EB85C0D3ED2E4C13E949CA43DD642D9BF10540D3F0B7396BF0B3FDFBE843C0A3F4827D33F367709BE47D0EBBEBA59323E5E7C413F52051C3F5175513E3B95D9BEAB72673F34C4C2BDEBF0303F4F07AEBF6F031C3D84D1A23EDDB17BBF24328CBEA763EABF1FE417BEB658B8BE44E6C63DC6ED75BF670BBC3DD7FDA6BEE697D7BF0459E2BF03827ABF3112033F69AF683F5F0F023F232E8A3EE9BD79BF25FC01BE8EFAE9BF1F56ECBF7F62ECBEBBFC863ECC68653E8042E53DB061F7BDF9B420BED9ACAB3B5976623F05E9623F065A593E1BC3323EFD9B543E9506FFBF40E95F3C101BEDBE9C6788BF50D205BF344D13BF1A8980
3EB0679CBE0C43DD3EC711D2BEF90D78BF7B00EA3D843B41BEE1E7133F6478473F501955BE5BC830BF73462D3EAF8D213F2CA1A13F716867BF62D9B1BDCB79423E28E6313EBF1DFC3EE0B2FB3E99A4483EE85C4ABE812E143E271482BF448C1DBF627B213F75A3CABEDC572B3E4281E33F6CA05FBF20E1ACBF1D29E3BEA2280C3F5DA4CBBE5FE9B3BEE839E1BF3233FEBE52B899BE8048C1BF3CDE88BE05095FBF5125303E6AC18ABF7A60F33E16098A3F145779BF077E02BDD4E9483E0E0BAABF608FFDBBF3362B3E91BB16BF0EB6423F2C92AA3F7130C63F3157CA3C449715BEE26E6F3EFC893ABF06B1103F6A29293E764AE53E4D563DBF27A062BF51BE13BEFA9C8C3F37968F3F5277613ECC6CCB3EE69634BF0A4C5F3E1BC1EA3F1F0AA6BE44EDC53F7A14B6BF51EBADBEB75B3C3CBAEC8FBF60F8343EE71ABC3DE7A7003D70842E3F28F3753F37AF443F13FB99BEBA89F9BDC3C21E3F012406BF47C035BF47CFD9BEEBA39E3D49D4423F71FF523ED77560BEC0A7C9BED58C433F3362093F52C3733E8E9E68BEFA8035BF529A643F2D2FD63E2D80F53F656E82BF60C0D13E2D586BBEDC0CA03F27CC83BF1E3706BDEB65B4BE5A4B113F2734B43EB51DB2BF15B50EBEBA42C1BF3B7D203EAF93F83E1163C5BF29144BBF346676BD43F4773F50F2CD3DD5B57BBF6F2281BF646C143F1C313FBDC72B29BE70572C3F144C2EBE8AF8623D84815E3ED8BC893F3E322CBEAF6BFE3E99B88A3F731DB9BF591ACE3E32371BBE305C47BEC371BEBEF1D57D3F047D033F7D8CF3BF2079B53F0FF246BF1BC05E3F7C167A3F1AC207BE1B2F073EEA5B4ABB57CC9A3F1E33F9BE92EF52BF5A7FD63E3A59BA3F520424BF1CCAB6BE0A82C13EFF23BABF6BF0033F6484B63F0700313DF0EDD1BF21DF56BB866D2C3D1230F03F7D0D6B3F35AF1F3F6CC0363EB73C50BE45A1103F5EB594BD281007BF09529CBE5465C73ED1FFD43DEFDB993F0365193F7DAFB13F6CC3CF3D8FA2863F6D8063BF44CCAFBF65A892BEC858C03E243B9E3D7DA92A3F4D6B263DA61834BE0B4DC03DAEC3943ED98344BF777669
3F1A124DBF370905BD30564DBEF90027BE860CD43EA5A5B4BF292909BEE28671BF1A82ACBF1C1F96BEB150F23F42BBA5BD6CBBC8BE44ABB5BF243BC63F7016F0BE3D87D93F3060A73E6C2F91BE7CB3553F411DF73F11D82DBD8F8C193F20C1953F4C00DFBE10EB62BEA9A58C3E45EEEB3F4DD1BD3ECEEA82BE7AF8D23EF098493F6880293DAF5CCE3DA44603BEC16C7ABF5B8724BF22D375BF5063C1BD958C4CBF7B38C53F547E473E922AE4BF7F4600BF707157BF154364BDB8756BBF3ED6FDBF7B92883EE8878EBE95627E3F0F969CBE01BA2ABE01EF91BF66CD88BF6696A6BF515B513E40967DBF0490A13F2EC7EE3F36E4973F6D5E94BCB5DDACBF0F3384BF0C2E623D96AECF3F06333EBE9C175BBD9ECB723E8EAAE33F55AD12BF2D465C3EDCCF873E1F358FBE089A8C3F44BB78BE5B07AEBF245D5E3E8888993E7DF401BEB030143F1B1E453F7FBB903F7642C5BF3EF504BF0917D2BF73E6723E5C05A1BF474400BE3D85DF3F44A5B73DC526E0BE86240FBF1553ADBDF1E5763F69928BBF407FADBD6F81EB3F36BB1EBF69C8B93EC439623F753D95BEDDEF05BF3B811F3EBDB9F53F51A4073E630F473F4CCA8CBF1CF6403F0243F0BE9D6DD5BE26A7B8BF30457E3F23540B3E7FD7E83EF4492F3F1C37B2BF5D94FE3F66CDFDBB9ECB023F02A27C3EF839093F2989D1BF2FDEFDBDAEDD0D3E71DEAC3F5D47233F2B90AF3F4A74F33E28FF793E2977283F35B8DABF6E26153F4555C8BE3CF7A1BF6D5F563EFC0E35BF30BA49BF3651A63E59010FBEFB6960BEB410ECBE4921D8BE3FBF58BE69149F3E60DFC7BF2A8D4DBF1FB265BF4F8CCEBEB50EA83F0A089CBF0821AF3EF6225E3EC572313F25ED943F27ECACBED3975BBEC334B63D3CA8FDBEB2E4D23F29E7433F1EDEF53DE97702BEF2B98E3EB8E659BF085E9DBDB27B51BE6C68313D9E1C8B3F7BC0973F02AC403F75FE2EBF07CA923D69F4C0BF65AA2C3F03852F3E50DAC53F36DED13F79FF763F5BE564BE39503CBF7FD33E3DA77007BF15A455BF0FBA10BEB25FD8BF4EDFB83EFD79773EFE79223DB15ABFBEA5C0A43F2A27A3
3DD755ED3F6A43173F492173BE92F0B73DBE0FE9BE9CFF763E7B80083F17DF313EFBC6A1BF3FB9B73F2510D4BF731F79BE2F3FE93EECF6143F101041BE87E6333EFABEA43F48D73FBF03C97DBF3DA577BF0CC3E7BE9995F4BEDA067E3F5ADFB5BF65BA343E3DC811BF2C98843F2D4385BF2A35743B9038333F7FA81DBE941026BF67E56EBF129B14BE5139B9BEAA52E3BF0A71893F5F4B253EBB95D73F6C9A2EBDFE0FD63F6173CEBF7D03493E61E8A73F1A269ABF08B6A53F5D6C893F06CA613F2724653E1674143F15CD44BEAF0FD3BF0D9664BEC01DCB3E2D1AA53F28EA82BED69100BE4791903F395F933E6AFC923F7B7CF7BF17B4C83F2787F33EB41511BF0089B2BD465D39BE4EB1A63E4BA6483F19DE1FBF4A346D3F2494123F2EA2DEBE94FC51BE0F37BE3E13F2283ECDA5003EF849FE3F040964BE631075BE10C9DC3F69A6023E1572033F330EC5BEE505BC3E7A84CE3E34F6F93F6D4BBDBF5404903A82C80C3D30DCD5BF51D5C33F4F30723F44CEA0BDF9E5F93F103DF2BF33FC643E75620EBEF51F11BDDE97983F3020B4BF1B8B07BEC8DB1FBD08D9D5BEA614993F18D3223F7997F9BF2E9152BF06B7B13ECF171FBE7F08B73F7289733F71D2093E9325953F385EE1BE48F15B3E8718DE3F7870F03DF39E953F5DFFC23EE1A1A6BD02C1A83E8E5E2B3F467857BF1A3F2DBE564A353F7BFE67BE47FBE03EA2AB463F4D7D803F7DA2AE3E9CD6D6BF487B05BF6D82763E71D9D23E0982FC3F6C86A23EFC03123EA66A9F3D3EFB93BEF5DE463F6C8A723DA4ACFDBF70806E3EC906A93D2183C8BF61C6BF3F47B2D4BEADDF77BF0A649BBF45A886BEC19D7ABF0B0AEB3E9BA525BF5E2043BEE5F551BEDF6A843F42980BBDE405DA3F03072D3E538D0D3F11083CBF45AAE23F7506533F327B43BF6611AABD8A6FF2BEB287F33E85547EBF0A163A3E239ABC3E53439F3E4C8D69BDD33D49BF6DDCFA3CE2579EBE3CF7F8BF48AE31BDA45974BDC92F2A3DD178873F1C5DF43ECDABA43F3E95A7BF654712BF0F85EEBDA54E6B3F6AC4EA3F1480D3BDC51F21BEAA91CDBF61BE423EF6AFE1
3C5EA499BF19A360BE151B8CBF29A16E3F00DE1DBE86CF093F6235F1BF7735293F287A043E81A1113D9EB4AA3E9A1EAC3EE81192BF4F9F323F41515FBF78A586BED2A255BF23E2323F5A433EBF5D17743E2614353E8C715F3E9AE6553F3AAFBDBF635A313F223AD73D6CEECF3EC703D5BF133FAA3DB146503ECF61793F69B1CABDE327C2BF5446BCBF62A4503E848EAB3F17A4C83EC3C7A9BE9E679E3F64C5273D25662B3F685A2EBF5A51ACBF15FFE93F0CD0723F54106D3F10AA7ABED15F7CBF3241473F3221543F11D876BEEAAB26BF0B5C65BEB745B13F28BC533F24F5113E10C22C3E131B6BBEDB1E073ECBE9AB3F17AF1FBDEF4050BDDC4D05BD8CA593BEE2438D3EB395963F4EAD1E3F512A4E3EFD2132BEF53C793EC2306CBF3C80B1BF40C480BF1E41FBBF35629A3E2E2B59BF5A70563F2507F13EE440AD3F5A0A11BC7137E93E9E999F3F47BE443D9DCCFEBEDF059C3F73B0B4BF6D59A3BEB1ECF13F722ED7BE8A34E3BEC36E48BF4217C63F54DF3EBF3AA29ABEABE94A3F4B827CBA38243D3E6C1C3E3E2A419E3ECB0314BF70FB5A3D646A3CBF6F94263F277F33BEA3DAA83F318419BF02032B3E26E4E33F60172FBF67886DBF645D0ABF75718E3EB9D5813E49FDC1BF459DDB3F17AD783E715BA6BF5C0CF9BF5C8777BF3A5D3D3F13E990BF50B126BF063610BF034095BF4A54BE3F377A033ECAF4E13EEF5A193E9A24B33D0549D9BEB1C74F3EA5A8A9BF43CE75BF345147BF75E1683F6DB7A53F70D4B8BF40955BBD857D103EA07465BED6D9983F0252A03DEE0D32BE13E17ABEEE64AE3F01E9B23F4BF7FB3EE9ED3CBE3ECFD83F606AEFBEFA713A3D87D62E3F68D5A1BEEDD397BEFFE9D13F5AF7EBBF5CE2C6BECD69FC3E3B9026BF17E92D3E8B24F73F18C3FD3B5EF5D93E9A6E7F3F178769BF08833C3E4E84A5BF466B553D0126F93F2CF9743F5771CDBB6844D2BEE3B9E93E9C2E313F55A8303CA135A93F72C93ABF1AFE41BF4712C3BECF825BBE542285BE224AD8BEC10C9B3EC67ED3BF50F62DBE4885C3BED1BC20BEC625B5BF49F3E43E4028B0BEDE7CAEBF3086CB
BF7FA9ABBEDD992A3DD01F103F3DE6E4BF6A5DC23F4F37B8BF3CF0F73F2ADE853F19D6FE3F55F461BF39B3563C1B118FBE42A521BF27218D3E19F9DE3E5988CABF12342B3D2348F83F7A7690BCA53AE03EC78CD8BE356879BF6E31BEBED423F73F1A5692BE9D2E95BF55579D3CB5F77FBE885CD33EF53A1E3D4AABE23F1BEA293F22422FBF1EFD98BF40AB403F2459A73E8D3509BF77BF253F4ABA913CFBE7AA3DB65CA33E59FE5F3F0557E53F35F006BE6FE2ABBF54A8DD3EEF7C7BBEAC0AFD3F2DF3A7BE835AF73F280BD5BF259F5ABF3DAF933F42801ABF696E763EBF33883EEF622ABE00ABBDBE7617043F7595A9BE4EDC89BDF4FE91BF2FB6E0BEB22412BEBE668D3F49FBFEBF01860CBEC1DD5CBE3AA2F03ED500CFBF3675223F3E1DEDBF556C97BD9CB8C9BF7070DA3F01A3803ECCD7FCBF122B733EB838EF3DEAABBB3F338C2F3DEFE25E3F4DB547BE24D3E7BE9146CDBCB46DB3BEF9E50F3F5BBC13BD882A02BEFBE55EBE0CDD583ECF6407BE480747BF22E5DB3F36668C3E2C71B1BE817490BF0E7E0DBF0FE0013D3620D0BE0859AC3EF71865BF5BEE073F31D5B03EB83286BF3A08D03F37807EBF19AF573E5BD5083DB04FF0BF2CE3C7BF7D1B0B3F0B001A3F07923CBE21A664BF62E9623E2F9C1FBF26D5203EEA18EA3D8C74C6BEFCDCB73F5588763F0432133F4628E4BF5CC67CBF2208983EF2C32D3EC96F9E3F0DD2043B797C26BE18951E3E63D04B3F3627BC3EAEE5703D41441BBECE03553ED0DD45BE7275FF3E0A9E6F3F4695B63F2F970D3F4C2F533F60C5033F2180B7BF7F4E07BF7E6AE5BF53374ABEF503E4BF7453BCBE1B796BBEA2BFDD3DA962BE3F5A32D6BECE5629BEA5CD1A3F380DC7BEA359A7BF3948483C7F8E613F369BAEBE6CECFB3EC863343E82F950BDCB35CABD581F2F3F663FE9BF553FCFBEE17487BDD90EDD3E3358903F415943BD7D20E8BE002ABE3EFC17E8BD8370513F38BE5DBD892AB3BB7872DCBCCDEFA8BF0A8312BF54327FBF5D7FEF3F46DB2DBF089E3F3F3923143ED8D1163F3EE1583F6041CDBF387AA6BE594AE13F760C553E9444E3
