41000E8A00000000000000000000000000000000000000000000000000000000
BF9E1CC6C0F7DBA8000000000000000000000000000000000000000000000000
3F75701BBE1C25C6C0F43CAC0000000000000000000000000000000000000000
BEF8E4903F1D5D93BF0B727640FEE24A00000000000000000000000000000000
3ED03A28BDB13FC0BF53890E3FA50FA240FAB83D000000000000000000000000
BEDC292BBEC3A8043F395ACDBE4415A8BF85A02140F9E9D60000000000000000
3F5BCAB2BF1952F03C0E4920BE6E85B23E9F224A3F095ED6C100CC9900000000
BD657DB03C0F62003E61EA82BDE8B7803F4F049ABEA7272EBDFEB188C0F7F7D8
