C14E1D4F000000000000000000000000000000000000000000000000000000000000000000000000000000000000000000000000000000000000000000000000000000000000000000000000000000000000000000000000000000000000000000000000000000000000000000000000000000000000000000000000000000000000000000000000000000000000000000000000000000000000000000000000000000000000000000000000000000000000000000000000000000000000000000000000000000000000000000000000000000000000000000000000000000000000000000000000000000000000000000000000000000000000000000000000
BCA731A0415870E30000000000000000000000000000000000000000000000000000000000000000000000000000000000000000000000000000000000000000000000000000000000000000000000000000000000000000000000000000000000000000000000000000000000000000000000000000000000000000000000000000000000000000000000000000000000000000000000000000000000000000000000000000000000000000000000000000000000000000000000000000000000000000000000000000000000000000000000000000000000000000000000000000000000000000000000000000000000000000000000000000000000000000
3E3123E63ECFAA6EC15232F700000000000000000000000000000000000000000000000000000000000000000000000000000000000000000000000000000000000000000000000000000000000000000000000000000000000000000000000000000000000000000000000000000000000000000000000000000000000000000000000000000000000000000000000000000000000000000000000000000000000000000000000000000000000000000000000000000000000000000000000000000000000000000000000000000000000000000000000000000000000000000000000000000000000000000000000000000000000000000000000000000000
3E1A490A3CB057A03EFB2075414E25A7000000000000000000000000000000000000000000000000000000000000000000000000000000000000000000000000000000000000000000000000000000000000000000000000000000000000000000000000000000000000000000000000000000000000000000000000000000000000000000000000000000000000000000000000000000000000000000000000000000000000000000000000000000000000000000000000000000000000000000000000000000000000000000000000000000000000000000000000000000000000000000000000000000000000000000000000000000000000000000000000
3EE9DC003E2610F43F42E1FDBF3F81F2C14426560000000000000000000000000000000000000000000000000000000000000000000000000000000000000000000000000000000000000000000000000000000000000000000000000000000000000000000000000000000000000000000000000000000000000000000000000000000000000000000000000000000000000000000000000000000000000000000000000000000000000000000000000000000000000000000000000000000000000000000000000000000000000000000000000000000000000000000000000000000000000000000000000000000000000000000000000000000000000000
3F20A1923F611D22BDA91D0CBF6BEC6E3EB1BCAE4150FDE900000000000000000000000000000000000000000000000000000000000000000000000000000000000000000000000000000000000000000000000000000000000000000000000000000000000000000000000000000000000000000000000000000000000000000000000000000000000000000000000000000000000000000000000000000000000000000000000000000000000000000000000000000000000000000000000000000000000000000000000000000000000000000000000000000000000000000000000000000000000000000000000000000000000000000000000000000000
BEBAD658BE6A98BE3F56736B3F1652EE3E7C4A823DD016644154BDEF000000000000000000000000000000000000000000000000000000000000000000000000000000000000000000000000000000000000000000000000000000000000000000000000000000000000000000000000000000000000000000000000000000000000000000000000000000000000000000000000000000000000000000000000000000000000000000000000000000000000000000000000000000000000000000000000000000000000000000000000000000000000000000000000000000000000000000000000000000000000000000000000000000000000000000000000
3DD71EB0BF47BFB33E52F06FBF996D823E467A28BD785B60BF0DB6A1C14EEAB90000000000000000000000000000000000000000000000000000000000000000000000000000000000000000000000000000000000000000000000000000000000000000000000000000000000000000000000000000000000000000000000000000000000000000000000000000000000000000000000000000000000000000000000000000000000000000000000000000000000000000000000000000000000000000000000000000000000000000000000000000000000000000000000000000000000000000000000000000000000000000000000000000000000000000
3F7167E23F0139D43EDB9D933F7506E8BD960CA0BF59CF2EBE1757393FAFE2664155D6D000000000000000000000000000000000000000000000000000000000000000000000000000000000000000000000000000000000000000000000000000000000000000000000000000000000000000000000000000000000000000000000000000000000000000000000000000000000000000000000000000000000000000000000000000000000000000000000000000000000000000000000000000000000000000000000000000000000000000000000000000000000000000000000000000000000000000000000000000000000000000000000000000000000
BF7CC051BEA51BCEBF83AFA8BF8875E33ECE86C63EBD0688BE9F7A443E317F343ED38221C1514D98000000000000000000000000000000000000000000000000000000000000000000000000000000000000000000000000000000000000000000000000000000000000000000000000000000000000000000000000000000000000000000000000000000000000000000000000000000000000000000000000000000000000000000000000000000000000000000000000000000000000000000000000000000000000000000000000000000000000000000000000000000000000000000000000000000000000000000000000000000000000000000000000
BE3B926EBF03BB20BF69FD193F494CEA3E15AFF1BEF6E4CABDE5D9683EBA055FBEB2EB5EBE90E5A4C141DC890000000000000000000000000000000000000000000000000000000000000000000000000000000000000000000000000000000000000000000000000000000000000000000000000000000000000000000000000000000000000000000000000000000000000000000000000000000000000000000000000000000000000000000000000000000000000000000000000000000000000000000000000000000000000000000000000000000000000000000000000000000000000000000000000000000000000000000000000000000000000000
BE32F432BE9CAC183F65A5F83D962EA03F8BBCE9BF9F74DC3E5D4E14BF8C9DAFBEFA06A4BE9C4C023FDDBF58414FA29600000000000000000000000000000000000000000000000000000000000000000000000000000000000000000000000000000000000000000000000000000000000000000000000000000000000000000000000000000000000000000000000000000000000000000000000000000000000000000000000000000000000000000000000000000000000000000000000000000000000000000000000000000000000000000000000000000000000000000000000000000000000000000000000000000000000000000000000000000000
BEB12BD4BD3AD880BE4AD5B8BEA37E45BEBA6A323D9401F4BDD51B783E9684A73E0F52A03EC3B6DC3E47A009BF8F84E9414E1E34000000000000000000000000000000000000000000000000000000000000000000000000000000000000000000000000000000000000000000000000000000000000000000000000000000000000000000000000000000000000000000000000000000000000000000000000000000000000000000000000000000000000000000000000000000000000000000000000000000000000000000000000000000000000000000000000000000000000000000000000000000000000000000000000000000000000000000000000
3F030EEF3F7CD6FCBDAC4504BDF248963ECC8B273FC04C4BBF0867BABE1CE030BD62BA21BF215E14BF095A8ABE04ADF2BD8BE468414E18E70000000000000000000000000000000000000000000000000000000000000000000000000000000000000000000000000000000000000000000000000000000000000000000000000000000000000000000000000000000000000000000000000000000000000000000000000000000000000000000000000000000000000000000000000000000000000000000000000000000000000000000000000000000000000000000000000000000000000000000000000000000000000000000000000000000000000000
BF216106BA14EE80BF98BA4FBF2F8C233FC6127BBE79C75ABF07A1D13DEEBE50BF48B4B73EFB68ECBECA5EF73E5622A43F0128CC3F933516414B90A700000000000000000000000000000000000000000000000000000000000000000000000000000000000000000000000000000000000000000000000000000000000000000000000000000000000000000000000000000000000000000000000000000000000000000000000000000000000000000000000000000000000000000000000000000000000000000000000000000000000000000000000000000000000000000000000000000000000000000000000000000000000000000000000000000000
3EF2A8383E104CD83EC32382BDC56ED03E598E2FBEED32AA3F38F701BDDC5B003E1FF70E3F6F3B603F5B8584BF6EC2313FA69F423D36A3B0BED850F4414C684B000000000000000000000000000000000000000000000000000000000000000000000000000000000000000000000000000000000000000000000000000000000000000000000000000000000000000000000000000000000000000000000000000000000000000000000000000000000000000000000000000000000000000000000000000000000000000000000000000000000000000000000000000000000000000000000000000000000000000000000000000000000000000000000000
BDBEA1E0BE08A45F3F28ABBABF9E89B93F45B07FBEED4EA93E8FF43D3F5C85C23E63AACC3F7BB3293F76C202BF1B09B43F3F39DCBE05F6AF3E957608BDD821D8C14C8F9A0000000000000000000000000000000000000000000000000000000000000000000000000000000000000000000000000000000000000000000000000000000000000000000000000000000000000000000000000000000000000000000000000000000000000000000000000000000000000000000000000000000000000000000000000000000000000000000000000000000000000000000000000000000000000000000000000000000000000000000000000000000000000000
BEB1FE663E307FFB3E1D8FA4BE26498EBF7E2BE73E4C1160BCE123C0BF4429E5BD0CCEA8BE62D8ECBE998E7A3E358D26BEB554173EED2098BE36CC4E3F6EF94C3F045F1DC151DDEB00000000000000000000000000000000000000000000000000000000000000000000000000000000000000000000000000000000000000000000000000000000000000000000000000000000000000000000000000000000000000000000000000000000000000000000000000000000000000000000000000000000000000000000000000000000000000000000000000000000000000000000000000000000000000000000000000000000000000000000000000000000
BEAB2BDD3DB56608BECF33D6BF10D94CBEFFF780BF128BB7BF92A9A93F0B772DBF2B682E3F0D5690BF40FCC43E80CC943DAD7CD4BE84F292BCC2A1D0BEB2C2FEBF974EBBBDBCD6E84149C794000000000000000000000000000000000000000000000000000000000000000000000000000000000000000000000000000000000000000000000000000000000000000000000000000000000000000000000000000000000000000000000000000000000000000000000000000000000000000000000000000000000000000000000000000000000000000000000000000000000000000000000000000000000000000000000000000000000000000000000000
BF3E77213EC643303FE6BC423C9F2E00BF336F203E81E1223F187CB53E669DE83F9F0960BFAAD9913EFA69583F92BC78BE012140BF0876543DB0C5D83F5332D53D0874203F5C9C17BF0CE70A4142853C0000000000000000000000000000000000000000000000000000000000000000000000000000000000000000000000000000000000000000000000000000000000000000000000000000000000000000000000000000000000000000000000000000000000000000000000000000000000000000000000000000000000000000000000000000000000000000000000000000000000000000000000000000000000000000000000000000000000000000
3F9E10D8BE8A305ABF8A222D3ED1716C3FDE9975BF031A52BD9F82103E4454843F92B436BF137B383F076C4EBF0E2A653E1A07983E7EB8E9BE83AEEE3EC72DDD3E2FC6EE3EB7FAB53EE247AABEA34239414658AA00000000000000000000000000000000000000000000000000000000000000000000000000000000000000000000000000000000000000000000000000000000000000000000000000000000000000000000000000000000000000000000000000000000000000000000000000000000000000000000000000000000000000000000000000000000000000000000000000000000000000000000000000000000000000000000000000000000
3F60240E3E80CD9C3EF64E37BEC8118A3E89BC9B3B63C8803D7828203EC48456BEB53E483DAEA638BECCE3A8BD8677603C05D9803F44F7A9BF1EC4C63F305181BE35027ABF16C3703CD2AB10BF2397C03F11B799414D7107000000000000000000000000000000000000000000000000000000000000000000000000000000000000000000000000000000000000000000000000000000000000000000000000000000000000000000000000000000000000000000000000000000000000000000000000000000000000000000000000000000000000000000000000000000000000000000000000000000000000000000000000000000000000000000000000
BF31A316BF887F353EA63E383EE0D3593F5888613E021AB43EA00CEB3E89BB41BEE12A8E3E6667D0BF458FEF3F8F352D3F40A3F1BEAB7CE9BF11736EBD899B0CBE2B1D56BE85708E3DD953C4BF3FEB78BF255964BE4FB6D6C14B9B690000000000000000000000000000000000000000000000000000000000000000000000000000000000000000000000000000000000000000000000000000000000000000000000000000000000000000000000000000000000000000000000000000000000000000000000000000000000000000000000000000000000000000000000000000000000000000000000000000000000000000000000000000000000000000
3F3F03453F9F87E4BF05DF013E0D180BBEAFF95EBEE9712D3D4518D03DA258C83F2DBECD3ECCB7A7BEE85C973F949DA13E90E1393D50EA50BE2636E2BF47C791BEABB51F3E8B216B3E70B1383E87F858BE004E7C3F16DD143F17813A414FE5B200000000000000000000000000000000000000000000000000000000000000000000000000000000000000000000000000000000000000000000000000000000000000000000000000000000000000000000000000000000000000000000000000000000000000000000000000000000000000000000000000000000000000000000000000000000000000000000000000000000000000000000000000000000
3EEE38523EA9992E3E0E65443F12675BBEFCBF1EBDC2F51CBF396833BF104B19BEECD612BE8F445E3E2E8230BF355F0C3F9542A83EB0603C3F2A50E83F00318F3EF13DA0BD7357803E760D00BF08884BBD5D9058BEA15753BF82D58FBE2B3B60C14D2634000000000000000000000000000000000000000000000000000000000000000000000000000000000000000000000000000000000000000000000000000000000000000000000000000000000000000000000000000000000000000000000000000000000000000000000000000000000000000000000000000000000000000000000000000000000000000000000000000000000000000000000000
3E36824DBE75ECE43E77B7943FA36A3DBE86C4503EAF597FBE8836E5BE9B6A9EBEB3DB703EC31615BE125180BEEBBFF63E046388BF4306343F130A423F5C9AE53E982D7E3D7447B2BF3A6DF7BF02FA7C3E23CB103E7EB6573F43EA4F3EF7623E3CEBECE0C153E3450000000000000000000000000000000000000000000000000000000000000000000000000000000000000000000000000000000000000000000000000000000000000000000000000000000000000000000000000000000000000000000000000000000000000000000000000000000000000000000000000000000000000000000000000000000000000000000000000000000000000000
BE6CD5483F52DC663E31FE9E3F13568FBF1046713D41FCEC3F62D131BE2DA5083DD496583F409DD7BF4524FE3EAB06CABF201799BE91DDC5BE4A1B20BD1329603E9FD5933EEC47C6BDB173783E15AAF8BF04C3D2BED499B7BE268225BEC832E03EAE174C3F4E18B4415197D700000000000000000000000000000000000000000000000000000000000000000000000000000000000000000000000000000000000000000000000000000000000000000000000000000000000000000000000000000000000000000000000000000000000000000000000000000000000000000000000000000000000000000000000000000000000000000000000000000000
3F25194C3C01A0403EA57402BF146AAC3CBD2A88BFA3C32CBF14756CBF4BA9D1BF46B5F83E7186703ED44ED6BF972CDABF6746F1BE75F953BE1525823FA826CA3F33962BBECD8EAE3F87BDBC3F342D663F29FCCC3E8C96CE3F18AB70BE49B0DE3EB939D73EAC7C933EFF071E41462745000000000000000000000000000000000000000000000000000000000000000000000000000000000000000000000000000000000000000000000000000000000000000000000000000000000000000000000000000000000000000000000000000000000000000000000000000000000000000000000000000000000000000000000000000000000000000000000000
BE6CB5AA3ED9BDC2BE8D8CC0BF2FF3523E0B4DF83E8A4EF83F14E10CBF6E6985BE6822BBBE198B1EBF37C6FABF813907BF973909BE53A2C93E801AB4BE76C5203C3A2D40BF9A8CB83E9DA6CD3F2B92BEBE183278BE8A0399BF98843ABEFA1DD4BF68CD78BF2E285FBE012FE8BF8F4D93C151B38D0000000000000000000000000000000000000000000000000000000000000000000000000000000000000000000000000000000000000000000000000000000000000000000000000000000000000000000000000000000000000000000000000000000000000000000000000000000000000000000000000000000000000000000000000000000000000000
BD6157E0BF473FA1BF51EF4B3F87E1013F840574BF855A36BD72C1603EB2D4EABE1C3658BEE6F8CE3DEF0438BF0DB5FCBE381778BF1BB4943EE9CE38BF7A14903F1D91EABF3AD6DB3F07AB66BF763933BEE4008EBC4D10E0BF1EB46CBF7972AEBE97F7AABF0845673E98AA3B3FB46285B9404000C149867100000000000000000000000000000000000000000000000000000000000000000000000000000000000000000000000000000000000000000000000000000000000000000000000000000000000000000000000000000000000000000000000000000000000000000000000000000000000000000000000000000000000000000000000000000000
BF5F838FBD4767E0BDD99C403E873029BF31131DBE81A8A4BE0A77283E450104BC5F20883E8E4F963D802C7E3DD090683E2598E2BE93E60C3E104E74BF158FB6BDE7FBA8BF03EC393EDFA317BE9CD80E3EAFA2C03F1D82F73ED47EA7BDF22AAABF00A4BBBDE95DFCBF8FD927BF8CD91FBEC658A63E726FB6C14B0E02000000000000000000000000000000000000000000000000000000000000000000000000000000000000000000000000000000000000000000000000000000000000000000000000000000000000000000000000000000000000000000000000000000000000000000000000000000000000000000000000000000000000000000000000
3E90183EBD783BBC3BA010003E82E740BEC4A78E3F4B596EBF7B207BBF995B75BF6931823EE8349CBF2642F5BF4620283DFB0CBCBEDB1A543F8424983F39CA3A3F2781053D5EEDE03F74D1C5BF0D287EBCBD0EA0BE3FC37CBF2F1D54BEB8FFE83EE8B232BF19B8633F26716F3F80B2513C1A61C0BD61399C3E2F7B02C14EB7070000000000000000000000000000000000000000000000000000000000000000000000000000000000000000000000000000000000000000000000000000000000000000000000000000000000000000000000000000000000000000000000000000000000000000000000000000000000000000000000000000000000000000
3F41D9EEBEC7D39CBE5EA568BED9BA56BF105C4F3F284EADBF51B8FCBE69C786BE70AA8C3F370F563E485B61BE74B8E23E3D8A903EA8FE5CBDC4B3643E2BC5743E4902C13FC2500ABC975C20BF0C84C13BB9D980BE0EB75C3F6D743B3DB541803F461A03BEC1161E3EAC8B04BFADD72A3ED07FFE3EE869883F0E3752BE61A924C1470A0500000000000000000000000000000000000000000000000000000000000000000000000000000000000000000000000000000000000000000000000000000000000000000000000000000000000000000000000000000000000000000000000000000000000000000000000000000000000000000000000000000000
3C9E7990BE5C333CBDFAD711BF612CBFBEB46D853DCEF8AC3F2E3648BDFAF8963DE2FDC83ED050ACBF2AF7AB3F0432EB3F0CA736BEABDE62BECB8E54BE900733BF8F5E243DE0FDE4BDF6B6D0BEFD6316BE92B03C3EABB3C43C7223983F83D57DBE8A8F8CBF71C8403F7DC993BEF093CEBDBDDBDB3EC7F524BF61421ABF37E1053E81FB4EC152CC2E000000000000000000000000000000000000000000000000000000000000000000000000000000000000000000000000000000000000000000000000000000000000000000000000000000000000000000000000000000000000000000000000000000000000000000000000000000000000000000000000
3E6766123BA93E343FB62506BEC0787ABF3D11923E2E469CBEFB73D43EABE238BE4845D8BE1DECF03E9A9E60BE0B1F883E6A24123E4722923E6E1938BF59369A3F8499103F4C40293E57AC38BF8A665ABD3A9B303F2C97623DF2674C3D5FB8083EC4D08ABF5F1BC8BD61CF303CFCA4503F25846CBE09D2ACBF94CBA83E648E723C143CC0BF48EFB441485E930000000000000000000000000000000000000000000000000000000000000000000000000000000000000000000000000000000000000000000000000000000000000000000000000000000000000000000000000000000000000000000000000000000000000000000000000000000000000000
BEB9BD70BF1759853EF6C8AEBEC6A6F8BED988E6BF2B5FF83ED6EFF0BF215D103EB619DCBF5377CDBF029F4C3E8DC7903F090682BF07D7D6BF824CF53F313CB13ECA18B63EC7EAA1BE35CC6CBE2D28403EE038F23F9101523C8547903EDFF27E3E815912BE80A48ABF8034D73D5BBB483F27200FBF87E0EC3F04DCFC3E35352B3BCC9440BF0E0C1BBD9350A0414C2F9B00000000000000000000000000000000000000000000000000000000000000000000000000000000000000000000000000000000000000000000000000000000000000000000000000000000000000000000000000000000000000000000000000000000000000000000000000000000
BF7DC9113ED208683B683E003EBFE90CBE2F6B86BE03F96C3F78624B3E99CD9E3ED9DE4DBE052F8C3DA5A380BCE412403EE8855ABE7D56CCBF443B87BF0C065CBE6524C43EFFE0A2BE49FF3A3F5045D6BED17DD8BE7A8A463E694302BEC1A56A3F3F9DA4BEBD3BD53E67A3243F3B18D6BEC930E83F53DC543F5ADDD0BEE9CE1E3F4CEA663CAA72C03E0173A2BE99BA4C41463B91000000000000000000000000000000000000000000000000000000000000000000000000000000000000000000000000000000000000000000000000000000000000000000000000000000000000000000000000000000000000000000000000000000000000000000000000
BEF42EFF3EE16D6ABDE8AD143E207DAC3E3B47943F606BFEBF34F6D8BDEA1AF0BF999A1D3EC17E853E2F2B9C3E8273403ED66BD03E45CBFC3E41F892BC8A11A03EF66832BFA390B1BF58D37EBF9A54A7BEFC1089BC94DFA2BF67BD0C3F1C76B33E7495103ED849B8BEC8086E3E068868BEA544ECBEDE3752BE83A6C63EA64844BE8F57423F83CAEC3ED94F92BE30B098BF43874EC14327AF0000000000000000000000000000000000000000000000000000000000000000000000000000000000000000000000000000000000000000000000000000000000000000000000000000000000000000000000000000000000000000000000000000000000000000
3EB7DAA83EF5ECE0BF53C5EBBF6905D53E8BEF0E3EF15FB8BD98DD60BF76C4293F04FBF9BD0849503EB8AC763E6B7F32BF2A298C3F8618E53F8748FC3CEBEBE0BF05B620BF04CD8E3DA41C303F76E5AC3F1834673E4DE7B8BE1AF1DA3EF1E9E53E1EF6DC3F4818763E10B92B3E410682BF3447A8BF1CDA4DBE534710BF4EBCA53F23712A3F12E47B3BD8DD003D9C2E703F0E58903FB4E6B8C1469B4600000000000000000000000000000000000000000000000000000000000000000000000000000000000000000000000000000000000000000000000000000000000000000000000000000000000000000000000000000000000000000000000000000000
3ED8E6D03ED766FDBF6DF7AE3F88DFB4BEA3A83E3F63E6953E7BAF5A3EB36DB13F62D2A33ED27000BFBD09373E22FF343F8D605B3EC1D3C0BD534850BF0A25363EBA2ABA3F1440203F4EFCBB3F621DE2BF29FCF2BDD1A8B83F7CFAC2BF86B4B83D1F1C30BEC1DF56BDE38961BF41510D3DBB71643DA5E124BE967102BEE32F42BF9A0E793CA56C30BE2C0D56BE90E2663DA30FB03F830B043D88D625414ECF39000000000000000000000000000000000000000000000000000000000000000000000000000000000000000000000000000000000000000000000000000000000000000000000000000000000000000000000000000000000000000000000000
BF0C5D573F9007813F3C9FA7BD9A61E83E831CBE3C50AD403F263A393EB2D73B3EA1A72F3EDE8BB23E87C420BF84A7F03F42EB72BE7BAE7C3F39B4D6BEC49D3C3F0C5D9A3EA909F7BE6C988C3EBFAE6A3CA077E0BEAC6BB4BF8E2AAA3EAB56A43E1A5CA63E3668A83F42E72DBDF3F6B0BEEF87B8BCB5D4C0BE6968503E5C3B6CBF952CFCBE3F959C3D1B6FD03EC41C743D7D1316BD570AD03F2E3405BF699E1C4143E9D20000000000000000000000000000000000000000000000000000000000000000000000000000000000000000000000000000000000000000000000000000000000000000000000000000000000000000000000000000000000000000
BED45A3F3EC966B4BD4EB040BDE782E4BF0F180EBEBEF993BE9B5B3F3FB8C3E0BF0E01673EE5728EBE340AA6BDDA16C5BE8E8DCABF7F3B493EA7D34FBF2299AF3F22B1E6BC8D544E3DAD01D0BF8F2992BFC7ACA2BDE28F22BF17A9623E9675C43FA35DC6BF1E6338BDE528B03F1D49F5BF1E0DA8BEEBFD04BF31C90B3D366C103D0A8AB03F1D08A43EE20836BE6CDA503C844E60BF1BF2EC3E9A0556BEB7A519BE2101F6414E08F600000000000000000000000000000000000000000000000000000000000000000000000000000000000000000000000000000000000000000000000000000000000000000000000000000000000000000000000000000000
3F1298263E96D18E3FA73C6BBCAF7368BF0708EABF0F3C163F48CB5C3E87F4023ED2E9E0BE787A18BEDC1FDEBE442F803E8856583E47839C3F0823CCBDF1B750BD6975C03EB3F5DCBF037B99BFABFB3E3F112F58BCF031783F1C14C03EC25749BD31E400BE9C7DF4BEF1535A3EBCFCBFBF0987AA3E1ABB9CBF20FDDA3F5A1C4D3F625E683ED724913EBAAF9FBBB494603EE91C503E37D7BCBE324350BD7A76203EE89F54BED41BDE41472349000000000000000000000000000000000000000000000000000000000000000000000000000000000000000000000000000000000000000000000000000000000000000000000000000000000000000000000000
3F5AC1183FB2D2613F68BB38BF4A572CBEA15855BF557D4A3F3570FE3BC46300BEBD098BBF9AF2CDBD37C298BE5FFBB8BDEAED403E1F0E70BEC9BF10BEEB6E6ABF45162EBDA210B8BEB78F28BEC874B0BEB625723D92F5E83F0B506A3E0A0594BE1D98AE3E383189BE1B5CF83EDC73813D08AB90BF0E91A0BF096CA6BD02FB903F83C43F3F7178B1BF8BFF3ABF192EAF3F0CCE1A3DB494483EF5871ABF0E7D6DBF3F7FD83F3A2E8EBE73A9DE41417E840000000000000000000000000000000000000000000000000000000000000000000000000000000000000000000000000000000000000000000000000000000000000000000000000000000000000000
BF151B1FBE8DC2763D3564843D8476A83F2979CEBF0F100C3F72480C3F6984B73DF04FE83F85C298BF1C1D0F3EDFB2E43DC5B8A0BE35B528BDB89398BF2C74C73EC80521BEA128E03F0D21943CACAE34BF571282BE91CC483EFF6AA2BED387B9BE9B3704BD0F5640BD06D0B8BE9107C43E0A35E6BEA10CE03EE503ED3E4E6FD43E09B7BA3FBF263FBE9413583F01F2733E3480BC3F024938BE985790BE9A1E703D8653503F02F7113EAA28C83EEC6BE84150E8E200000000000000000000000000000000000000000000000000000000000000000000000000000000000000000000000000000000000000000000000000000000000000000000000000000000
BFC95DFDBD1A93803E807E303DAAC799BD5F49E43F1E8A533F2C9ED8BD567100BE46B9C0BEB30696BE34E964BF28B64ABF3FCC6B3F6D5A98BD205E10BF8D49F0BD830D5DBEEB46D1BF17D6163F1B369F3E9B4010BDFA1B603FA74F8E3F0A2B693F3D4449BE2658563E6D57C0BEAEE730BF191F143F4B0DFFBF977269BEF60CB4BF1B9D343D8383683D0E5EB03F8F5F14BD8C80C0BEF8384CBE879372BEA4F013BEE4BCBEBE965C803F04E198BD80A6C83F1E7E44C140C30B000000000000000000000000000000000000000000000000000000000000000000000000000000000000000000000000000000000000000000000000000000000000000000000000
BE9F7090BEF2B590BD974A483ED1DDD7BE9E4B7B3F654E2CBEA452AABF3509743F6C38763E0DB9BA3E085F2B3F632092BF33EA6ABEBF0CAABD7B5340BE99975C3F3D2109BED4DFD5BE9D06943DA5B86B3DF0A6B03F3B77C73F3578E3BF8A5CF83EFD1E6EBCF6CE103D9D99643F4BA072BDA3D8C03ECB66FCBE639440BE9BA9CA3F12701B3CCF0D40BF5A7F72BF215CF0BF2C1E363F714460BD5C4F603F23EA293FBCA7FA3F2D6995BDE6AD303F75A6A6BF0BFFD5BECCAE8BC149BE130000000000000000000000000000000000000000000000000000000000000000000000000000000000000000000000000000000000000000000000000000000000000000
BE64A97EBF7D646DBE5077363D47B0343F1D2560BEEB4F0B3E20D58ABEEE19E6BD8D3284BE9EFB8C3E8B35B2BF135D13BF12F1F53DBDF1383F43921EBD92BE38BEB141CDBE4BE4E0BF1724C43EB924CEBB9C6D803DD48B80BBFDED76BF38C9E23E8D05463EDF9E103D9ABFB4BEC96D3EBE7C64B0BEFE1C2C3F3E65E03E3B97E0BE8B1FAFBF7B4CFCBE2F65F43F89B2EC3EBA88E53DBF6BA83F6E9EF73F04DC8ABFC9BA573F0FF4623C0AF3C0BE8ED88A3F38F84BBF2D62443EFB1F98C14729B000000000000000000000000000000000000000000000000000000000000000000000000000000000000000000000000000000000000000000000000000000000
BF6CC42C3F55AB513F06508EBF0E6FAABE06568C3E5681983DE523E8BF0BEE383F6555A5BF223FF13EB80A1EBE09FB7ABD1828703EB15BD03EEE7EBDBE0CCCD63ED015963F7AC3F8BEDEC240BF3FB663BE9088FE3EE149863F7EA11F3F554E2E3FA89A0E3F5E12873EC39220BF59130E3F21D833BEC0105EBEEAF654BD8BE9003B4D5800BD9E91B03E847DCCBDD20C3DBF855FC63EAE71413F0EAEFFBE86C46D3EAF57B53F45C503BFA84720BF8B5C3B3EBF38303DD59EB03EAB59F43EAD1FEA4145C7A6000000000000000000000000000000000000000000000000000000000000000000000000000000000000000000000000000000000000000000000000
3F444879BE0A9272BF3D10EABEB1B0D4BD2ED2C8BECCF29EBEC3E4483F527DE0BE7771543E078B10BFB5598F3E95ED37BF791B5C3FB45B77BECD67B63E40E6C4BEBF9681BED953593E0A2AF4BF8750E03F282E8A3E3CA4163F5DB87FBF238CA8BECC64FB3E1B326CBEE7560E3F102900BE9E3546BE0C5E14BF0A16D43E3D272A3E84E60EBF1F98313EA9E377BF98FD7EBF2AB0AEBF5FCDE2BF5710803E7E18C43FC1BF82BE5DB714BF7120D43E137D583E9648663D83ACB43D199970BDF55930BF88131E414A11DA0000000000000000000000000000000000000000000000000000000000000000000000000000000000000000000000000000000000000000
3D936518BEBBA4543D9ED1083F268C56BF980CD23E27E3DEBE1B13A63F137031BEFCB7CCBE7D4B103F71FCFB3F17B4F4BF37179EBF07A5833E0BB77A3EF41B20BF8A7892BFD566D4BF818B84BF13328E3F551BA43EDAD4253D02FBD0BC45AB403F2DF2FCBE652C2C3E49D104BEC6CE91BF6C4E18BE32D2383E041E083F14A1B2BE0E9F483D9FCB203EA5E596BF83570DBF666AE2BF21FFC4BE484C313DEAB45CBED17E623F84F350BF92CEE83D5623A0BE677073BF11ADB33D8812973E50627ABF22250EBEE48A66C1430A1000000000000000000000000000000000000000000000000000000000000000000000000000000000000000000000000000000000
3F8D16E73F09FD64BD16BC10BEABA114BF2238CC3F4884673F52361BBE462E68BE382F3E3EF293F9BEF557B4BEAA034C3D04A4703F7CC034BEF38E573EB85F8E3C7CB710BEEAB06ABF7C3A9EBE19ED5CBEAC30CA3EFB46753F123D983F6C6D6B3E4083583E0DBB68BED1A3DB3EB9B417BF66D6EF3E46E7BE3E66E3D03F4F57A5BE8E7C3E3F5674033F6266B53E84EB34BF21573EBFA88F0A3DE786883EAECEECBDD6607ABE825F143F2003B53F56E4243F1D8E213F1E97DFBE8FCC113EE3C8F53E2AA75ABEF9D5803E1452B44149B8B4000000000000000000000000000000000000000000000000000000000000000000000000000000000000000000000000
BF2B4C6ABE3FAAF8BD866C283F13D0203E297D403EC340E0BF0C67B4BF6DE3673ED3C21CBF270A5BBF034A9ABF11AFDC3DEE0640BF77E3333EDC39B7BF49DA15BBCFCF20BF1D3097BC344300BF0E6E43BF25C9E6BE91E9483F1E7409BF180C0EBD099430BF6BE4173F108DE33F25C45B3F7CF52A3F355500BE9FD5163DC94A543F3EECBA3ECE4088BF4C9628BF228F8FBE4CE5073DFEEBE8BE80A23CBD741738BF03DEBEBE1678C4BDDDA5603ED64856BDF7D1E8BEC2AC4E3EA8A7B2BF344792BE72FB1B3F5121273F04CA723F148788C148B0C10000000000000000000000000000000000000000000000000000000000000000000000000000000000000000
3EBE49DFBF7A6167BF898F60BEF646023EF87B6ABEBDF56ABF892E81BEFBB19A3F453556BF4E3A0CBECED3AC3F98F782BEBBAAF9BE4421B6BE543F6EBDB6B566BE8646E2BE314E903F13A16ABE64D6003EA5ED513EF333ECBF926F34BED9B2EDBEF3A05ABEA0E45E3E0E6CBE3F04DBE33F8CF52ABED8A5863DCC8C743EC79EB6BE87AC3F3F69812FBF00B2793DBE11D03E6491CCBE5599D0BF3CDD42BC4D78803F2A007ABE868A403E370246BF4CA0DABE93A12EBF8E95A8BF059936BEC77613BED515D63EA6DFDEBD2A7E80BC0CF1403DC54110C143BAA700000000000000000000000000000000000000000000000000000000000000000000000000000000
3E3C44B0BF3397A8BED47365BE557CA4BEA8EA163E8384DFBE08EB083EA6C3F23C8A34D03EA3B4003F454236BEEE1C053F496E58BEF8B56A3E65BEF83F147DE7BD5603F0BF55AF3EBED748A6BF89333CBF555FF73F7818073EE5F2703E2F0E71BEF5393E3C65B9C0BE5922353F36F9A43D94FE643E7DB8EC3B89D4803E0469E4BF7851F6BF73A19E3E3A97EABEECBE5F3E09A8E03D665E303E1A7246BF2006513D8C1C103F68526EBECB54683D9360A03F41A8BEBE7D51963EEB244C3F00E2B8BDAB55203F15609E3E924CB4BF19EAD6BF04F3653EAE6B3A4146FC24000000000000000000000000000000000000000000000000000000000000000000000000
3EB9A10C3E3E2A40BCE8C6403FA30832BE9CA0FDBF41835ABFA83F4CBF332CF6BEEF2739BE775E97BEAA2B753EE9E237BDFF39403DEEC6103EA8E9473E72BF0CBE082C5A3F611D3C3E30A3E0BDE75AD43F04F18D3BF0A1003E93402FBF2C4D8ABF1E58843DC317C0BF15A2433F3B451EBF2723CA3DD5F4C8BFB546C4BF20BA803EB332F8BDC6DAB0BF0E3B4E3F1ADE1C3F12DA2ABD8D1C683F7005153DC2C394BE8EA0CCBF921FC03EE984D6BEAEAAB63DCF9F90BF6CC06CBD99A9723F218544BD546A60BE7021483F158EC0BF8644CEBE8F8E82BDB32ECC3E416BEA4149C7490000000000000000000000000000000000000000000000000000000000000000
3E842DCC3D3C2CE0BF9B84283F246E96BF7D81F53F544A44BEF3A7E43F310BCEBD96F0143F934B833CB5BCE03E9AF5E83F204CCF3DD47BA4BEFD20263C867D603F90EB673E6F42B8BD30A2303F2E4B903F0D8E74BEBF3C40BE115C00BED741E0BCE801003ECF91F2BF2D6649BF2E339A3F450C003D0B3A08BE8DEE303F35D8F2BE5468193FA8F87E3D439940BF5F215A3D3505E8BECC618A3ECBF84E3F450947BD411E98BEACFC27BF61D162BD0678C0BD9F2164BF0265513F1D5F883D505EA0BE519FAC3E71854A3F9B3B26BE670A6ABF07A6C4BEAC69ACBF9395D03E49DF5C4140FDCF00000000000000000000000000000000000000000000000000000000
BD56094ABEECEDCABF435F603F02CE103F333C183ED5B0FBBE6A2CC0BF0E6315BE0DF9B03EFD393A3F5979A13EBC3B66BEB1CDB7BEC86C703E9330B23E3DDAF6BEDC9BE3BF31DDE33E87ED28BC279C603D8D8F0E3EA159943EB537823F02CA193EA773423E59B7F1BD7FAB303F14D4E1BE4955B43F73267BBEC2EB7CBE62B38C3F7EA5ABBF167BE23E16AA1C3EC84DE03E4036563AD417003DE88D303F02AE743E68531E3EA29C433EDF1F0E3F3279DFBEA471F83E50ABE4BF767C1CBD1AA468BE1B8FA4BDCC94FCBD5EA8583E91E1393EF39FA4BECE0968BE5D2E7C3F9A1ECCBF469907C148A3EC000000000000000000000000000000000000000000000000
3F683B2EBEA1C6E23C2A7B803F4BF21A3D20A3903F82FC7B3ECCDABA3DB9CBC83D8C29173E3891543E13CE983F42449FBF1076663EDF32F83DF1A6F0BE73067B3F85E60C3DB426C8BF5E66EBBF711EC2BEEA599C3EA1828FBDCEB9C0BE425818BDF66B803F05DC683F4A40E9BEBEFA2EBE76C5B03E65B49EBF76EB233F39EF3F3E3ABECC3FC615003EB331C5BF6876003FD4341E3E3742E83CF97F403EA56AC0BC1BB4E03EA2A5BE3E888AD4BE152C7ABE36AEBCBDEE5A84BE67F9D23C9151203F0E890FBF0591253E4AE02CBC2FB380BF1918D3BFA50838BF05CEB03E4E1822BF119630BF2AB009C146322E0000000000000000000000000000000000000000
BED7A644BE88D9E83EB2ECA8BEF37C833BD9C1003D3ABAB0BF0D34C53E263CB9BDB2C8483E1F61963F2E3DCABE68CAA0BF6DF2C9BF1598083F59E41ABEF9AF2C3E83398B3E3357D4BEF37282BFB215B6BF27EE3CBF154CCABCD789803F1B8CBE3F74087ABCC06716BF4A8F69BF897CBFBE4319DE3FA26B30BF45CFA93EFB8AACBF20805B3E2E8594BDFDF0BCBE258C583EDB8A6E3F285BBA3F7A208ABE1A872A3EE4BB45BDDD0FF83EE3C1F93E46F8B73E04FC573CCF8A003D5C2FC0BEAA5D3CBF4CE11C3EC75F7D3F9D9CAE3BEA2580BF0AB4FBBE43CD14BE8011ED3E0F87E83EA07E9ABEC98B36BE1BB443C14355C300000000000000000000000000000000
3ED10DA83E6BA4D43E91875ABEE9196C3F4B67EEBE01C804BFE0C27ABDB465C0BEFD74D7BF6E8CD8BED3B620BFAFFB60BECFF71ABF3A8EDE3F3D52FFBEDCBC763F9D38483F3DEA08BF8EE34E3E6F7CDC3ED033FABE04820CBF613CF53F23DA67BF06033DBF15AA0A3F45277C3F2EEC2ABCD2BA603F2223E0BD4000A0BF28F4B93E3EAB583F57544EBE1EB1FEBEA83DB1BE8103E83E9D9BBCBE9446BEBF5E8DB3BE4A0EAABC0D05803D3CDFB83EA58D6ABDD2FF503D96A34C3F15F2523EF10BA6BF75C9533EFD5EF0BF9E0CFF3F036FBC3D1A6D583E912159BCF0C020BE3A0D82BF8F4F74BDA4BDC8BDC53BD0BEDA3D4B41429E06000000000000000000000000
BF2B879C3ECEE75EBEB028BEBD756C303F3E8C5F3E608FB03F665C01BF9169D93EC175D1BE8D3BC23F04A7173F9AA2783E07AADC3E913D02BEDF384CBE9B46BCBF1DF8F53F1E264E3F98D48C3C77AD80BF1A43913ECE1113BE42AEAE3F0C14BCBDE0BB28BF355F9D3E3C24343ECCF1AA3F46FFCA3E9758B7BE45D0783EA8D4A43F17E21EBF666D143E6737383F35CC063FB1B15ABDEEA028BE2F09B03F2BBAA53F1F5FA4BF3A05953EE6C873BF37BBB73F02B8693EB1E3983F3605B0BEC3DA503EBB6D45BF0DDAE0BECB64F8BA7A4F403D5083A83C3A3600BEC494483F718097BE47E08C3D3BF0443DAB6710BF2590863E681BEC414DBE1D0000000000000000
BF2FBC223FB19B453FAA60163F3A061CBF845E8F3E1E89F8BF10DFC0BDF72100BF0D4AA4BEB6FBF73EFEAC0E3F1506A7BE8ACBCC3E8A7C923FA4C1EABEF661583FB9BC93BEBF65BF3E2581393E3D9E2A3E5D1643BE576686BEB5685BBEBE649ABE84DD643E3242583E125498BEB9987FBD6D01B43EF73EFC3F0185593ECB4CF0BF3B9AC83F8601EE3E258474BB77AA003E1500A43E2340EB3F03ABE43E6ED36C3F35FF31BEF75F4BBE9D52873EA23965BE897982BE8BABA43D9499AC3E9029123EA90AD63FC8FE403F2EE471BF5033FCBEE597EA3EEBE96BBE99ED02BF8EAB2E3E95F71CBD4458643EB3A19A3DDD33EA3C0E02003F51F652C143DD1100000000
BF0178DB3E8FD7D43F37D63B3F2A4D323E9B0BDCBEAFE9CEBE5F40E8BF92A030BCA61F00BF124EE2BEC13271BE115428BD6CABE03E62E850BEDB282BBF90584EBD9F5E103F0DFB923F145DA73F5CC404BD8B0928BEB4D70CBF3E72D1BF27829F3EDA459B3E0BF3E1BEED226CBE26B98CBF54DE1A3F8731393F4A8E1ABDBC9198BE538CBBBF2BA5EABEAD30A4BA80CC003E3388043D9BA1C03E50B247BE5EBD283F83D73CBF376D16BE20E7D6BECF31413F6E1C9ABC2462C0BF4825E0BF2EC4E9BF5324613EFDB9B43F294042BF807FF1BEC523583F47C380BF4704A43E43B0F03DD091F8BF807CADBBAE8200BD0B1C183EE38F04BF012D1EBD42E600C13EE9A6
