4022514B000000000000000000000000000000000000000000000000000000000000000000000000000000000000000000000000000000000000000000000000
3F48C743C0521D290000000000000000000000000000000000000000000000000000000000000000000000000000000000000000000000000000000000000000
BF05CFD33CE939A04056220E00000000000000000000000000000000000000000000000000000000000000000000000000000000000000000000000000000000
BEB460AC3EB36D20BE8CFA8E40696B79000000000000000000000000000000000000000000000000000000000000000000000000000000000000000000000000
BE86D94F3EAD409A3C4066403F0B95A8C01FBD2D0000000000000000000000000000000000000000000000000000000000000000000000000000000000000000
3FAF00F4BCFADE60BF906AFE3EE4D390BEDD0C504021A69500000000000000000000000000000000000000000000000000000000000000000000000000000000
BE58750E3F0C27ED3D0C4BE03EE5B592BF9FF3663EE8CF60C0499570000000000000000000000000000000000000000000000000000000000000000000000000
3EDA76513FB83B68BF8625E5BDAE7B38BF4501933F0D1129BF019178403B9EC30000000000000000000000000000000000000000000000000000000000000000
BF5FC0323DD042403DB99CDA3E97EEC83EED8BCDBEFD3B4C3F2259703F39939E405B1F5300000000000000000000000000000000000000000000000000000000
BEF5F6BB3E0CA504BD16DA303F1B25BC3F0F25D5BE8DB8C6BD786C703F908366BD1321E8402FD679000000000000000000000000000000000000000000000000
3E154BB0BFA25EFDBF2386B7BEAB22083E4EC68ABEA0F638BF2F1DE43F82F868BD1D5140BE27AFFC4029D3BF0000000000000000000000000000000000000000
BF2FAC0F3E5BC2903D9A4C003ED39E23BF33860A3FAB66E9BF18C7C53C3C23BC3E026718BDF8BD043F622C33C035181D00000000000000000000000000000000
3FDD0ACFBD11635C3E36EF48BF4D4E10BF580F8C3E1A15083F426486BEC38120BF0ACB1EBF25F5B9BD9344783EFC2EDC40045BC4000000000000000000000000
BE5FD276BF280947BE50470E3F312475BFC90076BE486FF8BF217828BECF14243F435D683F41268E3D7C4A503EDD33CFBDE23EBA4027742F0000000000000000
3EE1206CBE96ADCA3EB3BDACBF70F4A3BF100CF63E11D08C3E9354BE3F0EF3D1BF90413DBEBE64783F187952BF8B7C8DBEC96733BF1903FAC017A86B00000000
BB92A500BEA22834BF7B87683F447DDE3ED0CD003F4FD420BE4DCB763DAE29703F054493BE6FC0163F2866DABF33F19CBDE7DF623E68146CBF36D9ED4008AB0E
