3F4AF639BD11918ABF78C8CB3E7BA8B1BF09ADDE3D60BD313EE6644B3E5BFCCF3E34F978BE085351BF02FBC5BE117D3CBF7ACA053E5EDDC83F6A7BB9BF4F21A2BF6DC7133F45C09CBF0190E7BF7B6F7C3F213D3BBF3810753F427DDBBF4F2AC6BE96FA7C3E3F53483E2E73B63EABB4C53E97946CBE0875CCBF38718A3F00FCE8BF0434853E9A12023F36F9BCBF54CD653F71B5ACBF6FE47C3F2BBA253F2BE29FBF6679143DBBF32D3F62E728BEB6CFC33F1CE9383E4FAA273F1449223F192EC8BF669F72BEDE012D3E9D23C9BCA97CA03F7219B03EFE74243E0AF04DBECDDC57BEF9BE5C3F45EBB1BDD9E7573F21C915BF4DA6BC3F381CA2BF71DA9C3F4C5E3B3F4CC4593D4579F7BF427536BF24F82C3ED30DDF3F29A7FCBF6E2A433F04036F3F6A0A9BBEA0E68D3E8D8FC2BEA0C316BF112AA93F1288E33EE471B2BEE2780E3E28D1CFBE21C7B9BF50DC5FBF73B2B1BC911131BEE30DF8BEA416B3BED9C106BF287F5FBE4E4F093ECA64A6BF17B7B93EAA517EBDE93388BE089C7EBF264704BF1D14963E6E6E4FBEEC887C3DF470D93F63BABA3EDB9E743EB7855B3F6B33EE3F0CF89E3E5C9FF53F656091BF6176A7BEECD6AC3F792E203F0B5EAEBD49E5C73EB93DBCBE2A1E1CBE757456BF12CE39BE6FBE35BF70CF63BD62BEEFBEAAA05A3F73A1EE3DE318C43F314EB6BE3C4935BD9B92D83F2711AD3F7B7EFC3D442DDC3F59D2DD3EF4C2263E0A18C53F7003A03F2624CA3F6B51E83E95DBBEBE76A22DBD3FE6743F52E339BF786513BF2FC5D3BD68EA7C3DB0180FBF61702D3EA1D2B23F477E47BF47DE3CBDFEE19EBEE10B5D3F7872343E5EBCE3BEFC292BBF3C19EC3DB8570C3F27D5EB3F2C8C163F2AACADBF17B29C3DB5EF553F3FF87EBF420C473F36739C3F4CAF71BF1073FCBF589633BD533ABA3F2B88B8BD7ABA7ABE3099633BB3FAA9BF3FC655BF3C45193F3DAEF23E52D78BBEF054BF3F3AC767BF623F7ABDAD0A433EE38AEDBEA4DD68BE4A4D3E3D5D04A43F49D9433F0E854ABF5C7BD9BEE2864FBE770CF33F3AB65CBE23EBD1BF052EC83E47FF17BD28B8193F4C0E6B3F5E92363F22C2103ED5EC3C3EF90ED03F4CA6C3BF5E98E3BEA806E7BF7DC7CB3F27FC263C73A477BE890CB7BF0BF5E13D8EABB2BED79147BF5CFE7DBF547EB7BF5D029CBE38B221BF40D428BDE9676F3F4C41D4BE95DFA8BF4278033E0D8A153F40044ABE9B0F29BF6A8954BF371F40BF58C8D33EF64C9ABDB212B53EAC498C3ECC072A3E1223BB3E83C8303F416A463EA63F893F403637BD850CE0BF37A2CEBF5D1D7B3EDB625DBEC49F503EAF459C3E9C14353D7E5A223EDC45053C1DA26EBCC49E57BB8DAB283F5F3830BE62C049BF44058DBF04E7343EBD58A73F2DB2A63F70B6CCBF11D54A3F054BB93E2C3E1DBE46C1533CA4803BBC0EBAF03E9B004E
3EF98E1BBECACCB6BF521E623F26E4F3BE6220353F0CF4C2BF2429BCBF4801CF3F4F70EA3F40B1143F7FE4D03F3A7F97BF6D1E643DB704F03F7EC78C3CB45B8C3F3F3CFDBF5C0BEE3F799EAD3F586DE53E039B3BBE0C5D9FBEA60C133EE20553BF790223BE80F65D3F586A323DBE6172BD55EB34BBE2EE28BEC39D163F66D42E3F76C7D33CDE37C83F7C34BCBDB4DD3CBE1777E1BF12D583BF1D0E673F2A5EC43EE8138E3D73AD3E3F287D453CC28CFA3DD4D5F2BF12CC533E33DB4DBF36E7BDBF6542F53EBBB5123E5E546FBF0F8942BE3FF04D3E8506973DE28A3FBF3EADF5BF295ED6BF7F7D01BE279A6FBCBCA690BF2E25AC3EAAD7BBBF76D324BF42B9E93F677CF83F73A322BF702BF8BC487AD03F39B6B7BF03A5BC3F2B25753F208F063E841187BF7EDAA3BE76534C3F4F0E433EB8AE1BBE782B943E871F23BF03722D3E1241043F76A5273F330986BEDDC0CF3EBAD62FBE9147CE3F794E77BF54FFC0BEFFAFD03F1F68D3BF54C67F3D8004283F19EB413EF48E14BF3777F3BDFE6297BE9935E3BD3026043E33008EBF3558F53F4F877E3E8F8F15BF2C932F3E06FC223F5CFCCA3F10F2BB3EBE24C5BD8A5DA6BEF56F2C3E0DDC79BF00A122BEB909013F5254AC3F453B903F16D46D3F5A03BEBF246F173D0FB2743E820DAF3F538CA33EA7E74BBE62EEE03EF5C48C3F22A1093E4D8192BF547B443F583F4FBF648ED43D5D636FBF4325AABE7577983F202B96BF0305DC3F44D30C3ED9C015BE798D50BF008D9CBEFD13E83F08D427BF6678813EBDBC493E7654603EFC9AE53F745ADABE6DBEC1BEF58CAA3F4143B03F1CB89DBD9F3F81BF516D783E039F60BF200F5A3D81CCF0BE947225BEBDA9653EE82EEA3D0136153F14CF68BF174CC03EB66171BF65209D3F1A33443EB6DAB23F645B49BF511F4B3F511ED63CA312103E6B528FBEBC57D5BF5853903F3383B0BF360092BE849F5F3E7AA85C3F7EBF1F3D0E15493F7B2449BF0C03ADBE50E2A83EC9494DBF5EE7683EFD9AFFBE2305193F1F64FFBE769181BEB946493F78DBAF3EDF6AD1BE31CCECBF4D80563EF030443E8C9A05BF5A3166BF424CC13F7693C7BBD1C0CBBF748633BF647031BF37DF643F497577BD8C00403DF944EABC35A787BF5D4B383F4B9854BED88256BEEC7EFE3E40E8E0BD45995ABE86D9793E9F58843F605BCE3E76A17BBEDE5F2BBF16F27CBDF94E8BBF720C423F409B3C3E61780BBF17C2BD3D23289CBF6471243F3970A2BDE9BD573DC4A5403E08EE553EB8B977BE83B556BF57F268BDB2C995BF6781043EF3F9A4BF6C8B103F6892B63EF830743F5FF9643CDAF49FBF04A820BEF5CBA93F0498433F7C976CBE92BBBA3F017695BF47A7B93E46BFA6BE0E241B3EEC4158BEF48E3CBF4F755EBDC8DA823E8F6FB1BF3C6568BDC13D453E9BDA363F276C53BEC4877D
BE47F59B3F44B9F83ECD64B7BF0429513F0508ADBED61790BEE3E71BBF7CDF70BE804BB9BE012963BEC865FBBED628B6BF03D4E73F5F94FE3F386ADBBE5279FDBD2899443E051CACBCAA1370BEEBB6803F7ABF38BF21F5423F392B12BF6F4AC9BEAC13323EFEB7883E93D4CDBF2959A43F67876D3DB13C21BEFE8D773E20EA853F54B9593F4A8BA1BD0F4E48BDEA897CBEC0C34FBF63ADEA3F01F0FFBF3C7161BE938927BE55419B3F45630ABF7520173F302B59BED90402BEFFA61EBCBE63583EEA8872BF1842B4BF11443F3F73E21E3E3EF268BEC84A6E3F6F76C13F4ABC8FBF1EB4FBBF7F14293ED8D89A3F3C46B0BF436D25BF6C052E3E491A363E55A2523D069D43BF7C27FD3EC177BF3F645CC83F3F402CBF4600A1BE94EBC6BF0420DB3DF720103E66DD78BECBF8B43F18A6083F175E573F0FEB53BE9879A7BF6433233ED5B6AA3F7C611EBF2CCFE2BF45DAA23F536468BD16441A3F341FE93F1EAD06BF20610EBF016F05BF64415C3E5F272F3F0DF1693CB54627BF71CABE3F7B13C83AF66537BEAC08DABF26F8CA3E80A6D43E19E04B3F008128BF3165FCBE92A661BF364C153F3382D9BEA6057ABEE632E4BF7CEC213F1A9435BBA9D9C43D9B01183F3DE83F3EE4311B3EAC1EB8BF2470AF3DCED4383F6B74BF3E44A7033F1DFCFB3F7814A03F4597E4BF1283F5BF6E44F8BDC8326BBF78EFEBBD575C8E3F67034EBF008954BE689B2ABE0C6CA83F2969F43F26381CBDC08487BE749CDF3F5A0B713EF69FB63EF356163F64D22C3CA5793C3F157130BDC3E5B83F32CA2CBE6065CD3EF418F93F73EFC13D3EDDABBE0F8891BF15EF60BEB4D645BF473C05BE7F91DFBEAE2DA7BEA1AF2F3F225D673D81C8763D2D08253F0C7252BF426CEB3E807601BE9D0821BEA959893E18D0923F3A5609BF1A55F13EB096FC3F4DBCD7BF1A0812BECE8E9ABBE40C2D3F47A1873B3969C2BEE45B5C3D8B17BB3E181026BE32939BBF7870E63ECFA1943C5D1735BE732AC3BF5EC14BBE90D06ABF081039BF17CE513F20A7B8BE5A3EF7BF6491CCBE7FE4F53F0CCC09BF2B5E1C3F530E5BBEB9221FBEAE4E3DBF176E6C3F08D05FBF5C2C7B3F666ADABF2EFF21BEDAADEF3EBF9EC6BF37BB363CC607163EE2A3873F5B91973EEDACA23EFFD829BE3DCF38BF0561583D2ACE9EBF0FD5183F2F4D783EA6D7E23F21E9973F167720BD7D1716BEC30BE23EC014C63F7944B23F0A34C63F28BED23ED307E23E433FBE3F0178B7BBD6D04B3F3AF2ABBF5D2B793F6FE541BF4D6FD03DC06B0CBE46B7B6BF4932083EE58BD13E68D24A3F10E1353E08705F3F1F653A3E1D3CAA3F6357CB3F3E2EFA3C791BF13F13E0A1BD5CEED83F2858B2BEB5C7633F73C97BBEE31CA5BF5AB5EC3F00A0613F29918E3F583CB3BEB1208B3F1BAEF73D9CAC62BD96581C3F2439603F67604A
BF58F2C33ED5ADDEBF07B7B9BE4F0FD9BEED70CA3F2A3F2F3F7DA1A33E9958523ED0D9033F5D56D83EC027FD3E0BFD24BE7406363E89CF34BE8C0DCCBE3D3204BE867394BD81704D3BDFBAC93F5231BFBF164EACBEA545143E17CF2DBCD61952BEF37CDE3E2301E63F41B42BBF60CB22BDF22B84BF54DC233E0182B93DA104223F093EE3BF08A8643E32EAB7BDA80B053F38D2923EA4B238BE95A0B3BE9C7B32BEFC31523F67B1C5BECEA466BF2EE566BE8E08253EF76D9E3ED2D7743ECDB6AEBF7CCFF9BE80AB8C3F4D90D5BEBA03D03E46D369BECF0EC8BF3FFE1DBE64A5C83F22A7F83F765CA93F3956BBBF55156EBEA62ED4BF071A14BEBA91393F78099F3DC5A2BA3EFF3BB93F2F0731BF2A8D6F3F4E62CFBF4A2D2C3EFAF9AF3EEAE07A3EDEB05ABF3BAED5BDDE0C5B3C8FF8523D79C6C63F382CD53EB5FD853F1C96D53D7FF10C3F696B2EBF5DDC853DAA0ECFBEDF946EBD1C76E63EBD4CEEBF155F283E5D8382BEB1FEE03F42FE68BF3BB3B4BF4B91353F6B115FBF31B6D4BF31E687BF305B69BF5223F6BDBAAD503EACF2FE3F29A0603F1499B33ED9D0E4BD607B323ED598223F6A86C63C3D40EEBEC7A0283F146222BF06F84ABF080976BD90975D3E7481113E6C31D2BF413771BF409E22BEDCB6C83EF163F1BE35A4193F2870513F5EC747BE4EB624BF65448D3E11CA053EFD9D33BEB81213BC67873BBF0E83883F60E87DBD10F47F3DA3D2F0BF0ED19BBF4EE04CBF6132003F2396AB3F0AFF34BF1BCDC53F4A4CED3EBCB92D3EA09C5D3F7B133FBF6EBFF3BE1B211ABCA41B853E2B0464BF555DAB3EA3FF93BF6538403DE8C7223ED91D26BCC612833E70D89CBF128BBF3E95278BBE7471D0BF4AE627BE7ADB3EBEF2D49EBF0476363E7BBF9B3D3BD301BE31B069BF107D903F3794573F38D613BEDD3F173E6C53163F0F193F3F68E1BF3F56D63DBE6BE5BFBF2CBA0E3F17EFCDBF45B9C1BF2EAE95BE93A1CB3F320D693E2989303E307DEA3F5A07703E19C2A3BF7AE43E3F1E66B33E5ED6EBBD248C11BEED1E06BEF7B595BD1B91E4BF0B99E6BF671D99BF295923BEF759DABF1AAB883E58759B3F25BC7C3F1F08ED3F1ABECF3ED51BAC3F3800603F0FEA4FBF17A7F03F7C977DBF5010723E9A3BBFBF11D462BF032311BEA428E1BF1AB1CA3C5FEA853F66C9C0BE57D82C3E2CFBE73E5A30333EDBCB57BE49A74F3F37A65A3F5749CF3F006DF4BEDB8DD93F17F83DBF36E7663C1519C43E62B05D3ED0B017BE6EEB793EEA2BFE3F464A2DBF6367D9BF393BB53F39E3A7BE204361BE35A0EA3F6B14933F0020273F764541BF08709EBF4EBB5EBE6C602B3A0EE52B3E0FE24F3F74090FBC6A1F16BE4AFDEC3F7D6F5DBEF4BCF03EA94AE23F6DB30B3EAF4238BECDA51B3D7EFD0FBF7F40383F447FF8BE43D265BECB90C33F66B2A1BDA12F5C
BED972EEBF54ABD13E284EB0BF31A0FBBF5A93623E24FF25BEDA18CEBE8D64D23EE638723F3774A1BE9BBBFD3F6C69EC3F683A34BF1682453F0957643E6C9BFA3F567D023E51FF0E3ECEFD533EF985EDBE6B4F7FBEFE75CABF6D2DD4BD645E923E948DD7BEE255B43D12510BBF0237FBBECF5A043E9A15E13F4864B43F38E2F2BF148603BE4EA7DA3F46989BBEF950B93F6F009F3E7408C5BF2B57CD3F27038F3E9F6E033DBE4511BEFEA389BF6B709FBF088305BE8E38693E88A8703F78E1DABF15EF903F03A0823F45CCCCBD637E35BF2EA2E33F1F3102BD4072D0BF4475F63F405E743E8A6E4CBF4E31243F511EFABF6E1261BF6BA5EE3F7A25923EBEA664BE7C8A603C0DB2763F06E8E8BF66F9E23EE759943ECE28F1BDA862183E288A2EBEA4C5A5BF28A3C9BE4E73B03F56ED09BF0C43C6BE8E5443BEB3A604BF5534BA3CCF83193F2A6D423F4F29803EE4F654BE6F9FE3BECED49E3EC4500E3F42CB403F595E65BF566609BD0DF152BF3E540BBEFD04DB3F44969BBF1B8198BF41DDEF3DB2F985BEBDD40FBE7194883F1544A23F2DA8EF3EB88FE3BE2A24CB3E9251B5BF1263EA3E702BAD3EB3654F3E4EE567BE9D610BBE8ADA5EBF2833A23F1739A2BC704A66BE94DDBF3F0CD4D2BF06C1853F308E033F220FD33F3144D8BE84EDBDBE6F255B3F3900DEBD93D3F43E107B963EC7FE823F6BFD593DBDB2AE3E8BDABB3E1130153F5AAE713F3A3F7BBF290AD4BF248190BF0353653F00E939BF1A0B0F3F7743FB3ED6AB87BF262D3C3F3772C13F519E623F6C5F1A3E1096943E00C6D3BF258CAA3CE01E233DC68A7DBF2B60C1BC481CE83D8FD720BF1A35F33E7C3FFCBF7286CABEB98EDD3D872A85BEB1623A3E514939BE8D6182BF3AEBAF3F53DF5D3E8FEEA83EA295B03EB389CB3EFA6D563F2F31E63D08749DBF323E44BE74664A3F245CA8BF2842EEBEAE1AF63F6ED56B3F1CD262BF0E3D623F7FE243BF5F5DA4BE189C4FBE43EA5CBE4C333FBF46B213BE1B02F43E688ABE3F79E32BBF0F692ABE956BC5BEEF5E4ABED5818ABF1F8B68BF744BBEBDCF3D8FBF0341983F3CC9BA3D6A61213F5409863F72A6FA3E2EF3CEBF4315A93F5A627B3E3F9CCA3F44693ABE1AAC5D3E5BA9C3BF5BC4E03F597BC63E917D44BF4A7F053ECD07CDBE55648ABF54875DBF122FD3BF009D6EBF0BF41F3ECFE0623F02204A3DC1AFA13DDB116E3E85B4E03F788DD03E89803A3E4DBBAC3F5180F43E1112CCBEA887AE3F6A0E25BDF6132C3E4FF5903EE18C753EB711ABBF131140BF563576BEE6EEDF3F3C2B5F3DF32065BD90E278BE0EBE673F0C47E23E9D9D513EA183C8BF2D8EABBE0A7E053C26A92BBE7F51CABD20CA6CBEA15C493F0DE623BE6DAED73ED8A23FBD1C318B3EEAAE383F6007C43D0D591B3F4E5F07BF10490E3F3F169BBF55A946BD8DB526
BF74C59D3F1DD6F3BF243EA7BF2B51B5BF2304DF3EC407F2BF128D97BECEBD9A3F0963393B16BEC63F51A55FBF62611BBE0188343E13FA4C3E0541EE3F25CB49BF3F6FF9BECCAE30BF7EE9DD3F66F78B3F0858643F00AAF0BF38E6B5BE9A4BFABF32837DBBD6E9E43F1E07AB3E880EC23EC0EC523E8EEB7F3EEAD3513F383DB23E820097BF2389873E1621BEBF2C410F3F4FE603BF586687BEA5572C3E251AD0BD4ADFA43F1C52F73D7C2271BF0B9DFB3ED6833BBF33E66F3EA1E9353E8932B9BF0A985FBF22B302BF2AD3D8BF3366B3BF18317E3F68F060BF77DADD3F6A3F52BF72D8763F71356BBECF43143D4D660F3F3984863F4AF595BF1F3A023EA493AB3F61E9063F738FE2BF48BCB6BF2467523EFC77FABF66AC10BF5B808CBCB22AE03F3325483F7E7C37BF7DC0403DAE852A3F3902A13F517AAC3F30D1CA3F41FBA03EFC1732BF43D86F3C93D217BF298EE23F2987723F5B243DBF2939563F447938BE65A824BE707F6CBEEA083F3F3C5B2E3EF74C6CBDD583673ED6AB923F637F64BF26DA06BF02C4473E904FB93F1E02753F34ED0BBE50A7B2BF44DDFFBF56E56ABE8EE1943F28664FBF121EAD3F15033D3E9E669DBF729CEF3F1251453F585A2FBC7BE2223F2B0393BF3CBF363F0502573F59FA183F2A58A6BEF65F8BBF12EED03D36CD7DBE523671BD2B21F63F7CE0F03E55F8CD3F63CB11BC9C9841BDFE2BC03F0B99833EF9EC96BDE9DD6DBF64DD2DBF5309043F18919E3E9F50FCBF6F71B73DE9BEE83EE113A9BF477899BF1113983F1F3E0BBF39014F3F43884B3F58DC57BF79781ABE7B93EEBF2A14963DA4C0A9BF4BF2E7BF6BE5193F5DD0353F71747EBE8E68E33E93AA95BF5D3603BF158C8FBF6BB90BBD7B022DBF3326863F7B8C95BE1560563F6926883EE5A1043E25AA8E3DA4E57A3ED25F2DBF7D6CDB3F10A5E83F5A8D57BF7BC0AC3F2635B03F08E03F3F7E88BABF0B710E3F56CE3C3E916844BF4A1379BEED673A3F0716883F1C6BD4BF4A9F5ABD77BC71BF0FD71F3F586D2CBEB7FD583F370FFBBEF5EAC13F419177BF1F9B633F04B50EBF6FC66C3E91C15B3E08F39EBE7D1CFEBF132CDC3F159595BF35886FBCB1E3DDBF796C48BF207464BCF1FBF43F2D2BF8BF37C7623EEDCA4A3EC3A70CBF6E56FCBCB690063F715A15BF466CC63EF90D083E8DDDCA3E40E2F9BB348CCD3E0AF656BE1684F0BF58F725BED670743DFB3A753E8888923F5C8EA73F749E29BF50141D3EA59DD83E527A99BD567BECBE93318ABD480FB83EAF20653F6B569EBF52638C3F1871B33E39E8A23F530B74BF4C38C7BED3AA92BF65963B3C0745B03F09688CBEDE3915BF0C9D95BEACC268BDBF7B833EF314F53CA1F771BE709C663F4F9B7F3F6E36443E835884BF3C66693E724834BE6F93283F7B7DBFBEDA49F33ED323D93D90340FBF1D1371
3EC1FB46BF662AC3BF2191DABF689F793F4524293F2DF988BF438128BE37786BBF4271663E13A53F3F661677BEF9762B3F7ACFA4BE99CBECBF153C8E3EA9CE983F725A3D3E7B4A0BBF5F77F6BE8186B8BF2AE114BF0995EBBF6544E93F4DB3013F162A54BE8208883F2A03133F01F69A3E79935CBE58E5ADBE901970BF5281EEBEA21F6C3DC75AD1BDA198FC3E94F1783CDD86853F20FC82BF4E3E01BD94A1173E37F23BBF202AFB3E64010FBF6567DC3E1B16BB3F2F47CEBA0FAB33BDF9C10ABF33AECABF71855B3F036A393F179B3DBED3662ABF45039FBE7FCFF53F2864C33F2EFD573EA934453F6B97783F62E059BF464C413E97D8AABD1D40D2BF5DF1003F4BA8ACBBB586BA3F0AE848BF611834BEF33E5A3E9AB1EEBF3B98453E8DDEEFBE6BA2F43F0809963E9C95EEBE72B5DCBECCC7EEBEA3B2753F567D8ABDB32192BDEB8851BDBBA7A63F63FC01BF0FCFA43F43CA4DBF75D2E3BEA208633F0834C0BEA0F8113E7350C6BDC06CE2BF7ACBF83E4AEB113E5003113E9900E3BEA10DD8BC5B91EB3ECE9DD43F468E10BF63CF75BF4DA3813E9960A93F07344D3F79D5C1BF3FD56EBE8AC67F3EB475A9BE7E72803F3A173BBED5040CBF3BA92B3EB0CB4CBF1846C83F3CAE063F0097B1BE251C48BF7FE1B7BF33797DBEE797FB3F3EAE7E3E4F5CC2BEB71A60BEDCE247BE0479263F4EB9823F59A7723C2D6C4F3E82A4CE3EE086B9BF73C1B13E197636BF682CA2BE1EA7DDBD842914BF746A1BBF5EAE9D3F5910CE3D8BD963BE886682BE8B51B1BF327F27BF336680BE98C756BEA7F8813F116C19BCD943C7BD902FF5BF3CCC773F45D51A3EB2BF2F3F2B9A0B3EA03E603F77C3F73F75A705BEFFD7E33E7F1EED3EE9B862BB6FD2083F331CB2BF1E3FF8BF40703ABF7E9241BF31B02C3D8BEC393CAE3893BE6B13F0BEC1F301BF7E2DFB3F2167753E8DBD91BDD39A16BF0307313F1B554A3F25DF833F345255BD8623063F70FF753F2EB789BF57C888BF0659703F2298A7BE40DCE0BD89FC323F672FC13F6E152D3F07D36B3E18A5113F54F420BC15ABBBBF2B006DBEB22DABBED0730E3DEECA66BF5D73AEBF5CAEF0BF2A9B363F6516A13F1F46FB3ED781B23F70C4073F7F31CC3F7993ADBF3327DA3F6ABDBC3D798542BF5A1155BEC0B2053F4A53D33F2B66C1BF7ECC253E8F932B3F1B3ABFBF027E39BF5F2B5FBEF2893FBF4B683DBD055FAEBE261FE7BE731EC03F460614BE22B2BEBEDD56FCBF6754CDBF0FC97ABF058AB9BF7105083ECF2A98BF7C17313E632A62BE3C3B8DBF008A103E9C1E67BEB80948BF4AEB7D3D91AC7FBF2B96213F4452143EAA73B53F320B4E3F067B833F1D30E93E8824AF3ED77A423EC13104BEB759723D81A1DA3F3F1347BF6413603A521F2EBE09B3713F4EFE1D3E854EC93F7750863E2E7D843F2E67E9BD7F7A3E
3DB93B0DBF244C773E89B0543F6D08EF3D8B5201BD2700033F165B67BF5087D43F42F828BF7E044A3CBCE4843EB6BF2C3E06A6B4BD30777EBEB7CB7B3E5009123F5388C23EBAE5F33F64BA40BF4D44353CB4B2A9BF479D423DB964853EC15117BF3485C33F0E1C7BBE4EBE3A3F4BEDF9BEC5964ABF60BDE7BF0FA17ABF5596EC3F669A38BF779E44BF454A2EBF79A567BF114AA7BF7A262C3E91DE383D0B3095BF02484DBF1CCD26BF517969BE86B73ABF7C02913E525512BD2D38D1BEC47CCC3EFA4FA53F2DBF30BEF3450C3CE946C2BDDA035FBEA2998C3F2DA3FF3F7709423E817FE9BF232FE7BF4103EA3E23C6A3BEAF944FBEED608D3DCDC785BF23934A3EB6C693BF637CCCBF6E900FBEDA9AE8BF5860553F4D17D03F317656BE559C0ABF295C9EBE0E6F04BE2B95D33EEA40F9BE3F8ABA3F67534F3F52EFB33F671FC7BE9DB1DCBED6CA393F45FDA4BF1476D8BF3CFDC03D2810EF3F4F98D0BE479E3ABF1187BEBF57AF753F5DBA063E52AE53BE7AE5623EA8E3CA3F1599F6BEAA810A3EC5485EBF17A5793F6ADC823ED8EA9CBF2A8B38BDEA627C3E882F773F5C24A83D7047803E8182833EB928983F58AD59BF31BFB9BE411575BEC0064B3EC68D733F48083EBC98D8CE3F1C94E6BEB1BA003DCC4E13BE63C50A3F4B2D2C3EB458D33F2823A5BF47A26FBEE2123B3F09079CBF116108BF6E8F69BE01F1143F5FAC9ABEF39EF33E0ED6BBBE8FD154BF7242353A5BC7083F276E7FBEF6CD50BF6881C3BF01CE793EA496F8BEAEAF3A3EA352FCBF7957863EDF4D2EBE5EFD1ABF6ED866BE407AFF3EDD7FC03F57B9683F77D0E93F7782F13F4AE8A23F3B3D733F1A178E3DE13181BE26265CBF3EE9CC3E9E54E63F3A599CBEE6CFAB3F2E29F8BF5BC5F8BE783BDCBEED64FEBF31B4513E8624C1BEBC083D3F6B10B5BB2DCD8A3EF455CABF7978173E57C36A3E1C92833F1D60C23E9EAFF33F41A7273F4E03D3BF320E89BF1D66253F14FAC3BF60EB43BE61A248BECCD5C03EEFCCDCBF4AA5163F15CC743F10C1D93D84B372BEFC9134BF5BABD73E80D297BF735CF3BF603BF7BF3DA380BDCA48E63EB078CF3F365429BB4BC2E8BF6705B8BEBEA2BB3E9107C33F12A145BED7E8EFBB8BB8D83F2309DD3E42D29F3D9531F9BEAD2F97BE34DBC13F1687FCBEA08E06BD9929AEBE87593C3EB7E15C3E0ACFBC3E9B6B64BC9197A4BE4FF521BD387309BF5DE83ABE3636B23F702CD23F0FBAAB3EEA83AA3F08035C3F035E8F3F2FC1213F0A52003F75130CBF46FBE5BE54D59DBC82140BBEF7B60BBF6D12C33F72E21C3EE7DC36BF343DF4BF34472A3ED1BD69BE73B9ABBF58E099BE369957BF36C9F13F190C0F3F5C497DBF7D95693E99A43D3EB6D137BEFC4A4B3F2FB569BED2FC79BF723F5BBF503A0B3F1884613ED879EE3F111AB23E7DCB283F269CDB
