C113FE0100000000000000000000000000000000000000000000000000000000
BEDE08734115E0CD000000000000000000000000000000000000000000000000
3E0DFF513F77771CC11200560000000000000000000000000000000000000000
BE202E1C3E68FBCD3EE24146410E2A1F00000000000000000000000000000000
BD2429A83DF522D03E9B3B3A3FB73F20410B5E0D000000000000000000000000
3EB0CE223F425A593F6613993F29A8363F5DE0A8C11B15110000000000000000
3F0DC06BBEB86C9E3F803A5E3E3444F0BEB47FA43EAE4BE64115D0D400000000
3EFA60323E144768BE98F9DFBF2DFB6DBD8E6BC23F3487683EF97CA241140E9B
