-9.2495,0,0,0,0,0,0,0
-0.43366,9.3674,0,0,0,0,0,0
0.13867,0.96666,-9.1251,0,0,0,0,0
-0.15643,0.22752,0.4419,8.8853,0,0,0,0
-0.040079,0.1197,0.30319,1.4316,8.7105,0,0,0
0.34532,0.75919,0.89874,0.66272,0.86671,-9.6926,0,0
0.55372,-0.3602,1.0018,0.17604,-0.35254,0.34042,9.3635,0
0.48902,0.1448,-0.29878,-0.67962,-0.069541,0.70519,0.48728,9.2536
