C0FA844B00000000000000000000000000000000000000000000000000000000000000000000000000000000000000000000000000000000000000000000000000000000000000000000000000000000000000000000000000000000000000000000000000000000000000000000000000000000000000000000000000000000
3E9C28E640FD98AA000000000000000000000000000000000000000000000000000000000000000000000000000000000000000000000000000000000000000000000000000000000000000000000000000000000000000000000000000000000000000000000000000000000000000000000000000000000000000000000000
BE99251ABE5637F4C1021B4A0000000000000000000000000000000000000000000000000000000000000000000000000000000000000000000000000000000000000000000000000000000000000000000000000000000000000000000000000000000000000000000000000000000000000000000000000000000000000000
3DB737803E86E9D0BF4D7976C0FC8E9E00000000000000000000000000000000000000000000000000000000000000000000000000000000000000000000000000000000000000000000000000000000000000000000000000000000000000000000000000000000000000000000000000000000000000000000000000000000
3EA0626BBFC1F9BEBEA5E1EEBEFCC7DBC100D8BC000000000000000000000000000000000000000000000000000000000000000000000000000000000000000000000000000000000000000000000000000000000000000000000000000000000000000000000000000000000000000000000000000000000000000000000000
3E4ECADE3E93321B3ECC44123ED7D4FC3F8C3D53C105C0A20000000000000000000000000000000000000000000000000000000000000000000000000000000000000000000000000000000000000000000000000000000000000000000000000000000000000000000000000000000000000000000000000000000000000000
3F07652E3EAD46573E2B04143F99F9223E93A570BEA4837040F88EAF00000000000000000000000000000000000000000000000000000000000000000000000000000000000000000000000000000000000000000000000000000000000000000000000000000000000000000000000000000000000000000000000000000000
BF5C7A8F3F37CD5E3ED07E7B3CABAA203F214265BEED655C3DB065B840F5DA8D000000000000000000000000000000000000000000000000000000000000000000000000000000000000000000000000000000000000000000000000000000000000000000000000000000000000000000000000000000000000000000000000
BF3D82573F428379BF0726B6BF0CA8A0BD2544603F6B2092BEC9A5D7BF0914DDC0EAD0DD0000000000000000000000000000000000000000000000000000000000000000000000000000000000000000000000000000000000000000000000000000000000000000000000000000000000000000000000000000000000000000
BE39BA0F3DE49A40BE6AD4BD3C6A1700BEF4A7D8BED8B360BE72A8B43F186470BF24D908C0FE983B00000000000000000000000000000000000000000000000000000000000000000000000000000000000000000000000000000000000000000000000000000000000000000000000000000000000000000000000000000000
BF286E063F97B8B23E1B1054BF5D50BA3EF7F164BF094FC0BE99C60B3F5D3A3ABE969A35BF1A623A40FA613C000000000000000000000000000000000000000000000000000000000000000000000000000000000000000000000000000000000000000000000000000000000000000000000000000000000000000000000000
BE429D9439228000BF9FA3B6BEE72B37BEC0CA49BEED96DEBD963A50BEE61A2EBF2E2C6E3CC778603E9D285C40ECB2FC0000000000000000000000000000000000000000000000000000000000000000000000000000000000000000000000000000000000000000000000000000000000000000000000000000000000000000
BD3B7DF83DA5FF68BD699588BE83D6FBBEBA00B93E9C9AF8BEFFCE7A3E15D8103E14AF10BE062704BF39C4D23EE94EC0C10136A600000000000000000000000000000000000000000000000000000000000000000000000000000000000000000000000000000000000000000000000000000000000000000000000000000000
BDC2FA98BE77A222BE8D0F00BF17A90CBF5115303F1D6EFE3F9824D9BDB4D242BC959AF03EDF877EBDC68EB83E0D91453F8BF326C0FC44A5000000000000000000000000000000000000000000000000000000000000000000000000000000000000000000000000000000000000000000000000000000000000000000000000
BE970B223E07C220BF1A85883ECEDD043F3626FE3CFF53E03FE4CE0CBEFA742D3E5944D6BE8FA198BE09C4CCBF09EDFDBF1E81033E6AB0AC40FAEA110000000000000000000000000000000000000000000000000000000000000000000000000000000000000000000000000000000000000000000000000000000000000000
3E3C88CC3DED9EE0BEC8FFCF3F686967BF47DC6A3D9797D8BF602DB8BC7675C0BF3633B8BEC6864F3E2B77F63F62C62C3F3FE4AA3E6056B43DF36B48C0F60A8800000000000000000000000000000000000000000000000000000000000000000000000000000000000000000000000000000000000000000000000000000000
3FA8A72ABEE2D1883E8080D4BC57A9203D45E4503E91FEDE3E836D623ED08DBD3E79FC5A3EEF390C3E1860783DB8A770BB766D003F2252073E83DF083E2AAE1E40F1FE00000000000000000000000000000000000000000000000000000000000000000000000000000000000000000000000000000000000000000000000000
BE095E53BD0665D03EE89968BDF0CC90BE40C3683F548426BEF45CD83F1BC0E23F0A8B0E3F3BF0A8BE0AEE803F8B099E3CF78D7CBF2FDCD3BEC25F04BD083470BF0A636640F92B190000000000000000000000000000000000000000000000000000000000000000000000000000000000000000000000000000000000000000
3EF60E483E1912703E82DBBEBE2A5D303EF2E7F6BE6003583DD79D403CBCDBA0BFA0ADE2BE3BFEC83F5231AD3E1C6D5EBF9CBFC33ED755FC3CA3BA18BF2EB4A0BECA3A78BF6CCFC2C0EBD6A700000000000000000000000000000000000000000000000000000000000000000000000000000000000000000000000000000000
BEB6A3DDBF41C9D83F3777B03E9ACFD73E3694E4BF172115BE03B5DC3E91C0DABE03C708BDC90618BD63B2603EBFEF263D531E583E88C6D83F4ACC56BDE797AEBF20C8913F3453D83F02522E40F3544B000000000000000000000000000000000000000000000000000000000000000000000000000000000000000000000000
3E4F000EBF1FE77B3D1E7708BCCFB5803F4EF18D3E7788A8BE10913C3EF80D06BD51EE00BECFBE2ABDBE31583C075680BEAF30423ED97F8EBE522EB83C118CC0BD8C23CEBE70DB443F31BD10BEC11569C10080A90000000000000000000000000000000000000000000000000000000000000000000000000000000000000000
BFB8D9A6BEDA8A77BDC2A7AC3E21B59CBEB84846BF6C20843DED3BB0BF254FE8BE99AEBC3EB2DDA33D0016603FB9FF203E83349EBDF03FF8BE4C8B6CBEC4E5493D17CBBABD723D203F2C6F9B3E1FD974BEFD800AC0F44B5400000000000000000000000000000000000000000000000000000000000000000000000000000000
BF1A921B3C0B3B40BF6645B5BEFD9A51BE85C372BEAA9C0EBE9FE2803CED5460BDD507E83F28F3863DAE67F03CB376203F566CA73EBB59CA3F0CE07D3EF0370D3E95052A3E8CAE1E3EC396DDBE30794EBF9AD6F2BE8D3500C0F5E805000000000000000000000000000000000000000000000000000000000000000000000000
BAE70E00BE94D9A4BEEE5CB03EE0F2A7BE405C903E2528583E977DC23FCD7C1A3EB393403F193F00BDE681E43EBBF2D0BEC4A6BA3CCB8440BE806522BEE6E8E4BDB392FCBFA57DE0BE5A51CCBD19BA203E9AF606BE90DAE23EB87969C0F991E80000000000000000000000000000000000000000000000000000000000000000
3F9B05013F073CD83F48900E3F0A71C4BDB073243EEF916D3F93E8873E81FE8CBE81FEFBBDE3C7E43DAA9EB13F9E9AE6BEC78B63BF53D3803F4BEA3A3EBC56F63D9F89283E293576BE40313F3F6401D83F2DFF393D65F7783F38D9DD3EAC51F840E42F2D00000000000000000000000000000000000000000000000000000000
3F8AFA7ABAAB5A003F0D66D6BD8ABD783FB555B33EB4F3943F2ED14EBF0FA8C2BDED73083F21EA7FBEC80C50BEA0E298BE8149773D8A03B03F4D84F03E0EBDAC3F1671423ECF6D433B1567803F44646E3E617FCC3EA46252BED4F08C3E10E24C3F58EBC440F7609B000000000000000000000000000000000000000000000000
3DBF13603F33B3853FC5F0603EE199FD3EBE42FC3DBF7010BF131A6CBF0DFD253D3F2AC83F5F8CF83DBBB230BDE05AA2BE9ADB05BF18DADC3EDEFE68BF2E7666BE2516DC3E2DFC58BDB561A0BF394F8C3EEC9150BF4BE7B6BE73450E3F730D943F223AF6BD3BD1A040F2B8360000000000000000000000000000000000000000
3CA22C803EFE84D23E92503ABF5E7DE4BF74F5BCBEB11B99BE32259ABE8042263F3D0F2C3EEFB2F4BF10BA7ABE947060BF086C30BE4EAE193FC199D7BF0E94F4BE09F020BEDA1B653D6E77E03E6749A53E4048D0BF3CBFCF3D1511203F5B1E32BF091A7ABEAEA3C63E41D530C0F7559D00000000000000000000000000000000
BEA7B779BDBA3F703E01D45C3F3053E03E6C3E643F5E48DEBFA6774EBF1053153E0CDFF33EF31AC6BF1296803F0C8590BF4D34983E982D02BDF0FBA8BF080E8FBF82A20EBEF0F68E3E2F94FC3E9D03F93EF722803EE1BBAF3D0615A03ED1EE6BBEAD407EBE2D4CF8BE8ECDBCBF298343C0EA49A2000000000000000000000000
BF5111A1BE9FE1BC3F01E2723EC0CC08BF77E3C3BE9DE4B6BE57F017BDA3ADD8BD2EF9E83DBADBBABF18D80D3E765BE8BE62A2FA3F3DE691BF46D529BEE0E32A3E49D6B0BD26C140BF136C20BF2B58823ED6FEF73D18B5F83F4DCAA3BE83709A3F004098BE05D504BE850D713E675C773F81BE97C0ED7F7A0000000000000000
BE70FB48BF84C53C3E8FC9AABEBA5704BE9936EABE7057C23EBCE0363F1D6A5EBB51C3803E4592A23EFA46803F2BFDCCBF3AB4763F0DE75B3F28B93C3E4094E03E988062BE5B5B4CBE56BEEA3F5785E0BE99DA04BC273C803EA6B962BE4335343F7BA677BEB422A63D4B653C3E84D2973EA454D7BF885E40C0E9F47000000000
3D8191E83DC254183F95BC80BE0AD9343E25A66ABEB0879E3F14FD9B3DC16FE8BE27CE423F584468BE8C2AEA3EE95A68BF2499D7BE2785643E1310C63ED657A6BEC3F51EBE3913B83F09D841BD79CDCEBE5E98DABF34B5C93EB70CAE3E3929213FA654863F10F3753F1754EABD01D298BF2B0CF83CDC2C00BF2500A040E8D200
