BF1BF720
3EEEF702
BF3D1876
3E1C03C5
BF149164
BE9B6E43
BE73A75D
BF4FF1CB
BF24D30E
BCDF4512
3F251176
BF146FE0
BF347EF1
BF3F0537
3F63A90A
3E6D3627
3E85675E
BF533545
3DB73724
3EEED444
3F424499
BF0F9BB9
BE268208
3EC5BCD8
BDFA13A9
BE45799D
BF16D705
3F5EC37B
3D575718
3F138A38
3F33DD8C
BE9DB0A3
3F65DA93
BF3F4B50
BE26AFC2
3C921C85
3EFEB329
3F5E01ED
BF095CD1
3F545B76
BCE8C081
3F3288F3
3F316C64
3E0F713B
3EA36578
BDF5C1D0
BF21633A
BF7EAAB8
BF34BF2F
3F6E6ABA
3E712849
3E9C4C19
BEE7540E
3EB86574
3F44B5A4
BF1945EE
BF5ED0C6
3F43A242
3F3F8929
BDD8C7B3
BE03C181
3F74EE11
3EC07279
BF14336E
BF7EAF68
3E6D1BEB
3F2EDE11
3EFC8FBE
BF3783CE
BF341584
BEBC7DB0
BF0AAC76
3C2EA9DB
3F5F9721
3EEC367A
3F298F67
BEDAC241
3EE30692
BF24A4FE
3F15F730
BED0972C
3E983974
3F5748DD
3F2E871E
3EEAD5ED
BF6FDFD3
3EA26627
BF259092
3F2D2302
BF20C496
BC3107C8
3F1E5075
3F7F934F
BF3151F9
BF56C5AC
BD8D62D9
BEB185D8
BD5B7F36
3F4C31F3
3E19A5AD
BF41350A
BE5C4E7E
3DD1B150
BF1AC161
3F00F1C8
3E6D47F3
BE9A5ECD
BF1798EB
3F30053A
BF2FBDB0
3DDE7CA9
3ED135B3
BEA6670B
3F21E72A
BE8D3340
BF1F8C96
3E6EA60B
3ECC0902
3E763EFD
3F3EF4DE
3E8B8841
3EF43D39
BCA0FD57
3F6E82C8
3E5C8B1D
BF5D89F9
3F1EAB9B
BF39634E
BF31420D
3E0C2B58
BEC1B2EF
3F5DE04E
BF2DC06B
3F383535
BF08A160
BDABEF97
BE1FBE85
3F7469AC
3E57C66F
3F256919
BF11B895
BF70A5D9
3E998C1A
3F204DB5
3E06372E
3AABF649
3F52DF18
BF68C9F6
3E038D70
3F38B931
BF5F72F3
3F71E85C
3F3DAAAB
3E76F67C
BF35E292
BF7F6E83
BEF81669
BF57DE0F
3F64E93E
3ED00B79
BF1BA0C5
3F6E1820
BF104681
3F0EDD8C
3F1B3E99
BF23F97D
3F48E70E
3F264A7A
3BC9DC0F
3F770333
BF4032FC
BF2DC94E
3EDC7518
3F392082
BE73BB9C
3F72EE95
3E4B940B
BEA3B73F
BECFCB32
BDB0E09B
BE9448DA
3EDC69EB
BF6B981E
3F502F72
3EB96F68
3E8AC709
3F148E1F
3F3FC372
BEAE0175
BEA02DFF
BE34B264
BF229240
3EFE7534
BE7AAB74
3EDBBAAD
3F7E98EB
BECA6294
3CDF4902
BDF5E0DF
3F3793B9
3F51AEB4
3F612D14
BEC7D9A3
BEE766AE
BE7C4BD9
3DB1C1FB
3EE842F1
3C2A9673
BE45A9FA
BE0A1D32
BEC7AFFE
3E41E4AB
BE384F5A
BF3DFE11
BDCABF8A
3EF591F6
BF3C974D
BDA031DB
BF7BA2C1
3F61E95E
BDA2F757
BF4D7FE4
BF6E98E8
BF63AE4D
BF54F14F
BE92A562
BF14182F
3F09BE81
BF5BF4DD
3EAB8A50
BE64129A
BD22C76F
3F1B2C81
BF27B690
BF155121
BF4EE16D
BF3A6324
BF4955EF
BDE9E2D6
BD4D91BE
BF7A4C2E
3E2059B9
BF15A11A
3F182D05
BE96B784
BF5F1A12
BF3E2CB1
BF204FF0
3EFC9534
BDAC7388
BF5C320A
BF317137
3F7ABE1D
BF3FA943
3E26973D
3F36E9BB
3F6F7AA7
BF4FAC58
3E9C8779
BBC294C1
3F6E4900
BEDB29E0
3E9AF4B1
BF24E96D
BF788357
BF17053C
BF08A423
3CD55BC5
3E9B9B80
BE98B2C3
BDB8007B
3F34E677
3E7F2D08
BDD3B498
BF336D03
BF307DEE
BE5C625F
BF5CF719
BE91C019
BDD10E00
BDC2C1A6
3E5AB64C
3EE74352
BEF6E73B
3F191B8D
3F55C087
3D9C69AF
3F139DA2
3E90ED4D
3F2DFD20
3F546340
BCF1E8B9
3F395CB0
BF26F6E1
3E06B745
3F3147C3
BF4CFEF6
BD803734
3F27604D
BC4E93AB
BF398B12
BF3D8B13
3D4239F7
3F6DDA95
3E1FB9F2
3EDCF9D3
BF634155
3E18EC4A
BCE94245
3C91CDB3
BEB1624C
3CC9E075
3F6486DF
BE5674CC
3F0AF0B3
BD32D5BF
3F79E425
BF4D0517
BDB1B48F
BF7ADABF
BED32F26
BF74DEDD
3F5A775D
3D9E0F74
BEB38367
3F50482C
3F153B8A
3EED2F88
3F191265
BEA7D026
3F0E66FD
3F4CF5B9
BF7FB385
3F545D02
BF133510
BE666AAF
BE19E0F1
BEE23A5E
BF3EBA88
BED16D0A
3E57BC41
BEC26DE6
3EC64A2A
3EF031E9
3E948205
BF37D6ED
3EABCDB9
3E9E3FAC
3F312DF3
3F26CE21
3F46673E
3EB4CD88
BF3088E6
3EA5BE14
3F78F513
BF2C27F5
3F3CCB09
BF1D8B7C
3EA38915
3EB9057C
3F6BE5A9
3F5F2235
BF11EB2A
BF3A69EB
3E9B3807
BE9BCCA7
3E148B4C
BEFF3C86
BE4E6C4D
BE85C098
3F3DEEB4
BF5CD1A3
BF760A6E
3F34E7FC
3F101749
3DE71D57
3D4E588D
BF1CEF9F
BF01D3FF
BF666691
BF5CE75B
BE3FBF5F
BEA96C3D
3EC0D1D0
3D4BD2EA
3E365A40
BF2AF63E
3F5621D1
BF54C089
3F2098BD
BED4C3DA
BD64AE52
BF2672C4
BF11E1F7
BF0F7CCA
BF71FFE4
BD47E363
3F023E30
BECDB0F2
3F1385AD
BE1A3361
3F73D0BC
BF57E6DA
BE2756B1
3E50EA99
3D069D6C
BF0D9D7C
BEDE7270
BF2F18B0
BF6F59AD
BCEA0947
BE9ECA4F
BEDF8CAF
3F746252
3F0C9E1C
BE9A4C10
BEAEA244
3EA68607
3E5522B5
BF47B387
3F37C304
BDDFF204
BE148405
3D06580B
BF25F9A1
BF79A73D
3F05890F
3E6DE011
3EFE3D58
3F7880FB
BF4ABC98
3F78304F
3EE10559
3F1F3896
3EB64D48
3F18507D
BF2D81BA
BE0578FD
BEA73F3A
BF5A13A9
3F78A130
3F29701B
BD4FD907
BE7ABED1
BF5AEC92
3F5A0CB3
3F2C0A47
3EA5B76D
BF377A59
3E8FF00E
BEC66F83
BEE13145
BF3D4FB0
BF7985C7
3CFEBB5A
BE4CE0E4
3EF12D23
BF591909
BEC805DA
BF766EF3
BE490992
BCF800C0
BF2C1DEF
BEC34F2D
3EE33FC6
BF6B5A8C
BF11E9B8
3EED7E72
BEE38A87
3EF131A2
BEFB1DA1
BEC51FE7
3F21E9E6
3E929354
3F75C155
BDFCBE70
3EE8D4EC
3F3449C4
BE61F8E8
3DBD2847
BF6A5BFA
3F6C7912
3F63A0A8
BF5E0DBA
BCE8CF7B
3F048E52
3EF0E432
3F464326
BF4BD3F7
BF640512
3E925303
3EEE28E2
3F31334E
3E09970D
3F70B237
3F09FE16
BF08E3BC
BF3C96F2
3F45285B
BF0A3E48
3F7C5A63
3EAAB382
BF319073
BE9F31B2
BF3CAA7A
3F376921
BE8B642B
3E83BA34
3D54574F
3EF545E8
BE263E7C
3F751A25
BE92BB24
3EEFA8BC
BF11CFCA
BF65D58F
3F4E30BC
BF653724
BF73CA94
3F50C962
3F608186
3E0F53D5
3E406999
3ECEE593
3F0AB082
BE1ABC4E
BEBF9647
BF6AE13C
3F66A0EC
BF409062
BED594D7
3F1BC042
BF247C93
BE1A1E2E
3F573E93
3E4D8033
3ED3588B
3F0D8793
BE92B84D
BEC1F4BC
3C677090
3DE44783
3EC0DAD0
3EBE1171
BF5B266E
3F4AC4F2
BE2BDD6E
BEB9A1DE
BEC03F93
3F51D6E2
BE1B615E
3F3AFD18
BF7A5357
BDBBB104
BDA4A765
BF07E99E
BF37C743
BEC22DD5
BE3B3B09
BDA43ACB
BF2E4DEC
BF6918DF
3DB24F7F
BEB87BE0
BDCAA75F
BF4D54BD
BF08B0FC
BF37E585
3F2737F4
3F02AFF8
BDA81FFF
BEA05DCB
3F740D6C
BDAE54CB
BEFE8B7A
3F1119A8
3E3877CA
3F18CD86
3E0E61D8
BF5B028B
BE9F1EF6
BDC360C2
BF270B26
3F1CA5C3
BF2DE3AB
3F0DB9B1
3EA2122B
3F28753B
BF566266
3F2840FC
3F4331A0
BF1BB6F9
3F5C0A2E
3F76743F
BEF3BE53
BE5DA12E
BDFBCB0A
3F77C825
3E07409C
3D5DCE60
BE3A83E5
3F7B2239
3F08BBF3
3E56BB69
BF751495
3F5D4EB5
3ED80668
3D32DC20
3F607A2B
3DB6424E
BEF856F3
3E93A563
3F148E68
3D7F1916
BDF934E4
3E16609B
3F556B3C
BEB2C147
3EC27977
3F3C3807
BF21D67F
BDCC44E1
3F393F38
3EE6DD4C
BF2C90FF
3E34C2FF
3E9F7A5B
3F36C35E
3F7D9101
BD63A587
3E3A5AE3
BE907B62
BE3A66E0
3ED2116B
BF2D8706
3F195F51
BEE39016
3F06FA32
BC86BBBB
BCE7253C
BD9F1A0E
3F71AAB0
3F4247B7
BECC2D4C
BE8B3943
3ED99683
3EFEE416
BECAA4B4
BF2DB585
BF649D94
BF5DE05C
BC1BB10A
3EC01B17
BE91AAD1
BEE1DCBE
3E4E8A6D
3E53E34A
BEC48B33
BE9A30FD
3EC202EE
BEBBA0F0
BF7E1D74
3D4811BA
3D3EB674
3E52E60C
3F6CA331
3F370A86
3EB7A611
BF3CA565
3E135877
3F05C864
BEB4890E
BF3C2C36
3EF172A3
3F7CF288
3E8F9576
3F00D1A4
BF411233
BF04081F
3E04F9D8
BF24D06C
3E806F53
BEEF2AAB
3F4F9D56
3E8D346F
3E30F24A
BEBEAE9E
BDECB2BB
BF630226
BC31B0D2
3C8348B6
BF5B3C76
BF519D32
BF1637D9
3F53D574
BDBEB739
3F76F1A5
BE75EEC9
3EB47B50
BF521FC8
3F7B02DD
3E0E6059
BE904A43
3DC58EB8
BE921E89
3D9CE545
BF210DFC
3EBBB1FE
BEFA8446
BF35FC52
BF2C0CC9
BF7A3629
BE877F75
BD4F9F3D
BB46BC77
3F59438A
3E98ED1B
3E5F60EF
3F5D25C0
BF3F291C
BF5635DD
BF2EF5EC
BEE28CCF
3C6AA874
3D515CAC
BF3585C6
3F20D3DF
BEBC1C48
3EF30623
BF1F4E62
3DC43883
3E3A102B
3EC6520B
3DF42F99
BF05220A
BF2495E0
BF1DA581
BBA74146
BEDB32B2
3F6ED14F
BF18AB52
3E422E7F
3EF8F55E
3C340F9F
BF52B31B
BF1C6B9C
BEEF7CC5
BF573D29
BE99A5ED
3F31868F
BF6196F4
3F241C70
BECDF549
3F1A4BBB
3E589217
BF397C28
BF20DAAB
BD0FACEA
3F4B9370
3ECD027D
3F1F177E
BE1D7FD8
3ED73CD9
BF34AFAC
BF01072B
3EBAA00F
3F22F701
3F57FE0D
BEE18560
BE3C14EE
3D1FF332
BEDE880D
3E0372BC
BF1B8F88
3F67D953
BEC03FFC
3DDE44AA
3F559219
BF26164A
BF5D5864
3E340396
BE0330CA
BF57E948
3EA6CC09
3F6A32F0
3F5C0290
BEE5AE47
BF2B4BC8
BF65E5FF
BF690CA3
3F02C3F0
BE5926C2
BF647880
BF570A1B
3CE715FB
BEFED8E1
3D6E2703
3F7C29A3
3D7A2C83
3F2C2C1A
3E5A1CDB
3ECB4C40
3ED29C9E
BE0A6ECA
3F2DD497
BE69F292
BF6B44F5
3F10CB00
3DFABBAE
BF7A2F30
3F3AA410
3E9555C8
3F49B06D
BE381514
3D05760F
BCC57CB8
BE298C1B
3F25C9D0
3E593F78
3F59D0BE
3E4D8EFE
3EE9F7D4
3E3A68F9
3F5FDBFC
BEF4C887
3E74BD97
3F72ABD4
BEE64745
3F2C06AD
BF610FBD
BF7BA245
BF17BCD1
BEF47914
3E391EA4
3E926F79
BF30BAA5
3F4CCFB7
3DA246CD
3F1C1A99
BF2F4242
BF3C67F6
BF060246
BEB2A4DB
BAD2BCFD
BE9A3722
BEC169C7
BF2D83E0
3E4AD3A9
BE6C13E8
3E9A5C80
BE6696E8
3F0BC23E
BF3DBD71
BF48CB50
3F5062AD
BEC66756
3DDB3CFE
BF14C513
3F28A8A9
BF277E1B
BF20992F
3B9EA60C
3F3EE2C2
BDDEAA58
3C94D37C
BF562466
3F369DF6
3F1DEB56
3E0D098A
BEB822EE
BF7CCCB3
3E6D148F
3F17C7B8
BE908BF4
BEF59F80
BD2859EB
BE5820F0
3F664BB8
BD776A9D
BF41F197
3F68142C
3E8ACD33
BF2576B3
3EE511F8
3EA869D2
3F36DBF7
3EF68295
BF4EF666
BF2C1900
BF0B6661
BE1C939E
3F721B7D
BF697FAB
BF50EAC2
3EED383D
3F72E519
BDF4EEEA
BE7E5F68
BF1D7C20
3F64F7F5
BEC4BC8E
3F73ABF8
BF1898BD
3F0EE0EF
3E5BEB26
BE2A8F5C
BED7CCD9
BEC5942A
BF429687
BE6C64A5
BF66941A
3F6F3A3E
3EDCFEEB
BE294010
3E146986
BE989911
3EAC381B
3F773982
3EAA6A2F
BEF11E88
BEA12748
3F2B364A
3E8DBD25
3E109003
BEC5565E
BF7FFB61
3C8179BC
BDA67E07
BED3DF40
3F26F087
BE9D867A
BF462A8B
BF7C472A
BEA8DACD
BF175186
3E819760
BDB04AE4
BE5493D2
3F7A128B
BD40315A
3F5F5857
BF617D65
BEAE28C2
3E876307
BF28F679
BE9166C8
BF000AF9
3E0B21A0
BECE36A3
BF6EF017
BC559C14
3F3AF6E6
3F314AB5
3E71DD67
BED396BA
BEB3A535
3EECE561
3F14FA95
BEC3C8D5
3F167D71
3E5C2BA6
BF209044
3F577529
3F691E7D
BF2CC855
3F719504
BEDA48E5
BF617FAE
3F2BCAE0
3F0FAF86
3F7804E3
BE96B0D7
3EFF5950
BF617C92
3DC2A5DF
3EF5A92C
3F35E36C
BE9F5E58
BF20346C
3DC41A75
BE5E88A7
3EE39B2D
3ED75E45
3F6C6556
3F7265CC
3EF13C86
3F2AA227
BAAEF04A
BEC48C0B
BF6D5270
BF7B666D
3EF4B32F
BEE92AB5
3EE61568
3F215E80
3F1E1842
3EB86DB8
BF7BD3C7
3F4D92CB
BEDEB8C1
3EE7C27D
3F1E5DFD
BECF1528
3F0D2FB7
BF573DAF
3C73848E
BE68FBCE
BF421F99
BF147CB5
3EFB0E58
3BF27F8E
BEA61265
BF262F23
3F79460F
3DAA78FD
3E64BC69
3F4BAFB0
BE5514FD
BF7CD986
3F2711A2
BF072A80
BE85FEAD
BF245A2A
3F25822F
3F7D82B8
3F6FFC8D
3F439BB5
BEE48C32
3E5E2D1B
BF76964F
3E130887
3F47E0EB
3F1AF284
BD860955
3EB58C21
BF1F4CAC
3EE41833
BF464F0F
3F252C1D
BE6773BD
3EFF1201
BE3B7DE8
3F2066CD
3E5373C9
BE08F088
BE3D59A8
3F62B7E9
3F6F2A1F
BD59159D
BED937DD
3F15D87C
3EE721FD
3F12846D
3F679B90
3EA00D74
BDAE984A
BE46F403
BDE07ACC
BF2D0644
3E97C67C
BF62EB66
BE955538
BED9B069
BF1D5F6C
3F492CF5
3E8BB722
BF39D876
BA885272
3F287452
3F5FCFC3
3F061FAE
BF256972
BE5FF552
BE92A1AA
3F49DE24
3E9B9ED6
3EEC24BF
3EAEF1D9
BD8C7FD5
BEFE1BB7
3EB263A4
BF332866
BF3F5E41
BF378BC6
BF0847C9
BF3DF729
3F55D290
3E442986
3ECF732A
BF1447C1
BF620BAE
3E328262
3EBA90A6
3B609FB8
3F654CC7
BEF1FE2E
BF30B1AD
BEC88C8D
BD87C55C
3D75E25D
BF58309D
BF5D240B
BF4384CC
BF784F21
BF5E0BE4
BE458658
BE26905F
BF769DC3
BD7252F2
3E4CAA04
3F1DEABA
BF2183E1
3E8A6F81
3F6A0608
BF5FBA42
3EACC348
BDFC353B
3F3DA4CA
3F2A725A
3E990C11
3F1F51BE
3F74241B
3F662277
BF620ED1
3DAD89AF
3ECA6E8C
3F05702C
BF6DAB1E
BF2D073D
BF62EE48
3F1930A5
BE66F205
BE4587E5
BF74A441
3E7E0CED
3F75FB9A
BE2D0E1F
BE0C9290
BE43704E
3E1323FE
3E3E3C6C
BF30FE87
BD942B6C
BE8B91BC
BEC03011
BD5DA0DE
BF30AFFF
BF2AE38D
3F1FFD46
BDA9B9D8
3F5DDEA8
BE0B0C0C
3EDB937E
BE92226A
3EF0A496
BF5C73DA
BEA8CC70
BE7F72AB
BF2D29B6
BF28920D
3F7C7C2B
BF7A5F7B
BF706D4E
3EDD557F
BF52AD54
BD4C6506
3F03B491
3DC028F1
BD4CEE22
BE1917C7
BF1951F9
BDFEE653
3E31550A
BF2FEE3E
3DB97D4D
BF6C1CC7
3D29ED57
3E139EB3
3F5885CB
BF6A16C0
3F3B3B1C
BE50248C
3EF27D09
3F60E23A
3E83ADE7
3F2FB4A9
3F3FE3C3
BDA5C546
3F71E429
3DF0AFA0
BE04B5F9
3F1F368F
BF1C1AE2
BE0E5170
BF4BE75B
BDD0BC71
BF2DC860
BE772199
BF52E427
BE9A9FCD
3F4AE157
BE8AFF4F
3F0F29C4
BF60CDE3
3F4C14D6
BD9BB3B5
BE94FA40
BF30169E
BECFCDF1
3D87B610
BE60287A
3E365E19
BEEC12A3
BE0409C1
3F4B7228
BE567ED8
3F0B21CB
BD93C38F
BD81C614
3EFED7B2
BF77A530
BF71F293
BC3C5F13
3E83FA25
3F0112D5
3F0B928D
BF25DBC2
3E8D91B8
BE62B5EC
3EBF03D1
3F7E9E53
BED85D75
3EAE6C6C
BD0CA617
3E16D278
BD142934
3F7C10D4
BE45B22C
3D8C8917
BF0846D4
3E683D9D
3F1B3533
3EA1713D
3F36A7D6
3F36BB4B
BF770ED3
BB670568
BF1D6B74
BF6FED77
BBF32D9D
BE5AB7DC
BF60CDCA
BE6081DD
BF60811E
3F60B417
3F22D2D6
3E968EB8
BF2E65A1
3F41B027
3F3FA14F
3F2A3F91
3F5F2483
3F317D35
BEC82115
3F3B1F27
BDBBE75B
3EEA9342
3D12ADA7
BD96C0F8
BF102EFD
BEB09571
BDA98D8D
BF152B70
BF46293F
BF0843DB
BEF5055C
3F713F62
3F29FA3D
BE61570C
BE623D24
BE3E18DC
BF6CF6C8
BF24CDED
BF411E50
BF110969
BE075AAE
BF7A1B59
3ED0D73F
BEEA7F8E
3F56ED93
3C9175CC
BE11156B
3DF1A4BA
BE7551F4
BF36EB57
3F7B3D85
3F45C5B6
3E208845
3F2D4DE6
BF64D798
BF6D5C92
BF5D85E9
BF30F8C6
BE54A8C5
3F7A953B
BF3E8BC3
BC8BC19F
3D57547C
3EB5FAD0
BE756FAC
BF228827
BED08B03
BF0835FA
BED4531F
3F320EA5
BF7ACD1A
3F19F4CD
3EE7ABFD
3F1027C9
3EAA5A2D
BEE0DF03
BEE03F3D
BF4111AB
3D72E86A
3C425207
BF40960A
3DDB4F42
3D302270
3EAFDD46
BF3E9A49
BE220C46
3E532E90
3F7B4356
BEB6F18F
3F56C292
BF4225B1
BF115528
BF2DFC42
BF6EB33D
BF0D03F6
3F3EF43F
BF6C673F
BEBB9A69
3F0B698A
BE8A66E7
3F735ABE
3DF741DB
BF4EED63
BEAF3178
BEE51215
BEAB6E6C
BE008D0F
3F2FCF0B
3D8A16C7
3EB08746
3F5699F5
BF29EC1F
BD3AACFF
BF6DF6A9
BC3D7A88
3DA0FC0B
3EF8B37D
BF4AE46F
3D8879F8
BD88CF86
3F1D31B5
BF6914E4
3EECD001
3ECCF15C
BE2DA02C
3F70B478
BE1C4335
BEF76C59
BED41675
3F6DFBAB
BF22058F
3E90B380
BDE05C5B
3EB901DB
BD5626CC
3E8061E7
3F3E6815
BF7B82A5
3DFD832B
BDC54C32
BDCD0051
BC7A6D14
BF33D60C
BE898CE2
BF659B13
3B838B76
3F776E19
3F50D2DD
BF7A4753
3F50C8DB
3D9F16E1
3E25D3CE
3F5AE6BA
3F24ECF0
3F69DF42
BEF77144
BF1DD97E
BF51F82F
3F3FB3FF
BF4B09DC
3C877FB8
3F2FBA0D
3ECAFD75
BF703F2E
3F3931A5
BEEFCD2E
BF664FC5
BEE49DF9
BEC92F17
3BF8CD06
BF46925C
BC4B8801
3F6561D8
3F37A76F
BF735D47
3F381811
3E612F0C
3F5A1D92
3F573020
3E69E374
3E4C4ACB
3F49AADA
3EB0B0FA
BEE762BD
BF637199
BF08C6BB
3F2AC481
3C8A08AD
BE27DE75
BDED64F6
3EF97CFA
BE8CCAED
BF38D341
BF22B800
BF737F43
BF773937
3EA4A5FD
BF49063C
3F310E0F
BF48E7AD
3F597874
3F5494BA
BE2A335D
BD8F12AD
3EE2F021
3F66E83F
3E1F3357
3F430C0A
BEEED85C
BF267684
BC918712
BE440CF0
BF42028D
BF2FC259
BF63F7DA
BF786CD1
BE6C38EA
BBFEA40E
3EFC72E3
3F36C1F5
BF7F0A5F
3F58D268
3EAEBB8C
3F7BB2F9
3F7E0D14
3F33AD64
BE53149A
3E9B32FA
3F029511
3F054DFC
3F4E8D74
BD537DDE
BD5FD486
3E1C67E9
BE0A581E
3F581D2C
BD16D2FC
BF2F2231
3EB681B8
3F17155C
BE1FEEC5
BF49E06B
3F561BBB
3EE544C5
3F6C9976
BE58BB90
BF0FF715
3E83979F
BF3ADEDB
3F63B3A1
3F77C64E
3EE650CB
BE946E4E
3E6946BC
BEC45658
BF7C6478
BF5A143A
3F1D5DA3
3F5FD557
BF610D99
BE7CA85F
3F471E76
BD9831E1
3F50980D
3F311C38
3F1CE023
BE3A70B4
3F2670C0
BEB9D012
3F6D937D
3EC72599
BD201E9C
BE987651
BF7756B1
3EC6D019
BF59A9F3
BEAF0C26
BF53C25C
3F209A54
BF40D9E5
3D96595B
BE85993E
BB88508E
BE57E9FC
BF55FC83
BF5730CB
3F2FB45F
BEAECFB5
BE799126
3EE44D93
3CCDB651
BF495E3D
BF48CC04
BDB17B21
3ED404CF
3F624F7E
3F084CCF
3E16FC50
3E106128
3EF40CB4
3DBE8636
BF3FFE3E
BEE5F72D
BF486598
3ED1A6FD
3F347004
3F43C2F0
BF7AA822
BED7A6A6
3E1E25DB
3F4BC3B2
3E2AA50B
BEACB04B
BF200C4D
BEDD36FD
BF37C92E
3F732EA0
3ED0A30A
BEAC5D3C
3CD56F4B
3E9CEC90
3EE72148
3D0BB424
3F720D10
BEACE688
BDA6A932
3EE9228D
BF7F886B
BF60AE6D
3F729CCD
3F0B28A0
3F0EF5F1
BF1D2198
3F2D691D
BE12FE29
3F0DECDB
3F4A31F4
3EE33B6A
3E6B7C8C
BF5FAE0D
3F6854F9
3F31756C
BE7AD33A
BF2395FE
3F38DF1A
3F293FAB
3F622942
3E9DBCC7
3F794EC5
3EFC58DD
3EEF7841
BC7CDD2B
3ED88EB0
BDC2DF94
3F2B44C6
3EF16864
BEB060FF
BEAFC5EF
BF18C314
3F33F37B
3ECF9449
3F3AFA24
3F53F08F
BEAA0C3F
3D47D949
3F5F0ACF
BEF670B4
3EDB9F81
3C1E7F87
3E2A7F61
BE6BB5F2
BF1217B3
BE79AC8D
3F4E4C00
BF347DE7
3E8578EE
BE9614FB
BF0D5525
3EFF6B42
3F02D0D8
BE7F2E6A
3F7B3529
3F661524
BF3BC5FC
3F2BA5E4
BF4D5567
BE1FB8B0
3F4949A4
BF2938BA
3F70CFA2
BF5B18BF
3DCCFDF0
BDD7D346
3E3F26E3
3F3CB9A2
3EA89674
3F77070E
3F2E512D
3E873FB4
BE92E494
BC7FA08D
3E773B94
BF7BFD04
3F0C5854
3CC9E992
3EE640E4
3F610E04
BE29E360
3D8C2624
3E50D5C4
3F5E277E
3F5CB632
3F25E4BB
BF05A3C3
BF3C4F50
BF05B817
BE50B04B
BEF38453
BEE54E33
BE851BC9
3F06EDBD
BF6A16C2
BF3D56C7
BEF4F266
BF2A2ADE
3F3E3596
3E1456D6
BD197505
BE30FC17
3F2DE2F7
3F0004F8
3EF09AB8
BE2246BB
BF19CA54
3E4E0ACE
3EA7265C
3F32296B
BEE10A94
BF0B26A0
BF09D261
BEFE652E
3EC198B0
BCA68F7F
BE2A253A
3F488E2A
3F33DAA8
BF580B50
BDC39DC2
BEDF4311
3F5074F0
3EDC45CE
BF2126F4
3EA93DC6
BE30196F
BF3102DE
BE09E827
3E1ADBCF
BF0D1EE6
3F14BD32
3E4FFE4A
3D6F3312
BE7556F0
BF106118
3ED5093B
3D7CDA40
BF514A44
BF271C21
3F65803D
BDFEEA9A
3F3A8EA1
3F7AD76F
3E7AABA9
BF335FF6
BF141326
3E078907
BEF13E7D
BEBDD4CB
3F368940
3E75C009
3F33094B
3F2E66D8
BF51881C
3F4B51D8
3DB7B57B
BF2E9D69
BF27F745
3CA4C6B9
BF73A9BF
BF3EBE75
3F10A184
BF1428E7
BE30043F
3F2B5CE0
3F3FC26A
3F45592E
3F56FFAE
3F49D07E
BEB695F9
BF020121
3F7B77AD
BEBE4804
BE6D6FE1
BD2DF9E1
BC818BDF
BE46557C
BEF054BB
BE4D5F60
3F564644
BED39D4F
BED559D9
BE483D6E
3F238D76
BF00D630
3F4F843C
BF104054
BF32D505
3F3E03B9
3D26A051
3F484EF0
3F3901F0
3F66E672
3F6514AE
3F1AB3A2
3F725194
3F586837
BE09E7E5
3F1E0285
BF2BDDD4
3D43FA0F
BF6E672D
BB81AC59
BF0F09FD
BF047A09
BF512556
BED703F7
3F2F7714
BF4922C4
3F4424D5
3F6F094A
BF32973F
3EF4D094
BF565EC8
3F591228
BF0E6D60
3F4ADA0F
BF3BABF5
3EC92C3B
3C98EA94
BEF37E25
BF0E130A
3D0FEC2E
3F7295B1
BEBC32F4
3F42BB09
3E07C5FD
BF72898C
3EFB4908
BF3E46CA
3F3B0A90
3E420ABF
3E95A716
3D89E9DE
BEB9DED6
3EDC6DD9
3E1F8D4B
3EA761B0
3F1E4E97
BF36F1AF
3F496577
BEEEF8A3
BEE83E7F
3F5665FE
BF1B4B8C
BF64C9CB
BF48301F
BF7F7684
3E89A62E
3EC33D09
BE046AB9
3CA8E85C
3E9A4248
BE45A12A
3F1A5F12
BF3B402C
3E3761A8
BE8582A9
3D990C2F
3EAD6871
3DBE0E44
BEC938AC
BEF93932
BF4443D4
3F10FA7A
BF076B4D
3F0AC4A2
3F322D8B
3F21A209
BE5032D0
BCCCC781
3E8281C3
BF2F30B5
BF24AFA9
BF01A170
BF712F5C
BEB01F6C
BEB38118
3F0BBBCB
3D3D3E32
BF39C905
BE779FFA
3F4095D0
3F69DE2A
3F074D41
3C22DDD3
3F09EB32
3F13267A
BF7A0AFB
3F302CF1
BD84B3AD
BEAA4F0A
BE6B662D
3F1322D9
3F13845F
BF62ADE8
BED7456C
BE88DF9E
3E4D19DA
3DC5FEBE
3F6199F2
BEF56C59
BE975013
3F77E1CE
BE8157CA
BF3D750A
3F573F25
BEAB4FD2
BE8269CE
BF2E8C83
BF440AF9
3F4A1735
BF26FD1A
3E92D94C
BE612379
3EC4E095
3E341170
BF5EF324
3F23A7A8
BEAF76AC
BF376FBD
BF1533D4
3F184186
BE737F2E
3E6A688E
BD6C4E16
BDF8DDF0
3E804D43
3F6095D5
BE75615F
BF0D861A
3F281D78
3F0F8FD7
3E6053B6
BE88952D
3F2FBA2A
3F2F35CF
3EA7C3D3
3D21F5A0
BED244ED
3F20DC12
3F3F786D
BF695F7A
3F6F20CB
3F38638A
BEA7FA45
BF05FF75
BEB51A2A
BF112F29
3ECDC992
3D6EC029
3F22766F
BF52C137
3C89E1F9
BF4B9980
3F499477
BE964D79
BEDEB0F1
3D7EF4D1
3F332DA7
3F7BFEFE
BF79E527
BF0EB2BE
BD0969A7
BF5940E9
3E961E7B
BED09E6A
3E8B105F
3F39C44D
3F6588A7
BE92A9AA
3E406902
3DDA94B7
BF578AE2
BE6165B2
BF44043F
BED7515E
BF46CF3B
BF396B6F
3F6C07BE
3F723DBD
3F2E0F35
BEA60ADF
3F103CA3
3F716074
3EC47979
3F04FF3D
BD9275A0
3EE77048
3F7913CF
BE6A90D3
BE243DFE
BF5ECDFF
BF5F62D5
3E7BF68F
3F70845B
BF08EA58
BF02CF20
3E323103
3F475022
3D8656AC
3EFFBB71
BEB0607E
BF5DD7F1
BE9F4639
3E7AD056
3F337D14
3ECA4998
BF5B0B8E
BEE546BA
3F79B48D
BF25E045
BE70F558
3F531EAA
3DF1A5CD
BE505BC7
3F6D2EE4
BE80F1B4
3F23537A
3F546094
3E866A34
BF1A114A
3EB585E6
BF4B1193
3EE74936
3F2B900F
BF446F32
3F4A4A06
BEF9E77D
3F774598
BF2B296F
BE99E124
BE4DF854
BF3133C7
BE72DA29
BF655611
BF46C57F
BF6D7D37
BDD687C8
BF5B72F4
3E5B6014
BF649C0C
BCEBD9D0
3F005A2C
3F5918C4
BF1FEAAD
BF4F9780
3E34DEDB
BF573A13
BECE1340
3F3CD860
3F66D3C8
BF3D05D4
3E3580DA
3F3C5A94
3EB3CDCF
BF4BE87B
3EFDFA0D
BEC85D1E
3E3F2139
3F1CA1D7
BF7C2C4A
3E34BEBF
3E98FABE
BF270E01
BF75864C
BF71CDC7
3F271F03
3F0AD429
BD2E6BFE
3E312120
3F0A2B59
BEEA0873
3E47B652
3E073A45
BE56F80C
3F575583
3E471645
3E62F7C9
3E36B6E5
3EE0B044
BF538CA2
BF708D90
3EAE0698
BF3D1C14
3D63A26F
3F05D58F
BF1BE55F
BEE4AE30
3E079A46
3EB0F6F0
BF12CFE2
BF5D0630
BF4A432D
BF08D314
3EA66369
BF2E928F
BE144311
BE52506A
3E066E1F
3EC40D41
3E9C72CD
BE4F5FC5
BEFF86D5
3F091F67
3F54EFBC
BEA780F5
BF175BC9
3F3DDE9D
3F1B73E7
BEA56DAB
3E7706F2
3F3FCA7E
3F2CC16C
3F2885BE
BE8CD51F
3F79D44A
3F0AD138
3E570A90
BF288960
BF56BA10
3E91B9F0
BF42CD9E
BE8AE2FB
BE5056DA
3F08DCAB
BF1FC5EB
BF199879
3E8394C8
3F34B270
BEFB0318
BF43DBD2
3F31D5D3
BEE5B968
BF587D36
BF48CCC8
BF489BC9
BF3BC823
3EC2FC49
3F7F6756
BEFBEAA3
3D490F3D
3F50A186
BCC65337
BF391B7A
BF6EC99A
BE905085
3DEF4555
3F566039
3E6850E4
3F2E20A8
3ED772BE
3F6B1E30
BF3A6ADB
BF770392
BEAC347F
3E284F88
BD17D709
BF178FFD
BD4C960A
3F1B1054
3F6B3878
BE119883
BEA48064
BE5B46CF
BF21AA4D
BF196A43
BCEA33B1
BC52E269
BE2DED0E
BF198A56
BF4FCB49
BD4975E3
3AC9BEF2
BF33C69E
BED40EC5
BF3D0C31
3EC3B5B4
BDDBF427
BF7C83FA
BDED0F74
BDEB0A2B
3F34E945
BF7CBE6D
3F51DEF1
3ED9770B
BEF2469F
BE250CB8
BE22ACF6
BF7127B4
3EE3A4D2
3EF61E8C
3E943CE1
3F1663B9
3F101E2F
3D0A8DB8
3E6141F6
BEC431FE
BF1C5E5F
BF040850
BE26D562
3CFA6E0E
3F757BDA
3F0BF59A
3F5AE4C6
3F216FB3
3EB767A8
BF33F051
3F652ACF
BF3D1462
3EE22F70
BE2CB364
3F4590FB
3F7A0FEB
3F687178
BF2AF397
3F221F7B
3F713942
BF4E28AF
BF67EFD3
3C8EFBD2
3F203445
BF68EE0C
3E696A6A
3E571415
3E8085B9
BF5CB676
BF1BB070
3F4C7961
BF037E80
BE1E932D
BF01174F
3F1C42EC
3F290BE1
3F2D6687
3F10EDA1
3F1764A0
BF52855D
3DE1C222
3ED3276E
BF41B5E9
BDF64217
BF0B8BC9
3F7429D2
3E78DF37
3EDBE098
BDE86478
3E57AF77
BEAA7C86
3F1806E9
BE665219
BF6487E5
3F480DEF
BF2E45BB
BECB25B8
BE61706C
BECF5D17
3F404D62
BF47296B
BF516541
3EEB99E2
3F527D63
3EBC2689
3F3F678B
3F023ACE
BDEF1A5A
3EC37B99
BE79B04C
3F5ACBAF
3EE226C9
BF266401
BF3A41AE
3EB68831
BF6E75C0
3ECEF11C
BF3B50AF
3F53C3DB
3E49F621
3F11D35B
3F554430
3E138A82
BF72A250
BF379E30
BF2CCF01
BECFEE80
3EED3AB0
BF419D16
3CE483C5
3DA1D4A2
3F673B6C
3EE04A12
BF21AEEA
3D6B68A1
BED22662
3E870ADB
3F7D9866
3E485EA2
3E4DED4A
BEA5AAF0
BE6441C3
3F1F9DAC
3F07720B
BE6015DB
BE2FE4CB
BF58D2F9
BEF71B1D
BF583424
BF541113
BF75AF11
BF2BCBA0
3F19A582
BEA07985
3CD5A803
3F620B0F
3D9D66C7
BEB324F6
3F7A86ED
BEE93130
3E7E1DD1
BDED73C6
BF605AE9
3F41D4D0
3B9F58BC
BEE9344D
3EBF5394
BECDF45E
BF7D90DB
3F7B512D
BF2C0033
BE844CF0
BEBB5246
BED4BE0B
3F431729
BF6FCA89
3F32ED27
3D9A824D
BF5A4E6A
BE927B2F
BF6DCA36
3F51BF68
BE56833C
3F465D0E
BF59A7A9
BF6EEF44
BF70C811
3EF2DC5C
BF4B64A9
3F463992
3F570715
3F7E1AF6
BF441C02
3E5A34AF
3E9274B3
3F48BD1B
BEA80F4B
BEBB552E
3EDD4D8A
3DE58D92
BE4B53A8
BE38BE2B
BF344C5A
3F286873
BE5E1717
3F4BABED
BEEA2422
BE8721BB
BB0DF547
BF67F868
3F603ECF
3F415B9B
3F3753B8
3EF3BB17
3F56A0D9
3EE2AB8E
3E91B3E9
3F020535
BD969646
BF797B6D
3F11C26F
BF334B9C
BE7E2D94
BF65E797
BE39B211
3EDC787B
3DACE5DF
BE7BC046
3F321BFC
BF370DF0
BF68B471
3F2596FA
BF22CA79
BF450A3D
3E2ABA9C
3D638511
BE9EE59A
3EF6F5FE
3E157B97
3EECEB97
3EA88D49
BEA3B5B4
BEEC3F44
3DBF8956
3F761F57
BECC56BA
BF59773E
3F5B0211
BF58C330
BF38D99F
3F5A14E1
3F78433E
BEE815B8
BF1A0092
3F12C098
3F22B3C6
BE0C4B90
3EFEE502
3F2A6C8F
3E3DAE9F
BF661D88
BE259F50
BF40FF3E
BED1E150
3F47834C
3E32A4D5
BE873CD3
BF75E2E7
BF7C5A66
3F41841B
3F7AF178
3D5535E5
3ED3E3D0
BF3D7109
BE62F8E9
3E673014
3E590370
BEF5F9B6
3D3BE9E1
BF72EEB7
BF45C3FC
BF023EF2
BEDAB3F1
BEC722BA
BE5E1371
BE7A8564
BF7F13FA
BDD4BC70
3F06C090
BF3F45E9
BF51EE31
3F052EF6
BE038EDC
BEC61821
BF6EA414
3F0AC8F5
BF098961
3E58B8A7
BF3187E5
BF4069F3
3E3AB350
3F47A197
BF3A155E
3C5C6856
3F2CBE14
BF5693C3
BF379E3A
3E2C6FCD
BF3A1A79
3E357F58
BF3A9E4C
3F1FAFA8
BF7EB5A7
3D8AF447
3F45CCD7
BF347D79
BF72F7AF
BF399324
3F460034
3F4EE64B
BD8C8CD5
BF6F47E8
3DD7A02B
BF43139D
3DABA9FA
BF63F1CC
3F65CE16
BF1A979C
3F495F57
BED5C5E0
3CADEFF8
BF25BCD6
BEAA42A2
3F28BA74
BDE6DDDF
BEC2A004
BEBE304A
3E2A697E
3F15BBFB
3F32B33B
BE17C0ED
3F4B660E
BF7BD1DE
BF4A7CD8
BF311D76
BF098077
3F1AC9AE
BE164E66
3EB2EA0F
BF0FFC68
BF3360BC
BE475B6C
BF05920F
BE29D887
BF047169
3F19C660
BE32DC7F
BF58419B
3F2E2ED3
BF4D4D86
3F3982D8
3EE51CFE
BE061027
3E8D91C2
3EAD8C53
BE8634F4
BE999402
3EDBDC30
BF271CA6
3F0BF826
3ECF1972
3F039815
BF087F97
BEC9535D
3E67D3BA
3F51767F
BF58E4DF
3E6B4A03
BF5D4A8D
3E9763B9
3F6DB545
3DAA9395
BE7FC0EC
BEA1CE71
3E766B05
BF79A3E7
3F6D5F9B
3F4FFA2F
BE5629A3
BE3B21C9
BF2D7B86
3F0B0DA1
BE8A351F
3F388E36
3DB5CB05
BDED68E8
BF63E9F5
3E9FBA93
BE7431FB
BDF15B02
3F6CCEAC
3F4111D8
3D03AEDF
3EAD6B8F
3F0FF008
BEF13FD2
3F790121
3F4F9485
BF62214F
BF7320B0
BF0F1A89
3F73C081
BEC970FE
3EA86D16
BF1B4F83
BF3A560A
BEECA175
BF4A2488
3F4BA804
3F2310B9
BF418F13
3F49B63C
BDFEBA32
3EA83DCD
3F694C4F
BDBD5697
3F797896
BD75730C
3F210E7D
BE2584E6
3E801E2F
BF39D3C1
BE85B5FC
3F0B3BBB
BE2DAD06
3DFD3417
BF22614C
BE6B212F
3E117F82
BEDC9442
3F4BAE55
3E81112C
3DFEEE3C
3F6770D3
BE7F536D
BE5C9CA3
3F090D90
3F6378F6
3EF2A864
3F5E79F4
BF7365AE
BF5D11C3
3F0A916E
3F77BDAB
3F00A37D
3EC4B269
BF4F08C1
BF6A746D
3F6CD621
BE1F0040
BEEA0E07
3D99CEF9
BF44D4F1
3F5214D9
3F565C5B
3F16B444
3E947910
3F775D72
BE5735C5
BEBF0606
BE306AC0
3F60BA94
3E66E5DD
BD295BB3
BE30E22A
BEF0D07E
BF4C57DF
BE7B99E1
BF0ADB28
BF5C07FC
BF411AD1
BF77A140
3E51068E
BF1C7622
BEB0AC65
BE174F5F
3E86374C
BEF53A7D
BE687732
3D9904A0
3E670837
BF01DB44
BE2D1E79
3ED936F5
BE0EE472
BD596D05
3F4502F9
3F2B6A9E
3E586169
3EE8E851
3E4ECD5A
3F691A05
BF371D0D
3CB08677
BF59AE05
BF4D37A7
BD89338B
3EFF2417
3EB02299
3D98E32E
3EE69A2D
BD3A7D8F
BF60D922
BF41E3A7
3CCC94A8
3E92377F
BF55F59C
3F53D78F
3EE7AFAD
3EF9A80C
BDD40D21
3EFC37AD
3F45F418
3D4D1BCE
BEBE4930
3F554212
BD5F0B4D
BF1E8CB3
BF68D671
3EDBBD2C
3F45684F
3E15C681
BF6AB70E
3F58CD85
BF72C630
BF324A4E
3F0B1E03
3F13CF0B
3E4FDB77
3DF5E5A3
3C899C65
BF598481
3E9D3403
3E7BCD0C
3F33C5DA
BF47F39C
3F4BB4AA
BF473182
BF1DD29C
3F3687D1
BF631F11
BD7D3D93
3F629879
BE6BC4F7
3E7E7A72
3EA8042F
3F028C4C
3F721002
3F0031DF
BF417FE3
3E8F983D
BE9A24E9
3F4E35DD
3F2C17E8
BE83B65B
BF3B457F
BE05EF53
3F7F2707
3F4B7F8C
BF036685
3EACD969
3F5D891E
3F5E8777
BE5D464D
BF45C276
3E2B79A0
BDF0D57E
BEEFC41E
3F19DD9A
3F556C45
3E5155B2
BE8C049F
BF52CA07
3E834548
3F468130
3D7B383B
3F25362C
BF395059
3F0776EF
3F63AD22
3E84B4FE
3F18259E
3DBE1922
BF67AC93
3EE52B69
3E88B614
BF17572A
3F7B3F72
BD914ED6
3CE550DF
BF345D67
3F3836F3
3F42F618
BF59C3EB
BF533F5A
BF1C8A0F
3EC867A6
3F3E6418
3EE25D73
BF360F96
3F112D90
3F37DE1B
3F5AF448
BF789F0B
BE9C7D43
3F1213EF
3EE5247B
3F5D2912
BDC0B312
BF22161C
BEB3208E
BF7F62AC
BF2E2E30
3F48187C
3DDCCAE6
BD8ABA75
3F1A495B
3F5008DB
3F6D80AC
BD00E702
BEF6117A
3F19BEF6
3F6708DC
3EFBE61D
3EF0331D
BF156689
BE142CB0
3F789432
BE426096
BF0A1F9B
3F7A6D20
3F7374DB
BF4FCA2D
3F5DB859
BF7E9A38
3DF9D93F
BF292602
BEF85ABE
3F20BBC7
BDC55A98
BF58F09B
BF74A8EC
BE907AA2
3F57C8A6
3E0032BC
BE21E958
3F71A5F8
BE670AA5
3EBBAC16
3E892A8F
3E99785F
3EAF8AF0
3E9BA8BB
3C450E99
3F665095
BCE5D9D5
3F2D8177
BE4E8C73
BF4E0B56
3EF6E4DC
3F0EEE27
3F11A918
3E431BD0
3E5B3028
BDFB5425
3EBA7883
BE9CDB49
BE1FDE4D
3F0ADA2D
BE8D790A
3E855257
3F45AD04
3CDF395B
BEDD1029
3E8979A2
BF72AB6A
3F353DA2
3F6EE1DB
3EAF4A9A
3D9FADF0
BE9119F0
3F443FBC
3EF0AC02
3B46F4F8
BF2498B9
3F77FF35
BF12E1B7
BF376B03
BF4E31FD
BE57899F
3EDB32C0
BF3CDE9E
3E8D116C
BD3C174E
BE5D461D
3F73EE3E
3E9D341F
BF1C1758
BF599872
3EECA4A3
BD725A9E
3EE7F9D4
3F3DF40B
3F31B5CD
3F755B93
BDDB79F3
BF06D282
BF79BBF0
3F709C61
3E5FA570
3EF93644
3EE122B1
BF379E8E
BE6D853E
3F62EE17
BF3D2A52
BEC6D7D1
3EFB8561
3E8339A1
3EFC9844
3F422590
3F5CC980
BEB4F5D2
BE457A90
3DAF0E03
3F23C911
BE77B15B
BECDBC37
3E8259D5
BF2170A0
3F36EC40
3F415FCB
3ED782E3
3EEFD7FD
3EA5D122
3E5B3F38
BF4075C2
3D5967DF
3EE96FD5
3F7A4BB4
3E6F29D2
BC04269E
BE864C17
BDAE95B9
BF065BE9
BDCA9CD2
BF3D00E2
BF3498D1
3E721C72
3F39A37D
3F35E19D
BEC5E4D4
3F64AAAE
3F07162D
3D15C6C8
3EE56924
3F059C97
3E706B68
3F19B8AB
BE64D518
BEC89484
3E944226
3F184A9F
3F5A9391
3CF32606
3ECBDEE3
3DCC2920
BF45DB6D
3F108423
BF13E6DD
3F353EE0
3F1D7D8B
3ED3699E
3F6F0EAA
3E1F25C6
BF775E33
3F37E2D5
BE8D3C4D
3D9BC59C
BE0938CA
3E2806D2
3F4A9EF6
BF50791A
BF06C026
3F3468D7
3DF0B94A
3F2BBE14
BF262AF0
3E997AAA
3F3E190E
3E76768C
3F228923
3E47BB83
3F539458
3E22F380
BDBFB678
3E692033
BF21A16C
BEBD49F8
3E6539CC
BF7C2110
BF76626F
3EA4EABF
3F2FC16C
BF1B70D8
BEC5D534
BF35DDF7
3F791B7A
BF46FB7F
BF48F923
3EB79BD7
3E4FCE73
3F5BE9F8
3F091E7B
BF5B1F70
BF1FDD21
3F602CBB
3D3C5E7D
BF6C26AB
3F4E6064
3F341C03
3D904FF0
3F57DAD0
3F6B9CDB
BD80F3C6
3F716676
BEC1ACAA
BEBE3C4A
BD2DFCC6
3DCA4D06
BEF68F95
3E65C78A
3F22FF46
3EF01444
BEAC9F31
3F16A6C2
BED0913B
BCBB007B
3F03EF06
BF38D140
3EB69D53
3EA8BF5A
3F79F4F2
3EFCB162
BD33BD14
BE1D9397
BEE04F33
BEF98809
BE7D9712
3EFDED2F
3EB92537
BF6CB837
3F785570
3EBB3D1B
3F5DC5FD
3F160A0F
BF56FC4F
BCBE498C
3F6D997C
3F517E18
3EE7ABD7
BF77DAAB
BF7B532E
3EDDB613
3F65EA28
BBB6D754
3E3886AE
BF67482C
3F4A9017
3F4B1226
3E295EC8
BE4CC695
BF2C6B8A
3F553372
3E5D8616
3E308EE8
3E5FC4AD
BD484DD8
3B6D01D9
3F2B8913
BEA4D4E8
BF1368F2
BDD3AA51
BF784F12
3F56B1D3
BF11131D
BF6D69C0
3F7CE7F3
BF221CBE
BF11857A
3E289B5B
BF5FE3AF
BF533E87
BF53519C
BF0D5365
BE75C2E8
BE7976F8
BF7B2241
BF240393
BE4D77AC
3EEF8C0D
3EBC8CD5
3E461FAD
BF4E9451
3EB415A1
BF4C6D74
BF48DCD8
3F3E329B
BF0DE817
BF0B4E86
BE83A8A6
3EE2B64B
BF38E709
3F7DBD18
3F708A40
BED58490
3EBBF707
BF5AACFD
BF6A3FB6
BD164CF3
BF51A8A0
3E853FA2
BEA84EEB
BF3C88DA
BF1C0692
BF45B948
3E31D561
BF346719
3F594AE6
3E73A0E9
BF3F9567
