3E8FC231BF7C3BE0BF49832CBF49523EBE881491BF055224BE9D8D6CBF0031D4BE674AD3BE21B6A33E8F706C3F133A25BEEB86953F301E753EF63D583F26F6D6BF22B7B3BF5E7F263E61FF513ECE63DCBF46DA0BBF4EF0313E485D133F1FDCF43F211064BF5235513EECD4533F4EC64ABDC3A89ABF5BCED3BF0477313EED6E09BF6B44AFBE1A93CF3DA4B8933F685C1FBF150A4EBF44701F3E95BAB7BF487E573F778CE9BF00D90D3E59D1073F2225E23F28FCDEBCB3945F3F057E2D3F548907
3F4D4C97BF124F763DC0C3253F11C571BF1C72383EFCD083BD483A1E3E2A837ABEF532E2BF549227BECEB6433F5591FBBD7183D5BEEC10B33F06A4113F0B5A24BF7518373F428D8D3F18A9C3BEB40E073EAD19FBBED098573F5C22ADBEDF45C4BF2988903EFB0CF4BD3B50BE3E9D20913F6EE30ABEBF75B9BF58DCED3F15345EBE89D8C83E2E4897BF2221B1BF589E15BF31531D3F275C4ABECBD1FFBE6DCDF83E9A5DEF3F227E643F08540CBE80D81FBF1ECA583E96048EBF7E2772BEDE52A2
3E8DED503E3C9199BEB2E7633F7A57D2BF40E73B3EF189BDBF2FCFE5BE05D7943F2A1BC8BE8F73DEBF58F7543DE92AC3BEE77ED6BF3C63543ECC7252BCE6EF1ABF227304BF4C2D9CBF18C9F0BF3B0292BEB4709E3F66ADD73D839B56BF012F57BE00754F3EAD25593DC35C943E5F57F63F39ECCDBE7455AF3EFEEE39BF2FC570BF623D98BEA423DC3F2264F2BE7AC84A3F71F9463E57B146BEA5A56B3F5B20AF3F4BFE523F338FCCBEF90B8ABEDBA7113F0F55343ECE3A8DBC755FC63F6F7226
BD4348F83F7D6442BC9A5C203BE252613F099C99BE6533F7BDBF7338BF3BFA913F045AF13E059AF13E9834313F189B11BF0F21683F373D763F4F38A1BED4F8BD3EE74A67BEA46852BEE8C641BF28D1C53EA7F4653D92D9303F288108BEEE38A2BF25CEE9BE0CEE2ABD476F163F12087ABF3D1B3CBF65B4B43E82910FBF711B70BF3A44B33EC739953D0071283DAE6AE73F1DF18D3F165E043B74B90CBEE4BA91BF42BB473F45F0243F70C9B83F6292CF3E8D7176BF519E2BBF59BFDCBF2295CA
BF6FC6A33EE655B4BF3630D13E8B30663F1466E63E07AFB8BE7B0E693F24A6EFBEC7CD52BEB8F6423F11E8E23BF4DF03BEF4BD463EEE0E10BF2C91D23F57972CBF0E38BABF55313DBF5A43CA3F0A02AD3F22A6903EF6321D3F04392F3F6C21C0BD8985FB3F12F134BE1E94A03F633093BF7F53B83F7668BF3E0FC1F8BE9D36D33DEB8852BECD053DBF2E8E023EA938F23EBC9FA83F15B6AEBE9B0232BEFFEC69BE9EB76FBEAF7AF03F5ADF623F031BEDBED8D7F93E5974D63F0835003F313AE1
3F4DD07B3E44021CBF5CE8D5BF105C9E3F3D231CBE2FAE8D3EA514033F1124EDBF0115163DDEED0DBF0A73C8BF7C75EE3F0884F6BF74D246BE5AEC96BEFD661DBF1770E13EA62C973F545913BF7C77453EFC565D3F196E733F50CB063F72FB5BBF42A1413D1B667A3F24D9E23E8C4FB43F6866F13F64D3893F6EE6E2BF5D8510BDFFDB84BEB775BCBF3B5D87BF3B17A83F1CA52C3D4ADE6D3F6375A63F7A07B6BE388966BE83E753BF0BD9C8BDDD0EA4BEEF63A6BDA78A8ABE0968EEBEF62546
BF3B89C6BE256B923C60CE24BEB3E4443EBD1F10BDE916C7BE03C3133F16072E3F21909B3F0114E93F14195B3B2620AB3DE206713E85E342BF4DD45DBF0236BB3E6D014EBEC7B8943F08AFFABEEE5B7FBF6BC5D4BED0521C3DE6DEF63F702A873EC1A9E93EDF1C4D3DF1C8853D889E6C3F405EE5BE5AEF20BDABC201BF1560E23F03B94F3DBF4024BE9208D43ECDD25DBF4813FDBF7C9D843E4746503EA2FF0D3E23DA693F51E52D3E8B45323D5165D4BEF6255EBF65CCEF3EED8456BF2BE200
BEE0DF9BBEF658A73DC0E7B13DA909203F1383923F3D3CF03F1338833F7058D9BF2399AF3F5C7778BF68E1DABF04CA10BF7B775A3EAFB6373F4F43AE3E144F01BF3067613B9B26F23E0AB789BF1F9AD8BEB405D83EDD38E53DD8CBC6BF3726D9BE7503F3BE53D3813E1D2AC0BF7611023E1EE24C3F5D48CEBF4947F93EEDB8AB3F70E85D3E5EFF623EE0F006BEC9FB4BBDA7D822BF6768CBBE6ACC84BE8D9A39BED983913F22282CBDCAA30D3F1CFEF03F14918CBEDE404BBF5D0692BF63E01F
