-4.1689,0,0,0,0,0,0,0
0.17331,3.9163,0,0,0,0,0,0
0.25143,0.37751,3.8799,0,0,0,0,0
0.18929,-0.060057,0.18774,-3.9101,0,0,0,0
-0.26802,-0.67824,-0.27099,-0.38664,-3.8291,0,0,0
1.368,0.22492,0.34962,0.55848,-0.19642,4.0232,0,0
-0.24459,-0.65945,-0.72466,0.12873,0.35521,0.53194,3.2193,0
0.70657,0.45856,-0.42388,0.0091194,0.58053,-0.054161,0.22489,-3.8587
