4060665900000000000000000000000000000000000000000000000000000000
3EC5386E40597E9F000000000000000000000000000000000000000000000000
BE31107CBF1F5A4CC01B48470000000000000000000000000000000000000000
3F1D38C4BFA30E60BEC4B69E4053952600000000000000000000000000000000
3F4B775D3ED3BB14BE012CB9BD439210C0451DCF000000000000000000000000
BDADA380BE9411343F3B32A8BED5BBD0BE893C52C038734F0000000000000000
BED25E72BE94B0E43E403FF83E2229003EF1B4DEBF0D681EC04E0F2000000000
3CC15A88BF4BD47A3FC551F0BEB4F7F03EF070E33EBB55D53E0CD04AC031EE99
