3.5062,0,0,0,0,0,0,0
0.3852,3.3984,0,0,0,0,0,0
-0.17291,-0.62247,-2.4263,0,0,0,0,0
0.61415,-1.2739,-0.38421,3.306,0,0,0,0
0.79479,0.41354,-0.12615,-0.047747,-3.0799,0,0,0
-0.084785,-0.28919,0.73124,-0.41745,-0.26804,-2.882,0,0
-0.41088,-0.29041,0.18774,0.15836,0.47208,-0.55237,-3.2197,0
0.023603,-0.79621,1.5416,-0.35345,0.46961,0.36589,0.13751,-2.7802
