BF4BBA5D
BF351F19
3EAFAEAD
3E8F35AC
BE82A048
BF2C9BEA
BE6243F7
3F199687
BE4D38F6
3F029EF8
BED1B45D
3E8F5DB6
3F452E13
BF14A9A1
BD20EB6E
BF46267F
BF3C3A0C
BF5F3B19
BF576655
3E820046
BE35968A
3E8DEA74
3F368EA2
3F06F34F
3F73CB48
3F1025A6
3F5F04C3
3EF4E44E
BEFC4B1A
3EE08326
3EC6282C
3F0BF076
3EFD267A
BEB9F9A2
3CAAE69B
3F0BCF5F
3E15204E
3F685F12
BF2827AD
3F50811E
3F0122E7
BEDAF4E1
3E8277DB
BD9841BF
BF3DBA24
3DCA4792
3F706387
BDECFE18
3E3A4B4C
BF472EE8
BF19ACF6
BF2C8FF8
BF6D1E67
BEE8BADE
BF0A2BEE
BE90D9A9
BF3B376F
3F7F47CB
3CDD8693
BE65B0D6
BF00134D
BE8A7E57
BE4EBAEB
3F5A4418
BC1457CF
3E5F9D70
BF7D89BF
3E33AB23
3F0E0F8E
3EA0F4A1
3D67F437
3F26CBBD
3F6CC41E
BEBEBBDF
3F181B88
BEDBFAE0
BF785FB3
BF4FCB9A
BEAF633B
BEC7199F
BF76C5CE
BF2CF327
BDE56B4E
3F089615
3EB99B28
3EDBAF84
BDA4BCCE
3F56AA59
3F7A56CB
3F5D7DE5
BD9D99B2
3F4F51F5
BE688C09
3E52FA58
3DF71111
3F3111E9
BEDC5C17
3EA73CF7
3E516CBC
3EA037D3
BEC2A0A4
BEAC6591
BF1FA49A
BF4C7339
BEDA8EFB
BE94A86F
3D927ADC
3F7B4E76
BF7192A4
3ED68F90
3F4F70BE
3F3B4DFD
BF42FC3D
3F6919D5
BDF21203
3F4063A5
3F3ADAF1
BE945368
3E864B41
3F3AA633
BF754092
BF58AB04
BE7C7D25
BF339CE3
BF6E8ADA
3F108309
BEB0E6AB
3F228C42
BF271B67
3EB45835
3F404EB5
3F03A9E2
BF0A6E80
BE907115
BE8C1EB6
BEEE2365
BEA69A1B
BF5379E5
BDC66963
BDB9B236
BF712242
3E8C646F
BF618E9E
BF295F20
3EBD1CB0
3DDF81F9
BF7CE8DF
BED90035
BE7CB313
BF34FEDD
BF59D6BB
BDA0CC14
BE84B756
3F262C67
3D99BEFD
3F229178
BDA247B7
BF78D08F
BF7D72D7
BF2AE453
BE894754
3EDF7291
BF2E6006
BEE289BB
3E946ABF
BED9E728
BEB657C0
BF306D36
BE6610DE
3F4A9D89
3F468961
BE59E141
3EB3AB32
BEFDBB90
3F6664CA
3E7F595E
BF160AEB
BF47DB47
3E06DC29
BEE71525
BF5B903A
BF2EDFBC
BF66A547
3EB93997
3F10424C
3F1D5EF9
BEF095CA
3F4AB353
3E5D27CF
BF78A074
BE9FB6ED
3D89E409
3E82D431
BDDA29FD
3F1F493D
BF35D91B
3F731CD6
3F2AE299
BEA3BC85
3E6E0EBF
BEC8F425
BF5251EB
3D3056E3
3F268C9D
3F072164
3F6530FB
BEAA7295
BE61D0D8
BF32FD15
BEAA4963
3DDBDE55
3DCE0106
BF2DDD4B
BF440CD9
BE4FC4CA
3F29AB08
BF214786
3ACDFB4B
BF3F53B5
3F3AB095
3F0885C9
3E03CBC9
BE622974
BCA195A3
3F46184B
3F4F627D
BB5329B0
3D6F6D5B
3F51C44B
3E20F839
3F0D33B5
3EA544A2
BD789162
BF0F7A9E
3E521A92
BF21A8CE
BF1AE002
3F395709
BF3FAAE7
3E9512FE
BE005F4F
3E669D7C
3EF32E97
BEC9711D
BF6A0023
3F2BC7A5
BE85D414
3EA53622
3F4A9BCD
BEE75293
3F7EEC8D
3F2B305E
3F152B00
3EA05F15
3DB2E27B
BE68139E
3F24FB9B
3E433EBE
3F10334B
3F79B07B
3F139601
3F34B20C
BCEBB82B
3F3F5CF5
BEAA23FD
BF16E0B8
BC38E859
BF700561
3F27B7D5
BEF16680
3EB5C263
3F167563
3EBA3547
3E9A60A1
BF067B25
BD391C57
3F5F7259
BF048E15
BF14EF07
BEE8FD18
3F0D37F1
BEACA27C
3E5318D4
BF21C8CE
BF533898
BEC3ABB0
BF09CA4E
3F5180F7
3F5FAF4E
BF6FAD94
3E3FCA05
BF6990C0
BE19CC8A
3D30CB39
3F2E40F8
3E8007C8
BEFAABA0
3F4F33B1
3F08DBA0
3E0056C5
3F4B57B5
BE871631
BEA629D8
3E736A70
BF538271
BE7EFB26
BF200F97
3F1EFD5B
3EE49B2D
3EB2DDC1
3F53F55F
3F2454FD
3DC7937C
BF780AEF
BF4F8545
3CF1CCC3
3F67ABCE
3F2FA5B8
3F5EB9ED
3F726333
BE828871
BEB765CF
3F1105DE
BF1357AD
3F6B15FF
3F5C477C
BE897E36
BE9ECF49
3EC54E55
3EDDCD67
3F19C69F
3E3FD64F
BF4E3F14
3DF3BFE2
BF69F01D
3F03E84E
3EA37AA4
3E4BB154
BF0BC758
3EDAD7F0
3EE5E3F6
BE9F8553
BF6F3B49
3F2FEE6B
3F0A64C7
3C9E0CED
3ED3EE2F
3F1514BF
BEAD651A
3F53CD3A
3E1D177E
BED92E50
BEEEBAFA
3F47C56F
BE891CC5
BF33312F
3F64850C
3E9A7493
3F76E4D4
BF1CC1D4
3F2850F3
BC4B17D8
3E39EA19
BF69041A
3E0402A3
3E88BFD6
BB791161
BF617903
3CF86F01
BF64C3A2
3F2FF086
3E41E3CE
3EC39A71
3E96C29D
3E7CCE06
3F68601E
BF256799
BD4D939E
3F2F4F87
BBC700C4
3F0659EA
BF23E721
3EC43893
3F542F7F
BF2CB82B
BE134257
BF6A9264
BF0C6AFD
3EAA2352
3F3E20EB
BE9EFF88
BF720C15
3F4F8136
BD6D0EDE
3F522857
BEB02612
3EC3B0A6
BF77110F
3CCA4A71
BEAC3909
BEA7D223
3F681CEA
3F00423F
BEAA0FC4
3E88054F
BE2CF65F
3E1CABED
3F6B43A7
3E6D41D6
BF32E774
3F2D31D1
3EE797E8
BF484550
BF2D6355
BECFDC89
BE1C80CF
3D68C55B
BEE64CE0
3F27E9DC
3F15E7E2
BEE7AE9B
3E6CF130
BF4C018B
3EAE0AD6
BE9C4411
3EAD9041
BED19C4A
3EB8C21C
BE598D82
BE5D8E5A
BF1608E8
3EE5E8A7
3F237BFE
3F5A5A7E
3CE7578A
BF1D1C53
3E52BDB6
BF1A8820
BE378419
3F34C639
BE113D91
3F59EFEC
BE81F7EA
3ECB0119
3E35813F
BF4C5B46
BE336A40
3F59735B
BF638EE3
BE6D787B
BF04CAD2
BF0B5CAC
BE924F09
3F5923F9
3BA3BB4C
3F1B41F7
BE99524A
BDA93C87
3F66F624
BF3BE99A
BF5C00B0
3ED30703
3F5D0825
BF483E24
3E9B566B
BF353758
3EC69E38
3E80A0DC
BF699D16
3F188979
3F78F09C
BE018BEF
BE9EFA28
BF6702E2
BF0CB234
3E25EA1A
3E4F9DE0
BEFD6BD1
3E9E0BBD
BF613B26
3F618A04
BF509FD5
BEAA01B0
3E9AACC2
3C0025F8
3D7D56B8
BE778DFA
3F09AE3B
BEDEB55E
3E98DAF4
3F58287A
BEAD6459
3F207B18
3F1344F9
BF4058CE
BF2F6AE6
BE2E1563
3EBFD42B
3EA17D22
3EB84C05
BF7B31AB
BF3E26E3
3F071EBD
3F2F0F8C
3EFCE018
3F639894
3F56E4C8
BF0DC935
3CA0068E
3F1352AF
3D37ED14
3E706B30
3DEE8DCD
3EEC892C
BF5F89C2
BC6C5F00
BF0A4765
BEA682F4
3DD3827B
3EF988BD
BE339926
3C79A335
BF3DF755
BF120110
BED42477
BDCCF0A1
BF04F9BE
BEF26B0F
3F487D83
3E306A14
3F6099F6
3E71D3DD
BEFF4382
BF4B8036
3DBDE813
BDEAEC6F
3EC41A2F
3F04D540
BE4DFC44
3E0A1009
BF16BDB4
3F63162F
3CD1D2F6
BEE51F9C
BF0AAE38
3F67E63C
3EC1F789
3ED4DC98
3EA0B023
3F0ED4D2
3E24CD39
3BD3B0A6
3F41E912
BE5B3D6A
BF03C547
BEDF9D45
3F4F3E25
3ECF8A18
3F34C3B8
BE7874AF
3E8836D3
BF6FD7C8
3F570EA3
BD77D561
3D230C02
3F085A10
BEA7B6D6
3E81023E
BEB1409A
BEC16D35
3E959593
BE07CCAE
BF4B5274
BF071738
3F718D84
3ECBABC4
3EA346EE
BEB2138A
BF75D9E7
3E1053EF
BF6D6583
BEF0E747
BF1E6205
BDCFAB32
3F098D2C
3E8301B5
BEBDBF35
BED4F2A5
BF57F131
BF27F6FA
3EE29751
BF5233CB
3F55EB7B
BE100588
BF572E90
3E13C04B
3F29DE10
BE9C4B9D
3F0F4D9D
3ED556E1
3E3A3FFD
BE7BEABB
BE597244
BE12D2D0
BE1DA4C0
BF0FE928
BBD40822
BF6B9632
3E04BE83
BF66D6BC
3F3E9BA6
3F38552A
BEA59FB6
3F72B41F
3F68D845
3F7A2C88
BF2F3FA1
BF7E817C
BF00EE8E
BE9D661F
BF0887D4
3F03042B
BF0C5335
BDD32D2D
BEF6542A
BE9DE80B
3F4E501C
BF797F46
BF3C4D4B
BE653F68
3F2E65E1
BF12CEC2
3F5ED70B
3F7089AD
BE7F7871
3F783FF1
BF417DFC
3F059C38
3E228861
3E7820EC
BCA568AF
BF0F2122
BF363409
3E8A6B80
3F1AD63B
3EADB6F6
BD68A0EA
3F6392A3
3E3B5A52
BF0BE7B8
3EBC4185
BEB7A966
3EFEE481
3F7F0CA0
BEEBCB05
3F5D1E04
3EC919B0
BF4F3A2D
BF021D0B
3F5E8B6F
BD259B91
3F43DAAD
3F0F000F
BF76A37F
3F0AA149
3EBE41F0
3F3C3EDB
3E24E241
3E81219D
BF4717B7
BF1296AC
BF6D60F1
BDE324DB
BEB194C7
BED9CF8B
BBE885BE
BF22F789
3F5E19F8
3F615F71
3E3B50FF
BF7F9603
3F4E56DC
3EBB484A
BF5A3033
3F7E2611
BEBDFEFE
3F1E5210
BD9DE5F8
3E32773A
BD37899D
3DD6D99F
BF263CE9
3E32AD70
BF30BDDB
BDDF6D26
3D9A18EC
BD9C0EA0
3F2B106E
3F7E0A4C
3F71CA00
3EFBD4E9
BF199F3E
BF6D6641
BF1F6F4A
3E1ED125
3E8359D3
BE8A787D
3E8BD5DD
3F48579E
BEFC65B9
BEDAC49E
BF3FC90F
3D6A138B
3F243B7D
BECD07A9
3F134AA7
BE00FF8D
3DCF02BC
3F78E3FF
3EC255F2
3F70B5C5
BF4EDD91
3F4BD2BF
BF6213BF
BF40DC71
3E85DCF8
BE85035E
BEB8C20C
3F17653F
BECB0DE5
3E5C14E0
BD9BC2FE
BED46295
3F2A32D1
3E106FEA
BF5BE65C
BEEF4BFD
BF288318
3DF704EA
BF188798
BC7A0F0D
3EEADF4B
3F68F549
3F065525
BF57014F
3F6061CF
3F72EE3C
3E5B5CB6
3F6A3CC7
BEAD69F2
3F4D6C12
BF7FD014
BD08F857
BF347E31
BEBD72B7
BF28417A
3E3E45FE
3EA163FF
BE9AA986
BF64824B
BF67D998
BF63669B
BF5B62C8
BF77F960
3F72860E
3EF06E8D
3F0138B0
BF6EF185
