5.6119,0,0,0,0,0,0,0
0.4156,-5.774,0,0,0,0,0,0
-0.373,0.19236,-5.329,0,0,0,0,0
0.90121,-0.42798,-0.5388,5.573,0,0,0,0
0.36114,-0.787,1.1028,0.30135,-5.3094,0,0,0
0.41691,0.33039,-0.80049,1.04,-0.382,4.8942,0,0
0.83835,0.01473,-0.13859,-0.58079,-1.134,0.29998,5.6912,0
-0.60364,1.0875,0.20435,0.13538,-1.2066,0.57666,-0.40529,-5.6961
