40D383EA000000000000000000000000000000000000000000000000000000000000000000000000000000000000000000000000000000000000000000000000
BEA3228240D414240000000000000000000000000000000000000000000000000000000000000000000000000000000000000000000000000000000000000000
BF7E76DA3F2C552540C0332500000000000000000000000000000000000000000000000000000000000000000000000000000000000000000000000000000000
3ED86C6F3EA3C066BEA154F4C0CD1676000000000000000000000000000000000000000000000000000000000000000000000000000000000000000000000000
3DB0A7C23E4E27743E1284C0BF00396540BA902F0000000000000000000000000000000000000000000000000000000000000000000000000000000000000000
3DB2E5693F14763BBF5E86903F19D7D4BEBE045AC0C930A900000000000000000000000000000000000000000000000000000000000000000000000000000000
3D188760BF64ABB03EA6EF26BF490E77BEE34474BF36D23CC0C1A857000000000000000000000000000000000000000000000000000000000000000000000000
3EA81E02BF17DFAA3DF6D36CBF22AE9EBF41046E3F0268C13F04FBDA40C778C10000000000000000000000000000000000000000000000000000000000000000
BEE99F20BF5EFBF1BE8BF3403E8C6CCABF5730F03EC7E9B2BE99963EBF2BE46CC0C6D88A00000000000000000000000000000000000000000000000000000000
BF2D9617BF1C51CA3E200F923F4423DBBE83A690BF09DF27BE0788BA3F0F8E41BF29DCD540BFC6B6000000000000000000000000000000000000000000000000
BE291C3C3D8985C0BF34844CBF279E203E01E16F3F1FA7B4BEA7FA56BF5C25803E97D1063E7D8B1840CEC1990000000000000000000000000000000000000000
BE81060A3F1DEAC43DE159D0BF0062F2BF863B4FBF3137F2BF69A04E3F29E67F3F6845603F3451E43E7169DC40C3E80100000000000000000000000000000000
BD4B54903EE3AF71BECB03AA3FA6BF963F347014BF0B998E3F4AB4A0BF7210DA3E7C6BB5BE8A18A7BF18EA193F175182C0B7094D000000000000000000000000
BFF8A220BEB9F1E83FB52148BF1CE56DBF4B3CF43E53D67EBEB853B0BD285E083CB62C803E683742BEAC586C3E1003C43E0D55F840C2C2700000000000000000
BF0BC1FEBD34FDF0BD647C603EFC5D9ABEB6A5D03F863D84BEE86247BE8E4797BF2474A43DD56814BF879B4B3E7D518CBDBC8EF63F64AB3640CE64BC00000000
3F921480BE714309BEB708C33E994624BF6B8054BF0F841F3E552AC8BF88969EBEFBEE80BE99695E3F1EB1213F7A9708BDDD1B083F298F9F3EDFD85840BDED6F
