3F01DB83
3F7DEE5D
3F1D1FA7
BF16F344
3F3AA27F
BEB5D99F
BE0A50EC
BE8DFB99
BF0DA6EA
BEECCD58
3F20CD76
BD062846
BE51A1CD
BF6BB55C
BE9CE1F6
3E9E8165
BE0FAD98
3DC7138B
3E8E048D
3DC18B88
3F0A62AF
BEF68CDE
3E981355
BEA5E31A
3F79788C
3F185BE7
BF025BD8
BF4FFF0A
BF4C1375
BF19278F
BF2A4F59
3ED4558C
3F257981
3F483E2F
3F1D11F9
3E8FD09D
3CCA90A4
3F68F87D
3F446FDE
3EBC10A1
BF5CA45C
BF225D25
3F25DC46
BF03AFF6
3F326878
3E7D1529
3F46FBC2
3F4DEF29
BF71554F
3D9EFDF5
3EC1B4FC
3F1FFEFB
BF58FA08
3F40A57B
BF056F5E
3F0CFDC5
3EB82C72
3E6AF362
BF6BE925
BDFADE0B
BF782FAE
BF0E7244
3BB3B96C
BF0DAAEE
3EF9383B
3F726847
3DEB1A01
3EFA7F8C
3F7C5038
BF7CB3AE
BC522688
BF018CF5
3E6B1975
BF00D4DC
BF1FF951
BF7B0922
BF7E7835
BF35ABAB
BE21B937
BE9BB7FA
3DFF3BE3
BE447CAD
3F13D057
3F62741B
3F0DE855
BF0DEAC8
BEC51238
BD12C0E4
BF539625
3F083276
3EE61F63
3F12408D
BCB057BF
BF066D90
3F411F8F
BF72F9B7
3F7996D9
BED24414
3F249195
BDB32420
BF7AEFDF
BEBC26B3
BF020B86
BF27A5CD
BF56A35E
3EE93DBA
3F5DFC0D
BF0A423C
BF21F3CB
BDFFD42B
BC0FEAFB
BF35BD70
3EBDE39F
3D053342
3F335597
3F30844A
3F24D672
BEBF946A
BE2348DE
BF75975D
3F019D30
3E8BE95D
BC555D94
3EDB1FAA
3EC56595
3F7D1F8F
3EB33FB3
BEC77FEB
3F1D6F46
3F552A2E
B9B6FC72
3D99FD71
3D932D86
3D9250A5
BE00F259
BF41BB0C
BEB1AA63
BE21DD81
3F7F3396
3D2D9B27
BF55F45A
3F76E3C0
3E4A4D01
3F62A0D5
3EB526E9
3ED37671
3DE17DC7
BF6A8A81
BD45BF5B
3EB7BFDE
BF1A4A04
3F5561F5
3E9F3EAF
BF0A7B11
3F232631
3ED503B5
3EC94524
BF0AF2B8
3F71348C
BE2CF144
3E6FB884
BF379CE2
3F4819E4
BE94B62D
3E906225
3F6519E1
BE9763A3
BE08ADF0
BF6609BF
3E717ABA
BE3DD5D0
BE22B608
3F347EB3
3F45BE4D
BF2778CD
BE3FD5DC
BDE94D1E
3EA1F7DE
3F3639F4
BCCA6792
3F02482E
BE445B71
3E7F9647
3E62BB96
BB997B86
BF776C76
3F1F982C
BBC7CD4E
BECAAA39
3EF89863
3F5D70E5
BE9A8775
3F740A44
BF26F740
3F3EBE0F
BF5A6C2B
3C8451B4
3EEC83F2
3F3D6F89
3E9C48B1
3EB91468
BF3984C4
BE748CDF
BF68C383
3C1A35E2
BDF10958
3E963622
BF0EA8B7
3F3B8A93
3F758A35
BD1893C8
BEA2AA3C
3F26BFCD
3F4EB881
3F3C1306
3F690B11
3EAFDDB2
BF7B2436
3F345477
BEE7CB9E
3F188F01
BEB44D01
BF0A5C3A
3F531EF0
BF4AF0DA
BD612809
BF3278E6
BF6F955A
3ED9221C
BE855DD0
3DA4DC81
BDC6A972
3F656BEE
3F79040C
3EC9890D
BE08789E
3EF7FB5A
BD2B01D7
3D42A4D5
3D9420D8
3E76501B
3F0ABECE
3E8BDC23
3F076DA7
BE232162
BF7D12F5
3D17AADD
3EE42724
BF72A7C3
BF4D49FB
BF72A29A
3F7B09BD
BEDCEB38
3E378F7C
BEA90DEA
BEE34803
BD97A413
BF6D4F80
3EEF4D2D
BF5C8A64
3F60B661
3D8699E6
BE258730
3EB8D872
3F05B38D
BF01AC82
3ED3D97E
BF416601
3E3CB1C2
3F0D9664
3E84CE7D
BED28F83
BF3C151E
3F656579
BF498652
BF352B04
3F5C2125
3E91789C
3E1684BF
BE882B74
3D4DBBE7
BE14EDDC
3E9976A7
BF47280A
3F009CC5
BF614320
BF715606
BECB35C6
3F2C258D
BD4D9280
3D876CF4
BF778AC2
3EC93F9E
3E454605
3E53C207
3F497BB9
3EE2C9BA
3EE4245D
BEA7FF2D
BF1239B9
3EA3385C
3F4B0CF4
BDADD6E0
3F01CA1E
3F6690D9
3ED781DB
BEBBC9DE
3D9F6038
BEF12902
3F283058
3EEA4C9D
3F799474
BEEF5D38
3F10D3C8
BD506DF5
BEA350FF
3E7E6E44
3EB085DB
BEE6A010
3F4952CC
BDC7EE3A
3CC25BE4
BEFE48EF
3EFFD972
BD86A2C5
3EA3577F
3F2F9DD9
3F79C1B7
3F2E04C2
BE5899B9
3ECA8845
3EED28DD
BE72C204
BEB4E336
3E5E3E57
3F033FAF
BF705223
BF6A533D
3F74B47E
3F63B863
3EF99C32
BDABFEBB
3EB46D20
3F15A24A
3F182DD4
BF12191D
BF1BE730
BED4F6A3
3F036BBB
3F6979CC
BE2C4567
3F37FD0D
3E678ED7
3EC0FA74
BF09AF33
BEBC5B4B
3E99AE20
BF30D080
3F1B2580
3E9BD58A
BEA4B080
3E9315D7
3E12F762
BF2EFB4D
BE867D53
BEB61F97
3F1E44EA
3F3948B4
BE8B10CE
3E5FEB6A
3E7BEA83
BF1717CC
3E5354F1
BF7F6938
BDB9D42F
BD8D1DAB
3F4FF5FB
3F3546DA
3ED4887C
3EA19E09
3E83525D
3F5F72C0
BE98C4C1
3EE0A130
3F1B23BF
3F68D371
3EE6902F
3F1C57B5
3E720995
BDD2B650
BE90B4B3
3E95B858
3F5B954D
BE7DCBA2
BF759091
BED2D25A
BDBDBFB4
BF1CFDA1
BF38A3F7
BDC06837
BF1E3018
BE4B6E61
3EC2BBD8
BEE463B3
BF0E5B53
3F19A176
BE9D5B95
BF0D4856
BF633E63
BF4D7401
3F526CF5
3E6994EC
3F1CBBFF
BF0A7C2F
BF2B57F9
BF6F6B0B
BEB898A0
BE469722
BD33D0F2
BD88FE56
BF4E0D67
3E85D2EB
BE827000
3ECD4DA3
BBEEC856
3E9E7E86
3F41DF20
BEB2132D
3EFB318A
3F24A12D
BF613F88
3F13266F
BE94F734
BEA85689
BF6B2236
3F0FB867
BF04D20B
BF71B3F4
BE313456
BD336A91
BF52E9B1
3E5FE5E0
3F2A29CA
3EA87386
BF460D43
3F55A5A2
BE45EB7A
3E494DAF
3E6E4753
3EAAA07B
BF1DD76E
3E9AF16D
3ED6DAE5
3EBDA5D1
3EE15EC2
BDCB6A55
BDDFA768
3F0789F4
BE271562
3F41F758
3EC813C2
BE9AA148
BDA121E5
3E877C50
BF37F6B8
3F03D912
BF430DC3
BDA50EE8
3EF25555
BF6086E1
BE52A533
BD754952
BE6C7C94
BEDD3252
3F10B2C4
BE8638D4
3DA91DFC
3F01980F
BF79E9F6
3F05F354
BE81BCDB
3F52F3DF
BE76AF28
3F12AA99
3F29C080
BF6AE784
BE2DCDEF
BF515928
BDB69913
BF4643A1
BF3F53DC
BF0BCFBA
BF6A12E2
BF4C80B8
3E8A248D
BE1A081F
3F7B92A9
3F583A53
3EBC8A9C
BF028598
BF3B7CEB
3F1D7C0F
3C45AD8E
BF51970D
BE8FA9C2
3F5DA8D7
BAE41F01
3EC7B90E
3F4CE00B
3F75EBD2
BF06765E
BF42EF5F
BE28AD4E
3F2408F2
3F3477C7
3E33DEBE
BE2F7BC1
3E7C92A0
BF52C3A6
BF2035A2
3F54B9D4
3DA03F76
BF5E7F08
3F3163C1
3D32962B
BF6CF9DE
BF7248FA
3CD49C05
3F4E2B70
3D1ECD4E
3F2E3D52
BF7623DD
3EB9CCAC
BF6C30AF
3F673E4F
3EA35D4D
BE9F1681
BF18B02C
3F4322EB
3EEFA05C
3E9B7072
BF5AB30E
BF2E4DDF
3D672143
BF2364F8
BF57F9DD
3F1F4D3C
BF3C462F
BEFA42B1
3F605974
BE8011BD
BF4F67F2
3F7DCD49
3F793A48
BF64F40E
BF67C7FC
3DDEA0AD
3CE10FA8
3E862F58
BF549C3A
3F2F013D
BEC86439
3EEDD39F
BDC6DEEC
BF0CD437
3DA43399
3E5DF5C3
3E8B82C2
BE5A762E
BED9BCD8
3E3E73F9
3DEA361E
BF5D64FA
3EE264A3
BEE5DC55
3E020BED
3E52B7F4
3EC7546B
3E4DD6BC
BF581FE9
3F58C878
BEE05888
3CB4F920
3D699A53
BF62EF9B
BE8EB376
3E12FDCD
BDABE596
BF600019
BD8CA47D
BF31909B
BE5BF089
BF1D8FF1
3F219A58
3F6A1AC4
3F67A20D
3EA08047
3E96A6E9
3DF2624E
3E82EB0C
BF3A9FC9
BE3A7FCE
BF026CEB
3E4FAFE5
BF35BAF9
3E8C2113
3F07D56A
3EAAA9B2
BEC82DEA
3F00F740
3F3A4F06
3F1B1983
3F4C951E
3EFA7DA3
3E8A679B
3F2887BB
3EACC6D4
3F3CD011
3EDCF98A
BF5D5C4E
BF35399C
3DC73328
3F237E76
BED7A972
3F253F3F
BEE27333
3F46079F
3D9FE01A
BF083A45
3F69AEB5
3F1877E3
3F18840D
BF4A8AA4
3F09628F
3F49748A
3F6300A8
3F60673F
BF5AA33B
BDDCC09C
BE776D34
BDEE816F
BDE85FFF
BF2F29D3
3F5F4FD8
3D9B5167
3F5FE6C4
BF11947B
3C2A1651
3EBE002A
BF547F08
BF3782E0
BF035F96
3EC00300
BF657A0E
BD718972
BF0BB92C
BDC7C46E
3F594B6E
3F04F65B
BF48B93E
3F01B7D9
3F0000C6
BEA9C7C8
BE62C356
3E7E650D
BF72A5B4
3E92AD18
BE868644
3ED48334
BF6E0F18
3F4277B4
BF7B3065
3E274182
BF6134E3
3F389560
3EA19D0C
3F1F3162
BF21557B
3F5C92D7
BEAB6794
3F1A1350
3F14F360
3ED6E2AC
BF27944E
3F754F2C
3D60986C
BEB04273
3E7E1FF0
3F3B5115
3EDAA2F5
BF34274A
3E895541
3E44E6BC
BE2CC6A6
BF4AA537
BF15E53F
3EEDA278
3F4CB6C2
3EB0DF3B
3E1AC353
3F54500B
3CDF26BD
BF5877C3
BF7C3DE2
3F60EC84
3F78F4CD
BE142D46
3D895BB3
BF6CE301
BF312947
BEAC02F0
3EC133B2
3EE02125
3EB46432
3F24EA20
3F322756
BF7758AC
3E7AF66C
3F015985
BF622F57
BF698D7A
3F44911A
BEBA2E97
BEA0A426
BF2D47C1
BF26D742
3E89D57C
3F6E5456
3F75492C
BF2A77A8
3D646CED
3F4734FA
BDDE2431
BE5092B7
3F128B30
3F592F77
BF008793
3D948946
BF2BB4E8
3ED6F9D8
3F773701
3DB64929
3DEA912E
3EA0C825
3EB9BC3F
BED8327E
3EE949E9
BE8F40D0
BDA72096
3F5D9AD3
BF0E5259
BF082EA4
3F0310D2
BF61090B
BEDD7D5C
BF52588C
3C8EDE49
3F285C86
3D504E94
3F5EB662
BE5FDEB7
3F069EA9
BE2A116F
BF23913D
3EE1859B
BF758B0F
BEEA4908
3F4100D7
3EF918A4
BF035487
3F01F8C6
BE70E13E
3D9AC4D8
BF74795A
BF1C3845
3C7D609D
BE581157
3F15F152
BF1967AD
3F79ABFA
BEF2300E
3D1410D1
3D07DB82
BDDEB528
BF745A06
BF016A56
BF73C5AE
BEB596F3
3F228DCC
3F6814DE
3F625A4B
BF61DFA1
3F08A6DA
3D98CEBC
BF194ADB
3F01ED13
BF3B17E7
3F40E60F
3F4DDE44
BF3701FE
3E2BF672
BF517652
BF4F357C
3F77695A
BDCB635F
3E94BC86
BE653D39
BDCF6C44
BF37FABD
BE11C78A
3F2AF9B4
BF768582
BE6E60E2
3F0DDDCA
3F0B078D
3E81E777
BE8A8232
BF76473A
BE75AF50
3E39CB7E
3F44BB28
BF147692
BF409AA9
3EA1C92A
BDBC702B
BF35A776
3F60E980
3F4DFDEC
3EA7AEA7
3F62873B
3F6DADAC
3E419539
3F4A203A
3DE29FA5
BE9D5DB4
3F303A04
3F32FDE9
BED04BD9
BF670F45
3F42E520
BE8DA16A
BED9D0E9
BF228422
3E0B70AC
BF580B5A
3DF3C4F2
BF43476D
BF387767
BF374BAC
BE458431
BF7A25B7
3F5631F7
BE393FC0
BEAFE5F7
3F708A1F
BE60B457
BEAA413C
BDBCC63C
BE8313B3
BE08B986
BC9358DF
3E1D82CF
BEBDF300
BE665AAC
3F2F97A4
3F428E80
BF16DD3B
BF4740CA
BEF99D20
BE9AFCF1
3F74213C
BF19F01F
BE9D18FB
BF017DA2
BED0350E
3E8C7A35
3F26177A
3EDA714F
3F2E02D8
3F3A1DA9
BEF2895F
BF282013
BF774364
BEEB3926
3ECF7837
BEF3F895
BF4C4D0A
3F01753B
BF2CB3BE
BF3B8FE5
BE0F50D1
3F60B87A
BE3732AA
BED5F9D6
BF404234
3F161429
BF48EC58
3F6623F9
3F131C70
BF35DC14
3DAB6E05
BF05F028
BF0DEFAC
BF41868D
BF2E7C67
BD594218
BD877883
3F22EC45
BF49DCF3
3CD7B0E0
BC98A54A
3F643AFB
BF131E1F
BE54BB36
3D9A647F
3D414C20
3CB8A10C
BF52204E
3F34B171
BF66B2BB
3E247812
BE747606
3E38FEA0
BE69A4B3
3F0C5076
3EC7FECC
BEC3ECD3
BC10C925
3EBC4674
BEC88F72
3F6511E8
3F76C3E4
BF7760EF
BF58DD42
3E8F6CA6
BF0B7D64
3F1E3EBF
BE2A201D
3EB6CA1E
3ED07CFE
BF358E13
BEFB9DDD
BF3D4FCE
BF3DF23F
3F5EB007
3F2EC9FA
BF4486CC
3EC45B13
3E75617D
BF057CA4
BE1C21FA
3E136B8D
3E83462E
3F39B507
3F26EDD2
BDD7EE21
BF73C0AD
BF1BFF81
3DCABDD0
3E70055C
3C060885
3F460990
BC7BD151
BF02E61B
3F6F818E
3F20C04C
3F3C8CF9
BEB558EA
3F225CB0
BF269E28
3E73ECA6
3F1914DA
BE864FD2
BEB585B7
3E31FEF2
3F3C3A5F
BF31A90D
3ECCFEC1
3F3B8A1D
3DFE8065
BF06E978
3EC94C90
BF6AC63B
3EF0357C
BD96C4DE
3E2A7602
BF6F3974
BEE1C3C5
BE2776BD
BECF9BDF
3E810F6E
BF52D096
3E7C02C3
BF1CEA32
BF69F755
3DCCF4BB
BEAA6A38
3F4A5385
BDFC06DE
BF3E6C79
BF47C3D7
BF036670
3F53AC4B
BECD880B
BF02E700
BF57A7E4
3F69A6D4
3EA20CC7
BDBCE273
3F72A28B
BF1258DF
BF493234
3F654F21
BEF110B4
BEF5DCB3
3EFCAF0B
BF2DBD01
BF1E78A4
BF0848AE
3F3F3442
BE801FF5
3F07C45B
3F326C03
BF39672E
3F5CEAA9
3EAE8E7F
BC695F2E
3F0BC9A9
BF1330B6
3EA02183
BE4042DC
BCB1318A
3E2A1EF2
BF0910F2
BF4E817A
3E1A0D9A
BF458532
BDCD6429
BE4B7EF3
BF4F6A51
BE83F8F0
BE87D178
BE8E9530
3D0D4193
3F4A9C53
BEBD402F
3EC1A0B6
3F0104B2
BECC58E8
3D9A56EC
BDD17123
3F3DE00D
BEE6D942
3E671EDB
3EDB7883
BCC56935
3F54B50A
3F6A6E5A
BF0A18D6
BF1D2DE3
BF5D98EC
BEA07BEE
3F0CBB60
BE8388B3
BEC3E246
3F679930
BD20368A
BF2B100E
3F0D06A4
3F40B8D3
B9C34E99
3F6533AB
BE2CB652
BF436DD5
3F6971CA
3F619C6F
3E487A94
3F51D7EA
3F0BACD8
3F216DA9
BF0C021E
3EC58B57
3F297B80
BEA598DD
3E857670
BF33909B
BF77FCCC
BF2C37BE
BF3DC5D1
BE5E8E85
BE4DB871
3E20B649
BF3F6A69
3DB3C120
BF111595
BDEBD1B2
BE7755B0
BEF5E90C
BF6E4276
3E371E09
3F321C9E
3E2C2AFA
BEC3FEE8
BF2950A3
BEBA69B9
BE93F0A7
BE12F6CF
BC29EEB3
BE13AE79
3F03DD4E
3F2EEB17
BF43CFA2
BEECEC89
3F7557BF
BDF551D4
BC7BBF39
3F3A83AB
3F6A3A9F
3E8D1F11
BF437A17
3F0BC973
3F1DDD49
3F103F1C
BF17242E
BED8D4BF
3ED8D186
BF4CA4AD
3F6BD1A8
3EBC6D48
BECC11F3
3F43A223
3F3F367F
3EA83CE5
3ED6C0CB
3F243FDF
3E2FB1B6
BEB6A060
BF2E1660
3DC8D459
BF5EF06A
3F285761
BEB4A018
3E526510
BF2B30CC
3E4C82AB
BF3AE7FF
BF063348
BE3C218D
BF3A5EAF
3F2EA5D5
3EE9CD19
3F57163B
BEEE2EE0
BF0AEAB5
BCA040F3
BE8C712E
BF17F500
3F2FAA6A
BF7C77F1
BEDFB6BF
3D9F18D5
BEC58CC7
BE134F8E
BF35959B
BE9D1E14
3EF00B7D
3F2BE541
3E314F05
BF427852
3F5AD22E
3DF43AA0
3F238493
3F09791E
BF6845AA
BF686F1A
BF6B820C
BF70FA1A
BF6E5620
3F430AC3
BF70CE30
3F27DFA1
3EEAFA3F
BF1DA6A7
BE29E92B
3E7BAFC0
3E1A49F8
3F18F549
BE771962
BF70FD39
3E32D8C1
3F3FA4EC
BECFF218
BE842604
BF283ED1
3E56F74C
BD598D82
BD7398CC
BF0A42CE
BE9D4AE2
BEBA295C
BE1B757F
3E9DD6B1
BD417C33
3F735A9C
BF2B3C38
BEF936AC
BEE52FBF
BF3DD8C9
BF10C66E
3F48987D
3F481948
BBFDB390
3D469EA3
BF63CB19
BE88DA18
BF696A02
3E74C57E
BEB98460
3E4CCADA
3F5B22A8
BEA2A2AC
3F3BCAC6
BF5E22FB
BF7C40A5
3E1C886A
BE8DBB48
BE828C0A
3F67ADB1
3F5A78CD
BF28558F
3F00AB05
3ED1E041
BC1606C7
3EDF7B38
3E97F269
BE549CB3
BF16D282
3C89B0E1
3F3C97DD
BDD87688
3EB62E97
3EF498FD
3F2EB0F7
3F7D2AA4
BD995C97
3F2113A7
3F3BF801
BF1D33AB
3F10F455
BEFF98FC
3F7165B3
3F217AE0
3E9F0B4E
3F41E4B0
BEE7D21F
3F40DAEC
3F0430CB
BF2BD4B8
BEB71601
BF28F350
3F1632C7
3E95C165
3E9FD3EC
3E9F6CB8
BC49E841
3F49560C
BEF8597E
BED2D5D0
BF0E1709
BE3B8D1B
3D614A92
3EF42F81
BF7329AF
3E5A2209
BF26E3A1
BF10652B
3F51C938
3DCC56C8
3F4CAD8C
3E6B253A
3F06C15D
3F3A4B4E
3EAEB4D2
BF1FADC7
BF1DCD6E
3F6E8441
BF29AAB0
BF360F2F
3CC338D8
BECD30E3
BF255A41
3F576578
BF586299
BEDCD465
3F4F8346
BE23241E
BF46BA8B
3D5C88E1
BE90B831
3E24EF29
3EC32DEB
BF7021D6
BF7AF6F1
3ED079AE
3F1C09AF
3F136103
3DA50B8A
BF1A1C7C
3F674ED8
BF369972
BE7902B2
3EAE0ECB
BF3BAE65
3F22E5F8
3E8EAF16
BED4EB66
3F213B07
BF069134
BF512382
3EEC966E
BF69B2AD
3F5020ED
3ECEB779
BF7160F7
BF0F5066
BEAE5EAA
3E901C6C
BD891040
BF47302B
3E8323E1
BEFF58ED
3F3C67DE
3D5C75BC
3F6DADA9
BE8C0BC6
BF6CCE05
3E8C7CE5
3F0EECAA
3EBC5798
BF143DB2
3F7B5DE3
BEA1DAF9
BF5FC066
BE747E69
BDE54E55
BF45883D
BE401305
BE28F13D
BDA18B45
BEC1EC5A
BF052F13
BF7EA801
BF635FE9
BDEEEDFF
3F46E882
3F08F3C8
3E6C6414
BF5A8BC0
3F2B6D25
BEE4D3C6
3F564714
3E7D805A
BF4FD4D2
3F313CFD
BF279DAD
BE0B9CA4
3F1B96DD
BF26FF5C
BECD7B4D
BE124BCB
BCB531BE
3CD6F9EB
3F75806B
BF1B6CB9
3F48E922
3EB79F49
3ED664EB
3E869ED3
BE5C6BBB
3D32E431
3EC0F854
3E4A9E56
3F3B63B0
3F27F7F3
BF6870F8
3EAB1E20
3F35D071
3F3909B9
BF333F46
3DC57058
3F615CA0
BE3484E5
3F6AC0F2
3D9CF379
BF4FB431
3F1D5269
3F595835
3F50A790
3EBDE6DA
3F2D0D45
3F1BEF51
BF025A28
3E610B08
3EA372E4
BF225374
BF3BF714
3F332556
BF08C3CB
BD7345B1
3F005EAD
3E289196
BF5CED0B
BDD0DECC
BEF9A192
3F1044D4
3F025A3F
3F19DD48
3F7DC82F
BEC2F0AA
3E9AC956
BF6F97D9
3EED0B9C
BE884DC1
BF66AEDE
3EDEBB3A
3EA603F3
BEDE22BC
BE57001F
BF4D40D0
BF1C455E
BEC39B6F
3EB37C84
3EE8CBDF
3E8D7E1F
3E07E56D
3F12EE23
BED1AB4B
BF6FC30E
3ED48169
BF1BCDFA
BF25188B
3F53ED9B
BD983186
BE0E8E9A
3ECA8BCE
3EC50186
3F374F18
BE66B683
BF172EE9
BEDB410E
3ED835AB
3F670E70
BD2F1C8B
BF22FA61
BECC7EFA
3E15CD8C
BF0289F0
3E8956EF
3E825266
BF0945DF
3E39D0A6
3F1A0C9A
3EE1BC8B
3F26207E
BEDB3783
3F33F885
BF6B3948
3EC76988
BF2A3254
BEFE31FB
BEC26645
3F3B432B
3E5E6AAE
BF5BE594
BF111952
3F20BEE4
3DFE3C39
3E964434
BF2D0F5E
3E1E29A9
BF40C243
3F7F7F2F
3B9F4D46
3F306419
BEB3F136
BDAA0D53
3F5A7F3A
BEA94B52
BF166CC0
BF7536DB
BEE4BB34
BEB731F1
BF6706F4
BF34526D
3EA35B0F
3F73A8F8
BF307141
3F766142
3EFCCD22
3F76BB5F
BF75E8B8
3C2FA95F
BDC77340
3E26FFC3
BF0F901A
3F442531
3F47BE18
BF3C5571
BCCFD07A
BF7F14D2
3EC92B3B
3E7B8983
3F53057F
BF3B3DFA
BF3A299F
3EF78556
BEB45A62
BF04940E
BE63D128
BEF14382
3F2A007D
BF726665
3EFA80EC
3E07818F
3F26294C
BF62F58C
BF6FA593
3DD08536
3E855C37
3DE2B3C2
3F207675
BF2CE27C
BEF5CE9E
3F3580D6
BDEB726A
3EF0907B
3F018A08
BEC7F017
BF0CEFDE
BE881C2C
3E24F223
BE0C2D44
3E9CCCE7
3F1CD7B5
BF3C1882
3F7228C4
3F614A35
3E1CECB2
BD5AF0BC
3D75DE4B
BEF0BCB4
3EBEA526
BF56BFD9
BF1CDB51
3F4EA973
BE8DF6F5
3F58AFD3
3F7A514A
BEC6FDC6
BF2E83D8
3F06D1F7
BEAA1800
3F3BC735
3EEE4C3A
BEB6BB9F
BCF7BAD2
3D824708
3E958FAD
BF6B9CB6
3F0E37A6
BF2490E3
BD653E0E
BE9CDFCC
BF080E07
BF1A14CC
BF1FC735
3F359870
BF161B66
BCACA768
BF239984
3F522024
3C3892FE
3F0B311A
BF2E600F
3EB15607
3F044990
BF739123
BEC925BA
BF78E39D
3F2FC6F0
BE0B32A0
3F07DD3E
BE360307
3E944269
BF1680D4
3F27701B
BEB3F95E
3F1B13C9
3E1D8B3D
3E979CAC
BEFF0D9B
BF764C1C
3F5D0D26
BC64521C
BF1C1C44
3F779E82
BEB1D6D7
3F52E04C
3F5F6AF2
BECF2E4F
3E8B6190
3D21642C
3E0BE865
BF1A3B03
3F2E6B57
3F1234C4
BDDE972C
BDF3D0F5
BF42A6B5
BE7DC1D6
BEF5FC40
BDCDE3A4
BEDC9F31
3F731A36
BF35C648
BF369B78
BF73AC10
3F4A6FAE
BF64CE13
3F6909F1
3EC745D9
BF45F00B
BF6A3B8C
3DEE6589
3F2ADE32
BEA5D902
BF6E89FF
3E9AEB04
BF0B33DA
BF5BA0F9
BE6E9C9E
3E15600A
BF6B4EB8
BF1C55F2
3F17898F
BEF4BAFC
3EFEF346
BECA409C
3D1113CC
3EF5D8BF
BF64E5A0
3F555358
3F5D377C
BEC55B6F
BDEF0D4B
3EBF6750
3EE16E4C
BED1AA4E
3EB5C67D
3F79B862
3E142F0F
BD21E781
3ED0BCD5
BF6E47E0
3F259942
3F2C90FC
BEF316AF
3E9EFC2E
3E4CCB85
3F5C74B0
3EFE8107
BEF27028
BF6BC3C3
3E5EE1FA
3F742CBB
3D7578B1
BE99C3D9
3F16C8F4
3EC64C89
3E973C53
BF16F554
BEB4FD50
BEF8E2B3
3DF331FB
3F740D66
BE39B91D
3F260E03
3E6D065B
3F2F95EA
BE135935
BF489DAC
3F16A2E1
3F41EFB0
BF6D4FB5
3B0F3728
BED8A590
BF44E0F2
BF5022CD
3E3D0A8A
BED4EF34
BD9C92D3
BE3795A0
BD52A139
BE67F9CE
3F13A063
3DCFB8F9
BF29970C
3F19CB0B
3E4B0911
3D0A3532
3EFA3F1F
BF08E68A
3F1B7327
3F51514F
BCDB0A23
3C8FAA0A
3F1E70C1
3ECAB25B
BE78A6DF
3F5B857D
BF22F892
3EDC0AEE
BF312E06
BD0987AF
3EAC48C2
BE3826B9
3EF19603
3F21066A
3F68E8D1
BF591F68
3DB9C31D
BDA42001
BECD45F1
3E87DBE0
3F1ADC5B
BE14C3BC
BF478E36
BD7E0E40
BF5C5BA1
BF057D87
BF705DFB
3E533DE2
3F493CD5
3F5EB958
BEEE74A3
BF474EB5
3F59CC02
BEC4A235
3ECBE5F5
BE747412
BF5FE71D
BEF153E1
3E1EAFD6
BEA1583C
BEB52354
BF51A408
BF11F7D0
3F44A5B2
3E00A7F0
BF72E23E
3F02832C
3F576CF9
BDB40A1D
3F4458C7
3C8499E6
3E31FAC9
BEF516C9
BE02FCB0
BE733E00
BF0FC76A
3F5EABCC
3ED3A8F5
3EB84364
3F456311
BF523FAC
BF185484
BEC4F56E
BEB5C922
3E533303
BCF5A582
BF646660
BF7B80CA
BF5105E4
3F6BC60E
BF1D90BB
BEA56DA1
3F3798F0
3EBF7BEA
BEC28885
3DD8964B
BF34F6E0
BF1387BC
3EA65498
3F540DA1
3E8F8E84
BF35AC7E
3F03EE2A
3D87D346
BE84282D
3DF4249F
BF665149
BF1634FF
3EBFB485
BCEE30C1
BEB4DD39
BF3572C7
3F79C3C7
3EDC1C94
BED9C7BB
BF300EF4
3E97AEFF
3E9B0E37
3F5FEBAF
3EA7A706
3ECD18DE
3F786502
BF1055B8
3F03447B
BE12A5EC
3F0561FE
3F7F2A4A
BEC54DEC
3F6D64FA
BF57DFB4
3E64CC21
BD85338C
BE1DD768
3F0A501B
BF28699E
3DA2F05E
3DA67D66
BDDD35A0
3F3D2521
3F232184
BDB613DD
BF5DFFAF
3F526631
3F04E070
BD4D3A68
3F1F0C5F
3EE87FDB
3F1107C9
3EDC44C9
3EF82B82
3F3D7FAC
3F67A6FB
3F52A708
3F2E0F9F
3F4C98DE
3E85ABAA
3F04D0DE
3F37EA47
3EF4E6B3
3F186160
3DDF78CD
BE512D97
3F2AB639
BEE05D0E
3F362183
BF7B2679
3EAFB0CF
3E236F53
BF34CCC9
BF68273A
BECC110A
BF7C4453
3F3E4555
BD6A0208
3E59EB02
3F0A0A1D
3F1D797E
BEE90841
BEDA7F2C
BF3D50F9
BDD0F64D
3EDC7786
BE826FA5
BF4AB8BA
BF0B13D7
BF65095B
3B46E354
BF26D2AD
3D42C852
3F45CB3B
3EDC4963
3E64319E
BF141562
BF6FA6DF
BE4D0BBE
BE190E41
3F50AA08
BF351BE2
3F6129FE
BF11C451
3F59A067
3F3CB0FF
BE8A8748
3F12A9AD
3F62769C
3F3A8BB4
3EF44700
3F380652
3E4E85CF
BF5E9032
BEBEA17A
BF7B255A
BF3D131F
3E31E775
BF6CFB1E
BE24E86C
3E5526BF
BE1BF2A1
3F7A161A
3F05EC52
3DCDDEDB
BF689E92
3EE95C2E
3F7CD0DF
3ED17885
3E84C6F6
3F478794
BF5AA1DC
BF219B21
3F75ABFA
BF76ABD7
BF4E5144
3EE94328
3E06BA4E
3EA3A92A
3EEA07BF
3D802CC7
3F23A1F5
BED45D27
BF369BE1
BF0E9968
BDA9F8F7
3F6C690E
3EAF5E8D
BEF78300
3EE2F8B3
BF35A453
BF78236B
BF6F5E82
BEEFD952
BF28ACBC
BF74CD4A
BF402A26
BF6754F9
BEC734CD
3F161291
3E97EC70
3F35A604
3D9AFBF5
3DEE475E
3EE0490C
BF784808
BF1E7731
3DD98F99
3EB79AD8
BE7791E4
BEA8248C
3EB37B7E
BF7523F9
BF4C65FB
3E8970EB
BEC360D4
3F7A7197
3F393747
BEE5A438
BEEAD120
3ED0C45D
BED9DC9B
3F285A7D
BEF85A1E
3F0A1EC3
BDD4673D
BF40C9A7
3E636E08
BF01D209
BF531084
BEBB7C27
3E8AC0A2
3F0745AA
3F2524B8
3F3E8C89
BEA0946A
BF546E0D
BF65A927
3E551784
3F721EFF
BED5F4DD
3F78D76C
BF1BE0E7
3F387F72
3F09E664
BF2ECA70
3E8AC72F
3F1F55A2
3EF3185D
BEDDEA07
3EF3F5B2
BEA72BB3
BD9CEDFE
BF26CF9A
BCF98D13
3F05FB9B
3E91DF81
BF6C2208
3E137E19
3ED2F3FA
3F661DCD
BE64EA5C
3ECD0098
BF6F89FF
BF2FB0C0
BF75D9E9
3E2E8752
3F4EDCC0
3F08EB0B
3F49E4E1
3EC000DD
BEA90B4A
3E97017C
3E5B215E
BF22A599
BF089C2F
BF4A82DB
3E5D230D
BF2827E1
BF5541B7
3F6E8A2B
BDB2D6D0
3F440F77
BD6A56FF
3F63C74F
BDD3120B
BE3BF858
BF2CDAF2
BDB76996
BF439849
3E9CAD4C
BF1DB935
3F1DCE91
BEE3180B
3ED06D10
3EFF2D4C
3F046299
3F69EB25
3EA7432D
BF7EC4C4
BF54FFEB
3F4CD665
BF263EF7
3F36517D
3F283025
3E6FEDF4
BE1F1986
BF735D4B
3F261EBB
BF7020AA
3F75CD81
3EDCAEE9
3F043439
BF66E6D5
3EE2FB07
BF4B6AEA
3EFCEFA4
BCA51067
3EAFD8E6
3F61E21D
3ECF03B1
3F68ED53
3F1C4D9E
3F5DD03D
BD861D9C
BF7004FD
3C9EF2E7
BEFEE79C
BF084AA9
3EEAA1ED
BF1ED9B3
BF1914E4
3F0156C2
BF456FA7
BDB3FC9E
BE24A82F
BF5C3970
BEBE0FFD
BE8AA7E3
BEE6A6C4
3D401093
BF74CA53
BF43E792
BF2BB4F8
BF5CC8DE
BDEF478B
BF1CA7B2
BF7EDFCE
3E7C2445
3F78035A
BE9788AD
3F722071
3EC9EE9F
BD5E8307
BF5F79F8
BEF4E8EE
3E66A913
BF18E43B
BF388103
3D8F0A67
BF68012F
BF3862E7
BF325414
BF56DB4A
3F7D84A2
BD98A49B
3F32984C
3F1504C9
3F0812C8
3F77B8FA
BF0D0D33
BEBABDE9
BF739B14
3F3DB656
BEC5AC38
3EFCC89C
BE8D7491
BE05E2FD
3F5BAEB6
3E2CF3D5
3E94925C
BE3C37BB
BF5F7B18
BEA8D7CD
BE8AFAAB
BDFF2E69
BEA94937
BED1A522
BECAA25F
BC2B0C47
BF52B908
BECC434E
BC062657
BD1830C5
BF1B5127
3F040346
3F0EB271
3D9BFEF1
3E7CA59B
BE1E64B4
BF306878
3E524314
BF4C5462
3F2D01BC
BE8DB990
BF369C39
3D8CB350
BF4552F9
BF317ADD
BF7B569C
3F76C786
BDD86E07
BF1762FC
BDAC801A
BEEC9385
3E1970D8
3E64D48B
BF21EDBF
BEFF80F0
BEDF4302
BEBBD9A8
3F5EAC0B
3F32D006
3F7DCFD7
BF3640F1
BDCF379E
3F665C3C
BE8E27B8
3EED526A
3E911406
3E72E2CF
3F2A4155
BEE0C94D
BE135D3F
BDE3A8C6
3F79C789
BE0BB10A
BEF4A59D
3F570219
BF698CD7
BF670E93
3F2C2F2D
BF4AE89B
3F505AED
BC0BBEFC
3F3B96A8
BE7027ED
3D394E21
BECE08AA
3F19F26D
BEBBBE75
3F44675C
3CA239EE
3F447B08
3F236C8B
3ECBA88A
BE0C4FB9
3F67A3C6
BF59183A
BEAF5D54
BE8FC7A6
BDCCF843
3E94C81C
BF1A11DE
BDEED663
BF46CC86
BED91F5C
3EBF4B6A
BF0528C7
3ECF3A61
BF3C6332
BE633FA2
BE9FE69F
BE0AA547
3F2DBDCE
3E0A67E0
BE0F78B4
BE5340F7
3F2ED5C4
BE7D10C6
3F4B2BB9
BF708AEF
BE661EF0
BE608BF7
BF2CA2B0
BE282824
3E52B7EE
3CB8024E
3ED20D0C
3F3E5498
BF5F8BB7
3EB99531
BDBBC1DB
3F155D9A
BC0A1919
3EAE2B62
BF342974
3C7C6DAC
BE528ADE
3EC5A191
BF55A7B0
3EB03980
BEA0B698
BEDEFCDF
BF14C623
BCBF9ACA
3E856B04
BF214499
BF2F2017
BE102B4D
BE5BB0EC
3F2622E4
BE84344B
3F06D31B
BF0242C6
BF3D20FD
3BF4FF71
3EDEB9F8
3F44C13E
BEE7D3A3
BDB8E7CB
BEFE8CAC
BDD9C46A
3F017BB4
BF7C67C8
3F5557ED
3EF81F92
BE8F64C3
BEE42D67
BF634F13
BE514FE0
BE813ADC
BE5C59E9
BF3B7A3E
3F316830
BF433CB0
BE7D86FA
3EF4378B
3F249E62
3E8E790D
BF27DC79
3F028722
3E820BCD
BEFA81C1
BE8C5AAE
BD6CDF7E
3F14CA24
3F646A4D
3F207B35
BF6AE8A5
BD4242AC
3EB7454E
BF625567
3F1F301E
BF221C0E
3F32A51F
BEFE28EB
BE99A4B8
BF7F30AF
3F65C369
3F74525D
3E5AF183
3F2D8CCA
BEBCD183
BF3C02D0
3EA69D52
3F7408E0
BEE541F5
3EE09C66
3E96D3E5
3F3A0597
BF6E7A6B
3F06CA77
3F2BF2C5
BBA5B67C
3E6FED5F
BE9F0A52
BE213B27
3D58433F
3DC9A399
BF5E9147
3F7FF97C
3F691422
BF50173B
3F0CB0FB
3F0A30C3
BE04EA21
BF130958
3EF47828
BF1C0A9B
BC8892C3
BF4B8200
3F15E5DF
BF3C248F
BE86BE65
3F4D2690
BF4EFEB7
3EE4B508
BF31FA7F
BECA94AC
3D8162A1
BE5846A0
3E9EA49A
BF45F9D6
3F72EC4D
3F2647E5
3ED3224D
BF48D1B8
BBB30F8C
3BCB2C4B
3E86C406
BEE908AB
3DFE272C
3DC37C94
3EE24EE0
3F130696
BF74F4DE
BF02817B
BF5C1559
3EEE9E62
BEE7DE40
BF4C9C20
BE18BBB8
BF10804E
BF0E1E47
3F543D20
BF6B0A43
BE9C0DBD
3F6C320A
BE1CFF48
BE27AD19
BEACF80C
3F2937FA
3E4F2E20
BE04FB21
3E602BB3
BE40F81C
3EA61C1F
3E492516
BF3BAF68
3F0A5181
3EBB62AF
BEAA2A21
BF7B86D2
BEFC4658
BF2FDE00
BF527046
3F6F81F2
3E9D70DE
3F4BEDEF
3E875C0C
BF05BE42
BF4B2ED5
3F2B4F7B
BF5F242E
3EB26275
3E535079
3F0AA17F
BD29D269
BEEE6B09
BF78523F
BF65C1C4
3E3FAAB3
3EAD575C
BF1CADE2
3EA6652D
BEFBAC6E
3F6CF57F
BF52A964
BF0BBCB3
3F08FDC2
BD88E1EA
BE3BE274
3EBD3AA5
BF2A2A24
3F6D2345
BF0E6A66
3F334C60
BEF26D14
BF1E01B0
3F79A2A0
3E88D26A
3F1A1A0F
3F0E3C3E
3F1125A3
3E65BB73
3D4FFF91
BE8303E3
BC88EFCC
3DED2465
3E8C64B5
BDE3DFEE
3DD993DD
3F551E27
3EC699EE
BE54CD5F
BEFF4B4C
3F5EF356
BD81E849
BEA4D095
BE81CCCA
3F7720EB
BF0D9657
3E9C39A2
BB1FF4B7
3E529C03
3F647F7D
3EBEFE89
BE4A1536
BF3C3413
3DCF9A1F
BF12E496
BF37FEA6
BE89544F
BF44CE7F
3D77FA20
BF55FB63
BF364C6C
3E274E5A
3F2EE157
3E88F0CF
3EEDC3C2
BD813791
3F3B67DD
3C95E226
3F083A68
3EFEC527
3C223275
3F20D1F9
BF1556F0
3E97E507
BDD87AB3
3EBB931A
BF4FCD81
3F7AE677
BEBCF5FE
3EABC9F3
BE0D7320
BE474C18
BEB76BE6
3D3B3431
BDD39F97
3B0A7FF7
3F072BB4
BEA2E024
BDBF1553
3EEBBB19
BE901053
3E939A23
BE9EA23E
3D26ADB3
3EEA0C8C
BF5146F5
BF683771
BEC0A428
BF17080C
3F28A94A
BE74FDB1
BE8426FF
3DDBA3D5
3EE7FBE7
3EF21AF7
BF1A3E9A
3ECF6235
BE9EA2A0
3F3E8199
BDEBDE57
3F646041
3E203AB6
3F65557F
3F1186AF
3E93B58A
BF342007
3E860AE7
BF0DAF59
3C78F51E
3E91F59A
3E674146
BE87AF2D
3F348866
3F532A5D
BF503404
BF7FC3D7
3E18EAB9
BED05775
3EEE1330
BF38B2EF
BD1E936D
BE88971D
3F5ECE70
BF4D39D7
BE9A0B89
BEBDEB00
BF7F7003
3F4BC3F1
3F7B3392
BEABD950
3E22C2E4
BD8E432E
BE4322A3
BF2E246E
3EB139FB
3EF22B12
BF5CA0D4
BEE7672E
3EC32596
BF6F35E3
3EBE56D1
3EC8F3B4
BF1D92CA
BF680440
BE781DC8
BEC4A7CA
BF065857
BF14CCE0
3DF5D67B
3F60A15B
3F331E77
BEDD8E63
3DD15C43
3EB8EEE0
BF22C452
BDBE71BD
3EF7C931
3EF70751
BEC3A53F
3F65126D
BEC56DAA
3F7ED5E0
3F3011DA
BED6F417
3F1EC11D
BEC15F75
3F1E3F4F
3F599C53
BE1EA434
BF10E77B
BE9A0643
BDF6F049
BF681EA7
BF474D58
3F6A9922
3F6CB940
3F560BFE
BE4EE661
BF0CB8CD
3DD631A8
3F6F901F
3EBEA2E3
3F34D344
BEAC2718
3F27B5AE
3DD1DF9D
3E054AAE
3F0E705A
BE8158D0
3EEF358B
BF19DFCF
BD616C70
3F226605
3EAB1834
BF371C33
BF5A7977
3DB5125B
BEF56680
BE51F414
BEE2EC3B
BF4C99C0
3EEA9512
3DBBFE12
3E84ED18
3E3E808F
3F55372B
BF2D39D1
3ECA83F5
3EECC0C6
3F095A63
BF7DEA76
BE78683B
BE881123
BEE36F67
3EC30383
3F00B5CC
BD8903E1
BF7D67B7
3EB6A433
3E175623
BE7FBF0E
BEBC598A
BF11597A
3C3DC5AB
BEB7D217
BF653103
BCF31435
3F62FC61
BE9148FD
3F01EB85
3EB750E4
BF1AF0DB
BF2629F7
BF59C3FA
3F7F28AF
3DDA02E0
3E10211F
BEA5633F
BF032A73
BEE94F1A
BE05B51A
3ED0B9EB
BF71F362
BF43C0EC
BF3397B9
3F3C798D
BF3ABE5E
3F3302E1
3E48F345
3F3C7BFE
3F0E1DF0
3E31F93E
3E7FFD3C
BEA073F3
3D2EA9FB
3E759CBB
3E75BA70
3F467E50
BF5A4EE7
3F4756B7
3F3B5D4E
BF059596
3E2FF04C
3F7BF7E6
BF50BC76
BF0597D4
BE3B42C4
BF5D4130
3F45277F
BF2287EE
3F04ECBA
3E3A7741
BF65FDD1
3F6BDC71
3E2F95F5
BECC334A
3E985C70
BF1D25B2
BEF5F6F5
3F596CDA
BF54F2ED
BF1777A9
BE698C40
3E140987
BF6414E5
BEE04997
BF483783
BF43EF8D
BF0F9BDB
3EBC0EFE
3DE73D4C
3EF5CF71
3F63A930
3F6A902F
BE73F7ED
3E9D32AC
BEBAED03
BF1DE884
3F61BB9B
BE93EC3F
3F15DE19
BEB8B204
3E2AAF5F
BA5A162B
BF3DAA49
3F3FCACB
3F7F58FB
3F78041B
3E4A1B54
BDAA9AC1
3E1CE5EB
3F07E3A5
3E87419C
BE89310D
3F54461B
BF710149
3E924B8F
3DC0C10C
BF0AADAF
3EE042AD
3ECD7F8A
BE63C2F1
BF2E41AD
BF4D6228
BE6CB3E2
3F372F8A
BEC45E9F
3F09AE11
3F2F0237
3E2615B2
3D434E65
3E4933B6
3EFE61AD
3F42EA92
3D2DA7E2
BE00F7DD
BEFC7556
3F494157
BE2408CF
3E2ACB9A
BECA9599
3EEB1B30
3F48B6BF
BE90EFCE
3CA405FE
BF2519E9
BEA3F1B9
BF016914
BF75D870
BF4F8CDB
3E85BEB9
3E863E7A
3D089C26
BF220658
3EDA1471
3F422593
BF5C5E65
3E5A6A6C
3F5E46B3
BDC0EA87
BEA53510
BE092C43
3EB49549
3E59DE09
3F59DF5D
BF434F89
3F55B594
BE35A5D8
3EC53B0D
3F17703D
BD68BCDE
3E5F7B06
BEAEC15D
3F790274
3F2076A6
3F11257C
3F129C03
BD08B5C0
3F32B381
3F1185E8
BEA2A161
BF62F70D
3EF0C97E
BEA0D81E
3E75CBFB
3F452714
BF77A04A
BF740526
3ECF6146
BF767AEC
BF11AA07
BF4B096F
BF4AC0D8
BF615A8C
BF0D5FF0
BF2976CB
BD354370
3F5C2565
BF5386D4
BEC4467B
BF64F737
BF106509
3EB96F94
3F18436F
BF6BD7C9
3D8ABAD9
3F263613
BF1796D0
3F0136B8
3F7EF0A2
3ED1D923
BF5D399F
BF65B844
3F01FBF5
3C95E4D8
BE7C6238
BE6C01F2
3EE17CE5
BF2021C9
BF716EB0
3F4D9066
BF7CC54D
3F005BD8
BF76C8A3
3EA30169
3EDD69A6
BE95E124
3F0EFAA7
3F2CFCB3
3F181174
BF128FE3
3F53D0DC
BDACABC8
3EDE9037
3F4C103F
BF6F628D
BE8D577A
BE5CDE66
3EA0F141
3EAE0982
3D82FA6C
BF14083A
3F1BDDA5
BD871ADB
3F08E29E
3F338BB0
3EBEDA56
BE8376BD
3F02B73C
3F370214
3F597FE2
BF45E261
BF12B4A2
BF4609C7
3F05C68D
3F09DC46
BED3F707
BF2462F5
BE8D2B98
3F4D31B3
BF00C733
3DD6E33E
BF6D4A0B
BEA98F39
3DC2021D
3F7FE8A9
3D8E9AD1
3F135EFB
BF7C281F
BF2D1AB3
BF1DD119
BE0F0BB0
3F02985B
BF4EA244
3EEAEB58
3E958795
3F0EE127
BF09CDBB
3F1EA505
3D8F39A1
3F56F967
BE8711DB
BF0DBC67
3E8E06EC
BE7432CD
BEE306EE
BF504C93
3F185A59
3F46625F
BF7876FA
3D206FB2
BDA3492C
3F769C7C
BF21B746
BF188B0C
BF0B5D72
BF195E85
BF3B87D6
3E0DF49F
BF0AAA31
BF5DAD42
BF448D4C
BF3CF12D
3E6F9EB2
BD1D8401
3D6D21C2
BF52C893
3F7611F7
3F33F406
BF1DA88F
3E5734A5
BEB9CC2D
BE6AC87E
3F599AFC
3EA8119E
BD3AA948
BEC796CB
BF153C2E
BF35A525
BF05F742
3F1E4CCE
3D9EBEA6
BED3F8A4
BF2A905D
BDA4E919
3F0B8573
3EBF88F3
BF6DAC57
3DE8C9CB
BF3ACAEA
3EB8E274
BF377A40
3F0BA364
BD8B1D92
BEFB3E48
3B20676A
BDB64AD0
BCF8951F
BF1226B7
3F338C6F
BED40254
3DFC08C8
3F4A14A4
BF401F78
3F2E4E85
3F441649
3F616AA1
BDCEBCBE
BE4CDD9E
3F417C5D
3F5643B9
BF26AFE5
3E69E5E7
BF7BF847
BF12255C
3D15AE77
BF5EE3D6
3F2083E0
3F2251FB
BD39D5BE
3E991D42
BF2EDD30
3DF11910
BF796485
BF00B503
BEB6485B
3D9BDEB4
3E82817D
BE20E0FA
BE0FD5B9
BF294322
3F64A981
BDDDF53D
BEC8C0D2
BF0CF18D
BF29D93E
BD83B64A
BF7DF43B
BD8C5336
BF3ED91A
3ED4565B
3F21B649
3D430E05
BF49EA3C
3F6115B4
3E8A2717
BF27C1EC
BEDE65DE
3E8A8CE4
BE566D5A
BF3A0DCA
3F779D4C
3F2F3061
3F64F3A4
BF2FB608
3E12C8AE
BEEC45CE
3F446D20
BEC9C6C0
BE7ED156
3F5FDE6C
3F628348
3EB1514C
3DDFABA3
3E9F7EB0
3F45254A
3DFD234F
BE107FC1
3E543DA0
BF7C295A
3F7221C9
BF598B2D
3F570A9F
3F62D8A3
3D93F92A
BF072028
3E2E24DA
3F3E7C36
3F0E0B6D
3F2A2721
BE522686
BEC256A7
BE7F3246
BEF5808D
3F061D68
3F2FDF08
3F033B5F
BF31656A
BC8EE974
3DA6983E
BF77E3A0
3EFA3679
BF4E40A5
BEBB853A
3E603A04
BF1D2F84
3DB650C3
BEAACDB6
3F614393
3EC36CBC
BF2C340C
BF0FEC40
3F62E8FF
BF35407E
BF0929F8
3E2CE110
3EB81452
BEDF74B5
3F0CFBC7
BEE92AC3
3F3FE406
BEA34071
BD881B0E
3DB9C264
3DE74999
