18.071,0,0,0,0,0,0,0
0.57318,18.812,0,0,0,0,0,0
-0.41021,0.92169,-18.27,0,0,0,0,0
0.56664,-0.31645,0.26328,18.541,0,0,0,0
0.14615,-0.071757,-1.0122,-0.3769,-18.572,0,0,0
-0.042231,-0.37443,-0.078299,-0.42885,-0.15197,18.25,0,0
0.045968,-1.5153,-0.93633,0.52842,0.65088,0.19621,-18.532,0
-0.117,0.54833,0.48028,0.02721,-0.032546,-0.40873,0.13738,-18.176
