4190922A00000000000000000000000000000000000000000000000000000000
3F12BBBA41967E50000000000000000000000000000000000000000000000000
BED206D43F6BF434C192289C0000000000000000000000000000000000000000
3F110F8BBEA205C43E86CCA84194533200000000000000000000000000000000
3E15A8E8BD92F558BF819120BEC0F9A5C194927B000000000000000000000000
BD2CFABBBEBFB4DBBDA05B64BEDB9207BE1B9F404191FF3B0000000000000000
3D3C48D0BFC1F60EBF6FB3203F07465B3F269FE63E48EA66C19441D900000000
BDEF9D223F0C5F763EF5E6E23CDEE820BD054F40BED145523E0CAE52C1916960
