4155C19B00000000000000000000000000000000000000000000000000000000000000000000000000000000000000000000000000000000000000000000000000000000000000000000000000000000000000000000000000000000000000000000000000000000000000000000000000000000000000000000000000000000
BEA9E02AC14C22B7000000000000000000000000000000000000000000000000000000000000000000000000000000000000000000000000000000000000000000000000000000000000000000000000000000000000000000000000000000000000000000000000000000000000000000000000000000000000000000000000
BF9766D1BF22C06DC151C83F0000000000000000000000000000000000000000000000000000000000000000000000000000000000000000000000000000000000000000000000000000000000000000000000000000000000000000000000000000000000000000000000000000000000000000000000000000000000000000
BF36997EBF416D5FBD0C6D70414BF37800000000000000000000000000000000000000000000000000000000000000000000000000000000000000000000000000000000000000000000000000000000000000000000000000000000000000000000000000000000000000000000000000000000000000000000000000000000
BF40094A3E83322ABE825B033EAECEC0C1438CF9000000000000000000000000000000000000000000000000000000000000000000000000000000000000000000000000000000000000000000000000000000000000000000000000000000000000000000000000000000000000000000000000000000000000000000000000
BF556A793F48D0593EF654CEBB0078D03E8FB590414B37A60000000000000000000000000000000000000000000000000000000000000000000000000000000000000000000000000000000000000000000000000000000000000000000000000000000000000000000000000000000000000000000000000000000000000000
3E80FFE2BF0EF9F1BF3BAEC2BE86F3C03E9A4864BF84FAD34152667200000000000000000000000000000000000000000000000000000000000000000000000000000000000000000000000000000000000000000000000000000000000000000000000000000000000000000000000000000000000000000000000000000000
BE1A05703F46C2A33F1BA2363F1FB7713ED94FDABEABEEC8BDA51950414A9984000000000000000000000000000000000000000000000000000000000000000000000000000000000000000000000000000000000000000000000000000000000000000000000000000000000000000000000000000000000000000000000000
3DA30E30BFA2CF303FA8A81EBDF87020BD51506EBD82C0AABAC92E00BEAF9C3AC14CA1D20000000000000000000000000000000000000000000000000000000000000000000000000000000000000000000000000000000000000000000000000000000000000000000000000000000000000000000000000000000000000000
3EEDD30ABFADE5103DA284B0BD9AA2303E9524FABFC47E2ABE15D01C3F88BA44BF34CB8DC14F8A6800000000000000000000000000000000000000000000000000000000000000000000000000000000000000000000000000000000000000000000000000000000000000000000000000000000000000000000000000000000
3EF08B7C3EA8C2D33E7820223E2792BC3E3CAF3CBF3DA8703F110CF43CB541603ECDD488BEC3FE72414EA24C000000000000000000000000000000000000000000000000000000000000000000000000000000000000000000000000000000000000000000000000000000000000000000000000000000000000000000000000
3EEB54FABD4ECE3C3F4C683B3EEB276C3AEAD0003D3F7C58BEB6FECEBC286210BF50B7B0BF1B29E2BE4AF26C415049010000000000000000000000000000000000000000000000000000000000000000000000000000000000000000000000000000000000000000000000000000000000000000000000000000000000000000
BED727BABD827B903E493AACBE2E6E4C3F25814ABE357C9E3E9419FFBE5F22693E0DAF58BF48A6703FB2114BBED9CCF44152599600000000000000000000000000000000000000000000000000000000000000000000000000000000000000000000000000000000000000000000000000000000000000000000000000000000
3CEE7DC73E8CCCA63E79FE903C9CCBA03F99554B3E3C9D16BF6382EABF44B497BE0046F83FBD3B4B3E2033D8BF1BB342BE4CBF6C415000EA000000000000000000000000000000000000000000000000000000000000000000000000000000000000000000000000000000000000000000000000000000000000000000000000
3F9D0E2C3F3D5AEE3C1C10803EAB74B2BE7AC58C3F16B861BDD27C60BF66CEB63F1F666CBEF004C43E88A61B3D976E60BEF1A89C3F8DF088C15064300000000000000000000000000000000000000000000000000000000000000000000000000000000000000000000000000000000000000000000000000000000000000000
BE98BC143E6D67DCBFB9BB773F863099BF691463BEC10670BEDBD61FBF16DA7C3E8955B43F27C1DE3F0DA84E3F07F6B0BD8B8E603FDE97613EF9018E414DDD3C00000000000000000000000000000000000000000000000000000000000000000000000000000000000000000000000000000000000000000000000000000000
BD1963F0BFC520613EA978753ECA1AFBBF4897163F65087E3F0B04A03BFD05803DF17AF63E60EEE63F4893A43FB8043CBE078F653E3A1B80BF3419A23F08B9A5C1465965000000000000000000000000000000000000000000000000000000000000000000000000000000000000000000000000000000000000000000000000
BCC7C060BE393AB2BEDBD9F23EBA28A0BED86500BECFCFD43E93AE443E59A8D83F2074003CD401603EEC1A203E4B6DB83ECCF0CA3F413AA63F2F5C213F870F923DA67314C152BABD0000000000000000000000000000000000000000000000000000000000000000000000000000000000000000000000000000000000000000
BEB817EF3E6D6D38BE510665BE88B13A3E05A051BE97962E3E93820A3F276E60BF4415A1BEDF77643EA3884EBEF5A255BFA6F4633EAF98063DE5CC6CBE296F463E5D83CE3EC801834151C32000000000000000000000000000000000000000000000000000000000000000000000000000000000000000000000000000000000
BD2F04C83EC21A02BEAD5DB0BF54CB203DD01D60BEAA3846BE051DBABDF145F83F35DA573F716D143EF086B63F72BA8E3F0A2338BEA8FDB33EED93B5BF12F3FCBEFA51253E43B68DBF104CE4414542B9000000000000000000000000000000000000000000000000000000000000000000000000000000000000000000000000
BDB4F3A83F1C012BBDCA28B6BF37E406BE2752843E81B50F3F49EE90BE1889063F160236BF23767E3E2D765CBDE925A03E888E3B3E917898BEE58243BE7855C2BEE24714BE808E50BD2C7D50BEB26BBB414F1A1A0000000000000000000000000000000000000000000000000000000000000000000000000000000000000000
3F05011BBE81EC2CBFBF3AF93E876DC03E571CD8BF583BED3EF4E748BDB6DDA6BEE655023F45D0E5BE83C320BF2F40AEBF153EE63E60AF22BEA2AEF0BDD51958BE256484BD8167C03DEC3340BF9430C63E12A958414C480A00000000000000000000000000000000000000000000000000000000000000000000000000000000
3F3C33FC3F2C593A3FC84E8FBECD9B5DBEAF0516BF2BB959BEDB6F663E8251AA3F35ACC1BEFF28A13EF4E90E3CF5D000BCC2AA803D450438BF1667CD3E5CCD843DBC2C75BE79D8C8BEC101DE3E7C6519BF25D10AC007802F414B581D000000000000000000000000000000000000000000000000000000000000000000000000
BB8CF8DC3E2CD9B0BF0292B8BE1113F0BF109CDFBFEAC910BD4B4B703F030E7C3E04805E3F2CC5B53FAFFBB43F2189903F194A843F14C4AA3E960727BF28273ABF2E7CD0BE9A0ADABF166B3DBF23E55F3EE1061C3DC651F1BDBC0440C15293EB0000000000000000000000000000000000000000000000000000000000000000
3E5640BA3F7BA155BF13F8BE3EF265C2BE41B560BDD756163DBBD0E0BEB7C62C3F5F0D993DE71DD0BEA0BEBA3F3B24A93F3A5C15BF0A21443F3CE636BEA3A929BEB6EBD63F047253BF345C323F906C923C76C2803E783D1C3F878E5E3DACD76AC150636800000000000000000000000000000000000000000000000000000000
3EA6E31CBF385FD9BF063512BF3965EABE38C4CE3B4178403D932C98BE629C4C3E21EBDD3EB4DAE5BF26F179BE21CCE9BF6D5CACBE79C87CBF451A543F60D157BE42F244BE1CF08CBEEC9B283EDF08D5BDC97898BEB5A3F0BE50A8283E50CBE83F811633C14E0F8D000000000000000000000000000000000000000000000000
BF13169B3F1481F8BDDD2DD43EE76FCFBF54EAF8BE7F06D43F0C80B2BF3825DEBF6A1011BF15F8483E4D6DCC3F47FA2E3EC89430BEE7C908BF03E146BE8360343C4E9010BC7E2BC03C40DE00BEEC68D8BF8D97533F0646C2BF033462BF424713BF59F806BF1AE79641488F9A0000000000000000000000000000000000000000
BF4E45703EFAD33E3E58CE22BD9833643EC0057DBE8AA632BE92467ABEB773B23EC676EB3F16145C3F6376C43EC5FFBE3E81AFC13EB28498BF213256BEBA6BE03F2CB358BEF27C8ABE5EF284BEABEC32BCCCD19E3F4FCC58BEADD0B63E29D8D0BE59B1593F66BB7BBDA67930C1489DC900000000000000000000000000000000
BE1669B8BF657D03BD7BCB6C3D8488203F7B4FC53EA166B23D75B6203EC3128ABEAF5C72BEAA7D78BF94FA16BEE412CA3AD5DC00BDCE1514BE657FE8BF1C9BC13E33EB1C3D5C71B03F967F99BECE585E3F0F28A43F01EB97BF867552BF39080FBE1DBBD0BDDD8428BE62D2643E99335C414C96C6000000000000000000000000
BD345E9EBF597CC03EC84B58BCF2B320BF0038AABEB756523E0F769E3E9638EF3E5570DC3EF55A573F174B29BF080A72BD8EDA8EBE7CAE193FDCFACC3E8925753E8B1C08BEEF79C23E9304403F7BEF75BED03ADABD5CE0C03E02FABDBDD326383E1BDB203FA7DA493A93F740BE45335C3D990140C146ADAC0000000000000000
3EC2C646BF07796F3F086FB9BDD46656BD4AC400BF1ED14F3EED1D6ABD3182D23FBA196F3ECCD9C8BD88A4903D9F3948BEB62CADBE7552863F51E394BE7DF0AF3CE7BD4C3F7A7E4ABEAD2E323F1FCFD4BF446C61BCAC06C03F0B8CEA3EF3CF5DBE9CC73ABE689A743ED91989BEA16E023E2BD9343E1585004145F2C500000000
3F116138BDAD39653EE87170BF8DAE37BF3CE0C13F58A50DBF05E5DCBDAC142C3F5B47453F2C791C3CE45580BF307C75BEC5699C3E3337683F38196A3EFD80CEBD729F48BCB72E3C3F5B847EBFA47E4CBFB36016BE5E94E93EA90CEEBECAA9AEBF443C22BF99C3963ECEB192BF5FA3003EA6ADA7BEFA12BF3E3ABEA04141D9AD
