BEAF302C
3EB60778
BEDF1C2B
3EFD8303
3F1D37A1
3DAE248D
BEEDCB60
3F47C4DB
BF1DD4F3
BEBC8172
3ED58249
BEC9139E
3F78E6DD
3F55945C
BC1F6CA1
3EEBAB7B
3ED48C99
BF769695
3F0D3474
3DE01FE6
3D2FE382
BF6A3F03
BF14D3A3
BF4F046A
BEC6C56F
3E41F94C
BE992F5F
BD93C6C0
3E2B084E
BD00CF53
BEAEDF15
BE0F9044
BF2B3432
BF4857A9
BE5A6B84
BF329F66
BF0B3933
BE0E9476
BDD2ADAA
3BAE0BB8
BF1F0999
3D6D2221
3F5B96A8
3F2BFA83
3AF5C474
3C869F9E
3F70E2AF
BE063030
BEF059E1
3EEADD17
B9AA724C
BE6E594A
BEEA4D57
3F4E8F02
BEFA74DE
3EE22351
3DF4079E
3E4B79DB
3E99C5D4
3F029F1E
3EA4EAA5
3EFB543D
3F6E75D1
BF1E31C9
3F3174FD
3F607179
BF33460C
BF13AC08
BF258541
BEC1A59F
3F2CBBA1
3CF5083B
3F3CC0DA
BE2A5914
3EF48901
3E6CC04E
BE9A26C2
3B6187BD
BEDC2BD8
BE73A902
BDA7F5AB
3E594385
BEC87AAF
BF52AF6C
3F499B5E
BE2A01BE
3F146BD5
BEE6DAED
3CB049CF
BE27BBAB
BEB071D8
3EC1ED8D
3F0D39B7
3E38E726
3D600024
3F5FE107
3F4DE116
BB6D83F5
BF21F040
BE931823
3EE87152
3F23B94B
BF68B7E6
3F79167B
BE82A372
3F056EE8
3F75F033
BF429614
BF06F8DD
3F166CE0
3F5CEBC3
3F1008AD
BF6E8F48
BF7513C0
3CCE6330
BF651872
BE7B6178
BF17E6BC
3F36AC2A
BF5086D3
BE81205C
BF13F26F
3EF9382A
3DF3D97B
3EBA4230
BE8FB2B5
3F5BCDD5
3ED2605A
BE935CDB
3E947350
3F163B22
BE518E96
3EC2ACD7
3E7E748C
3EC66F19
3F4DCB4A
3E42583E
3F39113C
3E046840
3F1FDDF0
3E8A6557
3DC8C6A9
BE77667C
BF1DF417
BEB7B312
BF32BEEE
3EA04C4C
3E113A73
3F538DF7
BF5522D9
3F5D44D8
3F50DD59
BF258FB9
BE4442BF
3E7FE4D6
3F67A2DB
BF33CB52
3F7F0EE9
BF491F40
3EFAB333
3F1011CD
3F14C20C
3E8A1695
3F459D4F
BECFAA70
3D686A35
BF720B92
3F168DE5
BF4FCE82
BF7A1E8C
3DAA1FE2
3F0654F9
BF386753
3F4862F6
BF34FDE7
3E989F80
3E897C92
3D69D00B
3EE00450
3EC95A4D
3F4C084D
BBB0F885
3E813613
3F147F61
BEE2C911
3EBDCA9A
BF17CA6A
BED991C3
BEC091CE
BBA87917
BF4CE1FF
3CCE1855
3F5EE0E4
3EAAB96F
3F681B84
BF1FA8A9
BE5A74EE
3EC674F0
3F4BD220
BE43DEB4
3F1BF680
BF7E68B7
3F2EBA8A
BEAA6572
3EA51F09
3F615333
BE1D468B
BEF2329D
BEA49A0C
BEAE4D70
3F4073EF
BDB3F42C
3F6528C1
BF3A59B1
3EFEE0D4
3E9DAD98
3ECF9403
3F65CD8A
BF553A18
3EBA20AA
BF0CA1A2
3F5D5557
BED9C85A
3D707184
3C94113E
3F68DAEA
BF5BC085
3EE65C2E
3ECD10EA
3EFE3996
BC98F620
BCF0C89E
3F1491AB
BF2D6709
BF3D4FE3
BF607231
BF11904A
BE6A9CCA
BEA76094
3D927AD7
BF0B63D7
3F152793
BE14D264
3F7EA378
3F427203
3E76C01B
3F7E95DC
BF506A70
BF3B3D7D
BEE5AFAB
3E790988
BC34A19F
BF1861D3
BF439099
BE23CD96
BE36C3A1
BEAF3DAD
3F4C8FD3
BEA3705D
BE156495
BF64D58E
BE8C591C
3F785957
BE2AEA36
BF323DFC
BEFE4243
BD9482D0
3EF2C6FD
3E8DB70C
BEF633D0
BF45FD05
3E531EAC
BE671D1B
3F0B63CF
BEBFC8B4
3BD7DA37
BD91C220
3D5AD69A
BF4EE6B9
3E37B6A0
BF7A964A
BF4871B0
BEF6968A
BF089833
3F741828
3F7D2E35
3F0A8788
BF56FB86
BF279881
3EC3C063
BDF577FC
BDD7F8CD
3EC1DF6E
3E480500
BECB092F
BF2B2969
BEEC5721
3F297B24
3EA68C10
BF0EFF34
BD619F5B
BF20AD0A
3F5BD61C
3F5B3A75
BE34E412
BF6043A9
BF7AA95D
BE3C497F
3ED30350
3F017881
BE9578CE
3E85DC71
BEFEB143
3F6B8B08
3C041793
3EA71910
3F2EB9EA
3DEE560F
BF679CF6
3E907A05
3E7A4E8E
3E32627E
BF044A4D
BF29F44B
BEB77FAD
3F481930
3E57E08C
BF18FA69
3EB77B05
3EEB18AE
3EFC4172
3F664075
3E68E3E5
BF46ECE8
3F6831E2
BE89319B
3F0DEBAB
BF43FAB8
BF500E78
BEE78F89
3F7340FE
3E6E1FE2
3F578C4D
3F4D0DD1
3EAA05F0
3EEFE36F
3EBAB761
BF3A7040
3F29471E
3EA6832A
BF18B0A0
BF3D5BB1
3F6076D1
BE191FA1
3F174E10
BED5AEE8
BF493112
BEC7E1B3
BE84C606
3F15A433
BE9E0C09
3F309176
3EEDEBCE
BE8393CB
3D8C2CC0
BF19BD64
BF57B894
BF2510CC
3E938875
3EFDF877
BD4E45CF
BE93548B
3F705C08
3ECFC2FE
BF3BCE9B
3F0689B3
BF434EEE
3ECA362A
BF65FC0B
BEF362BC
3F28C5CC
BF7F6DA6
3F74810A
BE865E61
3F21A142
3F714C98
BE71675A
BF35DE12
3F16B400
3F2B7A15
BF7FEC2C
BF22B7A6
3F4CC23B
BE1D5B2A
BF52E985
BF30453B
3E8146F5
BEFE2204
BF16198B
BE99D4B3
BF05AB06
BF4CC62A
BE126FFE
BE23EA5A
3F4398CB
BF77F4DA
3CB3957A
BF6DBBB4
BF193ED5
BF687A6F
3F447A6B
3F002B43
3F76E851
BEBA7B36
3F68032D
3C70C083
3F300471
BF225CEB
BF44CA50
BF5BC722
3E4483C5
3E5E8D03
BF268D77
BDD7602C
3E6C1C47
BD3653D6
3F5BCF94
BF2D33DF
BEB94276
3F38AF94
3EF70A28
BF07942B
BF118DD9
3F45D849
BF6BDCD1
3F5B4F08
3CE5397B
3E4F50A2
BDD7AEFB
BE9CB0CA
BD9A1001
3E4FDFDB
3EF5F70F
BF4ABA12
BD8436F7
BF33503F
BEC090B5
BF4A9C2B
3D0D6AC9
3CEE3214
3F6D3A20
3EA2F9F2
BECC3A68
BE32365F
BCB190F4
3E7ABEAA
3EEC5B06
BE756730
3E19A215
BC55F114
3F68A687
3F676DA2
3F2F7F7C
3EAD0D96
3D9E94C1
BEABCAD0
BC88E9AF
BE98DC44
3EAF3D01
3EEA4E38
3DD374F8
BF438B60
BE8C1765
BF217A93
3E9D6802
3F6E49AE
3F6F78CB
BEBDD749
BF1D8CEA
3F686ED5
3F360A35
BEC79CC2
3F30DCB5
3EA9B9E8
3F2D60B7
BED43AFB
BC72A27F
3F32C541
3C0C0E63
3C465453
3D54E58D
3F5AD56A
BF085E2F
BF7DBA14
3D783068
BDE55E08
BF3D7B96
BF5D2729
BEA01077
BEFCF198
BF308E78
BE87B303
3F7BCAA6
3EFBD098
BE51D7AE
3ED656AD
BF4D9AFC
BD975095
3F222E73
3F7C41EF
3E222C5A
BF616476
3F44A72D
BD2700C2
3F3DFEA2
3F48EE01
3F54617B
3DC729D0
3ED256EE
3D297C3B
3F568A95
BE31478F
BDCAE9FB
BE09633B
3C9AFBE7
BEA276A9
3F47FBEB
3D70BC2C
BE3DB6B0
3F634F95
3F1EBF6E
BC00C0AA
3F6CD440
BF152C00
3E83E95F
3F30C45B
3EF32BA3
BED68551
BE67B4C8
BE9326ED
3F373DFD
BF0D786A
3EB5928E
BF3791D1
3F43AD60
3F7F8141
3E2B3D12
3EDD0436
3EFE905C
3E083395
3EEA15E1
3DE70298
BEFBE024
3F09D88C
BF6A9D7C
3EDD1E05
BF44A95E
BF1C542E
3E890B58
BD960FFB
BE53833B
BF4A799C
3ED6EFF2
BF0BEAE5
BE707BEA
BF44229A
BEF5A7FB
3DE2F88B
BD355E66
3F131C27
BEA106F6
3F08DAD9
BF687A20
3F5AE7D1
BDCDC511
3F24C0A6
3D818DB0
BF220620
3F35B37E
3E9B8547
3ED03C8E
BEC51244
3E098F1E
3EC72088
3E597DC1
3F0FF8B1
BE8CC6DC
BF6FE29A
BEF1349E
BF3E4929
3F73AEC0
3EE1C862
BF47F351
3ED0FE99
BF382D4A
3E90CAC5
BE946407
BE295431
BF4EF69C
BD28FD84
3D6A214A
3F797DA8
BF18C9BE
3D930BFE
BEC721B5
3E561CA9
3F475F3A
3F3E6F5A
BF05EB3C
BDB59998
3EF7BB17
3F3D95E2
3E668C7F
3B324297
3EB0A495
BEB4F296
3F71B980
BF5121C1
3ED0DE0B
3E290B99
3E9D850B
3E79410F
BF778B1D
3EE9A761
BC27D470
BF03ABE5
3D0CA974
3F31D54B
BF0E5A93
3F3CE068
3E194232
BF02622A
3EB85231
BEE103D2
BF683A2E
BF5204ED
BF439AC3
3F231CEE
BE9F3747
BE9A4AAD
BF0B5FF5
BF640203
BDE5422C
BE99CBF8
3F4FD2E1
3D2A45CF
3E69674E
3DF31509
BF5479D7
BE1B4121
3E7F792B
3D4AA937
3EA0DE99
BECA6033
BF0FD90B
BD0225AB
BE4EACFA
BEE342B9
3EAD991A
3E9ABA8A
3F6239F6
3F54D9E9
3E96C674
BF79FB41
3D73F11A
3F0568D4
BF3C76CB
3EED1D3B
BF13B3F6
BED0623A
3EDD3B94
3F022119
3F280D95
BF0839C5
BF5E86CB
3CEBAD80
3F2A09CB
3E309D06
BF06292B
BF733E40
BF6F1E07
3F2C6F32
BF489ECB
BE3FDB28
BF4E9A53
BF1AAB5C
BF48EA49
BF1EC88F
3F2A53F1
BF7F6FA4
BF55E7BE
BDC35CE3
BEE66C7B
3D61BB94
3F7A9715
3D3A28F5
BF413F65
BDD8DCD8
3F31B1C5
3DBDA536
BF538A53
BEA5B17C
BF2F7341
3DE3CCE0
BF26C91B
3DE292D0
3F0330E8
BF51A7E3
3E91E338
3CE70B3A
BCAD1A8A
BF5050AC
BF368300
3F609855
BF17FCF1
3F525756
3E41FC57
3E0F47A8
3EF66E34
BF013359
BF67F4A9
BF791AFD
3F1B7F14
3D03F03A
3F640E58
3EE80D33
BDF6A3F4
BE526B48
3F22879E
3F6CCB9D
3EE84E67
3D7B4AE4
3ED949B6
3EAE905F
3F0BCAB1
3E531355
BE713B31
BF7139F0
3E29CAE5
BF274663
BF641D49
3EE84103
3F58D2E4
BF5BA982
3E1EE9FF
3F68995B
BEB86610
3E871F9F
BD299539
BF4D02D5
3F242BDC
3F78EA3E
3EED217E
3F358E92
3E4F43ED
BEDB8510
BF2EC478
BE5E0A1C
3D42D788
3BE10B31
BED4374A
3F272AAB
BE95C66F
3F5AFEEC
BF7572AB
3F636313
BF6ABC98
3ED602C0
BEF9D325
BF694DEE
BD80AE98
BF479F1D
3EC7C765
BEF812CE
3F55D364
3EDA0E1D
3F2B26B3
BF47A19D
3E2AEDC1
BCAF01BB
BE1996B3
3F6ADFE4
3DC49F65
BF3D0301
3CC4C458
3F2DF951
BE85974E
BF70A3EB
3D9651D6
BF7F8DEF
BE6272DB
BE4360F9
BE450120
3EB49C59
BE876346
BE8EE787
BE0928AC
BEE86DDF
BF7B8524
BEA2673F
3F522706
3BF11E72
BCB48CFD
BF49B925
3E01E4ED
BE6364F3
BED2A7DF
BCC23189
BEF784CA
3F241786
3F5D3B3A
3EE93F5B
3E393340
BE9F7DED
3EDAF133
BF1AAB51
BF625985
3F03E214
3E2CBF07
3D58DEBB
3F1CE1F9
3EB43F97
BF4A4576
BF453C01
3F726075
3EA3A13C
BEA1C94D
3DBBAE63
3E8A41FA
3F776C8B
3F5BF673
3F229A5D
3F4ABE64
BF4D315D
BEAF1B52
BF031492
3EDA6873
BED60954
3F4496E0
BF13D98C
3F6618A9
3F33D80A
BF150DCA
BF64FDF5
3E10927A
BF0A7EC2
BE1534D6
3EDC004C
BDBDF3B7
3F150C6B
BF0AC820
BF375CED
3F1331C6
BEB53C05
BF383981
BF1CBC4B
3F4168FE
3F33171C
BF5F84C9
BE95E0B4
BF57F4D3
BF761967
BEC4485F
3E9BC28A
BF4C9B8A
3F7E90DC
3EF1EA50
BE414DA8
3EF3F60C
BE2EF64C
3F2EE1BB
BE37DD9A
BEA91BCC
BED5FEFF
3E685F93
3F67B4FC
BF572FAA
3E1A73F1
3E2D599E
3F6D90A5
3F7CBA7D
BF64DEEF
3DE59738
BF562C07
3F3F73A5
3EB370E9
BF3CD41D
BF3E7567
3F38D8E5
BF5622E0
BEC0C852
3F137969
3F69E5F7
BEE3C4E2
BF2A7C7F
3F66E9E4
BEA831FA
BF30B72C
3EC058E0
BCA7ABB6
BF01BB21
BEE53165
3F197987
3F62971E
3E5D0D3D
BF18D80E
BCAF5D6A
3F4BE0B8
3EBFC85F
BF3BED9D
BCC57B43
3E87D934
BE31FBA2
BE9BA67E
3D1C6ACF
BF272EA5
3F537BF7
3F034D4E
3F3C0039
3E48965B
BF75BE50
BF42C43C
3E97AA07
BF2A47F4
3E77B220
BF544ADE
BF49EF24
BF44C9D1
3E9B6231
BE95EF98
BF62B843
3D761D6F
3F41A3D5
BE7456C7
BEBDA4BA
3F341A49
BF36A732
BF27674D
BF4FD619
BE9B7AED
BE5FFD76
3EFCDD41
BF6D85A1
BD5DACB0
3F3AADCD
BF1D0ACD
BEFDC316
BF4DEEA4
BE9AA630
BE16489F
BF3B7F66
3E1ADAB8
3F288FAF
BE1F17F8
BE2857EF
3F6E163C
3EE4D9FA
3F5BCEFC
BF2FA2D8
BE3E9A37
BE8DC391
3DE173BF
3F263E6F
3F40C3CF
BEF4DA2B
3F484893
3F03A703
3F44B26C
BF63F4DD
BF3578AC
3F4BEE5D
3F360FB4
BF67FFB2
BF693B54
3EFE1AC9
BF5117D2
BEAC2C94
BEFF23E4
BF22831A
BE20A4E1
BED64D93
3F300CF4
BF717AA0
3EE45302
3F08BF47
3F712332
BE63D300
3F752E5D
3F1276B0
BE6B6F11
3EC47011
3ED0494B
BEBE4549
3F592AFD
BF17A8AA
3E9EED01
3F442902
3EDF1F13
3F48DE5A
3D7BAC07
3F494F1F
BEC9DD01
BF441D2A
BE3F9F2A
BE8B6F39
3E017E08
BE994972
3D7A2684
3EFC8198
3E9ABE9D
3F3426CE
BF097166
3F00B2C2
3ECDB3DD
BF59C86E
BE61B23C
3E45FAA7
3F6421AE
BDC94D6B
BD2C6A2B
3E8EE93D
BE9CAD79
BE93FE4D
3F43BC2C
3ECA8005
3F772F9D
3EB43892
BF5E9B9E
BD8AC743
BEAAABF1
BF403A2E
3ED11ACF
3E93E588
BD3306C3
BF1E727A
BF648C57
3C88C7DD
3F3588F2
3CBE1C79
3F3D21EF
3F1BB804
3F4BF943
3EC813E5
3F127E99
BE713B24
3F39F043
3D6E91FD
3EACC40E
BF0E486D
BE995E5E
BEFD4F1C
3F47CD6A
3EB21BCE
3CFF598E
3F7844B0
BF746BF0
BF02B1AE
BF409714
3F487F31
BF663313
BD779584
BF5C643C
BF6498FB
3F28DB4E
BF1AE0FB
BE7F3221
BD90AE40
BF0F6D78
BEB7648F
BF32D40C
BE5122D5
3F5FD72A
3F21613F
3E98F70F
3CDDF2E1
BF5A7CD2
BF46D9C2
3F4DB3DC
3EA90660
BF5A980F
BF4D9DA2
3F4A44AF
3F7F9BD0
3F7FBFCF
BF4D845B
3E7F3C1B
3F6F0F7A
BF6942F0
BF4DBFF7
3ED43D49
3F5DD786
BF076633
3F7CBA8D
BF470386
BE613F26
3F586431
3D14DF2A
BEEEC634
BEBE531A
BDD9EB4F
BE33917A
3EDAB90F
BF33EFE8
3F3073BD
3F753327
3F5478E8
3F760E15
BE012999
3E8FBE8A
BE2DFEFC
3F439756
BF230593
BF43DC8F
3F2F3082
BD22E882
3E237C09
3F4F0830
BE01CFB9
BE4405AB
BE862CB4
BD0C1E8C
BF6EE220
BF551D05
BF79FA07
BE97920E
3EDC0A8B
3EC6B689
BF6A8E04
3EB37B9A
3EE6D9F4
BF473453
BE0EAB89
3F177AF7
BE7A14C2
BE25916E
3F66724E
3EEE82E2
3F0DB5D7
3F06C6B2
3DFDF5F1
BBEE6F34
BF4D24FC
BCE4FB69
BE5867AA
BEFEB49D
3E908A70
BF06237A
BEA67562
BD78037A
BF60BCFE
BF060B82
3EA9AE5E
3F7CB982
BC0F5539
3F2669E6
BF5372AB
BF6A1561
BF3FAC6A
BE94F0CD
3E96277B
3D73EC92
3F507A40
3E02BFBA
BF16FC60
3ECEBD32
BF62BD64
BE3A5BE4
3E16DAB2
BD4BE77C
3E72E737
3F45F842
BF647E6B
3F714D7B
3D9A9932
BF29A725
BF17385A
BED1AF25
3C20F1AF
BE2C0BE6
3F3539B8
BF487183
BF12D89B
BF087534
BF46A221
BC8DCF5A
BF4BC32E
3F17E856
3F702A31
3CA350B8
3EC9DC98
BF0F4F96
BEA6874A
BEEF630A
3EF9292F
3EF783E8
BE1D8896
3F3BDCF4
BF26062B
3F39DF9C
BEB28AFC
3EAAD77B
3F41F9A2
3E4BB5E0
3F44DA75
BF6EB3EC
BF0A4E6B
BE90352A
3F282FB5
BF5C0241
3F6302B3
BF40D245
BF0331A4
BF370A39
3E694426
BDC40A58
3EBBE76C
BD85F083
BC80771C
BF57B0D9
3F4D1474
3E8960E2
BF2913FA
BD11697E
BF2A7523
3F378BCF
BF043741
BDA23C9A
3E2A5155
3F4A605A
BEF42B95
3E9C6D6B
3E64C27C
3F40EA00
3EA2E7A3
BDF49068
BE5D045B
3E9C90C2
3F637EDF
3F11C15C
BF65C2A0
3F2F84D6
BF225A8E
3F07963E
3EA4236F
BF21BC25
3EBEE155
BE550F87
BF0F1593
3EDC616B
3D2ECAF1
3F632843
3F77877E
BF3734A6
3D1E05AA
BF7CEACE
BF506EBC
3EE811FF
BF199DE7
BF01912A
3EDA5451
3F28704E
3C24512A
3E5795D1
3F775030
3DB8413E
3DE331A5
3E8AB783
3EE4A533
3F4922ED
3EB5E352
3F0F9BB9
BEB611E5
BDC6688F
BEC7C63A
BF7E202B
BF77CB05
BF1B03DB
BF65FD97
BF56093E
3E918DB7
BE3DBD3C
BF254494
BF7102B4
3CD37E5D
3F5CC059
BE381D3D
BED16C07
BDF2CCBC
3F3237A4
BF1BD003
3EDB799E
BF5B45EB
BF25E482
3F650C97
3F2EF996
BF608CA8
BEDF0A6A
3F07A765
3F4B7A4F
3D57B512
3E806AE7
BDC7F068
3F51FC8D
BF753808
3D9CA85C
3E2C81FA
3EA86DE9
3C92DAEE
BF1F4693
BEDFCD03
3F602C15
3DCF785C
BF13CD0F
BEB1D683
BF08E861
BF7903AD
BF5D2743
3F45DBF6
BF1C911E
BF05C1B4
BF16042E
3EA5AF28
3F1935AC
3E66FEE6
3E899D95
BF7A883F
BE6AE04C
3E972998
3E75D4E8
BE9010B5
BE51E261
BE79258A
BCF30D6B
3F162057
3F02841D
BDB4BEC1
3D016940
BF46E3A2
3F68AF7B
3F3BA5DA
3F65ECFD
3F620A49
BF6EA5B1
3E6CF1BC
3F1B1E32
BF00A39E
3F74F6B9
3EBB3E81
BF7AA496
BF30E6C4
BD5A1F97
3F438745
BF693FA8
BF4437B5
BF4D9B03
3F4EE9FB
3F64A477
BF1B95F0
3E94E3B1
3F486126
3D803DE4
3ED6E785
3E71A2A9
BE09D3F0
3F6053E2
BF789596
3F65DEA9
3F6B5AE9
3E8EB670
BE1BF555
BE9E9523
BEFDF3D5
BF2E0E7A
3F5AD59F
3F446EB3
3ED16078
3E9AE9EF
BE5BF063
BF569374
BEB73EFF
BF25111E
3F443A9B
BE970232
BF19FA56
BEDD3CED
BEBC30B1
BF730B1F
3ED0E960
BF473C04
BF4ABD3C
3EBE0F6F
3F4A440A
3EEC33EA
BF00E955
BE825E7E
3F5D600F
3F050867
BF48CFAA
BF6F898F
BEA31ECF
3F1F552A
BF3601EE
3ECDFC4A
BF00252E
BED5D623
3EFDE05D
BEF90375
3F09E940
BF6ABFD7
3DEABDEB
BED6F621
BE491FB4
3C8AF65C
3ED16F08
3EDEDBD4
3F364C61
BF1921C3
BB848DB6
BEE39F64
3E7837DB
BEDF7C80
BE158FF1
BF6CE037
3F3BAF28
BEA24C1C
3F3330EC
3F257D6C
3E7AE757
BF75783D
BF2D94D1
BF1516DB
3EDF7E49
BE77D88A
3EC544A5
3F4796E5
BF67BA5B
BE9429CC
3F57145F
BF6687C0
3E6D3A13
BF5A12AA
3ED8D45B
BF0E8476
3DA92BA5
BE28C99E
3E3725B9
3EC1B14B
3F52694A
BF131A69
3F776143
BF0423E4
BE853DED
BF480945
BDB59D08
3F13F7F4
BF46C9C6
BC95EF43
BF0D6E2D
BF4E6078
BF214BB1
BE51DC4C
BDBB1CB9
3F6601BB
3F03A97D
BF104BDB
3ECA82D3
3F3F7E40
3EB0D6B4
BDD6438B
3DD6705B
3F2D92BF
BF7726C7
BF63D41A
3F343C90
3F715C52
BF2AF05A
3F25AA76
BD59AE29
BD9500E0
BD37A9A8
3ED67667
3DB7904C
3E53A9E0
BF3C1B9D
3E9BF5D8
3E63B721
BF080DCD
3F515DFC
3F6FB053
BE7A40D1
3EAC443B
BEBAEA9B
BE4B0A07
3E52F2DC
BDB1002F
3CEEAC1F
3E8A1908
3EED5385
3D4896C9
BF0D6D3E
BE0BFA87
3D458B3B
BF2A053B
BF1BF26E
3F05EBD4
3E27F271
BF050328
BF6E3608
BF125D3C
BE8D29A1
BB9F3166
3E5029B4
BF50ABAF
3E466F62
BEDBCBFC
3F785E7D
BEDDD4F3
3C82531D
BCEAD71D
3F59C04E
3F154D3D
3E881F73
BF06A3AB
BDF831BD
BEEC0C02
3EAD3C7E
3F13FA04
3DCCC5F4
BE532534
3F43FCD8
3F21AD09
BF4D0DA6
3E848497
3EBCBAD7
3F331AFD
BF3DB7CE
