3E8CD2BC
BE1B1029
3F4FA1CE
BE2953AB
BF311F44
3DA3D645
3F5FCA71
3EA4D168
BE57BDD7
BEF6CB2F
3F32218B
3F63DE64
BE7BE782
BF5D8D74
BF2307B7
3E1B2191
BF20D3AD
BED58E90
BD9D0619
BE9CB1F2
BEBA32C4
BDA4309C
BF0738C8
BF71CA7C
3EA2419F
BF2EB14D
3F1AF698
BE3B3A87
BEB0C02F
3EFBEB49
3EFC43AE
BF26EF60
BF43D12B
BF26E48E
3E82778C
3F2F0C3D
3CA5328F
BF2B2104
3EDB72D8
3F506731
BF101BD2
3F3DEEA9
BF138A3D
3F2C5F59
3F37F664
3D3F821D
BD3971A9
3F479EC3
BF5EAE55
3C9AEDDD
3E7764EA
3EEF2C4E
BF0A3DEF
BF74CD36
BF38D673
3F09FCE1
3F708510
BE67D854
3F7CA291
BEB1C5E9
BF39C607
BE6C064A
3E004737
3E890C27
3DAA6B75
BEBD725D
BF2E6CBA
BF31DC49
BF39E197
3ED6D6A1
BD8FEA47
BF460152
3ECDB330
BF23D8DB
3F1B7A62
3CE4A825
3DC6674E
BF15955F
3F11B5A2
3D5900C9
3E1174B2
BE1FA918
3EE276CD
BF5A8D9E
3E4246F7
3F395519
BDD1B5FB
3E9C3D3F
BEC93E58
3E5C097A
BEE2676F
3F19603C
3F17A37B
3F687E14
BDE3FDAA
BDB09BA6
3E4C6CEE
3F2F6C21
BF70067F
BF201E21
3F631ECE
3F65560D
BDC09370
3F1F2572
3F5B960E
3EB0DCCD
BE82BB54
BE41229E
BDFA93C4
3EB6EFD1
BD8F126A
3F68123E
BE94CA0D
BEA4D7B7
3F4AAE2B
3DBA1946
3EFF443B
BF401019
BDBF8CD9
BF59BA71
3EA742C3
3ED08A0E
3F5680B0
3EA3E9E4
3EC2AADD
3F351B43
BD83797C
BDAA1242
3F1CB9B0
3F2647E4
BF1E7F29
BF72DAF6
BF62E926
BF36D126
BF283BCE
3E80DD74
BF70E362
BD62A772
3EB6B9B4
BF453A61
BF0722A1
BED7FB41
BF278C7D
BEB48662
3F1A2B1A
BECD2CD3
3F0D1ED1
3DD8263A
3DE0046D
3EEC2ECD
3F0C188D
3F4D3BD5
BF394228
3F16913D
BF1F0536
BF712A45
BF3EC71B
BF3B86FF
BF3E4E07
3F5EDA5F
BEE83661
3F62A6DB
3E8D7753
3F3EBC5C
BE881DF4
BF07108B
BF2017D3
3DBAFAB9
BEFAC2C1
BEC6D62D
BF780A03
3E332CF5
3F6CD471
3F331F3C
BF7BEF40
3E893DFE
BE9015FC
BF4599FA
3DA730B3
BE2B2B44
3D0C1226
3F45B1E6
BF338261
BE05C851
BF61C5AA
BE73A683
3EE3B4D2
BF4F4C88
3EAB33F6
BED07C60
3E49DB46
BF324075
BE024CB8
BF7981B5
BF0ABD81
BEF1FDF6
3CBA8920
BF11E065
BE9D9565
3EFDC3C3
BE30E849
BF637466
BE6138ED
BD51070E
3F269070
BEC911A9
3F24C1AD
3E06831D
BF642818
BEF5BED8
3E367BEC
BD2605B0
BF1A4A77
BF05A022
3F0F7585
3E70402F
BF3634C0
3EDD51B6
BE49B6FF
BD9A11CD
3ED441BC
BE4A5220
BF78A27A
BF59C8BA
3E3A81F4
BDDD2D83
3F5A6E04
BF4F6A23
BE7F2470
3DBC694E
BF46D218
3F4F15CE
3E8879C4
3F4F921D
3E85AFAB
BF78B712
BEBBED3F
BF46B8E1
3E8491FC
BF60EAB1
3EB22BBA
BD38D1AA
BEC71F00
3D05CCBF
3ED3FF37
3F20919E
BEBC9CBD
BEC13A00
BE9EBE62
3EAA4BD4
3F38DE61
3F0607EE
3F406DC8
3F3E1294
BF278804
3F33508F
3F6B4F2B
3F0A5892
3F400203
BF5D7BFB
3E9650B3
BEB42006
3E8FB71A
3F426EBA
BE816520
3F0891D3
BF29F08C
3D2195A9
3E8283B9
3EDB0C30
BEC64019
BEF1FC02
3F54FE69
3E6B9716
BF504B5C
3E82C30E
BF1DAE81
3F0DCE51
3F3A9FCF
BEAA6995
BF3AAB04
3F07EB50
BEB9BD52
BEFD903A
BF198FD2
BF5CAABE
3DD4A05A
BE44FE69
3F000F2E
BCD1FC49
BE6BF541
BF608F10
BF129707
3DB3B48F
BE36FFF5
3F4D4B0D
BF632E05
BDE762D9
3D9AE14F
BF3B5C69
3DA7B847
3F36F8F7
BF1A9D78
BF305401
BF609318
3EA4F094
BF7679B7
BED5E91D
3F729909
3F077EF4
BF033BDC
3EBA7CA2
BF396B22
3E84ED5A
3F36CAA1
3F4CB25E
BE9B4550
BCE04B36
3EB7D36F
3ED10554
BDA0380A
BE8AFC34
BEE10227
BF58FBBC
BDE2D0ED
BF2B288B
BE4F5CB3
3F5756E0
3CB9B3DC
3F540A77
BF50EE09
3F7C6F5E
BF4EA041
BEBF5643
3F121CB0
3E51B73A
BD8BA3AF
BECEB6A8
BF3BD0C7
BED1E92C
BF2AAFDB
BEBB491B
BF47C318
3F2A076F
3F71749B
BF103EBF
3ED30604
BF6C0666
3E6E2C23
3EAD6DCD
BF6CF3EC
BF7E4AEF
BF370EEA
3F398D35
BEE55673
3D81CEFC
3D360973
3E0A7B28
BEAAF984
BE3152AA
BE2F6A3C
3F77C499
BF626FFF
BE53E153
3F1527F9
3E40E44F
BEC301E5
3F4DB91C
BF5051A9
BEB950F3
3F461FD5
3EA135C5
3EBCF1FF
BD5569B1
BF37AED8
3F66DFA0
3F43E792
BE002038
3F2B7F75
BEB30D9C
BE878990
3F16F533
BF4D2768
3F674FEA
BF7F3ECF
BED183C0
BF6730F7
BDEA890F
3F1466BE
3F53B8F9
3D8835B9
3F1BAFE8
3E005413
3F0072E1
BF7B4629
BD3E2DB2
BEFFA99E
BEC4B113
3F6F13F4
BF151798
3D27BDD1
BF0C8538
3E099F0A
3F7F0F4A
BF3C7C26
3F68CB5F
BF409320
BF20A563
3E9604CE
BF3E609F
BF565D29
3EA30C6B
BF71F8C7
3F78697D
3DA1197D
BE81316B
3ED3B24F
3F65131B
BE711893
3EC589D2
3E510AC4
3F0CEE94
3E3C1392
BE7D9571
3F33884B
BF0C6C70
3F180AEB
3F7E6730
BEDFF00E
3ED76E1C
3EA897EE
BE2E6AB5
BB62C472
3F65F374
3F68076E
3EEE8373
BE6C2CE4
BF6B7A47
3E29D915
3E048810
BE944B02
3F42A9AF
3E7F09A8
3E7DFBDD
BED1292A
BF59C38D
BED33EBC
BF07D02F
BE9DCD14
3F326D54
BF2DE4B8
BF2F2C67
3C8DDF9C
3E538F7A
BF2D5D60
3E8AB48A
3F3018FB
3F108597
BEF11585
BEBDBF8E
BF223431
BDD72644
BEB17B29
BEE177D7
3F5D1029
BE4D6E10
BE76F0FE
3E3E2648
BF5CECB1
BF16EB17
3EE4FC31
3E19E6FE
BF197B20
3F2FDCA8
BE1C3372
3DB74CC9
3D651BDB
BF21398C
BF562CC4
BD931291
BF705B20
BE052707
3DED03CF
3E8E1CE7
BF6E7B0E
3ED6F025
BF294E5F
3E3F3F4F
3E5D5124
3F0B72B7
BF63301B
3F359E89
BE6CFC57
BE4D9493
BEB2C5C2
3DE2E0BE
BED17D64
BE8917D7
BE9A9313
3E855974
3EA86381
3F7BF40D
3F638352
BE993E69
BF1D2F60
3F56D2AF
BED8611C
3DD051FA
3F56B1A8
BF51E529
BEF81E76
BE1567E1
