-4.5018,0,0,0,0,0,0,0
-0.033962,4.1698,0,0,0,0,0,0
0.2762,-0.11179,4.8344,0,0,0,0,0
0.83028,0.65247,-0.24941,4.2142,0,0,0,0
0.46522,-0.94652,1.0395,0.87111,-4.1685,0,0,0
-1.6323,0.58408,0.48231,0.82975,-0.047168,4.3432,0,0
0.17477,0.56822,-0.87434,-1.0418,0.23798,0.63731,-4.4407,0
1.1661,-0.41413,1.3762,0.52271,-0.10658,0.68633,-0.38535,3.6631
