419c37d5 
4154bce9 
415779a9 
40c65fb8 
41619211 
40e13373 
40a764bf 
410d2e66 
