bf7ffffe 
be85d41b 
3e68a2bd 
beba9070 
be1d696b 
bd7875a5 
be19b491 
bdcd2b2c 
bf800001 
3ea280bd 
bdd475ba 
bef0692e 
bf09b5ed 
3ecb10c4 
3dd94eb8 
bf800000 
bbedbca2 
bd392dca 
3db35741 
bd6161eb 
bc53c48a 
bf7ffffe 
bf8adb5e 
3dd3f5bf 
3ec8ad6a 
3f63d433 
bf800001 
3eb424c2 
be26f7bc 
3ee90950 
bf800000 
be271366 
bed1be57 
bf7ffffd 
bf65a2bd 
bf800001 
