3F2123773F4FC3F6BF3EFB963F53A6003E87892FBF4E0F2FBEE2D15D3DC006D63F6A3E563F6E05DFBF2F4D573F70F1893F6A11C9BCEF9AFA3F19BE5DBF375AAC
BE203B9F3F54DB493F159C333F6B42973E9F7A7DBF6DB7333F32C1143F5E345D3EB706593F03F6843EF8F7B8BE5CB8153E9F3599BF285A383ED2FDBFBF6FB39B
BEE46E4DBF685C39BF4E44BE3F259C443EC78128BEBB4A463F668381BF6E5D15BDFAE732BE72917B3F07F1D13F172471BF20523CBCA7B33CBDDEE1013E95D314
3ED663BC3F02664BBEE559AF3EB803FB3E9ED203BF2CBE28BF4312BCBB566D4E3F6B638FBEA371ED3E2EA0DCBF0D68853F00A613BEFAC8593C43335F3ECBDAC5
3F4824793F6B283F3DC16512BF390638BF338FBCBEF84FC23F2E727EBEFB9D743F20E9F1BF0350B23F5BC871BE999DDBBF1B57DEBEFEE3E03E6DA8D5BD5AD158
BE97E6923F29625F3E2E9EF13DCBAAFB3F559A68BEDB4D043F03AFC03F01E8C8BE74D8CF3E0AE613BF5929A0BF6460A63D7C4B263F0EEF023F5E36A6BF3D7CEF
3E0CF36BBD7AC07ABF79E7F9BEA6C952BF2CF6713F16AC77BEC150D83D69BE52BF2B30173E50DBE8BEF2B7A83E9DC6E93EC1C1723EFE1B73BDCA94E5BF55155D
BF0AC3883F53A0F4BF31FB823F26D17C3D9D0CF53F7E055FBF57F961BDEACA31BF4964CF3F6C7DE8BF7DA0953F0CC1103F2275913F3CC58DBF54C4D3BE4D3EC1
