BF43C922BEF46CEA3F4966383F71B1FF3F7CF741BE9CE410BED4AEC0BF20211C3EF8FBE13EDF404DBF1F4931BE074B9EBF68A8043E9F34703F0FE4C43F39CE163F1219C6BE083530BE9BD4BFBF63A41D3F238DD4BF49B515BF7CE3DDBEE65B4C3F62B2EC3EB2710ABE6A2BEE3F36C1AA3EB3054C3E5D61EBBDF81C9D3F6C2D933F255400BF7A9FD2BF377E03BD0CD2633E251B47BED3FAB3BDFA66A2BE505A57BF39B3193F67D062BE8F50733F2C884DBF6AD60BBE1BFEB5BF5945FBBEBEA7503F6457D73F35817ABF2726EE3D92FAACBED208903F4E4542BF5654643F132FE9BF26B3EE3EE14486BF09366CBF15F213BF1157223F740E29BE71F9263E8A892CBF6828C2BF092E553F3FEB14BDA34191BF7E6E74BD8F99BD3F25ECC03F3E67C9BECBB31FBF072A533F29C4A0BDFEF7203C683CA3BF21097ABF326EC73F5048D43F7C49B7BE611CFB3F2753B63F687A403F49A5AB3F2E985F3EBBAED8BF280A52BF065FADBE069581BF732B0DBEECE7E83F75D772BEBFCD8D3E12F2863E64AFAF3F4D9666BE54E9063EC5649FBF174DA2BF5FD1C23E7AA5743EC08834BED0178F3E128F04BEBC30273F1E7686BE89BB013ECB8F953E88A0D03F6DDD50BF19312E3E491169BF5524D33DB5EC333F313A76BF6B2997BEAEBC233ED65FC23F387AAB3AEB91233F7D5121BE12251FBEEE3D0CBD5D9405BF2DA5AEBF2EA4F2BEED37C3
3F03A53E3E5F96A23F6F11D93F0BF0B33E153A06BDCBE270BEDA0DB63F0138D1BF4FB049BF4953613EF087F5BE94E5D43E25233BBECDF8D73EDACF2DBE8EDCB53EDFB3DB3F7D9B13BF552543BD823A89BF4FF90C3EE693163F52F79FBF53C17D3D23700C3DD7939B3EBD97B6BECD274C3E50A544BF1A5DB23EA085043ECB1E1DBDA5262FBF2F474CBE202EC23E44B827BEB5EEBB3F29554ABF412F6EBEFECA7C3F600E183E9EEEE73F017D893F1F28D9BF67349DBE2EACFA3EE6E69ABF38CF393E87BD17BF019F0C3F2E10D93F2C601EBDC03723BE5788BB3F6C5638BF7BD00EBE4FFF60BCC856CD3E71F1B0BF5C27A6BF36F19C3E9DED96BF10386ABF430124BF69E9EFBF2B3BF53CB5F5893F3C0A8E3F085354BF3AE7B6BF5EC2B83EB09569BD11C2C9BC162555BEBEFE23BEB4BC293F5175BABDCB6BD33EFE9A62BF21267ABF54851ABF1600453DF1518D3EA594CD3F60E08CBF6B64F5BF2C34F4BDFD7260BEB28431BF51F4633F1EE237BE4DB4063E9F0AB63E08E53EBF7E66D03E9AFBE2BEBB4AD5BEEFAF0ABDA201113E7C3BCE3F1A8C883DFA873ABF734CE13F164AEFBEE85B673F2554A33EC114813E54CACFBE6786B6BF5E72273F7F47A23EA4E8B1BF0AA9EEBF50C402BF049E723F4E1D9CBF10B7C4BD27BFE63F51865EBF1CC88CBDD50AF33E71412C3E40F2C33EA9DBB8BEEDE53EBE1BEB863F1940F83F5D581B
BD780FA8BEC65868BDF8553EBEC5C67BBEE66300BF38F61ABF2ABA4ABC4654F2BF53AB533F5A8AA1BF33FAECBF2DD5AC3EDEF2EF3EB31789BE90E041BF51AF80BF7BC6EABE8246373F139CFEBDD7EA93BF4CFDFE3F1C95E63EA3482BBDC31DDF3D88A6F93D5A70023E84CB1D3E9614FCBF1DC85D3F1A7CA0BF1B5B0CBE35ABAEBF075333BEE942FABF7B8FCE3F5B47A03D25A35BBD92F1073D40C16BBEA71ABABEABA4DA3F7A00DFBD574FA73EFCC91D3EAE09B03F1757D6BEE8EA60BEDD455A3EDE784BBF21773E3F2ADB2BBF2921AB3F6812703EE3E3A2BF3B43CB3F34C88A3F5D06D53E037340BE4F35B7BDEF32373ECE8565BEF5B74ABF7164963F655BB33F7E09DC3F0F186E3F7A92D2BCCBEEAEBF3E790FBD91F39E3EF869A43EB18D933F3F7A3E3F0439653E6FF993BEE69650BEA78C6F3F2BE3F5BE69B467BF56DCD13F3B2DE0BE045A9BBF27E504BF7DCCDC3E9C2821BE857015BE7DBFB4BDF042E33D041629BECCAEC1BD319678BF7CCD35BF28398EBEC9283D3EFA54EB3E25AB693ECE09413F1BFCFA3F343769BF43BA143EA109B93F0182DB3ECEFAD93E574858BF6C6851BF1C154ABEAD61C73E9242EBBF10B06FBF589F473F760FCFBF1623B03F776CFB3E620A33BF0108F53D131C823ED9F062BEF5E4E5BF4547E03DCB723EBF0FEC1CBEC0550B3F723E80BEC363913F647A8EBE372B57BF7AB58EBEC27D46
BF3088BB3F7CF863BDCBD1FA3DB936D0BEF35F4C3F43DC72BF4B3B943F25AA02BE1524E43F57376B3D6579C13F3DDE0ABE96B8C3BE4C7CE43E488BCC3F52B27ABF3BE920BF6A6908BE4AAC163E4402643F56E034BED32C6F3DB87B2C3F103898BEB0BE2DBF4F39B8BDEEDE37BF711CD83EB39989BF46DDA0BF19C8C03D7715553E8269D5BE816FE23E5A045D3F3159DC3ECECADABE5B64EC3E132FE1BF001DA83EE8CD95BEA06E53BF57BD32BECA83FABECC634BBF741C5ABF25D45A3F38CA593E9FB0E13F368C19BEEA8E953F4AB9ABBF15196D3F6DA774BE2F63FABF0A766E3F23016BBE8EE7E73B47C33E3EFD9E493F29E83ABE581F99BF4E85AEBEF03D2E3F1579D13F5FAC363E0BCB293F60445D3E472A2B3F79D4D73F06528BBF20F6F53D0961403E8F84083F3CE7223E4D0ADC3F7FD4AABF3DDC9BBED396A5BD3D6778BF3DA75FBF0B3367BF234A863EB024DABEB265753F14C7E33DBC7914BF09F47E3EBF3EA9BF66DEA53E14AE8A3F7CCE6ABE8C51D93DF085133F5AC47EBEF5E2F03F2A3A2BBF2655E63F427AADBEE1A7F33F32EE853F1D09E2BF1F2AFD3F7505AEBEFC2ED13F0E9D993F1F1F27BB8627D63F54D9AABF4C4BE3BF3A75333F37754DBF7673F83EE9CECF3F2220FBBF447EC1BCBB7E05BE9C367C3F0C3B71BEDBDDCB3F261753BF27648A3F3A2F7A3F5A23DABF1E27A7BF6638333DC672F4BF7B2078
3F281F483F512CBB3ED2394FBF036A363E36BF0D3F60B77F3F4A7F3D3E598D203F15B29D3F2C1E263DF65681BF7FA4E4BEFEB1BBBE0B5E89BE0E05DE3F401E8CBF5D5E2ABEA3EF79BF25581FBF0207AD3EE94983BED8E0D1BF067B27BF387E9DBF0EFC713F22957BBE79630C3EA97CD23F5F22EBBE1691113E575E253F706D5FBE8A98F13EA864F2BEBDB0D83F457C8CBED15CB9BED18B8E3F506D10BC692868BF15F1CBBF72C7D2BF28DA60BECA673D3F6C41D03F113B8C3EB16A243F2E7326BE2217273ED0A086BD194CCE3F242289BE0039913F384E7EBF7B71D23F7DF7CABEE631B1BF6ED6F0BF321FF4BD2725F73F471658BEDDC7623F117919BF28C2503EECD837BF01BAC8BF5618F23F34B0743EBF07883F6A8D7A3F7859353D8E394E3F4FDCABBD3F4B643F4782FEBF73C9F7BF3E17C73EF66A63BE5F30CCBE59D9523E5095DEBF73C549BE660CC1BF62F22C3EC21EC93D270AD4BF590B32BE3FFAE4BE0EEC8D3EA322C2BF102F08BF567B8CBD846AB53EEA28EB3E69705C3F4D1B26BEFD2768BF0F4FABBF0744913F1EC94C3ECF44523F41CB643ED813543EA4F238BDF77DA73E0099EE3F7B0A163F6A253FBEA7191DBF306819BE29D26C3DDF234BBF70C4553F3BC0ED3F49F0AABBB82187BF14D8553EE2EA5C3ECC8261BDA0C783BF28A8073F16B7DB3F46E96DBF3708563F611CA3BF7FDDCFBDFAA797BF7A4838
BF07ED953ED3F3AB3EC6D306BEF0842ABEB196AFBF5043A4BF6AB37D3F04C05EBEB3541A3D32C3A83F675DD93EAD08AEBD5C300C3E98F5043EA99C76BF0A2A1D3F1C1A803BB6854FBE071B6E3ED60CE63DE25C7DBEFAE049BF597F503E367B4F3EB26C833E3440603D8A0B61BD6053A2BEB46AD6BE0D572B3F07A0AF3F7E305BBEF09F0C3F1589CEBF3B147FBF6DCE35BDBCA29B3E00FA1FBF09C9BBBF35E1B33EB5589CBE956E8A3CAB940A3EC7612E3E4328F33C483CBB3F0D84343EBDA5CABEB8D6A93F2A0EA23EA4AE683E3250D3BF763B5A3F2C84B7BF45A2123F2E4B97BEA66742BE10840D3F166A28BF3784783E5D64803F5C7B623E8BB7EABF678A9B3ECB1B3FBEF8B8483EC37BAFBE8C1A9A3DAB8ECCBF0E436A3F4F9C09BE817E6DBF57A55DBF7029F43E81F2493F5FBE06BEB862E23EFB0F15BED82327BF4054AB3CE6B3F8BE66602D3F750C57BED52DBB3E3D1E193E1223543E6D45E83DF9813CBEE16C8ABF3240C43EEE9AD5BF6BACA33F1A6E3DBE3FA8803F28F7423F712B90BE1EC134BF6466953F12F67C3E8532E93C907F2E3E0A9F0ABEC363783EFD1136BEA742613F444706BEAA561A3F178F393F1C0CA0BF66471EBE47AB643F6E2D99BE2F5BAABEAD8B3B3E8BA5323F374F1A3F1399F53D9D53893EF778753EF57952BDE21F0D3F3368ECBC3314EB3F6574E83F1877B2BF3BE195BF06430BBF3E9B08
3D8BC1D5BF62F8A7BD80B7813F7722DB3EBA982F3F3DE6B3BBF85829BED96F14BF224B4B3F6C24E63F0334B43F6694BC3EAF6086BF20BD73BED733ABBF623296BF697027BEE1BB54BF28B8353EB559D93F4E09B9BE9790A3BF4CB8063F160464BD814CFF3EBFD6603EBB78F0BE20E6393EA32AB03E88A11F3D4DFF01BF1E105C3CC3116D3EFE4A4ABE2431C93EF32DCE3EBEF1663F6954EBBEC4B42BBEA17BE2BE675AF1BF7299123E88C0643E05A259BE89B760BE20DA43BD9AD3E3BEBE03C3BF0C7612BF44A3ECBF3B68CB3F649EB9BC77F4D63EFE2BB7BEC19A37BF7C0E0E3E6CCB0EBE91D84B3E9866A63F3123EDBF4C1B6F3E34D7983E28B7FE3D329DCDBDB9F5873F6EF391BF22A8AA3DF345293E818287BF7092CD3E91B0073F2D2375BE56C2EEBE0052BBBF548A3F3E26A93C3F3E4D1ABF161047BF4F8F46BF1FC4BB3EABDD5A3EEDFFBF3E86279ABD823A43BEBE17CD3E90DCA33DFE0FEA3EA7A7F7BF40101E3EB2342E3EB8A3853F5C38B53F285B0EBF24D0083F6602DEBF19CB09BF108C29BF7BA303BECC288CBEE6F11F3E310BE3BE53DC1ABF208FD1BE5B8313BF30D9143F2A23CFBF3353B23EB7DAE53F000BCBBF786056BF372B78BF704DE93F1E0D57BF67DC7C3EAA2B7ABDB417553F1B2257BE90F564BF73076BBF1015373ED7FA133DC8612A3F3D48683EF49156BF4B256C3F715FB23EF47114BF78E7A9
3EB76BACBCED85F4BF6E3965BF45682CBF58C4983E5CD32FBF08772ABF374A473D772DC83F5C50753E6F6AB83EC27307BF07F955BF161890BF6CDE543EA749253C6DB7C0BCE8A53B3F3930173F6E57F83F04F5D1BF01B33B3EB47F753F04C3AF3E3084493F2516C23F5A8A233E8CDE55BF764DC7BF219E1BBF724F0B3F5EB825BCFE7C9F3F16EE22BDB0CD6DBC3DC03DBE1823493F48965C3F3FA24D3E885892BED4B4BBBED55246BF024DD13ED140953F0C99ED3F2532D93F1CC4E4BEFC23783F19DB1E3E84D25DBF0978A0BE738E07BDBFAFA33A92AF4F3DA62E59BE9E9244BED5935E3ED069CC3F5E3F873E40DEB23E3EA6603EF475E8BE8269D3BDBF67903C999BF83F5B7FFDBDC992BA3E8CBBBABDA672153DDC429CBF6AE38E3F1ABA3E3EAFA0BFBF196EA9BF7888233F06BDB23E0A439B3E9DEA393E89F9623EEFF4423F464FAB3EA9E40DBF4236F03EDADD81BDD828503E905DAE3E98783A3EB6A80ABF61E158BF0D55FFBF29FE523F5B68353CF98B683EB186353EABD3D2BF564AB0BF0CC32CBEDCFD813F53D8D7BF0AB333BF00B4D33EB485903E980DF03ED090AA3F2C98CD3EE8C034BF760CB23E2B83463F577D2BBF510F953DDF7AF23F5C922FBF19E14E3D4F6B05BF3F1C0D3EFEB25DBEBDC77EBF202AB63F75F65A3ED9EF5B3F26BB983EBB9DFA3EC1F28C3D7CEF6BBF1F4E91BC64DC803DF3E0133F28145A
