BF43C922
BEF46CEA
3F496638
3F71B1FF
3F7CF741
BE9CE410
BED4AEC0
BF20211C
3EF8FBE1
3EDF404D
BF1F4931
BE074B9E
BF68A804
3E9F3470
3F0FE4C4
3F39CE16
3F1219C6
BE083530
BE9BD4BF
BF63A41D
3F238DD4
BF49B515
BF7CE3DD
BEE65B4C
3F62B2EC
3EB2710A
BE6A2BEE
3F36C1AA
3EB3054C
3E5D61EB
BDF81C9D
3F6C2D93
3F255400
BF7A9FD2
BF377E03
BD0CD263
3E251B47
BED3FAB3
BDFA66A2
BE505A57
BF39B319
3F67D062
BE8F5073
3F2C884D
BF6AD60B
BE1BFEB5
BF5945FB
BEBEA750
3F6457D7
3F35817A
BF2726EE
3D92FAAC
BED20890
3F4E4542
BF565464
3F132FE9
BF26B3EE
3EE14486
BF09366C
BF15F213
BF115722
3F740E29
BE71F926
3E8A892C
BF6828C2
BF092E55
3F3FEB14
BDA34191
BF7E6E74
BD8F99BD
3F25ECC0
3F3E67C9
BECBB31F
BF072A53
3F29C4A0
BDFEF720
3C683CA3
BF21097A
BF326EC7
3F5048D4
3F7C49B7
BE611CFB
3F2753B6
3F687A40
3F49A5AB
3F2E985F
3EBBAED8
BF280A52
BF065FAD
BE069581
BF732B0D
BEECE7E8
3F75D772
BEBFCD8D
3E12F286
3E64AFAF
3F4D9666
BE54E906
3EC5649F
BF174DA2
BF5FD1C2
3E7AA574
3EC08834
BED0178F
3E128F04
BEBC3027
3F1E7686
BE89BB01
3ECB8F95
3E88A0D0
3F6DDD50
BF19312E
3E491169
BF5524D3
3DB5EC33
3F313A76
BF6B2997
BEAEBC23
3ED65FC2
3F387AAB
3AEB9123
3F7D5121
BE12251F
BEEE3D0C
BD5D9405
BF2DA5AE
BF2EA4F2
BEED37C3
3F03A53E
3E5F96A2
3F6F11D9
3F0BF0B3
3E153A06
BDCBE270
BEDA0DB6
3F0138D1
BF4FB049
BF495361
3EF087F5
BE94E5D4
3E25233B
BECDF8D7
3EDACF2D
BE8EDCB5
3EDFB3DB
3F7D9B13
BF552543
BD823A89
BF4FF90C
3EE69316
3F52F79F
BF53C17D
3D23700C
3DD7939B
3EBD97B6
BECD274C
3E50A544
BF1A5DB2
3EA08504
3ECB1E1D
BDA5262F
BF2F474C
BE202EC2
3E44B827
BEB5EEBB
3F29554A
BF412F6E
BEFECA7C
3F600E18
3E9EEEE7
3F017D89
3F1F28D9
BF67349D
BE2EACFA
3EE6E69A
BF38CF39
3E87BD17
BF019F0C
3F2E10D9
3F2C601E
BDC03723
BE5788BB
3F6C5638
BF7BD00E
BE4FFF60
BCC856CD
3E71F1B0
BF5C27A6
BF36F19C
3E9DED96
BF10386A
BF430124
BF69E9EF
BF2B3BF5
3CB5F589
3F3C0A8E
3F085354
BF3AE7B6
BF5EC2B8
3EB09569
BD11C2C9
BC162555
BEBEFE23
BEB4BC29
3F5175BA
BDCB6BD3
3EFE9A62
BF21267A
BF54851A
BF160045
3DF1518D
3EA594CD
3F60E08C
BF6B64F5
BF2C34F4
BDFD7260
BEB28431
BF51F463
3F1EE237
BE4DB406
3E9F0AB6
3E08E53E
BF7E66D0
3E9AFBE2
BEBB4AD5
BEEFAF0A
BDA20111
3E7C3BCE
3F1A8C88
3DFA873A
BF734CE1
3F164AEF
BEE85B67
3F2554A3
3EC11481
3E54CACF
BE6786B6
BF5E7227
3F7F47A2
3EA4E8B1
BF0AA9EE
BF50C402
BF049E72
3F4E1D9C
BF10B7C4
BD27BFE6
3F51865E
BF1CC88C
BDD50AF3
3E71412C
3E40F2C3
3EA9DBB8
BEEDE53E
BE1BEB86
3F1940F8
3F5D581B
BD780FA8
BEC65868
BDF8553E
BEC5C67B
BEE66300
BF38F61A
BF2ABA4A
BC4654F2
BF53AB53
3F5A8AA1
BF33FAEC
BF2DD5AC
3EDEF2EF
3EB31789
BE90E041
BF51AF80
BF7BC6EA
BE824637
3F139CFE
BDD7EA93
BF4CFDFE
3F1C95E6
3EA3482B
BDC31DDF
3D88A6F9
3D5A7002
3E84CB1D
3E9614FC
BF1DC85D
3F1A7CA0
BF1B5B0C
BE35ABAE
BF075333
BEE942FA
BF7B8FCE
3F5B47A0
3D25A35B
BD92F107
3D40C16B
BEA71ABA
BEABA4DA
3F7A00DF
BD574FA7
3EFCC91D
3EAE09B0
3F1757D6
BEE8EA60
BEDD455A
3EDE784B
BF21773E
3F2ADB2B
BF2921AB
3F681270
3EE3E3A2
BF3B43CB
3F34C88A
3F5D06D5
3E037340
BE4F35B7
BDEF3237
3ECE8565
BEF5B74A
BF716496
3F655BB3
3F7E09DC
3F0F186E
3F7A92D2
BCCBEEAE
BF3E790F
BD91F39E
3EF869A4
3EB18D93
3F3F7A3E
3F043965
3E6FF993
BEE69650
BEA78C6F
3F2BE3F5
BE69B467
BF56DCD1
3F3B2DE0
BE045A9B
BF27E504
BF7DCCDC
3E9C2821
BE857015
BE7DBFB4
BDF042E3
3D041629
BECCAEC1
BD319678
BF7CCD35
BF28398E
BEC9283D
3EFA54EB
3E25AB69
3ECE0941
3F1BFCFA
3F343769
BF43BA14
3EA109B9
3F0182DB
3ECEFAD9
3E574858
BF6C6851
BF1C154A
BEAD61C7
3E9242EB
BF10B06F
BF589F47
3F760FCF
BF1623B0
3F776CFB
3E620A33
BF0108F5
3D131C82
3ED9F062
BEF5E4E5
BF4547E0
3DCB723E
BF0FEC1C
BEC0550B
3F723E80
BEC36391
3F647A8E
BE372B57
BF7AB58E
BEC27D46
BF3088BB
3F7CF863
BDCBD1FA
3DB936D0
BEF35F4C
3F43DC72
BF4B3B94
3F25AA02
BE1524E4
3F57376B
3D6579C1
3F3DDE0A
BE96B8C3
BE4C7CE4
3E488BCC
3F52B27A
BF3BE920
BF6A6908
BE4AAC16
3E440264
3F56E034
BED32C6F
3DB87B2C
3F103898
BEB0BE2D
BF4F39B8
BDEEDE37
BF711CD8
3EB39989
BF46DDA0
BF19C8C0
3D771555
3E8269D5
BE816FE2
3E5A045D
3F3159DC
3ECECADA
BE5B64EC
3E132FE1
BF001DA8
3EE8CD95
BEA06E53
BF57BD32
BECA83FA
BECC634B
BF741C5A
BF25D45A
3F38CA59
3E9FB0E1
3F368C19
BEEA8E95
3F4AB9AB
BF15196D
3F6DA774
BE2F63FA
BF0A766E
3F23016B
BE8EE7E7
3B47C33E
3EFD9E49
3F29E83A
BE581F99
BF4E85AE
BEF03D2E
3F1579D1
3F5FAC36
3E0BCB29
3F60445D
3E472A2B
3F79D4D7
3F06528B
BF20F6F5
3D096140
3E8F8408
3F3CE722
3E4D0ADC
3F7FD4AA
BF3DDC9B
BED396A5
BD3D6778
BF3DA75F
BF0B3367
BF234A86
3EB024DA
BEB26575
3F14C7E3
3DBC7914
BF09F47E
3EBF3EA9
BF66DEA5
3E14AE8A
3F7CCE6A
BE8C51D9
3DF08513
3F5AC47E
BEF5E2F0
3F2A3A2B
BF2655E6
3F427AAD
BEE1A7F3
3F32EE85
3F1D09E2
BF1F2AFD
3F7505AE
BEFC2ED1
3F0E9D99
3F1F1F27
BB8627D6
3F54D9AA
BF4C4BE3
BF3A7533
3F37754D
BF7673F8
3EE9CECF
3F2220FB
BF447EC1
BCBB7E05
BE9C367C
3F0C3B71
BEDBDDCB
3F261753
BF27648A
3F3A2F7A
3F5A23DA
BF1E27A7
BF663833
3DC672F4
BF7B2078
3F281F48
3F512CBB
3ED2394F
BF036A36
3E36BF0D
3F60B77F
3F4A7F3D
3E598D20
3F15B29D
3F2C1E26
3DF65681
BF7FA4E4
BEFEB1BB
BE0B5E89
BE0E05DE
3F401E8C
BF5D5E2A
BEA3EF79
BF25581F
BF0207AD
3EE94983
BED8E0D1
BF067B27
BF387E9D
BF0EFC71
3F22957B
BE79630C
3EA97CD2
3F5F22EB
BE169111
3E575E25
3F706D5F
BE8A98F1
3EA864F2
BEBDB0D8
3F457C8C
BED15CB9
BED18B8E
3F506D10
BC692868
BF15F1CB
BF72C7D2
BF28DA60
BECA673D
3F6C41D0
3F113B8C
3EB16A24
3F2E7326
BE221727
3ED0A086
BD194CCE
3F242289
BE003991
3F384E7E
BF7B71D2
3F7DF7CA
BEE631B1
BF6ED6F0
BF321FF4
BD2725F7
3F471658
BEDDC762
3F117919
BF28C250
3EECD837
BF01BAC8
BF5618F2
3F34B074
3EBF0788
3F6A8D7A
3F785935
3D8E394E
3F4FDCAB
BD3F4B64
3F4782FE
BF73C9F7
BF3E17C7
3EF66A63
BE5F30CC
BE59D952
3E5095DE
BF73C549
BE660CC1
BF62F22C
3EC21EC9
3D270AD4
BF590B32
BE3FFAE4
BE0EEC8D
3EA322C2
BF102F08
BF567B8C
BD846AB5
3EEA28EB
3E69705C
3F4D1B26
BEFD2768
BF0F4FAB
BF074491
3F1EC94C
3ECF4452
3F41CB64
3ED81354
3EA4F238
BDF77DA7
3E0099EE
3F7B0A16
3F6A253F
BEA7191D
BF306819
BE29D26C
3DDF234B
BF70C455
3F3BC0ED
3F49F0AA
BBB82187
BF14D855
3EE2EA5C
3ECC8261
BDA0C783
BF28A807
3F16B7DB
3F46E96D
BF370856
3F611CA3
BF7FDDCF
BDFAA797
BF7A4838
BF07ED95
3ED3F3AB
3EC6D306
BEF0842A
BEB196AF
BF5043A4
BF6AB37D
3F04C05E
BEB3541A
3D32C3A8
3F675DD9
3EAD08AE
BD5C300C
3E98F504
3EA99C76
BF0A2A1D
3F1C1A80
3BB6854F
BE071B6E
3ED60CE6
3DE25C7D
BEFAE049
BF597F50
3E367B4F
3EB26C83
3E344060
3D8A0B61
BD6053A2
BEB46AD6
BE0D572B
3F07A0AF
3F7E305B
BEF09F0C
3F1589CE
BF3B147F
BF6DCE35
BDBCA29B
3E00FA1F
BF09C9BB
BF35E1B3
3EB5589C
BE956E8A
3CAB940A
3EC7612E
3E4328F3
3C483CBB
3F0D8434
3EBDA5CA
BEB8D6A9
3F2A0EA2
3EA4AE68
3E3250D3
BF763B5A
3F2C84B7
BF45A212
3F2E4B97
BEA66742
BE10840D
3F166A28
BF378478
3E5D6480
3F5C7B62
3E8BB7EA
BF678A9B
3ECB1B3F
BEF8B848
3EC37BAF
BE8C1A9A
3DAB8ECC
BF0E436A
3F4F9C09
BE817E6D
BF57A55D
BF7029F4
3E81F249
3F5FBE06
BEB862E2
3EFB0F15
BED82327
BF4054AB
3CE6B3F8
BE66602D
3F750C57
BED52DBB
3E3D1E19
3E122354
3E6D45E8
3DF9813C
BEE16C8A
BF3240C4
3EEE9AD5
BF6BACA3
3F1A6E3D
BE3FA880
3F28F742
3F712B90
BE1EC134
BF646695
3F12F67C
3E8532E9
3C907F2E
3E0A9F0A
BEC36378
3EFD1136
BEA74261
3F444706
BEAA561A
3F178F39
3F1C0CA0
BF66471E
BE47AB64
3F6E2D99
BE2F5BAA
BEAD8B3B
3E8BA532
3F374F1A
3F1399F5
3D9D5389
3EF77875
3EF57952
BDE21F0D
3F3368EC
BC3314EB
3F6574E8
3F1877B2
BF3BE195
BF06430B
BF3E9B08
3D8BC1D5
BF62F8A7
BD80B781
3F7722DB
3EBA982F
3F3DE6B3
BBF85829
BED96F14
BF224B4B
3F6C24E6
3F0334B4
3F6694BC
3EAF6086
BF20BD73
BED733AB
BF623296
BF697027
BEE1BB54
BF28B835
3EB559D9
3F4E09B9
BE9790A3
BF4CB806
3F160464
BD814CFF
3EBFD660
3EBB78F0
BE20E639
3EA32AB0
3E88A11F
3D4DFF01
BF1E105C
3CC3116D
3EFE4A4A
BE2431C9
3EF32DCE
3EBEF166
3F6954EB
BEC4B42B
BEA17BE2
BE675AF1
BF729912
3E88C064
3E05A259
BE89B760
BE20DA43
BD9AD3E3
BEBE03C3
BF0C7612
BF44A3EC
BF3B68CB
3F649EB9
BC77F4D6
3EFE2BB7
BEC19A37
BF7C0E0E
3E6CCB0E
BE91D84B
3E9866A6
3F3123ED
BF4C1B6F
3E34D798
3E28B7FE
3D329DCD
BDB9F587
3F6EF391
BF22A8AA
3DF34529
3E818287
BF7092CD
3E91B007
3F2D2375
BE56C2EE
BE0052BB
BF548A3F
3E26A93C
3F3E4D1A
BF161047
BF4F8F46
BF1FC4BB
3EABDD5A
3EEDFFBF
3E86279A
BD823A43
BEBE17CD
3E90DCA3
3DFE0FEA
3EA7A7F7
BF40101E
3EB2342E
3EB8A385
3F5C38B5
3F285B0E
BF24D008
3F6602DE
BF19CB09
BF108C29
BF7BA303
BECC288C
BEE6F11F
3E310BE3
BE53DC1A
BF208FD1
BE5B8313
BF30D914
3F2A23CF
BF3353B2
3EB7DAE5
3F000BCB
BF786056
BF372B78
BF704DE9
3F1E0D57
BF67DC7C
3EAA2B7A
BDB41755
3F1B2257
BE90F564
BF73076B
BF101537
3ED7FA13
3DC8612A
3F3D4868
3EF49156
BF4B256C
3F715FB2
3EF47114
BF78E7A9
3EB76BAC
BCED85F4
BF6E3965
BF45682C
BF58C498
3E5CD32F
BF08772A
BF374A47
3D772DC8
3F5C5075
3E6F6AB8
3EC27307
BF07F955
BF161890
BF6CDE54
3EA74925
3C6DB7C0
BCE8A53B
3F393017
3F6E57F8
3F04F5D1
BF01B33B
3EB47F75
3F04C3AF
3E308449
3F2516C2
3F5A8A23
3E8CDE55
BF764DC7
BF219E1B
BF724F0B
3F5EB825
BCFE7C9F
3F16EE22
BDB0CD6D
BC3DC03D
BE182349
3F48965C
3F3FA24D
3E885892
BED4B4BB
BED55246
BF024DD1
3ED14095
3F0C99ED
3F2532D9
3F1CC4E4
BEFC2378
3F19DB1E
3E84D25D
BF0978A0
BE738E07
BDBFAFA3
3A92AF4F
3DA62E59
BE9E9244
BED5935E
3ED069CC
3F5E3F87
3E40DEB2
3E3EA660
3EF475E8
BE8269D3
BDBF6790
3C999BF8
3F5B7FFD
BDC992BA
3E8CBBBA
BDA67215
3DDC429C
BF6AE38E
3F1ABA3E
3EAFA0BF
BF196EA9
BF788823
3F06BDB2
3E0A439B
3E9DEA39
3E89F962
3EEFF442
3F464FAB
3EA9E40D
BF4236F0
3EDADD81
BDD82850
3E905DAE
3E98783A
3EB6A80A
BF61E158
BF0D55FF
BF29FE52
3F5B6835
3CF98B68
3EB18635
3EABD3D2
BF564AB0
BF0CC32C
BEDCFD81
3F53D8D7
BF0AB333
BF00B4D3
3EB48590
3E980DF0
3ED090AA
3F2C98CD
3EE8C034
BF760CB2
3E2B8346
3F577D2B
BF510F95
3DDF7AF2
3F5C922F
BF19E14E
3D4F6B05
BF3F1C0D
3EFEB25D
BEBDC77E
BF202AB6
3F75F65A
3ED9EF5B
3F26BB98
3EBB9DFA
3EC1F28C
3D7CEF6B
BF1F4E91
BC64DC80
3DF3E013
3F28145A
