6.825,0,0,0,0,0,0,0
-0.3395,-6.3,0,0,0,0,0,0
0.083957,0.93929,-6.3304,0,0,0,0,0
-0.40798,0.42861,0.70594,6.6737,0,0,0,0
0.33129,0.95377,-0.19518,1.0713,-6.6257,0,0,0
0.87565,-0.7254,0.094572,0.64642,-0.85239,5.8076,0,0
-0.55307,0.12002,0.48301,0.97226,1.1473,0.41746,6.1862,0
-0.19251,0.32469,0.38124,0.63355,0.79358,0.5124,0.43512,5.9856
