40DA660800000000000000000000000000000000000000000000000000000000
BEADD31EC0C999B4000000000000000000000000000000000000000000000000
3DABF1643F70754AC0CA92540000000000000000000000000000000000000000
BED0E2E23EDB72BC3F34B8B840D58EBB00000000000000000000000000000000
3EA99F1E3F7429F6BE47DE0C3F891F3CC0D405DF000000000000000000000000
3F602A69BF39B3853DC1AEDE3F257C09BF5A362640B9D8200000000000000000
BF0D961C3DF5CAB03EF74DB53F78E6043F92DAF83ED5BD9340C5F59B00000000
BE4520303EA63D5B3EC331EC3F22303A3F4B27EC3F032CB03EDEC89440BF8A53
